[2021-12-06 13:54:28,094] main.Node_<Node_:76001>:OUTPUT: Total collison by the hash function:  0
[2021-12-06 13:54:28,176] main.Node_<Node_:76001>:OUTPUT: Hash values for all the nodes in sorted order:  [158917211570047784, 293377869750175349, 794137469833801006, 1076135601436671234, 1287927889277534212, 1746078094134049678, 1863717293083482399, 2142091509880834753, 2227831218854108585, 2842609080114283829, 3349156425418011123, 3351733103363721243, 4147155670766683899, 4621562591217098462, 4662666462479358651, 5091715763145023161, 5132600533975961126, 5274505692274492108, 5434437285907281220, 7020040095402131923, 7073803602140363701, 7285777552038151049, 7421404638019272579, 7783967647923106635, 7832660437091725287, 8174080257474984266, 8490293391433055430, 8803695494353381998, 9082622401501162070, 9263204969470320506, 9311539313410340429, 9386949969544602934, 9781369561197201395, 9926431497105291636, 10829424039951000628, 11016294892041973157, 12091067932755273307, 12612489230663832874, 12962660758879618580, 12991493417256268876, 13452437715451783543, 13457379941641770398, 13823721318140462245, 15052357495835507556, 15411458337691908298, 16115395332330668496, 16430137371611002077, 16652719773599432888, 17305832535349229954, 17910106622836071616]
[2021-12-06 13:54:46,842] client.Client<Client:3b034>:OUTPUT: <Client:3b034>  has been started.
[2021-12-06 13:54:46,914] client.Client<Client:3b034>:OUTPUT: Result of query for google.com = 142.250.64.78
[2021-12-06 13:54:46,915] client.Client<Client:3b034>:OUTPUT: website : google.com, time : 72, hop cnt : 6
[2021-12-06 13:54:46,987] client.Client<Client:3b034>:OUTPUT: Result of query for youtube.com = 172.217.12.142
[2021-12-06 13:54:46,988] client.Client<Client:3b034>:OUTPUT: website : youtube.com, time : 70, hop cnt : 6
[2021-12-06 13:54:47,074] client.Client<Client:3b034>:OUTPUT: Result of query for facebook.com = 31.13.71.36
[2021-12-06 13:54:47,075] client.Client<Client:3b034>:OUTPUT: website : facebook.com, time : 84, hop cnt : 6
[2021-12-06 13:54:47,154] client.Client<Client:3b034>:OUTPUT: Result of query for baidu.com = 220.181.38.148
[2021-12-06 13:54:47,157] client.Client<Client:3b034>:OUTPUT: website : baidu.com, time : 75, hop cnt : 5
[2021-12-06 13:54:47,228] client.Client<Client:3b034>:OUTPUT: Result of query for wikipedia.org = 208.80.154.224
[2021-12-06 13:54:47,229] client.Client<Client:3b034>:OUTPUT: website : wikipedia.org, time : 70, hop cnt : 6
[2021-12-06 13:54:47,281] client.Client<Client:3b034>:OUTPUT: Result of query for yahoo.com = 74.6.231.21
[2021-12-06 13:54:47,282] client.Client<Client:3b034>:OUTPUT: website : yahoo.com, time : 50, hop cnt : 4
[2021-12-06 13:54:47,338] client.Client<Client:3b034>:OUTPUT: Result of query for google.co.in = 172.217.12.131
[2021-12-06 13:54:47,339] client.Client<Client:3b034>:OUTPUT: website : google.co.in, time : 53, hop cnt : 5
[2021-12-06 13:54:47,395] client.Client<Client:3b034>:OUTPUT: Result of query for reddit.com = 151.101.1.140
[2021-12-06 13:54:47,396] client.Client<Client:3b034>:OUTPUT: website : reddit.com, time : 55, hop cnt : 5
[2021-12-06 13:54:47,455] client.Client<Client:3b034>:OUTPUT: Result of query for qq.com = 58.250.137.36
[2021-12-06 13:54:47,456] client.Client<Client:3b034>:OUTPUT: website : qq.com, time : 57, hop cnt : 4
[2021-12-06 13:54:47,502] client.Client<Client:3b034>:OUTPUT: Result of query for amazon.com = 205.251.242.103
[2021-12-06 13:54:47,503] client.Client<Client:3b034>:OUTPUT: website : amazon.com, time : 44, hop cnt : 4
[2021-12-06 13:54:47,583] client.Client<Client:3b034>:OUTPUT: Result of query for taobao.com = 140.205.220.96
[2021-12-06 13:54:47,584] client.Client<Client:3b034>:OUTPUT: website : taobao.com, time : 78, hop cnt : 5
[2021-12-06 13:54:47,648] client.Client<Client:3b034>:OUTPUT: Result of query for twitter.com = 104.244.42.193
[2021-12-06 13:54:47,648] client.Client<Client:3b034>:OUTPUT: website : twitter.com, time : 61, hop cnt : 5
[2021-12-06 13:54:47,698] client.Client<Client:3b034>:OUTPUT: Result of query for tmall.com = 140.205.94.193
[2021-12-06 13:54:47,699] client.Client<Client:3b034>:OUTPUT: website : tmall.com, time : 47, hop cnt : 5
[2021-12-06 13:54:47,741] client.Client<Client:3b034>:OUTPUT: Result of query for google.co.jp = 142.250.64.99
[2021-12-06 13:54:47,742] client.Client<Client:3b034>:OUTPUT: website : google.co.jp, time : 40, hop cnt : 3
[2021-12-06 13:54:47,807] client.Client<Client:3b034>:OUTPUT: Result of query for live.com = 204.79.197.212
[2021-12-06 13:54:47,808] client.Client<Client:3b034>:OUTPUT: website : live.com, time : 63, hop cnt : 5
[2021-12-06 13:54:47,879] client.Client<Client:3b034>:OUTPUT: Result of query for vk.com = 93.186.225.208
[2021-12-06 13:54:47,880] client.Client<Client:3b034>:OUTPUT: website : vk.com, time : 67, hop cnt : 6
[2021-12-06 13:54:47,934] client.Client<Client:3b034>:OUTPUT: Result of query for instagram.com = 3.216.253.146
[2021-12-06 13:54:47,934] client.Client<Client:3b034>:OUTPUT: website : instagram.com, time : 52, hop cnt : 5
[2021-12-06 13:54:47,970] client.Client<Client:3b034>:OUTPUT: Result of query for sohu.com = 211.159.191.18
[2021-12-06 13:54:47,971] client.Client<Client:3b034>:OUTPUT: website : sohu.com, time : 33, hop cnt : 4
[2021-12-06 13:54:48,012] client.Client<Client:3b034>:OUTPUT: Result of query for sina.com.cn = 123.126.45.205
[2021-12-06 13:54:48,013] client.Client<Client:3b034>:OUTPUT: website : sina.com.cn, time : 39, hop cnt : 3
[2021-12-06 13:54:48,091] client.Client<Client:3b034>:OUTPUT: Result of query for jd.com = 111.13.149.108
[2021-12-06 13:54:48,092] client.Client<Client:3b034>:OUTPUT: website : jd.com, time : 76, hop cnt : 5
[2021-12-06 13:54:48,124] client.Client<Client:3b034>:OUTPUT: Result of query for weibo.com = 47.254.92.5
[2021-12-06 13:54:48,125] client.Client<Client:3b034>:OUTPUT: website : weibo.com, time : 29, hop cnt : 2
[2021-12-06 13:54:48,166] client.Client<Client:3b034>:OUTPUT: Result of query for 360.cn = 36.99.170.84
[2021-12-06 13:54:48,166] client.Client<Client:3b034>:OUTPUT: website : 360.cn, time : 38, hop cnt : 4
[2021-12-06 13:54:48,211] client.Client<Client:3b034>:OUTPUT: Result of query for google.de = 172.217.165.131
[2021-12-06 13:54:48,211] client.Client<Client:3b034>:OUTPUT: website : google.de, time : 42, hop cnt : 5
[2021-12-06 13:54:48,267] client.Client<Client:3b034>:OUTPUT: Result of query for google.co.uk = 172.217.10.67
[2021-12-06 13:54:48,268] client.Client<Client:3b034>:OUTPUT: website : google.co.uk, time : 53, hop cnt : 4
[2021-12-06 13:54:48,325] client.Client<Client:3b034>:OUTPUT: Result of query for linkedin.com = 108.174.10.10
[2021-12-06 13:54:48,326] client.Client<Client:3b034>:OUTPUT: website : linkedin.com, time : 55, hop cnt : 5
[2021-12-06 13:54:48,380] client.Client<Client:3b034>:OUTPUT: Result of query for google.com.br = 172.217.12.163
[2021-12-06 13:54:48,381] client.Client<Client:3b034>:OUTPUT: website : google.com.br, time : 53, hop cnt : 6
[2021-12-06 13:54:48,429] client.Client<Client:3b034>:OUTPUT: Result of query for google.fr = 172.217.10.131
[2021-12-06 13:54:48,430] client.Client<Client:3b034>:OUTPUT: website : google.fr, time : 46, hop cnt : 5
[2021-12-06 13:54:48,466] client.Client<Client:3b034>:OUTPUT: Result of query for google.ru = 172.217.10.35
[2021-12-06 13:54:48,466] client.Client<Client:3b034>:OUTPUT: website : google.ru, time : 33, hop cnt : 4
[2021-12-06 13:54:48,509] client.Client<Client:3b034>:OUTPUT: Result of query for yandex.ru = 5.255.255.60
[2021-12-06 13:54:48,510] client.Client<Client:3b034>:OUTPUT: website : yandex.ru, time : 41, hop cnt : 5
[2021-12-06 13:54:48,564] client.Client<Client:3b034>:OUTPUT: Result of query for netflix.com = 107.21.29.216
[2021-12-06 13:54:48,565] client.Client<Client:3b034>:OUTPUT: website : netflix.com, time : 51, hop cnt : 5
[2021-12-06 13:54:48,648] client.Client<Client:3b034>:OUTPUT: Result of query for google.com.hk = 172.217.165.131
[2021-12-06 13:54:48,649] client.Client<Client:3b034>:OUTPUT: website : google.com.hk, time : 81, hop cnt : 6
[2021-12-06 13:54:48,687] client.Client<Client:3b034>:OUTPUT: Result of query for yahoo.co.jp = 183.79.135.206
[2021-12-06 13:54:48,688] client.Client<Client:3b034>:OUTPUT: website : yahoo.co.jp, time : 36, hop cnt : 3
[2021-12-06 13:54:48,731] client.Client<Client:3b034>:OUTPUT: Result of query for google.it = 142.250.64.99
[2021-12-06 13:54:48,732] client.Client<Client:3b034>:OUTPUT: website : google.it, time : 41, hop cnt : 4
[2021-12-06 13:54:48,768] client.Client<Client:3b034>:OUTPUT: Result of query for ebay.com = 66.135.195.175
[2021-12-06 13:54:48,769] client.Client<Client:3b034>:OUTPUT: website : ebay.com, time : 34, hop cnt : 3
[2021-12-06 13:54:48,819] client.Client<Client:3b034>:OUTPUT: Result of query for google.es = 172.217.12.131
[2021-12-06 13:54:48,820] client.Client<Client:3b034>:OUTPUT: website : google.es, time : 48, hop cnt : 4
[2021-12-06 13:54:48,879] client.Client<Client:3b034>:OUTPUT: Result of query for pornhub.com = 66.254.114.41
[2021-12-06 13:54:48,880] client.Client<Client:3b034>:OUTPUT: website : pornhub.com, time : 58, hop cnt : 6
[2021-12-06 13:54:48,931] client.Client<Client:3b034>:OUTPUT: Result of query for imgur.com = 151.101.20.193
[2021-12-06 13:54:48,932] client.Client<Client:3b034>:OUTPUT: website : imgur.com, time : 49, hop cnt : 5
[2021-12-06 13:54:48,990] client.Client<Client:3b034>:OUTPUT: Result of query for bing.com = 13.107.21.200
[2021-12-06 13:54:48,991] client.Client<Client:3b034>:OUTPUT: website : bing.com, time : 56, hop cnt : 4
[2021-12-06 13:54:49,034] client.Client<Client:3b034>:OUTPUT: Result of query for msn.com = 13.82.28.61
[2021-12-06 13:54:49,035] client.Client<Client:3b034>:OUTPUT: website : msn.com, time : 41, hop cnt : 5
[2021-12-06 13:54:49,106] client.Client<Client:3b034>:OUTPUT: Result of query for onclkds.com = 139.45.196.76
[2021-12-06 13:54:49,107] client.Client<Client:3b034>:OUTPUT: website : onclkds.com, time : 68, hop cnt : 6
[2021-12-06 13:54:49,159] client.Client<Client:3b034>:OUTPUT: Result of query for twitch.tv = 151.101.194.167
[2021-12-06 13:54:49,160] client.Client<Client:3b034>:OUTPUT: website : twitch.tv, time : 51, hop cnt : 6
[2021-12-06 13:54:49,232] client.Client<Client:3b034>:OUTPUT: Result of query for google.com.mx = 142.250.80.3
[2021-12-06 13:54:49,233] client.Client<Client:3b034>:OUTPUT: website : google.com.mx, time : 69, hop cnt : 6
[2021-12-06 13:54:49,278] client.Client<Client:3b034>:OUTPUT: Result of query for google.ca = 172.217.165.131
[2021-12-06 13:54:49,279] client.Client<Client:3b034>:OUTPUT: website : google.ca, time : 44, hop cnt : 3
[2021-12-06 13:54:49,326] client.Client<Client:3b034>:OUTPUT: Result of query for tumblr.com = 74.114.154.17
[2021-12-06 13:54:49,327] client.Client<Client:3b034>:OUTPUT: website : tumblr.com, time : 45, hop cnt : 4
[2021-12-06 13:54:49,364] client.Client<Client:3b034>:OUTPUT: Result of query for gmw.cn = 123.56.255.157
[2021-12-06 13:54:49,365] client.Client<Client:3b034>:OUTPUT: website : gmw.cn, time : 34, hop cnt : 4
[2021-12-06 13:54:49,436] client.Client<Client:3b034>:OUTPUT: Result of query for alipay.com = 110.75.129.5
[2021-12-06 13:54:49,436] client.Client<Client:3b034>:OUTPUT: website : alipay.com, time : 68, hop cnt : 6
[2021-12-06 13:54:49,516] client.Client<Client:3b034>:OUTPUT: Result of query for livejasmin.com = 109.71.161.200
[2021-12-06 13:54:49,517] client.Client<Client:3b034>:OUTPUT: website : livejasmin.com, time : 77, hop cnt : 6
[2021-12-06 13:54:49,566] client.Client<Client:3b034>:OUTPUT: Result of query for xvideos.com = 185.88.181.7
[2021-12-06 13:54:49,567] client.Client<Client:3b034>:OUTPUT: website : xvideos.com, time : 46, hop cnt : 4
[2021-12-06 13:54:49,594] client.Client<Client:3b034>:OUTPUT: Result of query for mail.ru = 217.69.139.202
[2021-12-06 13:54:49,595] client.Client<Client:3b034>:OUTPUT: website : mail.ru, time : 24, hop cnt : 3
[2021-12-06 13:54:49,651] client.Client<Client:3b034>:OUTPUT: Result of query for microsoft.com = 104.215.148.63
[2021-12-06 13:54:49,652] client.Client<Client:3b034>:OUTPUT: website : microsoft.com, time : 52, hop cnt : 4
[2021-12-06 13:54:49,691] client.Client<Client:3b034>:OUTPUT: Result of query for ok.ru = 217.20.147.1
[2021-12-06 13:54:49,692] client.Client<Client:3b034>:OUTPUT: website : ok.ru, time : 37, hop cnt : 3
[2021-12-06 13:54:49,759] client.Client<Client:3b034>:OUTPUT: Result of query for aliexpress.com = 198.11.132.250
[2021-12-06 13:54:49,760] client.Client<Client:3b034>:OUTPUT: website : aliexpress.com, time : 63, hop cnt : 5
[2021-12-06 13:54:49,801] client.Client<Client:3b034>:OUTPUT: Result of query for wordpress.com = 192.0.78.9
[2021-12-06 13:54:49,802] client.Client<Client:3b034>:OUTPUT: website : wordpress.com, time : 39, hop cnt : 5
[2021-12-06 13:54:49,869] client.Client<Client:3b034>:OUTPUT: Result of query for stackoverflow.com = 151.101.65.69
[2021-12-06 13:54:49,870] client.Client<Client:3b034>:OUTPUT: website : stackoverflow.com, time : 66, hop cnt : 6
[2021-12-06 13:54:49,939] client.Client<Client:3b034>:OUTPUT: Result of query for imdb.com = 52.94.237.74
[2021-12-06 13:54:49,940] client.Client<Client:3b034>:OUTPUT: website : imdb.com, time : 67, hop cnt : 6
[2021-12-06 13:54:50,007] client.Client<Client:3b034>:OUTPUT: Result of query for github.com = 140.82.113.3
[2021-12-06 13:54:50,008] client.Client<Client:3b034>:OUTPUT: website : github.com, time : 65, hop cnt : 6
[2021-12-06 13:54:50,062] client.Client<Client:3b034>:OUTPUT: Result of query for amazon.co.jp = 52.119.164.121
[2021-12-06 13:54:50,063] client.Client<Client:3b034>:OUTPUT: website : amazon.co.jp, time : 53, hop cnt : 5
[2021-12-06 13:54:50,132] client.Client<Client:3b034>:OUTPUT: Result of query for pinterest.com = 151.101.0.84
[2021-12-06 13:54:50,132] client.Client<Client:3b034>:OUTPUT: website : pinterest.com, time : 66, hop cnt : 7
[2021-12-06 13:54:50,200] client.Client<Client:3b034>:OUTPUT: Result of query for csdn.net = 47.95.164.112
[2021-12-06 13:54:50,201] client.Client<Client:3b034>:OUTPUT: website : csdn.net, time : 64, hop cnt : 6
[2021-12-06 13:54:50,256] client.Client<Client:3b034>:OUTPUT: Result of query for wikia.com = 151.101.128.194
[2021-12-06 13:54:50,257] client.Client<Client:3b034>:OUTPUT: website : wikia.com, time : 54, hop cnt : 6
[2021-12-06 13:54:50,291] client.Client<Client:3b034>:OUTPUT: Result of query for apple.com = 17.253.144.10
[2021-12-06 13:54:50,291] client.Client<Client:3b034>:OUTPUT: website : apple.com, time : 31, hop cnt : 5
[2021-12-06 13:54:50,348] client.Client<Client:3b034>:OUTPUT: Result of query for google.com.tr = 142.250.64.99
[2021-12-06 13:54:50,349] client.Client<Client:3b034>:OUTPUT: website : google.com.tr, time : 52, hop cnt : 5
[2021-12-06 13:54:50,378] client.Client<Client:3b034>:OUTPUT: Result of query for popads.net = 216.21.13.12
[2021-12-06 13:54:50,379] client.Client<Client:3b034>:OUTPUT: website : popads.net, time : 27, hop cnt : 3
[2021-12-06 13:54:50,437] client.Client<Client:3b034>:OUTPUT: Result of query for youth.cn = 123.103.5.94
[2021-12-06 13:54:50,438] client.Client<Client:3b034>:OUTPUT: website : youth.cn, time : 56, hop cnt : 6
[2021-12-06 13:54:50,480] client.Client<Client:3b034>:OUTPUT: Result of query for bongacams.com = 104.18.2.244
[2021-12-06 13:54:50,480] client.Client<Client:3b034>:OUTPUT: website : bongacams.com, time : 40, hop cnt : 4
[2021-12-06 13:54:50,533] client.Client<Client:3b034>:OUTPUT: Result of query for paypal.com = 64.4.250.36
[2021-12-06 13:54:50,534] client.Client<Client:3b034>:OUTPUT: website : paypal.com, time : 51, hop cnt : 5
[2021-12-06 13:54:50,576] client.Client<Client:3b034>:OUTPUT: Result of query for microsoftonline.com = 40.84.199.233
[2021-12-06 13:54:50,577] client.Client<Client:3b034>:OUTPUT: website : microsoftonline.com, time : 40, hop cnt : 6
[2021-12-06 13:54:50,629] client.Client<Client:3b034>:OUTPUT: Result of query for google.com.tw = 172.217.11.35
[2021-12-06 13:54:50,630] client.Client<Client:3b034>:OUTPUT: website : google.com.tw, time : 49, hop cnt : 5
[2021-12-06 13:54:50,684] client.Client<Client:3b034>:OUTPUT: Result of query for google.com.au = 142.250.64.99
[2021-12-06 13:54:50,684] client.Client<Client:3b034>:OUTPUT: website : google.com.au, time : 52, hop cnt : 4
[2021-12-06 13:54:50,729] client.Client<Client:3b034>:OUTPUT: Result of query for whatsapp.com = 31.13.66.56
[2021-12-06 13:54:50,730] client.Client<Client:3b034>:OUTPUT: website : whatsapp.com, time : 42, hop cnt : 4
[2021-12-06 13:54:50,789] client.Client<Client:3b034>:OUTPUT: Result of query for google.pl = 172.217.10.67
[2021-12-06 13:54:50,790] client.Client<Client:3b034>:OUTPUT: website : google.pl, time : 58, hop cnt : 5
[2021-12-06 13:54:50,835] client.Client<Client:3b034>:OUTPUT: Result of query for xhamster.com = 104.18.156.3
[2021-12-06 13:54:50,836] client.Client<Client:3b034>:OUTPUT: website : xhamster.com, time : 43, hop cnt : 4
[2021-12-06 13:54:50,861] client.Client<Client:3b034>:OUTPUT: Result of query for diply.com = 151.101.193.131
[2021-12-06 13:54:50,862] client.Client<Client:3b034>:OUTPUT: website : diply.com, time : 23, hop cnt : 3
[2021-12-06 13:54:50,916] client.Client<Client:3b034>:OUTPUT: Result of query for google.co.id = 172.217.10.67
[2021-12-06 13:54:50,917] client.Client<Client:3b034>:OUTPUT: website : google.co.id, time : 52, hop cnt : 5
[2021-12-06 13:54:50,967] client.Client<Client:3b034>:OUTPUT: Result of query for adobe.com = 193.104.215.58
[2021-12-06 13:54:50,968] client.Client<Client:3b034>:OUTPUT: website : adobe.com, time : 48, hop cnt : 5
[2021-12-06 13:54:51,004] client.Client<Client:3b034>:OUTPUT: Result of query for coccoc.com = 123.30.175.29
[2021-12-06 13:54:51,005] client.Client<Client:3b034>:OUTPUT: website : coccoc.com, time : 34, hop cnt : 3
[2021-12-06 13:54:51,040] client.Client<Client:3b034>:OUTPUT: Result of query for craigslist.org = 208.82.237.129
[2021-12-06 13:54:51,041] client.Client<Client:3b034>:OUTPUT: website : craigslist.org, time : 33, hop cnt : 4
[2021-12-06 13:54:51,107] client.Client<Client:3b034>:OUTPUT: Result of query for txxx.com = 172.64.142.14
[2021-12-06 13:54:51,108] client.Client<Client:3b034>:OUTPUT: website : txxx.com, time : 63, hop cnt : 7
[2021-12-06 13:54:51,143] client.Client<Client:3b034>:OUTPUT: Result of query for dropbox.com = 162.125.248.1
[2021-12-06 13:54:51,144] client.Client<Client:3b034>:OUTPUT: website : dropbox.com, time : 30, hop cnt : 4
[2021-12-06 13:54:51,188] client.Client<Client:3b034>:OUTPUT: Result of query for amazon.de = 52.95.120.34
[2021-12-06 13:54:51,188] client.Client<Client:3b034>:OUTPUT: website : amazon.de, time : 41, hop cnt : 5
[2021-12-06 13:54:51,229] client.Client<Client:3b034>:OUTPUT: Result of query for google.com.ar = 172.217.12.195
[2021-12-06 13:54:51,230] client.Client<Client:3b034>:OUTPUT: website : google.com.ar, time : 38, hop cnt : 4
[2021-12-06 13:54:51,266] client.Client<Client:3b034>:OUTPUT: Result of query for amazon.in = 54.239.33.92
[2021-12-06 13:54:51,267] client.Client<Client:3b034>:OUTPUT: website : amazon.in, time : 34, hop cnt : 4
[2021-12-06 13:54:51,317] client.Client<Client:3b034>:OUTPUT: Result of query for google.com.pk = 142.250.80.3
[2021-12-06 13:54:51,318] client.Client<Client:3b034>:OUTPUT: website : google.com.pk, time : 48, hop cnt : 5
[2021-12-06 13:54:51,370] client.Client<Client:3b034>:OUTPUT: Result of query for booking.com = 5.57.16.220
[2021-12-06 13:54:51,371] client.Client<Client:3b034>:OUTPUT: website : booking.com, time : 51, hop cnt : 6
[2021-12-06 13:54:51,390] client.Client<Client:3b034>:OUTPUT: Result of query for google.co.th = 172.217.10.227
[2021-12-06 13:54:51,391] client.Client<Client:3b034>:OUTPUT: website : google.co.th, time : 16, hop cnt : 2
[2021-12-06 13:54:51,440] client.Client<Client:3b034>:OUTPUT: Result of query for tianya.cn = 124.225.65.154
[2021-12-06 13:54:51,441] client.Client<Client:3b034>:OUTPUT: website : tianya.cn, time : 47, hop cnt : 4
[2021-12-06 13:54:51,477] client.Client<Client:3b034>:OUTPUT: Result of query for google.com.eg = 172.217.10.35
[2021-12-06 13:54:51,478] client.Client<Client:3b034>:OUTPUT: website : google.com.eg, time : 34, hop cnt : 5
[2021-12-06 13:54:51,526] client.Client<Client:3b034>:OUTPUT: Result of query for china.com = 103.254.188.41
[2021-12-06 13:54:51,527] client.Client<Client:3b034>:OUTPUT: website : china.com, time : 46, hop cnt : 5
[2021-12-06 13:54:51,567] client.Client<Client:3b034>:OUTPUT: Result of query for bbc.co.uk = 151.101.0.81
[2021-12-06 13:54:51,568] client.Client<Client:3b034>:OUTPUT: website : bbc.co.uk, time : 38, hop cnt : 5
[2021-12-06 13:54:51,596] client.Client<Client:3b034>:OUTPUT: Result of query for google.com.sa = 172.217.12.163
[2021-12-06 13:54:51,596] client.Client<Client:3b034>:OUTPUT: website : google.com.sa, time : 26, hop cnt : 3
[2021-12-06 13:54:51,632] client.Client<Client:3b034>:OUTPUT: Result of query for savefrom.net = 51.159.57.133
[2021-12-06 13:54:51,632] client.Client<Client:3b034>:OUTPUT: website : savefrom.net, time : 32, hop cnt : 3
[2021-12-06 13:54:51,683] client.Client<Client:3b034>:OUTPUT: Result of query for amazon.co.uk = 54.239.34.171
[2021-12-06 13:54:51,684] client.Client<Client:3b034>:OUTPUT: website : amazon.co.uk, time : 49, hop cnt : 5
[2021-12-06 13:54:51,726] client.Client<Client:3b034>:OUTPUT: Result of query for bbc.com = 151.101.0.81
[2021-12-06 13:54:51,727] client.Client<Client:3b034>:OUTPUT: website : bbc.com, time : 40, hop cnt : 5
[2021-12-06 13:54:51,776] client.Client<Client:3b034>:OUTPUT: Result of query for fc2.com = 199.48.210.151
[2021-12-06 13:54:51,777] client.Client<Client:3b034>:OUTPUT: website : fc2.com, time : 47, hop cnt : 4
[2021-12-06 13:54:51,815] client.Client<Client:3b034>:OUTPUT: Result of query for mozilla.org = 44.236.48.31
[2021-12-06 13:54:51,816] client.Client<Client:3b034>:OUTPUT: website : mozilla.org, time : 36, hop cnt : 4
[2021-12-06 13:54:51,872] client.Client<Client:3b034>:OUTPUT: Result of query for rakuten.co.jp = 133.237.16.234
[2021-12-06 13:54:51,873] client.Client<Client:3b034>:OUTPUT: website : rakuten.co.jp, time : 53, hop cnt : 6
[2021-12-06 13:54:51,910] client.Client<Client:3b034>:OUTPUT: Result of query for uptodown.com = 23.54.188.103
[2021-12-06 13:54:51,911] client.Client<Client:3b034>:OUTPUT: website : uptodown.com, time : 35, hop cnt : 4
[2021-12-06 13:54:51,951] client.Client<Client:3b034>:OUTPUT: Result of query for cnn.com = 151.101.129.67
[2021-12-06 13:54:51,952] client.Client<Client:3b034>:OUTPUT: website : cnn.com, time : 38, hop cnt : 4
[2021-12-06 13:54:52,004] client.Client<Client:3b034>:OUTPUT: Result of query for soundcloud.com = 13.225.229.67
[2021-12-06 13:54:52,005] client.Client<Client:3b034>:OUTPUT: website : soundcloud.com, time : 50, hop cnt : 4
[2021-12-06 13:54:52,050] client.Client<Client:3b034>:OUTPUT: Result of query for google.com.ua = 172.217.7.3
[2021-12-06 13:54:52,051] client.Client<Client:3b034>:OUTPUT: website : google.com.ua, time : 43, hop cnt : 5
[2021-12-06 13:54:52,104] client.Client<Client:3b034>:OUTPUT: Result of query for quora.com = 34.237.36.29
[2021-12-06 13:54:52,105] client.Client<Client:3b034>:OUTPUT: website : quora.com, time : 51, hop cnt : 6
[2021-12-06 13:54:52,155] client.Client<Client:3b034>:OUTPUT: Result of query for amazonaws.com = 72.21.210.29
[2021-12-06 13:54:52,156] client.Client<Client:3b034>:OUTPUT: website : amazonaws.com, time : 49, hop cnt : 6
[2021-12-06 13:54:52,199] client.Client<Client:3b034>:OUTPUT: Result of query for ask.com = 199.232.66.114
[2021-12-06 13:54:52,200] client.Client<Client:3b034>:OUTPUT: website : ask.com, time : 41, hop cnt : 4
[2021-12-06 13:54:52,224] client.Client<Client:3b034>:OUTPUT: Result of query for clicksgear.com = 192.243.59.12
[2021-12-06 13:54:52,225] client.Client<Client:3b034>:OUTPUT: website : clicksgear.com, time : 22, hop cnt : 4
[2021-12-06 13:54:52,264] client.Client<Client:3b034>:OUTPUT: Result of query for xnxx.com = 185.88.181.60
[2021-12-06 13:54:52,265] client.Client<Client:3b034>:OUTPUT: website : xnxx.com, time : 32, hop cnt : 4
[2021-12-06 13:54:52,311] client.Client<Client:3b034>:OUTPUT: Result of query for google.nl = 172.217.11.3
[2021-12-06 13:54:52,312] client.Client<Client:3b034>:OUTPUT: website : google.nl, time : 44, hop cnt : 4
[2021-12-06 13:54:52,338] client.Client<Client:3b034>:OUTPUT: Result of query for nytimes.com = 151.101.65.164
[2021-12-06 13:54:52,339] client.Client<Client:3b034>:OUTPUT: website : nytimes.com, time : 24, hop cnt : 2
[2021-12-06 13:54:52,369] client.Client<Client:3b034>:OUTPUT: Result of query for naver.com = 125.209.222.141
[2021-12-06 13:54:52,370] client.Client<Client:3b034>:OUTPUT: website : naver.com, time : 27, hop cnt : 3
[2021-12-06 13:54:52,464] client.Client<Client:3b034>:OUTPUT: Result of query for ettoday.net = 219.85.79.131
[2021-12-06 13:54:52,465] client.Client<Client:3b034>:OUTPUT: website : ettoday.net, time : 93, hop cnt : 5
[2021-12-06 13:54:52,482] client.Client<Client:3b034>:OUTPUT: Result of query for adf.ly = 104.20.81.199
[2021-12-06 13:54:52,483] client.Client<Client:3b034>:OUTPUT: website : adf.ly, time : 15, hop cnt : 2
[2021-12-06 13:54:52,531] client.Client<Client:3b034>:OUTPUT: Result of query for dailymotion.com = 195.8.215.136
[2021-12-06 13:54:52,532] client.Client<Client:3b034>:OUTPUT: website : dailymotion.com, time : 46, hop cnt : 5
[2021-12-06 13:54:52,599] client.Client<Client:3b034>:OUTPUT: Result of query for google.co.za = 172.217.11.3
[2021-12-06 13:54:52,599] client.Client<Client:3b034>:OUTPUT: website : google.co.za, time : 64, hop cnt : 7
[2021-12-06 13:54:52,638] client.Client<Client:3b034>:OUTPUT: Result of query for steamcommunity.com = 23.192.34.24
[2021-12-06 13:54:52,639] client.Client<Client:3b034>:OUTPUT: website : steamcommunity.com, time : 36, hop cnt : 4
[2021-12-06 13:54:52,700] client.Client<Client:3b034>:OUTPUT: Result of query for google.co.ve = 172.217.11.3
[2021-12-06 13:54:52,701] client.Client<Client:3b034>:OUTPUT: website : google.co.ve, time : 56, hop cnt : 5
[2021-12-06 13:54:52,742] client.Client<Client:3b034>:OUTPUT: Result of query for salesforce.com = 23.1.35.132
[2021-12-06 13:54:52,743] client.Client<Client:3b034>:OUTPUT: website : salesforce.com, time : 39, hop cnt : 4
[2021-12-06 13:54:52,789] client.Client<Client:3b034>:OUTPUT: Result of query for espn.com = 13.225.229.96
[2021-12-06 13:54:52,789] client.Client<Client:3b034>:OUTPUT: website : espn.com, time : 44, hop cnt : 5
[2021-12-06 13:54:52,851] client.Client<Client:3b034>:OUTPUT: Result of query for stackexchange.com = 151.101.193.69
[2021-12-06 13:54:52,852] client.Client<Client:3b034>:OUTPUT: website : stackexchange.com, time : 54, hop cnt : 5
[2021-12-06 13:54:52,898] client.Client<Client:3b034>:OUTPUT: Result of query for blogger.com = 142.250.80.9
[2021-12-06 13:54:52,899] client.Client<Client:3b034>:OUTPUT: website : blogger.com, time : 44, hop cnt : 4
[2021-12-06 13:54:52,942] client.Client<Client:3b034>:OUTPUT: Result of query for chase.com = 159.53.84.126
[2021-12-06 13:54:52,943] client.Client<Client:3b034>:OUTPUT: website : chase.com, time : 41, hop cnt : 5
[2021-12-06 13:54:53,002] client.Client<Client:3b034>:OUTPUT: Result of query for google.co.kr = 142.250.80.3
[2021-12-06 13:54:53,003] client.Client<Client:3b034>:OUTPUT: website : google.co.kr, time : 57, hop cnt : 7
[2021-12-06 13:54:53,054] client.Client<Client:3b034>:OUTPUT: Result of query for ebay.de = 66.135.196.249
[2021-12-06 13:54:53,055] client.Client<Client:3b034>:OUTPUT: website : ebay.de, time : 50, hop cnt : 6
[2021-12-06 13:54:53,102] client.Client<Client:3b034>:OUTPUT: Result of query for vimeo.com = 151.101.192.217
[2021-12-06 13:54:53,103] client.Client<Client:3b034>:OUTPUT: website : vimeo.com, time : 45, hop cnt : 6
[2021-12-06 13:54:53,169] client.Client<Client:3b034>:OUTPUT: Result of query for vice.com = 52.200.45.101
[2021-12-06 13:54:53,170] client.Client<Client:3b034>:OUTPUT: website : vice.com, time : 64, hop cnt : 6
[2021-12-06 13:54:53,223] client.Client<Client:3b034>:OUTPUT: Result of query for theguardian.com = 151.101.1.111
[2021-12-06 13:54:53,224] client.Client<Client:3b034>:OUTPUT: website : theguardian.com, time : 51, hop cnt : 4
[2021-12-06 13:54:53,265] client.Client<Client:3b034>:OUTPUT: Result of query for blastingnews.com = 212.97.32.174
[2021-12-06 13:54:53,266] client.Client<Client:3b034>:OUTPUT: website : blastingnews.com, time : 37, hop cnt : 4
[2021-12-06 13:54:53,346] client.Client<Client:3b034>:OUTPUT: Result of query for tribunnews.com = 113.11.255.30
[2021-12-06 13:54:53,347] client.Client<Client:3b034>:OUTPUT: website : tribunnews.com, time : 77, hop cnt : 7
[2021-12-06 13:54:53,379] client.Client<Client:3b034>:OUTPUT: Result of query for steampowered.com = 23.192.8.254
[2021-12-06 13:54:53,379] client.Client<Client:3b034>:OUTPUT: website : steampowered.com, time : 29, hop cnt : 4
[2021-12-06 13:54:53,436] client.Client<Client:3b034>:OUTPUT: Result of query for chaturbate.com = 104.18.101.40
[2021-12-06 13:54:53,437] client.Client<Client:3b034>:OUTPUT: website : chaturbate.com, time : 54, hop cnt : 4
[2021-12-06 13:54:53,482] client.Client<Client:3b034>:OUTPUT: Result of query for ebay.co.uk = 66.135.196.249
[2021-12-06 13:54:53,483] client.Client<Client:3b034>:OUTPUT: website : ebay.co.uk, time : 43, hop cnt : 4
[2021-12-06 13:54:53,515] client.Client<Client:3b034>:OUTPUT: Result of query for detik.com = 203.190.242.211
[2021-12-06 13:54:53,516] client.Client<Client:3b034>:OUTPUT: website : detik.com, time : 30, hop cnt : 3
[2021-12-06 13:54:53,549] client.Client<Client:3b034>:OUTPUT: Result of query for google.gr = 142.250.64.99
[2021-12-06 13:54:53,550] client.Client<Client:3b034>:OUTPUT: website : google.gr, time : 29, hop cnt : 3
[2021-12-06 13:54:53,578] client.Client<Client:3b034>:OUTPUT: Result of query for google.com.vn = 172.217.10.227
[2021-12-06 13:54:53,579] client.Client<Client:3b034>:OUTPUT: website : google.com.vn, time : 26, hop cnt : 3
[2021-12-06 13:54:53,599] client.Client<Client:3b034>:OUTPUT: Result of query for buzzfeed.com = 13.225.229.101
[2021-12-06 13:54:53,600] client.Client<Client:3b034>:OUTPUT: website : buzzfeed.com, time : 18, hop cnt : 2
[2021-12-06 13:54:53,627] client.Client<Client:3b034>:OUTPUT: Result of query for indeed.com = 18.218.22.89
[2021-12-06 13:54:53,628] client.Client<Client:3b034>:OUTPUT: website : indeed.com, time : 25, hop cnt : 3
[2021-12-06 13:54:53,659] client.Client<Client:3b034>:OUTPUT: Result of query for dailymail.co.uk = 23.41.6.195
[2021-12-06 13:54:53,660] client.Client<Client:3b034>:OUTPUT: website : dailymail.co.uk, time : 29, hop cnt : 4
[2021-12-06 13:54:53,696] client.Client<Client:3b034>:OUTPUT: Result of query for mediafire.com = 104.16.203.237
[2021-12-06 13:54:53,697] client.Client<Client:3b034>:OUTPUT: website : mediafire.com, time : 33, hop cnt : 5
[2021-12-06 13:54:53,741] client.Client<Client:3b034>:OUTPUT: Result of query for avito.ru = 185.89.12.132
[2021-12-06 13:54:53,742] client.Client<Client:3b034>:OUTPUT: website : avito.ru, time : 43, hop cnt : 5
[2021-12-06 13:54:53,791] client.Client<Client:3b034>:OUTPUT: Result of query for cnet.com = 35.190.79.82
[2021-12-06 13:54:53,791] client.Client<Client:3b034>:OUTPUT: website : cnet.com, time : 47, hop cnt : 6
[2021-12-06 13:54:53,820] client.Client<Client:3b034>:OUTPUT: Result of query for google.com.sg = 172.217.165.131
[2021-12-06 13:54:53,820] client.Client<Client:3b034>:OUTPUT: website : google.com.sg, time : 25, hop cnt : 4
[2021-12-06 13:54:53,888] client.Client<Client:3b034>:OUTPUT: Result of query for globo.com = 186.192.90.5
[2021-12-06 13:54:53,889] client.Client<Client:3b034>:OUTPUT: website : globo.com, time : 64, hop cnt : 6
[2021-12-06 13:54:53,916] client.Client<Client:3b034>:OUTPUT: Result of query for xinhuanet.com = 202.108.119.193
[2021-12-06 13:54:53,917] client.Client<Client:3b034>:OUTPUT: website : xinhuanet.com, time : 25, hop cnt : 2
[2021-12-06 13:54:53,960] client.Client<Client:3b034>:OUTPUT: Result of query for spotify.com = 35.186.224.25
[2021-12-06 13:54:53,961] client.Client<Client:3b034>:OUTPUT: website : spotify.com, time : 41, hop cnt : 5
[2021-12-06 13:54:54,028] client.Client<Client:3b034>:OUTPUT: Result of query for flipkart.com = 163.53.76.86
[2021-12-06 13:54:54,029] client.Client<Client:3b034>:OUTPUT: website : flipkart.com, time : 65, hop cnt : 7
[2021-12-06 13:54:54,071] client.Client<Client:3b034>:OUTPUT: Result of query for ladbible.com = 104.17.98.32
[2021-12-06 13:54:54,071] client.Client<Client:3b034>:OUTPUT: website : ladbible.com, time : 39, hop cnt : 4
[2021-12-06 13:54:54,118] client.Client<Client:3b034>:OUTPUT: Result of query for google.com.ph = 172.217.10.35
[2021-12-06 13:54:54,119] client.Client<Client:3b034>:OUTPUT: website : google.com.ph, time : 44, hop cnt : 4
[2021-12-06 13:54:54,170] client.Client<Client:3b034>:OUTPUT: Result of query for google.com.co = 172.217.12.195
[2021-12-06 13:54:54,171] client.Client<Client:3b034>:OUTPUT: website : google.com.co, time : 49, hop cnt : 5
[2021-12-06 13:54:54,205] client.Client<Client:3b034>:OUTPUT: Result of query for popcash.net = 104.27.207.92
[2021-12-06 13:54:54,206] client.Client<Client:3b034>:OUTPUT: website : popcash.net, time : 32, hop cnt : 4
[2021-12-06 13:54:54,242] client.Client<Client:3b034>:OUTPUT: Result of query for google.be = 142.250.64.99
[2021-12-06 13:54:54,242] client.Client<Client:3b034>:OUTPUT: website : google.be, time : 32, hop cnt : 3
[2021-12-06 13:54:54,286] client.Client<Client:3b034>:OUTPUT: Result of query for google.se = 142.250.64.67
[2021-12-06 13:54:54,287] client.Client<Client:3b034>:OUTPUT: website : google.se, time : 42, hop cnt : 4
[2021-12-06 13:54:54,332] client.Client<Client:3b034>:OUTPUT: Result of query for deviantart.com = 99.84.237.60
[2021-12-06 13:54:54,333] client.Client<Client:3b034>:OUTPUT: website : deviantart.com, time : 42, hop cnt : 4
[2021-12-06 13:54:54,365] client.Client<Client:3b034>:OUTPUT: Result of query for zhihu.com = 103.41.167.234
[2021-12-06 13:54:54,365] client.Client<Client:3b034>:OUTPUT: website : zhihu.com, time : 29, hop cnt : 3
[2021-12-06 13:54:54,419] client.Client<Client:3b034>:OUTPUT: Result of query for google.cn = 172.217.7.3
[2021-12-06 13:54:54,420] client.Client<Client:3b034>:OUTPUT: website : google.cn, time : 52, hop cnt : 5
[2021-12-06 13:54:54,469] client.Client<Client:3b034>:OUTPUT: Result of query for roblox.com = 128.116.114.3
[2021-12-06 13:54:54,470] client.Client<Client:3b034>:OUTPUT: website : roblox.com, time : 47, hop cnt : 5
[2021-12-06 13:54:54,514] client.Client<Client:3b034>:OUTPUT: Result of query for walmart.com = 161.170.230.170
[2021-12-06 13:54:54,515] client.Client<Client:3b034>:OUTPUT: website : walmart.com, time : 42, hop cnt : 4
[2021-12-06 13:54:54,565] client.Client<Client:3b034>:OUTPUT: Result of query for google.az = 172.217.10.100
[2021-12-06 13:54:54,566] client.Client<Client:3b034>:OUTPUT: website : google.az, time : 48, hop cnt : 5
[2021-12-06 13:54:54,624] client.Client<Client:3b034>:OUTPUT: Result of query for uol.com.br = 200.147.35.149
[2021-12-06 13:54:54,625] client.Client<Client:3b034>:OUTPUT: website : uol.com.br, time : 56, hop cnt : 6
[2021-12-06 13:54:54,684] client.Client<Client:3b034>:OUTPUT: Result of query for force.com = 23.1.35.132
[2021-12-06 13:54:54,685] client.Client<Client:3b034>:OUTPUT: website : force.com, time : 58, hop cnt : 6
[2021-12-06 13:54:54,751] client.Client<Client:3b034>:OUTPUT: Result of query for upornia.com = 172.64.143.19
[2021-12-06 13:54:54,752] client.Client<Client:3b034>:OUTPUT: website : upornia.com, time : 64, hop cnt : 5
[2021-12-06 13:54:54,796] client.Client<Client:3b034>:OUTPUT: Result of query for wikihow.com = 151.101.66.110
[2021-12-06 13:54:54,797] client.Client<Client:3b034>:OUTPUT: website : wikihow.com, time : 42, hop cnt : 4
[2021-12-06 13:54:54,833] client.Client<Client:3b034>:OUTPUT: Result of query for yelp.com = 199.232.64.116
[2021-12-06 13:54:54,834] client.Client<Client:3b034>:OUTPUT: website : yelp.com, time : 34, hop cnt : 4
[2021-12-06 13:54:54,870] client.Client<Client:3b034>:OUTPUT: Result of query for daikynguyenvn.com = 172.67.147.194
[2021-12-06 13:54:54,871] client.Client<Client:3b034>:OUTPUT: website : daikynguyenvn.com, time : 34, hop cnt : 4
[2021-12-06 13:54:54,929] client.Client<Client:3b034>:OUTPUT: Result of query for w3schools.com = 66.29.212.110
[2021-12-06 13:54:54,930] client.Client<Client:3b034>:OUTPUT: website : w3schools.com, time : 56, hop cnt : 7
[2021-12-06 13:54:54,977] client.Client<Client:3b034>:OUTPUT: Result of query for washingtonpost.com = 104.108.117.10
[2021-12-06 13:54:54,978] client.Client<Client:3b034>:OUTPUT: website : washingtonpost.com, time : 45, hop cnt : 5
[2021-12-06 13:54:55,029] client.Client<Client:3b034>:OUTPUT: Result of query for china.com.cn = 202.130.245.42
[2021-12-06 13:54:55,030] client.Client<Client:3b034>:OUTPUT: website : china.com.cn, time : 49, hop cnt : 5
[2021-12-06 13:54:55,079] client.Client<Client:3b034>:OUTPUT: Result of query for godaddy.com = 208.109.192.70
[2021-12-06 13:54:55,080] client.Client<Client:3b034>:OUTPUT: website : godaddy.com, time : 48, hop cnt : 5
[2021-12-06 13:54:55,144] client.Client<Client:3b034>:OUTPUT: Result of query for etsy.com = 151.101.1.224
[2021-12-06 13:54:55,145] client.Client<Client:3b034>:OUTPUT: website : etsy.com, time : 61, hop cnt : 6
[2021-12-06 13:54:55,190] client.Client<Client:3b034>:OUTPUT: Result of query for rambler.ru = 81.19.82.98
[2021-12-06 13:54:55,191] client.Client<Client:3b034>:OUTPUT: website : rambler.ru, time : 43, hop cnt : 6
[2021-12-06 13:54:55,233] client.Client<Client:3b034>:OUTPUT: Result of query for alibaba.com = 198.11.132.198
[2021-12-06 13:54:55,234] client.Client<Client:3b034>:OUTPUT: website : alibaba.com, time : 41, hop cnt : 4
[2021-12-06 13:54:55,281] client.Client<Client:3b034>:OUTPUT: Result of query for sogou.com = 119.28.109.132
[2021-12-06 13:54:55,282] client.Client<Client:3b034>:OUTPUT: website : sogou.com, time : 45, hop cnt : 5
[2021-12-06 13:54:55,344] client.Client<Client:3b034>:OUTPUT: Result of query for nih.gov = 54.235.145.223
[2021-12-06 13:54:55,345] client.Client<Client:3b034>:OUTPUT: website : nih.gov, time : 60, hop cnt : 7
[2021-12-06 13:54:55,383] client.Client<Client:3b034>:OUTPUT: Result of query for google.at = 172.217.7.3
[2021-12-06 13:54:55,384] client.Client<Client:3b034>:OUTPUT: website : google.at, time : 36, hop cnt : 4
[2021-12-06 13:54:55,441] client.Client<Client:3b034>:OUTPUT: Result of query for hclips.com = 172.64.200.4
[2021-12-06 13:54:55,442] client.Client<Client:3b034>:OUTPUT: website : hclips.com, time : 56, hop cnt : 6
[2021-12-06 13:54:55,483] client.Client<Client:3b034>:OUTPUT: Result of query for softonic.com = 35.227.233.104
[2021-12-06 13:54:55,484] client.Client<Client:3b034>:OUTPUT: website : softonic.com, time : 39, hop cnt : 5
[2021-12-06 13:54:55,530] client.Client<Client:3b034>:OUTPUT: Result of query for redtube.com = 66.254.114.238
[2021-12-06 13:54:55,531] client.Client<Client:3b034>:OUTPUT: website : redtube.com, time : 44, hop cnt : 5
[2021-12-06 13:54:55,587] client.Client<Client:3b034>:OUTPUT: Result of query for google.com.ng = 142.250.64.99
[2021-12-06 13:54:55,588] client.Client<Client:3b034>:OUTPUT: website : google.com.ng, time : 54, hop cnt : 5
[2021-12-06 13:54:55,611] client.Client<Client:3b034>:OUTPUT: Result of query for iwanttodeliver.com = 185.88.180.102
[2021-12-06 13:54:55,612] client.Client<Client:3b034>:OUTPUT: website : iwanttodeliver.com, time : 21, hop cnt : 2
[2021-12-06 13:54:55,647] client.Client<Client:3b034>:OUTPUT: Result of query for 9gag.com = 104.16.104.144
[2021-12-06 13:54:55,648] client.Client<Client:3b034>:OUTPUT: website : 9gag.com, time : 32, hop cnt : 3
[2021-12-06 13:54:55,691] client.Client<Client:3b034>:OUTPUT: Result of query for slack.com = 18.214.242.166
[2021-12-06 13:54:55,692] client.Client<Client:3b034>:OUTPUT: website : slack.com, time : 41, hop cnt : 5
[2021-12-06 13:54:55,727] client.Client<Client:3b034>:OUTPUT: Result of query for google.com.pe = 172.217.3.99
[2021-12-06 13:54:55,728] client.Client<Client:3b034>:OUTPUT: website : google.com.pe, time : 33, hop cnt : 3
[2021-12-06 13:54:55,770] client.Client<Client:3b034>:OUTPUT: Result of query for bankofamerica.com = 171.161.148.150
[2021-12-06 13:54:55,770] client.Client<Client:3b034>:OUTPUT: website : bankofamerica.com, time : 39, hop cnt : 5
[2021-12-06 13:54:55,809] client.Client<Client:3b034>:OUTPUT: Result of query for mercadolivre.com.br = 13.225.229.127
[2021-12-06 13:54:55,810] client.Client<Client:3b034>:OUTPUT: website : mercadolivre.com.br, time : 36, hop cnt : 4
[2021-12-06 13:54:55,862] client.Client<Client:3b034>:OUTPUT: Result of query for 4chan.org = 104.19.128.108
[2021-12-06 13:54:55,863] client.Client<Client:3b034>:OUTPUT: website : 4chan.org, time : 50, hop cnt : 4
[2021-12-06 13:54:55,909] client.Client<Client:3b034>:OUTPUT: Result of query for google.ro = 172.217.10.99
[2021-12-06 13:54:55,910] client.Client<Client:3b034>:OUTPUT: website : google.ro, time : 43, hop cnt : 5
[2021-12-06 13:54:55,953] client.Client<Client:3b034>:OUTPUT: Result of query for cpm10.com = 103.224.182.251
[2021-12-06 13:54:55,954] client.Client<Client:3b034>:OUTPUT: website : cpm10.com, time : 41, hop cnt : 4
[2021-12-06 13:54:56,008] client.Client<Client:3b034>:OUTPUT: Result of query for google.cz = 142.250.80.3
[2021-12-06 13:54:56,009] client.Client<Client:3b034>:OUTPUT: website : google.cz, time : 52, hop cnt : 6
[2021-12-06 13:54:56,080] client.Client<Client:3b034>:OUTPUT: Result of query for google.ch = 172.217.12.131
[2021-12-06 13:54:56,081] client.Client<Client:3b034>:OUTPUT: website : google.ch, time : 68, hop cnt : 7
[2021-12-06 13:54:56,120] client.Client<Client:3b034>:OUTPUT: Result of query for tripadvisor.com = 192.229.162.112
[2021-12-06 13:54:56,121] client.Client<Client:3b034>:OUTPUT: website : tripadvisor.com, time : 37, hop cnt : 5
[2021-12-06 13:54:56,151] client.Client<Client:3b034>:OUTPUT: Result of query for bet365.com = 5.226.176.16
[2021-12-06 13:54:56,152] client.Client<Client:3b034>:OUTPUT: website : bet365.com, time : 28, hop cnt : 3
[2021-12-06 13:54:56,214] client.Client<Client:3b034>:OUTPUT: Result of query for gfycat.com = 13.225.222.216
[2021-12-06 13:54:56,215] client.Client<Client:3b034>:OUTPUT: website : gfycat.com, time : 60, hop cnt : 5
[2021-12-06 13:54:56,265] client.Client<Client:3b034>:OUTPUT: Result of query for amazon.fr = 52.95.120.39
[2021-12-06 13:54:56,265] client.Client<Client:3b034>:OUTPUT: website : amazon.fr, time : 49, hop cnt : 7
[2021-12-06 13:54:56,321] client.Client<Client:3b034>:OUTPUT: Result of query for discordapp.com = 162.159.134.233
[2021-12-06 13:54:56,322] client.Client<Client:3b034>:OUTPUT: website : discordapp.com, time : 53, hop cnt : 5
[2021-12-06 13:54:56,377] client.Client<Client:3b034>:OUTPUT: Result of query for google.cl = 172.217.9.227
[2021-12-06 13:54:56,378] client.Client<Client:3b034>:OUTPUT: website : google.cl, time : 53, hop cnt : 5
[2021-12-06 13:54:56,409] client.Client<Client:3b034>:OUTPUT: Result of query for wellsfargo.com = 159.45.66.143
[2021-12-06 13:54:56,410] client.Client<Client:3b034>:OUTPUT: website : wellsfargo.com, time : 29, hop cnt : 2
[2021-12-06 13:54:56,449] client.Client<Client:3b034>:OUTPUT: Result of query for trello.com = 18.234.32.193
[2021-12-06 13:54:56,450] client.Client<Client:3b034>:OUTPUT: website : trello.com, time : 37, hop cnt : 3
[2021-12-06 13:54:56,495] client.Client<Client:3b034>:OUTPUT: Result of query for amazon.it = 52.95.120.36
[2021-12-06 13:54:56,496] client.Client<Client:3b034>:OUTPUT: website : amazon.it, time : 44, hop cnt : 5
[2021-12-06 13:54:56,541] client.Client<Client:3b034>:OUTPUT: Result of query for indiatimes.com = 23.33.172.134
[2021-12-06 13:54:56,542] client.Client<Client:3b034>:OUTPUT: website : indiatimes.com, time : 43, hop cnt : 4
[2021-12-06 13:54:56,614] client.Client<Client:3b034>:OUTPUT: Result of query for battle.net = 137.221.106.104
[2021-12-06 13:54:56,615] client.Client<Client:3b034>:OUTPUT: website : battle.net, time : 69, hop cnt : 6
[2021-12-06 13:54:56,665] client.Client<Client:3b034>:OUTPUT: Result of query for google.pt = 172.217.6.195
[2021-12-06 13:54:56,666] client.Client<Client:3b034>:OUTPUT: website : google.pt, time : 48, hop cnt : 6
[2021-12-06 13:54:56,701] client.Client<Client:3b034>:OUTPUT: Result of query for zillow.com = 13.225.229.65
[2021-12-06 13:54:56,702] client.Client<Client:3b034>:OUTPUT: website : zillow.com, time : 33, hop cnt : 3
[2021-12-06 13:54:56,739] client.Client<Client:3b034>:OUTPUT: Result of query for google.co.ao = 142.250.64.99
[2021-12-06 13:54:56,739] client.Client<Client:3b034>:OUTPUT: website : google.co.ao, time : 33, hop cnt : 3
[2021-12-06 13:54:56,815] client.Client<Client:3b034>:OUTPUT: Result of query for messenger.com = 31.13.71.1
[2021-12-06 13:54:56,816] client.Client<Client:3b034>:OUTPUT: website : messenger.com, time : 72, hop cnt : 7
[2021-12-06 13:54:56,864] client.Client<Client:3b034>:OUTPUT: Result of query for google.no = 172.217.7.3
[2021-12-06 13:54:56,865] client.Client<Client:3b034>:OUTPUT: website : google.no, time : 47, hop cnt : 6
[2021-12-06 13:54:56,918] client.Client<Client:3b034>:OUTPUT: Result of query for kinogo.club = 75.2.37.224
[2021-12-06 13:54:56,919] client.Client<Client:3b034>:OUTPUT: website : kinogo.club, time : 51, hop cnt : 6
[2021-12-06 13:54:56,962] client.Client<Client:3b034>:OUTPUT: Result of query for mama.cn = 134.175.173.148
[2021-12-06 13:54:56,963] client.Client<Client:3b034>:OUTPUT: website : mama.cn, time : 41, hop cnt : 4
[2021-12-06 13:54:56,989] client.Client<Client:3b034>:OUTPUT: Result of query for gamepedia.com = 104.27.138.186
[2021-12-06 13:54:56,990] client.Client<Client:3b034>:OUTPUT: website : gamepedia.com, time : 24, hop cnt : 2
[2021-12-06 13:54:57,021] client.Client<Client:3b034>:OUTPUT: Result of query for youporn.com = 66.254.114.79
[2021-12-06 13:54:57,022] client.Client<Client:3b034>:OUTPUT: website : youporn.com, time : 28, hop cnt : 3
[2021-12-06 13:54:57,081] client.Client<Client:3b034>:OUTPUT: Result of query for forbes.com = 151.101.130.49
[2021-12-06 13:54:57,082] client.Client<Client:3b034>:OUTPUT: website : forbes.com, time : 58, hop cnt : 6
[2021-12-06 13:54:57,121] client.Client<Client:3b034>:OUTPUT: Result of query for yts.ag = 172.67.202.48
[2021-12-06 13:54:57,122] client.Client<Client:3b034>:OUTPUT: website : yts.ag, time : 37, hop cnt : 4
[2021-12-06 13:54:57,162] client.Client<Client:3b034>:OUTPUT: Result of query for tokopedia.com = 47.74.244.18
[2021-12-06 13:54:57,163] client.Client<Client:3b034>:OUTPUT: website : tokopedia.com, time : 35, hop cnt : 4
[2021-12-06 13:54:57,195] client.Client<Client:3b034>:OUTPUT: Result of query for google.ae = 142.250.64.99
[2021-12-06 13:54:57,196] client.Client<Client:3b034>:OUTPUT: website : google.ae, time : 30, hop cnt : 4
[2021-12-06 13:54:57,247] client.Client<Client:3b034>:OUTPUT: Result of query for abs-cbn.com = 23.63.246.57
[2021-12-06 13:54:57,248] client.Client<Client:3b034>:OUTPUT: website : abs-cbn.com, time : 48, hop cnt : 6
[2021-12-06 13:54:57,307] client.Client<Client:3b034>:OUTPUT: Result of query for youm7.com = 104.18.6.4
[2021-12-06 13:54:57,307] client.Client<Client:3b034>:OUTPUT: website : youm7.com, time : 57, hop cnt : 6
[2021-12-06 13:54:57,343] client.Client<Client:3b034>:OUTPUT: Result of query for pipeschannels.com = 139.45.196.73
[2021-12-06 13:54:57,344] client.Client<Client:3b034>:OUTPUT: website : pipeschannels.com, time : 33, hop cnt : 3
[2021-12-06 13:54:57,385] client.Client<Client:3b034>:OUTPUT: Result of query for weather.com = 104.126.221.252
[2021-12-06 13:54:57,386] client.Client<Client:3b034>:OUTPUT: website : weather.com, time : 39, hop cnt : 4
[2021-12-06 13:54:57,433] client.Client<Client:3b034>:OUTPUT: Result of query for outbrain.com = 192.82.210.254
[2021-12-06 13:54:57,433] client.Client<Client:3b034>:OUTPUT: website : outbrain.com, time : 45, hop cnt : 4
[2021-12-06 13:54:57,492] client.Client<Client:3b034>:OUTPUT: Result of query for ameblo.jp = 151.101.1.83
[2021-12-06 13:54:57,493] client.Client<Client:3b034>:OUTPUT: website : ameblo.jp, time : 56, hop cnt : 6
[2021-12-06 13:54:57,533] client.Client<Client:3b034>:OUTPUT: Result of query for ikea.com = 204.74.99.103
[2021-12-06 13:54:57,534] client.Client<Client:3b034>:OUTPUT: website : ikea.com, time : 38, hop cnt : 4
[2021-12-06 13:54:57,575] client.Client<Client:3b034>:OUTPUT: Result of query for kakaku.com = 103.70.243.165
[2021-12-06 13:54:57,576] client.Client<Client:3b034>:OUTPUT: website : kakaku.com, time : 39, hop cnt : 4
[2021-12-06 13:54:57,618] client.Client<Client:3b034>:OUTPUT: Result of query for trackmedia101.com = 103.224.182.251
[2021-12-06 13:54:57,619] client.Client<Client:3b034>:OUTPUT: website : trackmedia101.com, time : 40, hop cnt : 5
[2021-12-06 13:54:57,650] client.Client<Client:3b034>:OUTPUT: Result of query for mega.nz = 66.203.127.12
[2021-12-06 13:54:57,651] client.Client<Client:3b034>:OUTPUT: website : mega.nz, time : 29, hop cnt : 4
[2021-12-06 13:54:57,719] client.Client<Client:3b034>:OUTPUT: Result of query for 39.net = 211.99.98.109
[2021-12-06 13:54:57,720] client.Client<Client:3b034>:OUTPUT: website : 39.net, time : 66, hop cnt : 7
[2021-12-06 13:54:57,766] client.Client<Client:3b034>:OUTPUT: Result of query for bilibili.com = 110.43.34.66
[2021-12-06 13:54:57,767] client.Client<Client:3b034>:OUTPUT: website : bilibili.com, time : 44, hop cnt : 5
[2021-12-06 13:54:57,816] client.Client<Client:3b034>:OUTPUT: Result of query for google.dz = 172.217.11.3
[2021-12-06 13:54:57,816] client.Client<Client:3b034>:OUTPUT: website : google.dz, time : 47, hop cnt : 5
[2021-12-06 13:54:57,867] client.Client<Client:3b034>:OUTPUT: Result of query for huffingtonpost.com = 98.136.103.23
[2021-12-06 13:54:57,868] client.Client<Client:3b034>:OUTPUT: website : huffingtonpost.com, time : 48, hop cnt : 6
[2021-12-06 13:54:57,901] client.Client<Client:3b034>:OUTPUT: Result of query for hotmovs.com = 172.64.106.9
[2021-12-06 13:54:57,902] client.Client<Client:3b034>:OUTPUT: website : hotmovs.com, time : 31, hop cnt : 3
[2021-12-06 13:54:57,961] client.Client<Client:3b034>:OUTPUT: Result of query for speedtest.net = 151.101.66.219
[2021-12-06 13:54:57,962] client.Client<Client:3b034>:OUTPUT: website : speedtest.net, time : 57, hop cnt : 7
[2021-12-06 13:54:58,001] client.Client<Client:3b034>:OUTPUT: Result of query for livejournal.com = 13.88.179.33
[2021-12-06 13:54:58,002] client.Client<Client:3b034>:OUTPUT: website : livejournal.com, time : 37, hop cnt : 4
[2021-12-06 13:54:58,039] client.Client<Client:3b034>:OUTPUT: Result of query for reimageplus.com = 161.47.7.14
[2021-12-06 13:54:58,040] client.Client<Client:3b034>:OUTPUT: website : reimageplus.com, time : 35, hop cnt : 4
[2021-12-06 13:54:58,076] client.Client<Client:3b034>:OUTPUT: Result of query for google.ie = 172.217.12.195
[2021-12-06 13:54:58,077] client.Client<Client:3b034>:OUTPUT: website : google.ie, time : 35, hop cnt : 5
[2021-12-06 13:54:58,130] client.Client<Client:3b034>:OUTPUT: Result of query for adexchangeprediction.com = 35.206.66.190
[2021-12-06 13:54:58,131] client.Client<Client:3b034>:OUTPUT: website : adexchangeprediction.com, time : 51, hop cnt : 6
[2021-12-06 13:54:58,194] client.Client<Client:3b034>:OUTPUT: Result of query for hotstar.com = 13.225.229.58
[2021-12-06 13:54:58,195] client.Client<Client:3b034>:OUTPUT: website : hotstar.com, time : 60, hop cnt : 6
[2021-12-06 13:54:58,232] client.Client<Client:3b034>:OUTPUT: Result of query for rarbg.to = 185.37.100.122
[2021-12-06 13:54:58,233] client.Client<Client:3b034>:OUTPUT: website : rarbg.to, time : 35, hop cnt : 4
[2021-12-06 13:54:58,289] client.Client<Client:3b034>:OUTPUT: Result of query for wetransfer.com = 46.51.201.69
[2021-12-06 13:54:58,290] client.Client<Client:3b034>:OUTPUT: website : wetransfer.com, time : 53, hop cnt : 6
[2021-12-06 13:54:58,337] client.Client<Client:3b034>:OUTPUT: Result of query for ign.com = 52.3.55.210
[2021-12-06 13:54:58,338] client.Client<Client:3b034>:OUTPUT: website : ign.com, time : 45, hop cnt : 5
[2021-12-06 13:54:58,391] client.Client<Client:3b034>:OUTPUT: Result of query for doubleclick.net = 172.217.12.174
[2021-12-06 13:54:58,392] client.Client<Client:3b034>:OUTPUT: website : doubleclick.net, time : 52, hop cnt : 6
[2021-12-06 13:54:58,414] client.Client<Client:3b034>:OUTPUT: Result of query for google.hu = 172.217.12.195
[2021-12-06 13:54:58,414] client.Client<Client:3b034>:OUTPUT: website : google.hu, time : 19, hop cnt : 2
[2021-12-06 13:54:58,438] client.Client<Client:3b034>:OUTPUT: Result of query for irctc.co.in = 103.252.142.18
[2021-12-06 13:54:58,439] client.Client<Client:3b034>:OUTPUT: website : irctc.co.in, time : 21, hop cnt : 3
[2021-12-06 13:54:58,491] client.Client<Client:3b034>:OUTPUT: Result of query for foxnews.com = 23.215.185.14
[2021-12-06 13:54:58,492] client.Client<Client:3b034>:OUTPUT: website : foxnews.com, time : 46, hop cnt : 7
[2021-12-06 13:54:58,547] client.Client<Client:3b034>:OUTPUT: Result of query for aol.com = 212.82.100.150
[2021-12-06 13:54:58,548] client.Client<Client:3b034>:OUTPUT: website : aol.com, time : 54, hop cnt : 5
[2021-12-06 13:54:58,590] client.Client<Client:3b034>:OUTPUT: Result of query for google.co.il = 172.217.11.35
[2021-12-06 13:54:58,591] client.Client<Client:3b034>:OUTPUT: website : google.co.il, time : 40, hop cnt : 5
[2021-12-06 13:54:58,635] client.Client<Client:3b034>:OUTPUT: Result of query for archive.org = 207.241.224.2
[2021-12-06 13:54:58,636] client.Client<Client:3b034>:OUTPUT: website : archive.org, time : 42, hop cnt : 4
[2021-12-06 13:54:58,683] client.Client<Client:3b034>:OUTPUT: Result of query for airbnb.com = 52.45.221.244
[2021-12-06 13:54:58,684] client.Client<Client:3b034>:OUTPUT: website : airbnb.com, time : 45, hop cnt : 5
[2021-12-06 13:54:58,725] client.Client<Client:3b034>:OUTPUT: Result of query for allegro.pl = 5.134.213.82
[2021-12-06 13:54:58,726] client.Client<Client:3b034>:OUTPUT: website : allegro.pl, time : 38, hop cnt : 4
[2021-12-06 13:54:58,757] client.Client<Client:3b034>:OUTPUT: Result of query for bestbuy.com = 2.21.42.99
[2021-12-06 13:54:58,757] client.Client<Client:3b034>:OUTPUT: website : bestbuy.com, time : 28, hop cnt : 4
[2021-12-06 13:54:58,801] client.Client<Client:3b034>:OUTPUT: Result of query for amazon.cn = 54.222.60.218
[2021-12-06 13:54:58,801] client.Client<Client:3b034>:OUTPUT: website : amazon.cn, time : 41, hop cnt : 4
[2021-12-06 13:54:58,855] client.Client<Client:3b034>:OUTPUT: Result of query for leboncoin.fr = 35.181.111.82
[2021-12-06 13:54:58,855] client.Client<Client:3b034>:OUTPUT: website : leboncoin.fr, time : 51, hop cnt : 5
[2021-12-06 13:54:58,891] client.Client<Client:3b034>:OUTPUT: Result of query for google.dk = 172.217.11.3
[2021-12-06 13:54:58,892] client.Client<Client:3b034>:OUTPUT: website : google.dk, time : 31, hop cnt : 4
[2021-12-06 13:54:58,958] client.Client<Client:3b034>:OUTPUT: Result of query for cnblogs.com = 101.37.97.51
[2021-12-06 13:54:58,959] client.Client<Client:3b034>:OUTPUT: website : cnblogs.com, time : 64, hop cnt : 6
[2021-12-06 13:54:59,003] client.Client<Client:3b034>:OUTPUT: Result of query for bitauto.com = 59.151.116.98
[2021-12-06 13:54:59,003] client.Client<Client:3b034>:OUTPUT: website : bitauto.com, time : 41, hop cnt : 5
[2021-12-06 13:54:59,048] client.Client<Client:3b034>:OUTPUT: Result of query for dingit.tv = 172.67.189.193
[2021-12-06 13:54:59,049] client.Client<Client:3b034>:OUTPUT: website : dingit.tv, time : 39, hop cnt : 4
[2021-12-06 13:54:59,097] client.Client<Client:3b034>:OUTPUT: Result of query for feedly.com = 104.20.59.241
[2021-12-06 13:54:59,098] client.Client<Client:3b034>:OUTPUT: website : feedly.com, time : 45, hop cnt : 5
[2021-12-06 13:54:59,149] client.Client<Client:3b034>:OUTPUT: Result of query for sumatoad.com = 34.102.136.180
[2021-12-06 13:54:59,150] client.Client<Client:3b034>:OUTPUT: website : sumatoad.com, time : 48, hop cnt : 6
[2021-12-06 13:54:59,190] client.Client<Client:3b034>:OUTPUT: Result of query for amazon.es = 54.239.33.90
[2021-12-06 13:54:59,191] client.Client<Client:3b034>:OUTPUT: website : amazon.es, time : 38, hop cnt : 3
[2021-12-06 13:54:59,223] client.Client<Client:3b034>:OUTPUT: Result of query for freepik.com = 51.81.249.114
[2021-12-06 13:54:59,224] client.Client<Client:3b034>:OUTPUT: website : freepik.com, time : 29, hop cnt : 4
[2021-12-06 13:54:59,259] client.Client<Client:3b034>:OUTPUT: Result of query for shutterstock.com = 99.83.219.164
[2021-12-06 13:54:59,260] client.Client<Client:3b034>:OUTPUT: website : shutterstock.com, time : 33, hop cnt : 4
[2021-12-06 13:54:59,313] client.Client<Client:3b034>:OUTPUT: Result of query for wikimedia.org = 208.80.154.224
[2021-12-06 13:54:59,314] client.Client<Client:3b034>:OUTPUT: website : wikimedia.org, time : 52, hop cnt : 6
[2021-12-06 13:54:59,351] client.Client<Client:3b034>:OUTPUT: Result of query for google.fi = 142.250.80.3
[2021-12-06 13:54:59,351] client.Client<Client:3b034>:OUTPUT: website : google.fi, time : 34, hop cnt : 3
[2021-12-06 13:54:59,389] client.Client<Client:3b034>:OUTPUT: Result of query for huaban.com = 115.231.100.109
[2021-12-06 13:54:59,390] client.Client<Client:3b034>:OUTPUT: website : huaban.com, time : 35, hop cnt : 4
[2021-12-06 13:54:59,432] client.Client<Client:3b034>:OUTPUT: Result of query for skype.com = 40.121.80.200
[2021-12-06 13:54:59,433] client.Client<Client:3b034>:OUTPUT: website : skype.com, time : 39, hop cnt : 4
[2021-12-06 13:54:59,467] client.Client<Client:3b034>:OUTPUT: Result of query for caijing.com.cn = 124.243.192.30
[2021-12-06 13:54:59,468] client.Client<Client:3b034>:OUTPUT: website : caijing.com.cn, time : 32, hop cnt : 3
[2021-12-06 13:54:59,531] client.Client<Client:3b034>:OUTPUT: Result of query for ebay-kleinanzeigen.de = 34.107.128.149
[2021-12-06 13:54:59,531] client.Client<Client:3b034>:OUTPUT: website : ebay-kleinanzeigen.de, time : 61, hop cnt : 6
[2021-12-06 13:54:59,572] client.Client<Client:3b034>:OUTPUT: Result of query for businessinsider.com = 151.101.65.171
[2021-12-06 13:54:59,572] client.Client<Client:3b034>:OUTPUT: website : businessinsider.com, time : 38, hop cnt : 5
[2021-12-06 13:54:59,619] client.Client<Client:3b034>:OUTPUT: Result of query for k618.cn = 123.103.56.42
[2021-12-06 13:54:59,620] client.Client<Client:3b034>:OUTPUT: website : k618.cn, time : 45, hop cnt : 5
[2021-12-06 13:54:59,655] client.Client<Client:3b034>:OUTPUT: Result of query for breitbart.com = 35.241.35.213
[2021-12-06 13:54:59,656] client.Client<Client:3b034>:OUTPUT: website : breitbart.com, time : 33, hop cnt : 4
[2021-12-06 13:54:59,712] client.Client<Client:3b034>:OUTPUT: Result of query for liputan6.com = 18.136.137.12
[2021-12-06 13:54:59,713] client.Client<Client:3b034>:OUTPUT: website : liputan6.com, time : 54, hop cnt : 5
[2021-12-06 13:54:59,781] client.Client<Client:3b034>:OUTPUT: Result of query for kinopoisk.ru = 87.250.251.105
[2021-12-06 13:54:59,782] client.Client<Client:3b034>:OUTPUT: website : kinopoisk.ru, time : 66, hop cnt : 7
[2021-12-06 13:54:59,834] client.Client<Client:3b034>:OUTPUT: Result of query for onlinevideoconverter.com = 94.228.214.149
[2021-12-06 13:54:59,835] client.Client<Client:3b034>:OUTPUT: website : onlinevideoconverter.com, time : 46, hop cnt : 5
[2021-12-06 13:54:59,914] client.Client<Client:3b034>:OUTPUT: Result of query for wordreference.com = 23.111.171.90
[2021-12-06 13:54:59,915] client.Client<Client:3b034>:OUTPUT: website : wordreference.com, time : 77, hop cnt : 7
[2021-12-06 13:54:59,955] client.Client<Client:3b034>:OUTPUT: Result of query for kompas.com = 52.220.50.242
[2021-12-06 13:54:59,955] client.Client<Client:3b034>:OUTPUT: website : kompas.com, time : 37, hop cnt : 5
[2021-12-06 13:55:00,008] client.Client<Client:3b034>:OUTPUT: Result of query for hdzog.com = 172.64.103.16
[2021-12-06 13:55:00,009] client.Client<Client:3b034>:OUTPUT: website : hdzog.com, time : 50, hop cnt : 5
[2021-12-06 13:55:00,053] client.Client<Client:3b034>:OUTPUT: Result of query for chinadaily.com.cn = 111.13.49.147
[2021-12-06 13:55:00,054] client.Client<Client:3b034>:OUTPUT: website : chinadaily.com.cn, time : 41, hop cnt : 4
[2021-12-06 13:55:00,096] client.Client<Client:3b034>:OUTPUT: Result of query for giphy.com = 151.101.1.185
[2021-12-06 13:55:00,097] client.Client<Client:3b034>:OUTPUT: website : giphy.com, time : 38, hop cnt : 4
[2021-12-06 13:55:00,113] client.Client<Client:3b034>:OUTPUT: Result of query for sberbank.ru = 194.54.14.168
[2021-12-06 13:55:00,114] client.Client<Client:3b034>:OUTPUT: website : sberbank.ru, time : 15, hop cnt : 2
[2021-12-06 13:55:00,160] client.Client<Client:3b034>:OUTPUT: Result of query for zippyshare.com = 145.239.9.15
[2021-12-06 13:55:00,161] client.Client<Client:3b034>:OUTPUT: website : zippyshare.com, time : 45, hop cnt : 4
[2021-12-06 13:55:00,211] client.Client<Client:3b034>:OUTPUT: Result of query for rutracker.org = 195.82.146.214
[2021-12-06 13:55:00,212] client.Client<Client:3b034>:OUTPUT: website : rutracker.org, time : 48, hop cnt : 6
[2021-12-06 13:55:00,271] client.Client<Client:3b034>:OUTPUT: Result of query for spankbang.com = 104.19.137.100
[2021-12-06 13:55:00,272] client.Client<Client:3b034>:OUTPUT: website : spankbang.com, time : 57, hop cnt : 5
[2021-12-06 13:55:00,319] client.Client<Client:3b034>:OUTPUT: Result of query for flickr.com = 13.225.221.223
[2021-12-06 13:55:00,320] client.Client<Client:3b034>:OUTPUT: website : flickr.com, time : 44, hop cnt : 6
[2021-12-06 13:55:00,367] client.Client<Client:3b034>:OUTPUT: Result of query for genius.com = 104.18.18.96
[2021-12-06 13:55:00,368] client.Client<Client:3b034>:OUTPUT: website : genius.com, time : 46, hop cnt : 5
[2021-12-06 13:55:00,402] client.Client<Client:3b034>:OUTPUT: Result of query for 2ch.net = 172.67.0.175
[2021-12-06 13:55:00,404] client.Client<Client:3b034>:OUTPUT: website : 2ch.net, time : 31, hop cnt : 3
[2021-12-06 13:55:00,464] client.Client<Client:3b034>:OUTPUT: Result of query for tfetimes.com = 192.124.249.20
[2021-12-06 13:55:00,465] client.Client<Client:3b034>:OUTPUT: website : tfetimes.com, time : 56, hop cnt : 6
[2021-12-06 13:55:00,522] client.Client<Client:3b034>:OUTPUT: Result of query for espncricinfo.com = 52.16.254.202
[2021-12-06 13:55:00,523] client.Client<Client:3b034>:OUTPUT: website : espncricinfo.com, time : 55, hop cnt : 6
[2021-12-06 13:55:00,565] client.Client<Client:3b034>:OUTPUT: Result of query for mediawhirl.net = 103.224.182.251
[2021-12-06 13:55:00,566] client.Client<Client:3b034>:OUTPUT: website : mediawhirl.net, time : 40, hop cnt : 5
[2021-12-06 13:55:00,616] client.Client<Client:3b034>:OUTPUT: Result of query for gamefaqs.com = 151.101.1.188
[2021-12-06 13:55:00,617] client.Client<Client:3b034>:OUTPUT: website : gamefaqs.com, time : 47, hop cnt : 5
[2021-12-06 13:55:00,662] client.Client<Client:3b034>:OUTPUT: Result of query for sourceforge.net = 216.105.38.13
[2021-12-06 13:55:00,663] client.Client<Client:3b034>:OUTPUT: website : sourceforge.net, time : 43, hop cnt : 4
[2021-12-06 13:55:00,701] client.Client<Client:3b034>:OUTPUT: Result of query for scribd.com = 151.101.66.152
[2021-12-06 13:55:00,702] client.Client<Client:3b034>:OUTPUT: website : scribd.com, time : 36, hop cnt : 4
[2021-12-06 13:55:00,725] client.Client<Client:3b034>:OUTPUT: Result of query for telegram.org = 149.154.167.99
[2021-12-06 13:55:00,726] client.Client<Client:3b034>:OUTPUT: website : telegram.org, time : 22, hop cnt : 3
[2021-12-06 13:55:00,779] client.Client<Client:3b034>:OUTPUT: Result of query for researchgate.net = 209.15.209.70
[2021-12-06 13:55:00,780] client.Client<Client:3b034>:OUTPUT: website : researchgate.net, time : 51, hop cnt : 5
[2021-12-06 13:55:00,826] client.Client<Client:3b034>:OUTPUT: Result of query for gismeteo.ru = 185.134.203.245
[2021-12-06 13:55:00,827] client.Client<Client:3b034>:OUTPUT: website : gismeteo.ru, time : 43, hop cnt : 4
[2021-12-06 13:55:00,890] client.Client<Client:3b034>:OUTPUT: Result of query for mailchimp.com = 104.107.30.72
[2021-12-06 13:55:00,891] client.Client<Client:3b034>:OUTPUT: website : mailchimp.com, time : 58, hop cnt : 6
[2021-12-06 13:55:00,936] client.Client<Client:3b034>:OUTPUT: Result of query for accuweather.com = 96.6.22.112
[2021-12-06 13:55:00,937] client.Client<Client:3b034>:OUTPUT: website : accuweather.com, time : 44, hop cnt : 5
[2021-12-06 13:55:00,974] client.Client<Client:3b034>:OUTPUT: Result of query for xfinity.com = 96.114.14.140
[2021-12-06 13:55:00,975] client.Client<Client:3b034>:OUTPUT: website : xfinity.com, time : 33, hop cnt : 5
[2021-12-06 13:55:01,020] client.Client<Client:3b034>:OUTPUT: Result of query for aliyun.com = 140.205.135.3
[2021-12-06 13:55:01,021] client.Client<Client:3b034>:OUTPUT: website : aliyun.com, time : 44, hop cnt : 5
[2021-12-06 13:55:01,070] client.Client<Client:3b034>:OUTPUT: Result of query for homedepot.com = 35.201.95.83
[2021-12-06 13:55:01,071] client.Client<Client:3b034>:OUTPUT: website : homedepot.com, time : 46, hop cnt : 6
[2021-12-06 13:55:01,107] client.Client<Client:3b034>:OUTPUT: Result of query for sabah.com.tr = 194.36.160.15
[2021-12-06 13:55:01,108] client.Client<Client:3b034>:OUTPUT: website : sabah.com.tr, time : 34, hop cnt : 3
[2021-12-06 13:55:01,147] client.Client<Client:3b034>:OUTPUT: Result of query for web.de = 82.165.229.138
[2021-12-06 13:55:01,148] client.Client<Client:3b034>:OUTPUT: website : web.de, time : 37, hop cnt : 4
[2021-12-06 13:55:01,189] client.Client<Client:3b034>:OUTPUT: Result of query for eastday.com = 222.73.244.10
[2021-12-06 13:55:01,189] client.Client<Client:3b034>:OUTPUT: website : eastday.com, time : 39, hop cnt : 5
[2021-12-06 13:55:01,231] client.Client<Client:3b034>:OUTPUT: Result of query for gmx.net = 82.165.229.87
[2021-12-06 13:55:01,232] client.Client<Client:3b034>:OUTPUT: website : gmx.net, time : 39, hop cnt : 5
[2021-12-06 13:55:01,271] client.Client<Client:3b034>:OUTPUT: Result of query for leagueoflegends.com = 100.24.150.101
[2021-12-06 13:55:01,272] client.Client<Client:3b034>:OUTPUT: website : leagueoflegends.com, time : 37, hop cnt : 5
[2021-12-06 13:55:01,312] client.Client<Client:3b034>:OUTPUT: Result of query for rumble.com = 169.44.97.2
[2021-12-06 13:55:01,313] client.Client<Client:3b034>:OUTPUT: website : rumble.com, time : 37, hop cnt : 4
[2021-12-06 13:55:01,365] client.Client<Client:3b034>:OUTPUT: Result of query for asos.com = 23.222.12.65
[2021-12-06 13:55:01,366] client.Client<Client:3b034>:OUTPUT: website : asos.com, time : 50, hop cnt : 6
[2021-12-06 13:55:01,414] client.Client<Client:3b034>:OUTPUT: Result of query for varzesh3.com = 94.182.163.51
[2021-12-06 13:55:01,415] client.Client<Client:3b034>:OUTPUT: website : varzesh3.com, time : 46, hop cnt : 5
[2021-12-06 13:55:01,470] client.Client<Client:3b034>:OUTPUT: Result of query for daum.net = 203.133.167.16
[2021-12-06 13:55:01,470] client.Client<Client:3b034>:OUTPUT: website : daum.net, time : 54, hop cnt : 6
[2021-12-06 13:55:01,541] client.Client<Client:3b034>:OUTPUT: Result of query for google.sk = 172.217.3.99
[2021-12-06 13:55:01,542] client.Client<Client:3b034>:OUTPUT: website : google.sk, time : 67, hop cnt : 7
[2021-12-06 13:55:01,570] client.Client<Client:3b034>:OUTPUT: Result of query for naver.jp = 119.235.235.13
[2021-12-06 13:55:01,571] client.Client<Client:3b034>:OUTPUT: website : naver.jp, time : 26, hop cnt : 4
[2021-12-06 13:55:01,618] client.Client<Client:3b034>:OUTPUT: Result of query for medium.com = 104.16.122.127
[2021-12-06 13:55:01,619] client.Client<Client:3b034>:OUTPUT: website : medium.com, time : 44, hop cnt : 5
[2021-12-06 13:55:01,670] client.Client<Client:3b034>:OUTPUT: Result of query for ouo.io = 172.67.6.151
[2021-12-06 13:55:01,671] client.Client<Client:3b034>:OUTPUT: website : ouo.io, time : 49, hop cnt : 5
[2021-12-06 13:55:01,705] client.Client<Client:3b034>:OUTPUT: Result of query for hola.com = 62.22.171.58
[2021-12-06 13:55:01,706] client.Client<Client:3b034>:OUTPUT: website : hola.com, time : 32, hop cnt : 4
[2021-12-06 13:55:01,748] client.Client<Client:3b034>:OUTPUT: Result of query for thesaurus.com = 151.101.66.133
[2021-12-06 13:55:01,749] client.Client<Client:3b034>:OUTPUT: website : thesaurus.com, time : 40, hop cnt : 6
[2021-12-06 13:55:01,793] client.Client<Client:3b034>:OUTPUT: Result of query for shopify.com = 34.75.184.70
[2021-12-06 13:55:01,793] client.Client<Client:3b034>:OUTPUT: website : shopify.com, time : 41, hop cnt : 5
[2021-12-06 13:55:01,834] client.Client<Client:3b034>:OUTPUT: Result of query for orange.fr = 193.252.133.34
[2021-12-06 13:55:01,835] client.Client<Client:3b034>:OUTPUT: website : orange.fr, time : 38, hop cnt : 4
[2021-12-06 13:55:01,882] client.Client<Client:3b034>:OUTPUT: Result of query for digikala.com = 185.188.105.10
[2021-12-06 13:55:01,883] client.Client<Client:3b034>:OUTPUT: website : digikala.com, time : 44, hop cnt : 6
[2021-12-06 13:55:01,925] client.Client<Client:3b034>:OUTPUT: Result of query for rt.com = 207.244.80.170
[2021-12-06 13:55:01,926] client.Client<Client:3b034>:OUTPUT: website : rt.com, time : 40, hop cnt : 6
[2021-12-06 13:55:01,972] client.Client<Client:3b034>:OUTPUT: Result of query for ndtv.com = 96.6.28.59
[2021-12-06 13:55:01,973] client.Client<Client:3b034>:OUTPUT: website : ndtv.com, time : 44, hop cnt : 5
[2021-12-06 13:55:02,026] client.Client<Client:3b034>:OUTPUT: Result of query for oracle.com = 137.254.120.50
[2021-12-06 13:55:02,027] client.Client<Client:3b034>:OUTPUT: website : oracle.com, time : 52, hop cnt : 5
[2021-12-06 13:55:02,084] client.Client<Client:3b034>:OUTPUT: Result of query for telegraph.co.uk = 13.225.229.40
[2021-12-06 13:55:02,085] client.Client<Client:3b034>:OUTPUT: website : telegraph.co.uk, time : 55, hop cnt : 5
[2021-12-06 13:55:02,124] client.Client<Client:3b034>:OUTPUT: Result of query for wordpress.org = 198.143.164.252
[2021-12-06 13:55:02,125] client.Client<Client:3b034>:OUTPUT: website : wordpress.org, time : 37, hop cnt : 6
[2021-12-06 13:55:02,162] client.Client<Client:3b034>:OUTPUT: Result of query for olx.ua = 13.225.229.19
[2021-12-06 13:55:02,162] client.Client<Client:3b034>:OUTPUT: website : olx.ua, time : 34, hop cnt : 4
[2021-12-06 13:55:02,216] client.Client<Client:3b034>:OUTPUT: Result of query for zendesk.com = 34.225.199.37
[2021-12-06 13:55:02,217] client.Client<Client:3b034>:OUTPUT: website : zendesk.com, time : 52, hop cnt : 6
[2021-12-06 13:55:02,265] client.Client<Client:3b034>:OUTPUT: Result of query for amazon.ca = 54.239.18.172
[2021-12-06 13:55:02,266] client.Client<Client:3b034>:OUTPUT: website : amazon.ca, time : 45, hop cnt : 6
[2021-12-06 13:55:02,306] client.Client<Client:3b034>:OUTPUT: Result of query for samsung.com = 211.45.27.231
[2021-12-06 13:55:02,307] client.Client<Client:3b034>:OUTPUT: website : samsung.com, time : 35, hop cnt : 5
[2021-12-06 13:55:02,345] client.Client<Client:3b034>:OUTPUT: Result of query for icloud.com = 17.253.144.10
[2021-12-06 13:55:02,346] client.Client<Client:3b034>:OUTPUT: website : icloud.com, time : 36, hop cnt : 5
[2021-12-06 13:55:02,373] client.Client<Client:3b034>:OUTPUT: Result of query for cricbuzz.com = 35.200.167.142
[2021-12-06 13:55:02,374] client.Client<Client:3b034>:OUTPUT: website : cricbuzz.com, time : 25, hop cnt : 4
[2021-12-06 13:55:02,426] client.Client<Client:3b034>:OUTPUT: Result of query for gearbest.com = 34.217.151.167
[2021-12-06 13:55:02,427] client.Client<Client:3b034>:OUTPUT: website : gearbest.com, time : 50, hop cnt : 5
[2021-12-06 13:55:02,475] client.Client<Client:3b034>:OUTPUT: Result of query for userapi.com = 87.240.190.64
[2021-12-06 13:55:02,476] client.Client<Client:3b034>:OUTPUT: website : userapi.com, time : 46, hop cnt : 5
[2021-12-06 13:55:02,514] client.Client<Client:3b034>:OUTPUT: Result of query for goodreads.com = 52.94.226.87
[2021-12-06 13:55:02,515] client.Client<Client:3b034>:OUTPUT: website : goodreads.com, time : 36, hop cnt : 4
[2021-12-06 13:55:02,547] client.Client<Client:3b034>:OUTPUT: Result of query for goo.ne.jp = 114.179.184.93
[2021-12-06 13:55:02,548] client.Client<Client:3b034>:OUTPUT: website : goo.ne.jp, time : 29, hop cnt : 3
[2021-12-06 13:55:02,593] client.Client<Client:3b034>:OUTPUT: Result of query for capitalone.com = 204.63.40.34
[2021-12-06 13:55:02,594] client.Client<Client:3b034>:OUTPUT: website : capitalone.com, time : 43, hop cnt : 5
[2021-12-06 13:55:02,659] client.Client<Client:3b034>:OUTPUT: Result of query for bukalapak.com = 34.120.254.97
[2021-12-06 13:55:02,660] client.Client<Client:3b034>:OUTPUT: website : bukalapak.com, time : 63, hop cnt : 6
[2021-12-06 13:55:02,704] client.Client<Client:3b034>:OUTPUT: Result of query for streamable.com = 151.101.65.63
[2021-12-06 13:55:02,705] client.Client<Client:3b034>:OUTPUT: website : streamable.com, time : 42, hop cnt : 5
[2021-12-06 13:55:02,749] client.Client<Client:3b034>:OUTPUT: Result of query for weebly.com = 74.115.50.109
[2021-12-06 13:55:02,750] client.Client<Client:3b034>:OUTPUT: website : weebly.com, time : 41, hop cnt : 5
[2021-12-06 13:55:02,799] client.Client<Client:3b034>:OUTPUT: Result of query for taboola.com = 151.101.2.132
[2021-12-06 13:55:02,800] client.Client<Client:3b034>:OUTPUT: website : taboola.com, time : 48, hop cnt : 4
[2021-12-06 13:55:02,831] client.Client<Client:3b034>:OUTPUT: Result of query for hp.com = 15.72.164.74
[2021-12-06 13:55:02,832] client.Client<Client:3b034>:OUTPUT: website : hp.com, time : 28, hop cnt : 3
[2021-12-06 13:55:02,873] client.Client<Client:3b034>:OUTPUT: Result of query for hulu.com = 23.218.69.247
[2021-12-06 13:55:02,873] client.Client<Client:3b034>:OUTPUT: website : hulu.com, time : 39, hop cnt : 6
[2021-12-06 13:55:02,907] client.Client<Client:3b034>:OUTPUT: Result of query for americanexpress.com = 104.66.111.139
[2021-12-06 13:55:02,908] client.Client<Client:3b034>:OUTPUT: website : americanexpress.com, time : 31, hop cnt : 4
[2021-12-06 13:55:02,945] client.Client<Client:3b034>:OUTPUT: Result of query for google.kz = 172.217.12.132
[2021-12-06 13:55:02,946] client.Client<Client:3b034>:OUTPUT: website : google.kz, time : 35, hop cnt : 5
[2021-12-06 13:55:02,995] client.Client<Client:3b034>:OUTPUT: Result of query for iqoption.com = 185.117.134.130
[2021-12-06 13:55:02,995] client.Client<Client:3b034>:OUTPUT: website : iqoption.com, time : 47, hop cnt : 5
[2021-12-06 13:55:03,033] client.Client<Client:3b034>:OUTPUT: Result of query for target.com = 151.101.2.187
[2021-12-06 13:55:03,034] client.Client<Client:3b034>:OUTPUT: website : target.com, time : 35, hop cnt : 4
[2021-12-06 13:55:03,066] client.Client<Client:3b034>:OUTPUT: Result of query for beeg.com = 192.243.54.98
[2021-12-06 13:55:03,067] client.Client<Client:3b034>:OUTPUT: website : beeg.com, time : 30, hop cnt : 3
[2021-12-06 13:55:03,100] client.Client<Client:3b034>:OUTPUT: Result of query for usps.com = 56.0.134.100
[2021-12-06 13:55:03,101] client.Client<Client:3b034>:OUTPUT: website : usps.com, time : 31, hop cnt : 3
[2021-12-06 13:55:03,152] client.Client<Client:3b034>:OUTPUT: Result of query for ci123.com = 202.102.90.108
[2021-12-06 13:55:03,153] client.Client<Client:3b034>:OUTPUT: website : ci123.com, time : 49, hop cnt : 5
[2021-12-06 13:55:03,198] client.Client<Client:3b034>:OUTPUT: Result of query for kaskus.co.id = 103.6.117.2
[2021-12-06 13:55:03,199] client.Client<Client:3b034>:OUTPUT: website : kaskus.co.id, time : 42, hop cnt : 5
[2021-12-06 13:55:03,236] client.Client<Client:3b034>:OUTPUT: Result of query for weevah2.top = 104.247.82.73
[2021-12-06 13:55:03,237] client.Client<Client:3b034>:OUTPUT: website : weevah2.top, time : 34, hop cnt : 4
[2021-12-06 13:55:03,286] client.Client<Client:3b034>:OUTPUT: Result of query for subscene.com = 104.21.234.74
[2021-12-06 13:55:03,287] client.Client<Client:3b034>:OUTPUT: website : subscene.com, time : 48, hop cnt : 5
[2021-12-06 13:55:03,331] client.Client<Client:3b034>:OUTPUT: Result of query for repubblica.it = 213.92.16.101
[2021-12-06 13:55:03,332] client.Client<Client:3b034>:OUTPUT: website : repubblica.it, time : 42, hop cnt : 4
[2021-12-06 13:55:03,391] client.Client<Client:3b034>:OUTPUT: Result of query for providr.com = 34.102.136.180
[2021-12-06 13:55:03,392] client.Client<Client:3b034>:OUTPUT: website : providr.com, time : 57, hop cnt : 6
[2021-12-06 13:55:03,464] client.Client<Client:3b034>:OUTPUT: Result of query for onet.pl = 213.180.141.140
[2021-12-06 13:55:03,465] client.Client<Client:3b034>:OUTPUT: website : onet.pl, time : 70, hop cnt : 7
[2021-12-06 13:55:03,508] client.Client<Client:3b034>:OUTPUT: Result of query for aparat.com = 185.147.178.11
[2021-12-06 13:55:03,509] client.Client<Client:3b034>:OUTPUT: website : aparat.com, time : 41, hop cnt : 4
[2021-12-06 13:55:03,564] client.Client<Client:3b034>:OUTPUT: Result of query for ups.com = 153.2.228.50
[2021-12-06 13:55:03,565] client.Client<Client:3b034>:OUTPUT: website : ups.com, time : 50, hop cnt : 4
[2021-12-06 13:55:03,611] client.Client<Client:3b034>:OUTPUT: Result of query for youdao.com = 103.72.47.249
[2021-12-06 13:55:03,612] client.Client<Client:3b034>:OUTPUT: website : youdao.com, time : 44, hop cnt : 6
[2021-12-06 13:55:03,656] client.Client<Client:3b034>:OUTPUT: Result of query for evernote.com = 35.190.29.187
[2021-12-06 13:55:03,657] client.Client<Client:3b034>:OUTPUT: website : evernote.com, time : 42, hop cnt : 5
[2021-12-06 13:55:03,703] client.Client<Client:3b034>:OUTPUT: Result of query for independent.co.uk = 151.101.193.184
[2021-12-06 13:55:03,704] client.Client<Client:3b034>:OUTPUT: website : independent.co.uk, time : 44, hop cnt : 4
[2021-12-06 13:55:03,745] client.Client<Client:3b034>:OUTPUT: Result of query for canva.com = 162.159.129.45
[2021-12-06 13:55:03,745] client.Client<Client:3b034>:OUTPUT: website : canva.com, time : 38, hop cnt : 5
[2021-12-06 13:55:03,774] client.Client<Client:3b034>:OUTPUT: Result of query for hatena.ne.jp = 3.115.142.243
[2021-12-06 13:55:03,775] client.Client<Client:3b034>:OUTPUT: website : hatena.ne.jp, time : 26, hop cnt : 3
[2021-12-06 13:55:03,817] client.Client<Client:3b034>:OUTPUT: Result of query for rottentomatoes.com = 104.102.216.224
[2021-12-06 13:55:03,817] client.Client<Client:3b034>:OUTPUT: website : rottentomatoes.com, time : 40, hop cnt : 5
[2021-12-06 13:55:03,858] client.Client<Client:3b034>:OUTPUT: Result of query for nownews.com = 107.167.188.74
[2021-12-06 13:55:03,859] client.Client<Client:3b034>:OUTPUT: website : nownews.com, time : 38, hop cnt : 5
[2021-12-06 13:55:03,914] client.Client<Client:3b034>:OUTPUT: Result of query for hdfcbank.com = 104.16.108.25
[2021-12-06 13:55:03,915] client.Client<Client:3b034>:OUTPUT: website : hdfcbank.com, time : 53, hop cnt : 5
[2021-12-06 13:55:03,971] client.Client<Client:3b034>:OUTPUT: Result of query for wittyfeed.com = 172.67.194.74
[2021-12-06 13:55:03,971] client.Client<Client:3b034>:OUTPUT: website : wittyfeed.com, time : 54, hop cnt : 6
[2021-12-06 13:55:04,011] client.Client<Client:3b034>:OUTPUT: Result of query for spiegel.de = 128.65.210.8
[2021-12-06 13:55:04,012] client.Client<Client:3b034>:OUTPUT: website : spiegel.de, time : 38, hop cnt : 4
[2021-12-06 13:55:04,057] client.Client<Client:3b034>:OUTPUT: Result of query for elpais.com = 104.77.178.166
[2021-12-06 13:55:04,057] client.Client<Client:3b034>:OUTPUT: website : elpais.com, time : 43, hop cnt : 5
[2021-12-06 13:55:04,112] client.Client<Client:3b034>:OUTPUT: Result of query for taleo.net = 68.233.77.233
[2021-12-06 13:55:04,113] client.Client<Client:3b034>:OUTPUT: website : taleo.net, time : 52, hop cnt : 6
[2021-12-06 13:55:04,148] client.Client<Client:3b034>:OUTPUT: Result of query for bet9ja.com = 185.179.62.2
[2021-12-06 13:55:04,149] client.Client<Client:3b034>:OUTPUT: website : bet9ja.com, time : 33, hop cnt : 4
[2021-12-06 13:55:04,217] client.Client<Client:3b034>:OUTPUT: Result of query for ibm.com = 129.42.38.10
[2021-12-06 13:55:04,218] client.Client<Client:3b034>:OUTPUT: website : ibm.com, time : 66, hop cnt : 7
[2021-12-06 13:55:04,263] client.Client<Client:3b034>:OUTPUT: Result of query for yesky.com = 119.3.245.74
[2021-12-06 13:55:04,264] client.Client<Client:3b034>:OUTPUT: website : yesky.com, time : 41, hop cnt : 5
[2021-12-06 13:55:04,303] client.Client<Client:3b034>:OUTPUT: Result of query for boredpanda.com = 34.193.118.149
[2021-12-06 13:55:04,304] client.Client<Client:3b034>:OUTPUT: website : boredpanda.com, time : 37, hop cnt : 4
[2021-12-06 13:55:04,361] client.Client<Client:3b034>:OUTPUT: Result of query for udemy.com = 104.16.66.85
[2021-12-06 13:55:04,362] client.Client<Client:3b034>:OUTPUT: website : udemy.com, time : 55, hop cnt : 5
[2021-12-06 13:55:04,390] client.Client<Client:3b034>:OUTPUT: Result of query for livedoor.jp = 203.104.153.16
[2021-12-06 13:55:04,390] client.Client<Client:3b034>:OUTPUT: website : livedoor.jp, time : 25, hop cnt : 3
[2021-12-06 13:55:04,419] client.Client<Client:3b034>:OUTPUT: Result of query for iqiyi.com = 111.206.13.63
[2021-12-06 13:55:04,420] client.Client<Client:3b034>:OUTPUT: website : iqiyi.com, time : 26, hop cnt : 4
[2021-12-06 13:55:04,456] client.Client<Client:3b034>:OUTPUT: Result of query for duckduckgo.com = 52.149.246.39
[2021-12-06 13:55:04,457] client.Client<Client:3b034>:OUTPUT: website : duckduckgo.com, time : 33, hop cnt : 4
[2021-12-06 13:55:04,494] client.Client<Client:3b034>:OUTPUT: Result of query for hatenablog.com = 13.230.115.161
[2021-12-06 13:55:04,495] client.Client<Client:3b034>:OUTPUT: website : hatenablog.com, time : 34, hop cnt : 5
[2021-12-06 13:55:04,567] client.Client<Client:3b034>:OUTPUT: Result of query for sciencedirect.com = 162.159.129.81
[2021-12-06 13:55:04,568] client.Client<Client:3b034>:OUTPUT: website : sciencedirect.com, time : 70, hop cnt : 7
[2021-12-06 13:55:04,620] client.Client<Client:3b034>:OUTPUT: Result of query for fiverr.com = 104.18.254.23
[2021-12-06 13:55:04,621] client.Client<Client:3b034>:OUTPUT: website : fiverr.com, time : 50, hop cnt : 5
[2021-12-06 13:55:04,654] client.Client<Client:3b034>:OUTPUT: Result of query for wp.pl = 212.77.98.9
[2021-12-06 13:55:04,655] client.Client<Client:3b034>:OUTPUT: website : wp.pl, time : 31, hop cnt : 3
[2021-12-06 13:55:04,717] client.Client<Client:3b034>:OUTPUT: Result of query for mlb.com = 34.102.169.19
[2021-12-06 13:55:04,718] client.Client<Client:3b034>:OUTPUT: website : mlb.com, time : 61, hop cnt : 6
[2021-12-06 13:55:04,759] client.Client<Client:3b034>:OUTPUT: Result of query for mercadolibre.com.ar = 13.225.229.38
[2021-12-06 13:55:04,760] client.Client<Client:3b034>:OUTPUT: website : mercadolibre.com.ar, time : 37, hop cnt : 5
[2021-12-06 13:55:04,803] client.Client<Client:3b034>:OUTPUT: Result of query for go.com = 23.236.60.174
[2021-12-06 13:55:04,804] client.Client<Client:3b034>:OUTPUT: website : go.com, time : 41, hop cnt : 6
[2021-12-06 13:55:04,850] client.Client<Client:3b034>:OUTPUT: Result of query for gyazo.com = 35.186.213.112
[2021-12-06 13:55:04,851] client.Client<Client:3b034>:OUTPUT: website : gyazo.com, time : 44, hop cnt : 6
[2021-12-06 13:55:04,888] client.Client<Client:3b034>:OUTPUT: Result of query for reverso.net = 54.36.69.215
[2021-12-06 13:55:04,888] client.Client<Client:3b034>:OUTPUT: website : reverso.net, time : 35, hop cnt : 4
[2021-12-06 13:55:04,929] client.Client<Client:3b034>:OUTPUT: Result of query for ensonhaber.com = 172.67.4.66
[2021-12-06 13:55:04,929] client.Client<Client:3b034>:OUTPUT: website : ensonhaber.com, time : 38, hop cnt : 4
[2021-12-06 13:55:04,987] client.Client<Client:3b034>:OUTPUT: Result of query for setn.com = 54.238.119.86
[2021-12-06 13:55:04,988] client.Client<Client:3b034>:OUTPUT: website : setn.com, time : 56, hop cnt : 6
[2021-12-06 13:55:05,032] client.Client<Client:3b034>:OUTPUT: Result of query for patreon.com = 104.16.7.49
[2021-12-06 13:55:05,033] client.Client<Client:3b034>:OUTPUT: website : patreon.com, time : 42, hop cnt : 5
[2021-12-06 13:55:05,076] client.Client<Client:3b034>:OUTPUT: Result of query for google.com.kw = 172.217.12.195
[2021-12-06 13:55:05,077] client.Client<Client:3b034>:OUTPUT: website : google.com.kw, time : 41, hop cnt : 5
[2021-12-06 13:55:05,115] client.Client<Client:3b034>:OUTPUT: Result of query for line.me = 203.104.138.138
[2021-12-06 13:55:05,116] client.Client<Client:3b034>:OUTPUT: website : line.me, time : 36, hop cnt : 4
[2021-12-06 13:55:05,180] client.Client<Client:3b034>:OUTPUT: Result of query for jrj.com.cn = 118.186.210.142
[2021-12-06 13:55:05,181] client.Client<Client:3b034>:OUTPUT: website : jrj.com.cn, time : 62, hop cnt : 6
[2021-12-06 13:55:05,224] client.Client<Client:3b034>:OUTPUT: Result of query for myanimelist.net = 13.225.229.79
[2021-12-06 13:55:05,225] client.Client<Client:3b034>:OUTPUT: website : myanimelist.net, time : 39, hop cnt : 4
[2021-12-06 13:55:05,270] client.Client<Client:3b034>:OUTPUT: Result of query for upwork.com = 104.18.89.237
[2021-12-06 13:55:05,271] client.Client<Client:3b034>:OUTPUT: website : upwork.com, time : 43, hop cnt : 4
[2021-12-06 13:55:05,330] client.Client<Client:3b034>:OUTPUT: Result of query for intuit.com = 104.122.150.250
[2021-12-06 13:55:05,331] client.Client<Client:3b034>:OUTPUT: website : intuit.com, time : 57, hop cnt : 6
[2021-12-06 13:55:05,385] client.Client<Client:3b034>:OUTPUT: Result of query for nametests.com = 104.16.51.93
[2021-12-06 13:55:05,385] client.Client<Client:3b034>:OUTPUT: website : nametests.com, time : 51, hop cnt : 6
[2021-12-06 13:55:05,440] client.Client<Client:3b034>:OUTPUT: Result of query for mobileofferplace.site = 104.28.2.186
[2021-12-06 13:55:05,440] client.Client<Client:3b034>:OUTPUT: website : mobileofferplace.site, time : 51, hop cnt : 5
[2021-12-06 13:55:05,477] client.Client<Client:3b034>:OUTPUT: Result of query for seasonvar.ru = 172.67.203.91
[2021-12-06 13:55:05,478] client.Client<Client:3b034>:OUTPUT: website : seasonvar.ru, time : 33, hop cnt : 4
[2021-12-06 13:55:05,506] client.Client<Client:3b034>:OUTPUT: Result of query for dell.com = 143.166.147.101
[2021-12-06 13:55:05,506] client.Client<Client:3b034>:OUTPUT: website : dell.com, time : 25, hop cnt : 3
[2021-12-06 13:55:05,536] client.Client<Client:3b034>:OUTPUT: Result of query for bloomberg.com = 69.191.252.15
[2021-12-06 13:55:05,537] client.Client<Client:3b034>:OUTPUT: website : bloomberg.com, time : 27, hop cnt : 4
[2021-12-06 13:55:05,576] client.Client<Client:3b034>:OUTPUT: Result of query for cerpen.co.id = 172.67.134.100
[2021-12-06 13:55:05,577] client.Client<Client:3b034>:OUTPUT: website : cerpen.co.id, time : 37, hop cnt : 4
[2021-12-06 13:55:05,611] client.Client<Client:3b034>:OUTPUT: Result of query for playstation.com = 209.200.152.199
[2021-12-06 13:55:05,612] client.Client<Client:3b034>:OUTPUT: website : playstation.com, time : 32, hop cnt : 4
[2021-12-06 13:55:05,650] client.Client<Client:3b034>:OUTPUT: Result of query for urbandictionary.com = 151.101.64.207
[2021-12-06 13:55:05,651] client.Client<Client:3b034>:OUTPUT: website : urbandictionary.com, time : 36, hop cnt : 5
[2021-12-06 13:55:05,696] client.Client<Client:3b034>:OUTPUT: Result of query for behance.net = 151.101.193.197
[2021-12-06 13:55:05,697] client.Client<Client:3b034>:OUTPUT: website : behance.net, time : 43, hop cnt : 4
[2021-12-06 13:55:05,751] client.Client<Client:3b034>:OUTPUT: Result of query for fedex.com = 204.135.13.155
[2021-12-06 13:55:05,752] client.Client<Client:3b034>:OUTPUT: website : fedex.com, time : 51, hop cnt : 6
[2021-12-06 13:55:05,799] client.Client<Client:3b034>:OUTPUT: Result of query for groupon.com = 184.87.54.217
[2021-12-06 13:55:05,800] client.Client<Client:3b034>:OUTPUT: website : groupon.com, time : 44, hop cnt : 6
[2021-12-06 13:55:05,843] client.Client<Client:3b034>:OUTPUT: Result of query for qiita.com = 54.250.212.128
[2021-12-06 13:55:05,843] client.Client<Client:3b034>:OUTPUT: website : qiita.com, time : 40, hop cnt : 5
[2021-12-06 13:55:05,897] client.Client<Client:3b034>:OUTPUT: Result of query for exoclick.com = 94.23.144.230
[2021-12-06 13:55:05,898] client.Client<Client:3b034>:OUTPUT: website : exoclick.com, time : 52, hop cnt : 5
[2021-12-06 13:55:05,936] client.Client<Client:3b034>:OUTPUT: Result of query for box.com = 107.152.27.201
[2021-12-06 13:55:05,937] client.Client<Client:3b034>:OUTPUT: website : box.com, time : 36, hop cnt : 4
[2021-12-06 13:55:05,972] client.Client<Client:3b034>:OUTPUT: Result of query for scribol.com = 104.24.104.90
[2021-12-06 13:55:05,973] client.Client<Client:3b034>:OUTPUT: website : scribol.com, time : 33, hop cnt : 4
[2021-12-06 13:55:06,018] client.Client<Client:3b034>:OUTPUT: Result of query for doublepimp.com = 192.152.95.129
[2021-12-06 13:55:06,019] client.Client<Client:3b034>:OUTPUT: website : doublepimp.com, time : 43, hop cnt : 5
[2021-12-06 13:55:06,061] client.Client<Client:3b034>:OUTPUT: Result of query for glassdoor.com = 104.17.91.51
[2021-12-06 13:55:06,062] client.Client<Client:3b034>:OUTPUT: website : glassdoor.com, time : 40, hop cnt : 4
[2021-12-06 13:55:06,094] client.Client<Client:3b034>:OUTPUT: Result of query for uidai.gov.in = 103.57.226.101
[2021-12-06 13:55:06,095] client.Client<Client:3b034>:OUTPUT: website : uidai.gov.in, time : 30, hop cnt : 4
[2021-12-06 13:55:06,157] client.Client<Client:3b034>:OUTPUT: Result of query for theverge.com = 151.101.129.52
[2021-12-06 13:55:06,158] client.Client<Client:3b034>:OUTPUT: website : theverge.com, time : 60, hop cnt : 6
[2021-12-06 13:55:06,215] client.Client<Client:3b034>:OUTPUT: Result of query for marca.com = 52.174.157.78
[2021-12-06 13:55:06,216] client.Client<Client:3b034>:OUTPUT: website : marca.com, time : 56, hop cnt : 5
[2021-12-06 13:55:06,254] client.Client<Client:3b034>:OUTPUT: Result of query for coinmarketcap.com = 104.17.137.178
[2021-12-06 13:55:06,255] client.Client<Client:3b034>:OUTPUT: website : coinmarketcap.com, time : 36, hop cnt : 3
[2021-12-06 13:55:06,287] client.Client<Client:3b034>:OUTPUT: Result of query for wix.com = 185.230.63.164
[2021-12-06 13:55:06,288] client.Client<Client:3b034>:OUTPUT: website : wix.com, time : 30, hop cnt : 3
[2021-12-06 13:55:06,343] client.Client<Client:3b034>:OUTPUT: Result of query for slickdeals.net = 104.77.178.172
[2021-12-06 13:55:06,344] client.Client<Client:3b034>:OUTPUT: website : slickdeals.net, time : 53, hop cnt : 6
[2021-12-06 13:55:06,399] client.Client<Client:3b034>:OUTPUT: Result of query for baike.com = 122.14.230.164
[2021-12-06 13:55:06,400] client.Client<Client:3b034>:OUTPUT: website : baike.com, time : 54, hop cnt : 6
[2021-12-06 13:55:06,435] client.Client<Client:3b034>:OUTPUT: Result of query for rediff.com = 88.221.90.136
[2021-12-06 13:55:06,436] client.Client<Client:3b034>:OUTPUT: website : rediff.com, time : 30, hop cnt : 4
[2021-12-06 13:55:06,478] client.Client<Client:3b034>:OUTPUT: Result of query for google.co.nz = 172.217.6.195
[2021-12-06 13:55:06,479] client.Client<Client:3b034>:OUTPUT: website : google.co.nz, time : 41, hop cnt : 4
[2021-12-06 13:55:06,529] client.Client<Client:3b034>:OUTPUT: Result of query for haber7.com = 185.195.231.35
[2021-12-06 13:55:06,530] client.Client<Client:3b034>:OUTPUT: website : haber7.com, time : 48, hop cnt : 6
[2021-12-06 13:55:06,569] client.Client<Client:3b034>:OUTPUT: Result of query for free.fr = 212.27.48.10
[2021-12-06 13:55:06,570] client.Client<Client:3b034>:OUTPUT: website : free.fr, time : 37, hop cnt : 4
[2021-12-06 13:55:06,601] client.Client<Client:3b034>:OUTPUT: Result of query for patch.com = 151.101.129.177
[2021-12-06 13:55:06,602] client.Client<Client:3b034>:OUTPUT: website : patch.com, time : 29, hop cnt : 3
[2021-12-06 13:55:06,628] client.Client<Client:3b034>:OUTPUT: Result of query for ultimate-guitar.com = 178.18.22.152
[2021-12-06 13:55:06,629] client.Client<Client:3b034>:OUTPUT: website : ultimate-guitar.com, time : 22, hop cnt : 3
[2021-12-06 13:55:06,667] client.Client<Client:3b034>:OUTPUT: Result of query for 163.com = 123.58.180.7
[2021-12-06 13:55:06,668] client.Client<Client:3b034>:OUTPUT: website : 163.com, time : 36, hop cnt : 5
[2021-12-06 13:55:06,712] client.Client<Client:3b034>:OUTPUT: Result of query for zoho.com = 204.141.32.155
[2021-12-06 13:55:06,713] client.Client<Client:3b034>:OUTPUT: website : zoho.com, time : 39, hop cnt : 5
[2021-12-06 13:55:06,761] client.Client<Client:3b034>:OUTPUT: Result of query for onedio.com = 104.16.229.51
[2021-12-06 13:55:06,762] client.Client<Client:3b034>:OUTPUT: website : onedio.com, time : 46, hop cnt : 5
[2021-12-06 13:55:06,813] client.Client<Client:3b034>:OUTPUT: Result of query for pandora.com = 208.85.40.158
[2021-12-06 13:55:06,813] client.Client<Client:3b034>:OUTPUT: website : pandora.com, time : 50, hop cnt : 4
[2021-12-06 13:55:06,857] client.Client<Client:3b034>:OUTPUT: Result of query for google.bg = 172.217.9.227
[2021-12-06 13:55:06,858] client.Client<Client:3b034>:OUTPUT: website : google.bg, time : 41, hop cnt : 4
[2021-12-06 13:55:06,919] client.Client<Client:3b034>:OUTPUT: Result of query for taringa.net = 104.16.249.39
[2021-12-06 13:55:06,919] client.Client<Client:3b034>:OUTPUT: website : taringa.net, time : 58, hop cnt : 6
[2021-12-06 13:55:06,955] client.Client<Client:3b034>:OUTPUT: Result of query for sportbible.com = 104.16.93.22
[2021-12-06 13:55:06,956] client.Client<Client:3b034>:OUTPUT: website : sportbible.com, time : 33, hop cnt : 3
[2021-12-06 13:55:06,982] client.Client<Client:3b034>:OUTPUT: Result of query for citi.com = 192.193.102.176
[2021-12-06 13:55:06,982] client.Client<Client:3b034>:OUTPUT: website : citi.com, time : 22, hop cnt : 3
[2021-12-06 13:55:07,038] client.Client<Client:3b034>:OUTPUT: Result of query for kickstarter.com = 151.101.2.217
[2021-12-06 13:55:07,039] client.Client<Client:3b034>:OUTPUT: website : kickstarter.com, time : 53, hop cnt : 7
[2021-12-06 13:55:07,078] client.Client<Client:3b034>:OUTPUT: Result of query for ebay.it = 66.135.195.175
[2021-12-06 13:55:07,079] client.Client<Client:3b034>:OUTPUT: website : ebay.it, time : 37, hop cnt : 4
[2021-12-06 13:55:07,139] client.Client<Client:3b034>:OUTPUT: Result of query for icicibank.com = 203.27.235.25
[2021-12-06 13:55:07,140] client.Client<Client:3b034>:OUTPUT: website : icicibank.com, time : 59, hop cnt : 6
[2021-12-06 13:55:07,191] client.Client<Client:3b034>:OUTPUT: Result of query for seznam.cz = 77.75.75.172
[2021-12-06 13:55:07,191] client.Client<Client:3b034>:OUTPUT: website : seznam.cz, time : 48, hop cnt : 5
[2021-12-06 13:55:07,246] client.Client<Client:3b034>:OUTPUT: Result of query for biobiochile.cl = 143.244.35.157
[2021-12-06 13:55:07,247] client.Client<Client:3b034>:OUTPUT: website : biobiochile.cl, time : 52, hop cnt : 6
[2021-12-06 13:55:07,295] client.Client<Client:3b034>:OUTPUT: Result of query for gizmodo.com = 151.101.194.166
[2021-12-06 13:55:07,296] client.Client<Client:3b034>:OUTPUT: website : gizmodo.com, time : 46, hop cnt : 5
[2021-12-06 13:55:07,334] client.Client<Client:3b034>:OUTPUT: Result of query for wowhead.com = 104.18.31.49
[2021-12-06 13:55:07,335] client.Client<Client:3b034>:OUTPUT: website : wowhead.com, time : 36, hop cnt : 3
[2021-12-06 13:55:07,398] client.Client<Client:3b034>:OUTPUT: Result of query for manoramaonline.com = 104.98.140.7
[2021-12-06 13:55:07,399] client.Client<Client:3b034>:OUTPUT: website : manoramaonline.com, time : 61, hop cnt : 5
[2021-12-06 13:55:07,434] client.Client<Client:3b034>:OUTPUT: Result of query for t-online.de = 62.138.239.100
[2021-12-06 13:55:07,435] client.Client<Client:3b034>:OUTPUT: website : t-online.de, time : 33, hop cnt : 3
[2021-12-06 13:55:07,471] client.Client<Client:3b034>:OUTPUT: Result of query for lifebuzz.com = 13.225.229.84
[2021-12-06 13:55:07,472] client.Client<Client:3b034>:OUTPUT: website : lifebuzz.com, time : 34, hop cnt : 4
[2021-12-06 13:55:07,515] client.Client<Client:3b034>:OUTPUT: Result of query for lazada.co.id = 47.89.92.195
[2021-12-06 13:55:07,516] client.Client<Client:3b034>:OUTPUT: website : lazada.co.id, time : 41, hop cnt : 6
[2021-12-06 13:55:07,559] client.Client<Client:3b034>:OUTPUT: Result of query for cnzz.com = 203.119.169.175
[2021-12-06 13:55:07,560] client.Client<Client:3b034>:OUTPUT: website : cnzz.com, time : 38, hop cnt : 4
[2021-12-06 13:55:07,600] client.Client<Client:3b034>:OUTPUT: Result of query for conservativetribune.com = 104.26.2.6
[2021-12-06 13:55:07,601] client.Client<Client:3b034>:OUTPUT: website : conservativetribune.com, time : 38, hop cnt : 4
[2021-12-06 13:55:07,667] client.Client<Client:3b034>:OUTPUT: Result of query for wattpad.com = 13.225.229.64
[2021-12-06 13:55:07,668] client.Client<Client:3b034>:OUTPUT: website : wattpad.com, time : 63, hop cnt : 6
[2021-12-06 13:55:07,708] client.Client<Client:3b034>:OUTPUT: Result of query for sahibinden.com = 85.111.30.111
[2021-12-06 13:55:07,708] client.Client<Client:3b034>:OUTPUT: website : sahibinden.com, time : 37, hop cnt : 5
[2021-12-06 13:55:07,755] client.Client<Client:3b034>:OUTPUT: Result of query for ebay.com.au = 66.135.195.175
[2021-12-06 13:55:07,756] client.Client<Client:3b034>:OUTPUT: website : ebay.com.au, time : 44, hop cnt : 4
[2021-12-06 13:55:07,814] client.Client<Client:3b034>:OUTPUT: Result of query for pixabay.com = 104.18.21.183
[2021-12-06 13:55:07,815] client.Client<Client:3b034>:OUTPUT: website : pixabay.com, time : 57, hop cnt : 6
[2021-12-06 13:55:07,841] client.Client<Client:3b034>:OUTPUT: Result of query for naukri.com = 54.251.103.25
[2021-12-06 13:55:07,842] client.Client<Client:3b034>:OUTPUT: website : naukri.com, time : 23, hop cnt : 3
[2021-12-06 13:55:07,882] client.Client<Client:3b034>:OUTPUT: Result of query for yandex.ua = 154.47.36.66
[2021-12-06 13:55:07,882] client.Client<Client:3b034>:OUTPUT: website : yandex.ua, time : 37, hop cnt : 4
[2021-12-06 13:55:07,916] client.Client<Client:3b034>:OUTPUT: Result of query for launchpage.org = 109.236.89.110
[2021-12-06 13:55:07,917] client.Client<Client:3b034>:OUTPUT: website : launchpage.org, time : 31, hop cnt : 4
[2021-12-06 13:55:07,966] client.Client<Client:3b034>:OUTPUT: Result of query for umblr.com = 74.114.154.17
[2021-12-06 13:55:07,967] client.Client<Client:3b034>:OUTPUT: website : umblr.com, time : 44, hop cnt : 5
[2021-12-06 13:55:08,038] client.Client<Client:3b034>:OUTPUT: Result of query for webmd.com = 207.231.204.56
[2021-12-06 13:55:08,039] client.Client<Client:3b034>:OUTPUT: website : webmd.com, time : 68, hop cnt : 7
[2021-12-06 13:55:08,067] client.Client<Client:3b034>:OUTPUT: Result of query for goal.com = 185.42.238.89
[2021-12-06 13:55:08,068] client.Client<Client:3b034>:OUTPUT: website : goal.com, time : 26, hop cnt : 3
[2021-12-06 13:55:08,119] client.Client<Client:3b034>:OUTPUT: Result of query for gamer.com.tw = 104.16.182.30
[2021-12-06 13:55:08,120] client.Client<Client:3b034>:OUTPUT: website : gamer.com.tw, time : 49, hop cnt : 5
[2021-12-06 13:55:08,161] client.Client<Client:3b034>:OUTPUT: Result of query for gsmarena.com = 148.251.96.211
[2021-12-06 13:55:08,162] client.Client<Client:3b034>:OUTPUT: website : gsmarena.com, time : 39, hop cnt : 3
[2021-12-06 13:55:08,213] client.Client<Client:3b034>:OUTPUT: Result of query for tutorialspoint.com = 95.217.74.146
[2021-12-06 13:55:08,214] client.Client<Client:3b034>:OUTPUT: website : tutorialspoint.com, time : 49, hop cnt : 6
[2021-12-06 13:55:08,258] client.Client<Client:3b034>:OUTPUT: Result of query for billdesk.com = 210.210.24.66
[2021-12-06 13:55:08,259] client.Client<Client:3b034>:OUTPUT: website : billdesk.com, time : 42, hop cnt : 4
[2021-12-06 13:55:08,340] client.Client<Client:3b034>:OUTPUT: Result of query for libero.it = 213.209.17.209
[2021-12-06 13:55:08,341] client.Client<Client:3b034>:OUTPUT: website : libero.it, time : 79, hop cnt : 7
[2021-12-06 13:55:08,385] client.Client<Client:3b034>:OUTPUT: Result of query for reuters.com = 52.2.61.110
[2021-12-06 13:55:08,386] client.Client<Client:3b034>:OUTPUT: website : reuters.com, time : 42, hop cnt : 4
[2021-12-06 13:55:08,438] client.Client<Client:3b034>:OUTPUT: Result of query for list-manage.com = 205.201.132.96
[2021-12-06 13:55:08,439] client.Client<Client:3b034>:OUTPUT: website : list-manage.com, time : 51, hop cnt : 6
[2021-12-06 13:55:08,478] client.Client<Client:3b034>:OUTPUT: Result of query for mercadolibre.com.mx = 13.225.229.122
[2021-12-06 13:55:08,479] client.Client<Client:3b034>:OUTPUT: website : mercadolibre.com.mx, time : 37, hop cnt : 4
[2021-12-06 13:55:08,505] client.Client<Client:3b034>:OUTPUT: Result of query for poloniex.com = 104.18.216.39
[2021-12-06 13:55:08,506] client.Client<Client:3b034>:OUTPUT: website : poloniex.com, time : 23, hop cnt : 3
[2021-12-06 13:55:08,556] client.Client<Client:3b034>:OUTPUT: Result of query for paytm.com = 35.154.153.141
[2021-12-06 13:55:08,557] client.Client<Client:3b034>:OUTPUT: website : paytm.com, time : 48, hop cnt : 5
[2021-12-06 13:55:08,600] client.Client<Client:3b034>:OUTPUT: Result of query for olx.pl = 13.225.229.21
[2021-12-06 13:55:08,601] client.Client<Client:3b034>:OUTPUT: website : olx.pl, time : 40, hop cnt : 5
[2021-12-06 13:55:08,646] client.Client<Client:3b034>:OUTPUT: Result of query for google.lk = 172.217.12.131
[2021-12-06 13:55:08,647] client.Client<Client:3b034>:OUTPUT: website : google.lk, time : 43, hop cnt : 5
[2021-12-06 13:55:08,687] client.Client<Client:3b034>:OUTPUT: Result of query for bleacherreport.com = 151.101.129.5
[2021-12-06 13:55:08,688] client.Client<Client:3b034>:OUTPUT: website : bleacherreport.com, time : 38, hop cnt : 4
[2021-12-06 13:55:08,710] client.Client<Client:3b034>:OUTPUT: Result of query for google.rs = 172.217.9.227
[2021-12-06 13:55:08,711] client.Client<Client:3b034>:OUTPUT: website : google.rs, time : 20, hop cnt : 4
[2021-12-06 13:55:08,769] client.Client<Client:3b034>:OUTPUT: Result of query for shaparak.ir = 185.167.72.34
[2021-12-06 13:55:08,770] client.Client<Client:3b034>:OUTPUT: website : shaparak.ir, time : 57, hop cnt : 5
[2021-12-06 13:55:08,825] client.Client<Client:3b034>:OUTPUT: Result of query for emol.com = 200.12.26.60
[2021-12-06 13:55:08,826] client.Client<Client:3b034>:OUTPUT: website : emol.com, time : 53, hop cnt : 5
[2021-12-06 13:55:08,867] client.Client<Client:3b034>:OUTPUT: Result of query for tube8.com = 66.254.114.239
[2021-12-06 13:55:08,868] client.Client<Client:3b034>:OUTPUT: website : tube8.com, time : 35, hop cnt : 5
[2021-12-06 13:55:08,916] client.Client<Client:3b034>:OUTPUT: Result of query for blackboard.com = 104.209.183.225
[2021-12-06 13:55:08,917] client.Client<Client:3b034>:OUTPUT: website : blackboard.com, time : 46, hop cnt : 5
[2021-12-06 13:55:08,950] client.Client<Client:3b034>:OUTPUT: Result of query for pantip.com = 139.99.68.204
[2021-12-06 13:55:08,951] client.Client<Client:3b034>:OUTPUT: website : pantip.com, time : 29, hop cnt : 5
[2021-12-06 13:55:08,970] client.Client<Client:3b034>:OUTPUT: Result of query for vporn.com = 172.67.68.12
[2021-12-06 13:55:08,970] client.Client<Client:3b034>:OUTPUT: website : vporn.com, time : 14, hop cnt : 3
[2021-12-06 13:55:09,038] client.Client<Client:3b034>:OUTPUT: Result of query for pikabu.ru = 91.228.152.42
[2021-12-06 13:55:09,039] client.Client<Client:3b034>:OUTPUT: website : pikabu.ru, time : 65, hop cnt : 6
[2021-12-06 13:55:09,078] client.Client<Client:3b034>:OUTPUT: Result of query for expedia.com = 104.102.208.50
[2021-12-06 13:55:09,079] client.Client<Client:3b034>:OUTPUT: website : expedia.com, time : 35, hop cnt : 5
[2021-12-06 13:55:09,111] client.Client<Client:3b034>:OUTPUT: Result of query for filehippo.com = 35.186.241.3
[2021-12-06 13:55:09,112] client.Client<Client:3b034>:OUTPUT: website : filehippo.com, time : 30, hop cnt : 3
[2021-12-06 13:55:09,167] client.Client<Client:3b034>:OUTPUT: Result of query for friv.com = 192.96.201.39
[2021-12-06 13:55:09,168] client.Client<Client:3b034>:OUTPUT: website : friv.com, time : 52, hop cnt : 6
[2021-12-06 13:55:09,210] client.Client<Client:3b034>:OUTPUT: Result of query for usatoday.com = 159.54.242.176
[2021-12-06 13:55:09,211] client.Client<Client:3b034>:OUTPUT: website : usatoday.com, time : 40, hop cnt : 4
[2021-12-06 13:55:09,251] client.Client<Client:3b034>:OUTPUT: Result of query for nur.kz = 91.215.139.234
[2021-12-06 13:55:09,252] client.Client<Client:3b034>:OUTPUT: website : nur.kz, time : 38, hop cnt : 4
[2021-12-06 13:55:09,306] client.Client<Client:3b034>:OUTPUT: Result of query for chatwork.com = 13.225.229.29
[2021-12-06 13:55:09,307] client.Client<Client:3b034>:OUTPUT: website : chatwork.com, time : 53, hop cnt : 5
[2021-12-06 13:55:09,344] client.Client<Client:3b034>:OUTPUT: Result of query for merdeka.com = 34.87.36.195
[2021-12-06 13:55:09,345] client.Client<Client:3b034>:OUTPUT: website : merdeka.com, time : 35, hop cnt : 3
[2021-12-06 13:55:09,391] client.Client<Client:3b034>:OUTPUT: Result of query for xda-developers.com = 104.18.18.88
[2021-12-06 13:55:09,392] client.Client<Client:3b034>:OUTPUT: website : xda-developers.com, time : 44, hop cnt : 5
[2021-12-06 13:55:09,437] client.Client<Client:3b034>:OUTPUT: Result of query for pulseonclick.com = 104.18.26.30
[2021-12-06 13:55:09,437] client.Client<Client:3b034>:OUTPUT: website : pulseonclick.com, time : 42, hop cnt : 5
[2021-12-06 13:55:09,477] client.Client<Client:3b034>:OUTPUT: Result of query for ptt.cc = 140.112.172.4
[2021-12-06 13:55:09,477] client.Client<Client:3b034>:OUTPUT: website : ptt.cc, time : 37, hop cnt : 6
[2021-12-06 13:55:09,509] client.Client<Client:3b034>:OUTPUT: Result of query for vtv.vn = 123.30.151.73
[2021-12-06 13:55:09,510] client.Client<Client:3b034>:OUTPUT: website : vtv.vn, time : 29, hop cnt : 4
[2021-12-06 13:55:09,574] client.Client<Client:3b034>:OUTPUT: Result of query for humblebundle.com = 104.20.35.236
[2021-12-06 13:55:09,575] client.Client<Client:3b034>:OUTPUT: website : humblebundle.com, time : 61, hop cnt : 6
[2021-12-06 13:55:09,613] client.Client<Client:3b034>:OUTPUT: Result of query for instructure.com = 54.191.191.127
[2021-12-06 13:55:09,614] client.Client<Client:3b034>:OUTPUT: website : instructure.com, time : 36, hop cnt : 5
[2021-12-06 13:55:09,669] client.Client<Client:3b034>:OUTPUT: Result of query for ck101.com = 104.16.75.98
[2021-12-06 13:55:09,670] client.Client<Client:3b034>:OUTPUT: website : ck101.com, time : 53, hop cnt : 5
[2021-12-06 13:55:09,726] client.Client<Client:3b034>:OUTPUT: Result of query for dictionary.com = 151.101.66.133
[2021-12-06 13:55:09,727] client.Client<Client:3b034>:OUTPUT: website : dictionary.com, time : 54, hop cnt : 6
[2021-12-06 13:55:09,760] client.Client<Client:3b034>:OUTPUT: Result of query for hilltopads.net = 208.88.225.39
[2021-12-06 13:55:09,761] client.Client<Client:3b034>:OUTPUT: website : hilltopads.net, time : 30, hop cnt : 4
[2021-12-06 13:55:09,798] client.Client<Client:3b034>:OUTPUT: Result of query for wiktionary.org = 208.80.154.224
[2021-12-06 13:55:09,798] client.Client<Client:3b034>:OUTPUT: website : wiktionary.org, time : 35, hop cnt : 3
[2021-12-06 13:55:09,863] client.Client<Client:3b034>:OUTPUT: Result of query for tvbs.com.tw = 13.225.229.2
[2021-12-06 13:55:09,863] client.Client<Client:3b034>:OUTPUT: website : tvbs.com.tw, time : 60, hop cnt : 6
[2021-12-06 13:55:09,907] client.Client<Client:3b034>:OUTPUT: Result of query for nike.com = 13.225.229.71
[2021-12-06 13:55:09,907] client.Client<Client:3b034>:OUTPUT: website : nike.com, time : 40, hop cnt : 5
[2021-12-06 13:55:09,956] client.Client<Client:3b034>:OUTPUT: Result of query for porn.com = 67.22.49.255
[2021-12-06 13:55:09,956] client.Client<Client:3b034>:OUTPUT: website : porn.com, time : 46, hop cnt : 5
[2021-12-06 13:55:09,997] client.Client<Client:3b034>:OUTPUT: Result of query for uploaded.net = 81.171.123.200
[2021-12-06 13:55:09,997] client.Client<Client:3b034>:OUTPUT: website : uploaded.net, time : 37, hop cnt : 4
[2021-12-06 13:55:10,048] client.Client<Client:3b034>:OUTPUT: Result of query for lemonde.fr = 151.101.194.217
[2021-12-06 13:55:10,048] client.Client<Client:3b034>:OUTPUT: website : lemonde.fr, time : 48, hop cnt : 6
[2021-12-06 13:55:10,103] client.Client<Client:3b034>:OUTPUT: Result of query for liftable.com = 104.28.8.3
[2021-12-06 13:55:10,104] client.Client<Client:3b034>:OUTPUT: website : liftable.com, time : 50, hop cnt : 6
[2021-12-06 13:55:10,149] client.Client<Client:3b034>:OUTPUT: Result of query for azlyrics.com = 5.79.76.225
[2021-12-06 13:55:10,150] client.Client<Client:3b034>:OUTPUT: website : azlyrics.com, time : 42, hop cnt : 5
[2021-12-06 13:55:10,209] client.Client<Client:3b034>:OUTPUT: Result of query for google.by = 172.217.12.196
[2021-12-06 13:55:10,210] client.Client<Client:3b034>:OUTPUT: website : google.by, time : 57, hop cnt : 6
[2021-12-06 13:55:10,248] client.Client<Client:3b034>:OUTPUT: Result of query for att.com = 144.160.155.43
[2021-12-06 13:55:10,249] client.Client<Client:3b034>:OUTPUT: website : att.com, time : 36, hop cnt : 4
[2021-12-06 13:55:10,285] client.Client<Client:3b034>:OUTPUT: Result of query for givemesport.com = 13.225.229.97
[2021-12-06 13:55:10,286] client.Client<Client:3b034>:OUTPUT: website : givemesport.com, time : 31, hop cnt : 3
[2021-12-06 13:55:10,336] client.Client<Client:3b034>:OUTPUT: Result of query for hurriyet.com.tr = 34.249.120.252
[2021-12-06 13:55:10,337] client.Client<Client:3b034>:OUTPUT: website : hurriyet.com.tr, time : 47, hop cnt : 5
[2021-12-06 13:55:10,402] client.Client<Client:3b034>:OUTPUT: Result of query for bild.de = 145.243.248.20
[2021-12-06 13:55:10,403] client.Client<Client:3b034>:OUTPUT: website : bild.de, time : 63, hop cnt : 6
[2021-12-06 13:55:10,462] client.Client<Client:3b034>:OUTPUT: Result of query for albawabhnews.com = 104.24.120.1
[2021-12-06 13:55:10,463] client.Client<Client:3b034>:OUTPUT: website : albawabhnews.com, time : 57, hop cnt : 6
[2021-12-06 13:55:10,504] client.Client<Client:3b034>:OUTPUT: Result of query for wsj.com = 13.225.229.22
[2021-12-06 13:55:10,505] client.Client<Client:3b034>:OUTPUT: website : wsj.com, time : 39, hop cnt : 5
[2021-12-06 13:55:10,539] client.Client<Client:3b034>:OUTPUT: Result of query for asana.com = 151.101.193.184
[2021-12-06 13:55:10,540] client.Client<Client:3b034>:OUTPUT: website : asana.com, time : 32, hop cnt : 4
[2021-12-06 13:55:10,595] client.Client<Client:3b034>:OUTPUT: Result of query for tistory.com = 121.53.105.234
[2021-12-06 13:55:10,596] client.Client<Client:3b034>:OUTPUT: website : tistory.com, time : 54, hop cnt : 6
[2021-12-06 13:55:10,639] client.Client<Client:3b034>:OUTPUT: Result of query for souq.com = 52.17.178.165
[2021-12-06 13:55:10,640] client.Client<Client:3b034>:OUTPUT: website : souq.com, time : 41, hop cnt : 5
[2021-12-06 13:55:10,698] client.Client<Client:3b034>:OUTPUT: Result of query for newegg.com = 23.52.165.59
[2021-12-06 13:55:10,699] client.Client<Client:3b034>:OUTPUT: website : newegg.com, time : 56, hop cnt : 6
[2021-12-06 13:55:10,725] client.Client<Client:3b034>:OUTPUT: Result of query for mit.edu = 23.60.36.231
[2021-12-06 13:55:10,726] client.Client<Client:3b034>:OUTPUT: website : mit.edu, time : 22, hop cnt : 3
[2021-12-06 13:55:10,769] client.Client<Client:3b034>:OUTPUT: Result of query for kapanlagi.com = 35.234.206.4
[2021-12-06 13:55:10,770] client.Client<Client:3b034>:OUTPUT: website : kapanlagi.com, time : 41, hop cnt : 5
[2021-12-06 13:55:10,825] client.Client<Client:3b034>:OUTPUT: Result of query for coinbase.com = 104.16.9.251
[2021-12-06 13:55:10,825] client.Client<Client:3b034>:OUTPUT: website : coinbase.com, time : 52, hop cnt : 6
[2021-12-06 13:55:10,861] client.Client<Client:3b034>:OUTPUT: Result of query for hubspot.com = 104.19.154.83
[2021-12-06 13:55:10,862] client.Client<Client:3b034>:OUTPUT: website : hubspot.com, time : 33, hop cnt : 3
[2021-12-06 13:55:10,897] client.Client<Client:3b034>:OUTPUT: Result of query for flirt4free.com = 204.8.234.144
[2021-12-06 13:55:10,898] client.Client<Client:3b034>:OUTPUT: website : flirt4free.com, time : 33, hop cnt : 4
[2021-12-06 13:55:10,963] client.Client<Client:3b034>:OUTPUT: Result of query for hm.com = 96.6.22.127
[2021-12-06 13:55:10,964] client.Client<Client:3b034>:OUTPUT: website : hm.com, time : 63, hop cnt : 6
[2021-12-06 13:55:11,013] client.Client<Client:3b034>:OUTPUT: Result of query for 104.com.tw = 122.147.53.67
[2021-12-06 13:55:11,014] client.Client<Client:3b034>:OUTPUT: website : 104.com.tw, time : 47, hop cnt : 6
[2021-12-06 13:55:11,057] client.Client<Client:3b034>:OUTPUT: Result of query for drom.ru = 185.44.0.36
[2021-12-06 13:55:11,058] client.Client<Client:3b034>:OUTPUT: website : drom.ru, time : 38, hop cnt : 3
[2021-12-06 13:55:11,103] client.Client<Client:3b034>:OUTPUT: Result of query for sabq.org = 104.16.44.64
[2021-12-06 13:55:11,104] client.Client<Client:3b034>:OUTPUT: website : sabq.org, time : 43, hop cnt : 6
[2021-12-06 13:55:11,150] client.Client<Client:3b034>:OUTPUT: Result of query for google.com.do = 172.217.10.227
[2021-12-06 13:55:11,151] client.Client<Client:3b034>:OUTPUT: website : google.com.do, time : 44, hop cnt : 5
[2021-12-06 13:55:11,201] client.Client<Client:3b034>:OUTPUT: Result of query for chip.de = 104.77.150.162
[2021-12-06 13:55:11,202] client.Client<Client:3b034>:OUTPUT: website : chip.de, time : 49, hop cnt : 5
[2021-12-06 13:55:11,249] client.Client<Client:3b034>:OUTPUT: Result of query for asus.com = 103.10.4.216
[2021-12-06 13:55:11,250] client.Client<Client:3b034>:OUTPUT: website : asus.com, time : 44, hop cnt : 6
[2021-12-06 13:55:11,305] client.Client<Client:3b034>:OUTPUT: Result of query for wiley.com = 63.97.118.67
[2021-12-06 13:55:11,306] client.Client<Client:3b034>:OUTPUT: website : wiley.com, time : 53, hop cnt : 6
[2021-12-06 13:55:11,359] client.Client<Client:3b034>:OUTPUT: Result of query for elmundo.es = 40.68.3.51
[2021-12-06 13:55:11,360] client.Client<Client:3b034>:OUTPUT: website : elmundo.es, time : 51, hop cnt : 7
[2021-12-06 13:55:11,411] client.Client<Client:3b034>:OUTPUT: Result of query for kijiji.ca = 34.98.91.248
[2021-12-06 13:55:11,413] client.Client<Client:3b034>:OUTPUT: website : kijiji.ca, time : 50, hop cnt : 4
[2021-12-06 13:55:11,456] client.Client<Client:3b034>:OUTPUT: Result of query for hespress.com = 104.22.47.167
[2021-12-06 13:55:11,457] client.Client<Client:3b034>:OUTPUT: website : hespress.com, time : 42, hop cnt : 4
[2021-12-06 13:55:11,487] client.Client<Client:3b034>:OUTPUT: Result of query for inquirer.net = 104.20.232.107
[2021-12-06 13:55:11,488] client.Client<Client:3b034>:OUTPUT: website : inquirer.net, time : 27, hop cnt : 3
[2021-12-06 13:55:11,535] client.Client<Client:3b034>:OUTPUT: Result of query for tabelog.com = 219.100.44.30
[2021-12-06 13:55:11,536] client.Client<Client:3b034>:OUTPUT: website : tabelog.com, time : 46, hop cnt : 5
[2021-12-06 13:55:11,586] client.Client<Client:3b034>:OUTPUT: Result of query for jabong.com = 23.36.249.11
[2021-12-06 13:55:11,587] client.Client<Client:3b034>:OUTPUT: website : jabong.com, time : 47, hop cnt : 6
[2021-12-06 13:55:11,633] client.Client<Client:3b034>:OUTPUT: Result of query for 17ok.com = 120.133.17.148
[2021-12-06 13:55:11,634] client.Client<Client:3b034>:OUTPUT: website : 17ok.com, time : 44, hop cnt : 5
[2021-12-06 13:55:11,666] client.Client<Client:3b034>:OUTPUT: Result of query for hotels.com = 23.222.119.113
[2021-12-06 13:55:11,667] client.Client<Client:3b034>:OUTPUT: website : hotels.com, time : 30, hop cnt : 4
[2021-12-06 13:55:11,711] client.Client<Client:3b034>:OUTPUT: Result of query for engadget.com = 98.136.103.23
[2021-12-06 13:55:11,712] client.Client<Client:3b034>:OUTPUT: website : engadget.com, time : 42, hop cnt : 5
[2021-12-06 13:55:11,773] client.Client<Client:3b034>:OUTPUT: Result of query for gogoanime.io = 103.194.169.99
[2021-12-06 13:55:11,774] client.Client<Client:3b034>:OUTPUT: website : gogoanime.io, time : 59, hop cnt : 6
[2021-12-06 13:55:11,813] client.Client<Client:3b034>:OUTPUT: Result of query for banggood.com = 148.153.55.244
[2021-12-06 13:55:11,814] client.Client<Client:3b034>:OUTPUT: website : banggood.com, time : 37, hop cnt : 6
[2021-12-06 13:55:11,864] client.Client<Client:3b034>:OUTPUT: Result of query for thefreedictionary.com = 209.160.67.6
[2021-12-06 13:55:11,865] client.Client<Client:3b034>:OUTPUT: website : thefreedictionary.com, time : 45, hop cnt : 6
[2021-12-06 13:55:11,924] client.Client<Client:3b034>:OUTPUT: Result of query for okta.com = 18.204.109.174
[2021-12-06 13:55:11,925] client.Client<Client:3b034>:OUTPUT: website : okta.com, time : 57, hop cnt : 5
[2021-12-06 13:55:11,969] client.Client<Client:3b034>:OUTPUT: Result of query for 4shared.com = 204.155.149.43
[2021-12-06 13:55:11,969] client.Client<Client:3b034>:OUTPUT: website : 4shared.com, time : 42, hop cnt : 4
[2021-12-06 13:55:12,046] client.Client<Client:3b034>:OUTPUT: Result of query for npr.org = 216.35.221.76
[2021-12-06 13:55:12,047] client.Client<Client:3b034>:OUTPUT: website : npr.org, time : 74, hop cnt : 7
[2021-12-06 13:55:12,099] client.Client<Client:3b034>:OUTPUT: Result of query for comcast.net = 69.252.80.75
[2021-12-06 13:55:12,100] client.Client<Client:3b034>:OUTPUT: website : comcast.net, time : 46, hop cnt : 6
[2021-12-06 13:55:12,139] client.Client<Client:3b034>:OUTPUT: Result of query for okdiario.com = 104.22.14.99
[2021-12-06 13:55:12,140] client.Client<Client:3b034>:OUTPUT: website : okdiario.com, time : 37, hop cnt : 6
[2021-12-06 13:55:12,184] client.Client<Client:3b034>:OUTPUT: Result of query for ouedkniss.com = 51.38.63.232
[2021-12-06 13:55:12,185] client.Client<Client:3b034>:OUTPUT: website : ouedkniss.com, time : 41, hop cnt : 6
[2021-12-06 13:55:12,234] client.Client<Client:3b034>:OUTPUT: Result of query for cambridge.org = 204.74.99.103
[2021-12-06 13:55:12,235] client.Client<Client:3b034>:OUTPUT: website : cambridge.org, time : 47, hop cnt : 6
[2021-12-06 13:55:12,287] client.Client<Client:3b034>:OUTPUT: Result of query for kooora.com = 45.60.63.37
[2021-12-06 13:55:12,288] client.Client<Client:3b034>:OUTPUT: website : kooora.com, time : 50, hop cnt : 5
[2021-12-06 13:55:12,322] client.Client<Client:3b034>:OUTPUT: Result of query for ria.ru = 178.248.233.32
[2021-12-06 13:55:12,323] client.Client<Client:3b034>:OUTPUT: website : ria.ru, time : 32, hop cnt : 4
[2021-12-06 13:55:12,399] client.Client<Client:3b034>:OUTPUT: Result of query for dmm.co.jp = 13.248.196.236
[2021-12-06 13:55:12,400] client.Client<Client:3b034>:OUTPUT: website : dmm.co.jp, time : 74, hop cnt : 8
[2021-12-06 13:55:12,463] client.Client<Client:3b034>:OUTPUT: Result of query for wunderground.com = 184.29.129.181
[2021-12-06 13:55:12,464] client.Client<Client:3b034>:OUTPUT: website : wunderground.com, time : 61, hop cnt : 6
[2021-12-06 13:55:12,506] client.Client<Client:3b034>:OUTPUT: Result of query for getpocket.com = 54.209.230.187
[2021-12-06 13:55:12,507] client.Client<Client:3b034>:OUTPUT: website : getpocket.com, time : 38, hop cnt : 5
[2021-12-06 13:55:12,556] client.Client<Client:3b034>:OUTPUT: Result of query for youjizz.com = 66.254.114.242
[2021-12-06 13:55:12,557] client.Client<Client:3b034>:OUTPUT: website : youjizz.com, time : 47, hop cnt : 5
[2021-12-06 13:55:12,605] client.Client<Client:3b034>:OUTPUT: Result of query for discogs.com = 216.151.17.150
[2021-12-06 13:55:12,606] client.Client<Client:3b034>:OUTPUT: website : discogs.com, time : 46, hop cnt : 5
[2021-12-06 13:55:12,650] client.Client<Client:3b034>:OUTPUT: Result of query for adp.com = 170.146.93.56
[2021-12-06 13:55:12,651] client.Client<Client:3b034>:OUTPUT: website : adp.com, time : 42, hop cnt : 5
[2021-12-06 13:55:12,702] client.Client<Client:3b034>:OUTPUT: Result of query for bandcamp.com = 151.101.129.28
[2021-12-06 13:55:12,703] client.Client<Client:3b034>:OUTPUT: website : bandcamp.com, time : 50, hop cnt : 5
[2021-12-06 13:55:12,747] client.Client<Client:3b034>:OUTPUT: Result of query for weblio.jp = 210.236.244.76
[2021-12-06 13:55:12,748] client.Client<Client:3b034>:OUTPUT: website : weblio.jp, time : 41, hop cnt : 4
[2021-12-06 13:55:12,792] client.Client<Client:3b034>:OUTPUT: Result of query for wish.com = 52.53.75.216
[2021-12-06 13:55:12,793] client.Client<Client:3b034>:OUTPUT: website : wish.com, time : 42, hop cnt : 5
[2021-12-06 13:55:12,823] client.Client<Client:3b034>:OUTPUT: Result of query for 51sole.com = 150.109.68.232
[2021-12-06 13:55:12,824] client.Client<Client:3b034>:OUTPUT: website : 51sole.com, time : 28, hop cnt : 3
[2021-12-06 13:55:12,860] client.Client<Client:3b034>:OUTPUT: Result of query for animeflv.net = 172.67.70.233
[2021-12-06 13:55:12,860] client.Client<Client:3b034>:OUTPUT: website : animeflv.net, time : 33, hop cnt : 5
[2021-12-06 13:55:12,894] client.Client<Client:3b034>:OUTPUT: Result of query for squarespace.com = 198.49.23.141
[2021-12-06 13:55:12,894] client.Client<Client:3b034>:OUTPUT: website : squarespace.com, time : 30, hop cnt : 5
[2021-12-06 13:55:12,955] client.Client<Client:3b034>:OUTPUT: Result of query for ctitv.com.tw = 123.51.209.204
[2021-12-06 13:55:12,956] client.Client<Client:3b034>:OUTPUT: website : ctitv.com.tw, time : 58, hop cnt : 6
[2021-12-06 13:55:12,998] client.Client<Client:3b034>:OUTPUT: Result of query for gamespot.com = 151.101.1.188
[2021-12-06 13:55:12,999] client.Client<Client:3b034>:OUTPUT: website : gamespot.com, time : 40, hop cnt : 4
[2021-12-06 13:55:13,064] client.Client<Client:3b034>:OUTPUT: Result of query for lolsided.com = 172.67.68.62
[2021-12-06 13:55:13,065] client.Client<Client:3b034>:OUTPUT: website : lolsided.com, time : 62, hop cnt : 6
[2021-12-06 13:55:13,107] client.Client<Client:3b034>:OUTPUT: Result of query for sex.com = 15.223.125.50
[2021-12-06 13:55:13,109] client.Client<Client:3b034>:OUTPUT: website : sex.com, time : 40, hop cnt : 5
[2021-12-06 13:55:13,164] client.Client<Client:3b034>:OUTPUT: Result of query for olx.com.br = 13.225.229.22
[2021-12-06 13:55:13,165] client.Client<Client:3b034>:OUTPUT: website : olx.com.br, time : 52, hop cnt : 6
[2021-12-06 13:55:13,219] client.Client<Client:3b034>:OUTPUT: Result of query for xe.com = 13.225.229.12
[2021-12-06 13:55:13,220] client.Client<Client:3b034>:OUTPUT: website : xe.com, time : 51, hop cnt : 5
[2021-12-06 13:55:13,264] client.Client<Client:3b034>:OUTPUT: Result of query for corriere.it = 185.53.36.36
[2021-12-06 13:55:13,264] client.Client<Client:3b034>:OUTPUT: website : corriere.it, time : 41, hop cnt : 5
[2021-12-06 13:55:13,308] client.Client<Client:3b034>:OUTPUT: Result of query for techcrunch.com = 152.195.50.33
[2021-12-06 13:55:13,309] client.Client<Client:3b034>:OUTPUT: website : techcrunch.com, time : 40, hop cnt : 4
[2021-12-06 13:55:13,380] client.Client<Client:3b034>:OUTPUT: Result of query for verizonwireless.com = 162.115.16.90
[2021-12-06 13:55:13,380] client.Client<Client:3b034>:OUTPUT: website : verizonwireless.com, time : 69, hop cnt : 7
[2021-12-06 13:55:13,417] client.Client<Client:3b034>:OUTPUT: Result of query for youboy.com = 14.17.126.223
[2021-12-06 13:55:13,418] client.Client<Client:3b034>:OUTPUT: website : youboy.com, time : 33, hop cnt : 4
[2021-12-06 13:55:13,457] client.Client<Client:3b034>:OUTPUT: Result of query for milliyet.com.tr = 34.249.120.252
[2021-12-06 13:55:13,458] client.Client<Client:3b034>:OUTPUT: website : milliyet.com.tr, time : 37, hop cnt : 4
[2021-12-06 13:55:13,492] client.Client<Client:3b034>:OUTPUT: Result of query for jianshu.com = 107.150.101.156
[2021-12-06 13:55:13,493] client.Client<Client:3b034>:OUTPUT: website : jianshu.com, time : 31, hop cnt : 3
[2021-12-06 13:55:13,524] client.Client<Client:3b034>:OUTPUT: Result of query for terraclicks.com = 192.243.59.13
[2021-12-06 13:55:13,525] client.Client<Client:3b034>:OUTPUT: website : terraclicks.com, time : 30, hop cnt : 3
[2021-12-06 13:55:13,580] client.Client<Client:3b034>:OUTPUT: Result of query for jeuxvideo.com = 185.12.49.10
[2021-12-06 13:55:13,581] client.Client<Client:3b034>:OUTPUT: website : jeuxvideo.com, time : 53, hop cnt : 6
[2021-12-06 13:55:13,641] client.Client<Client:3b034>:OUTPUT: Result of query for webex.com = 64.68.121.205
[2021-12-06 13:55:13,642] client.Client<Client:3b034>:OUTPUT: website : webex.com, time : 56, hop cnt : 5
[2021-12-06 13:55:13,692] client.Client<Client:3b034>:OUTPUT: Result of query for drtuber.com = 188.72.207.210
[2021-12-06 13:55:13,693] client.Client<Client:3b034>:OUTPUT: website : drtuber.com, time : 48, hop cnt : 6
[2021-12-06 13:55:13,727] client.Client<Client:3b034>:OUTPUT: Result of query for okcupid.com = 198.41.209.131
[2021-12-06 13:55:13,728] client.Client<Client:3b034>:OUTPUT: website : okcupid.com, time : 32, hop cnt : 4
[2021-12-06 13:55:13,773] client.Client<Client:3b034>:OUTPUT: Result of query for mbc.net = 52.4.5.236
[2021-12-06 13:55:13,774] client.Client<Client:3b034>:OUTPUT: website : mbc.net, time : 43, hop cnt : 4
[2021-12-06 13:55:13,816] client.Client<Client:3b034>:OUTPUT: Result of query for badoo.com = 31.222.77.244
[2021-12-06 13:55:13,817] client.Client<Client:3b034>:OUTPUT: website : badoo.com, time : 40, hop cnt : 5
[2021-12-06 13:55:13,859] client.Client<Client:3b034>:OUTPUT: Result of query for google.hr = 142.250.80.3
[2021-12-06 13:55:13,859] client.Client<Client:3b034>:OUTPUT: website : google.hr, time : 40, hop cnt : 4
[2021-12-06 13:55:13,920] client.Client<Client:3b034>:OUTPUT: Result of query for drive2.ru = 146.255.192.82
[2021-12-06 13:55:13,921] client.Client<Client:3b034>:OUTPUT: website : drive2.ru, time : 58, hop cnt : 6
[2021-12-06 13:55:13,947] client.Client<Client:3b034>:OUTPUT: Result of query for meetup.com = 151.101.66.217
[2021-12-06 13:55:13,947] client.Client<Client:3b034>:OUTPUT: website : meetup.com, time : 23, hop cnt : 3
[2021-12-06 13:55:13,982] client.Client<Client:3b034>:OUTPUT: Result of query for nikkei.com = 76.223.28.162
[2021-12-06 13:55:13,983] client.Client<Client:3b034>:OUTPUT: website : nikkei.com, time : 30, hop cnt : 3
[2021-12-06 13:55:14,041] client.Client<Client:3b034>:OUTPUT: Result of query for discuss.com.hk = 104.18.8.152
[2021-12-06 13:55:14,042] client.Client<Client:3b034>:OUTPUT: website : discuss.com.hk, time : 56, hop cnt : 6
[2021-12-06 13:55:14,079] client.Client<Client:3b034>:OUTPUT: Result of query for chinaz.com = 117.25.139.120
[2021-12-06 13:55:14,080] client.Client<Client:3b034>:OUTPUT: website : chinaz.com, time : 35, hop cnt : 4
[2021-12-06 13:55:14,130] client.Client<Client:3b034>:OUTPUT: Result of query for mywatchseries.to = 104.247.81.72
[2021-12-06 13:55:14,130] client.Client<Client:3b034>:OUTPUT: website : mywatchseries.to, time : 45, hop cnt : 6
[2021-12-06 13:55:14,182] client.Client<Client:3b034>:OUTPUT: Result of query for lapatilla.com = 172.67.218.76
[2021-12-06 13:55:14,182] client.Client<Client:3b034>:OUTPUT: website : lapatilla.com, time : 46, hop cnt : 5
[2021-12-06 13:55:14,216] client.Client<Client:3b034>:OUTPUT: Result of query for quizlet.com = 104.16.16.221
[2021-12-06 13:55:14,217] client.Client<Client:3b034>:OUTPUT: website : quizlet.com, time : 31, hop cnt : 4
[2021-12-06 13:55:14,276] client.Client<Client:3b034>:OUTPUT: Result of query for bitbucket.org = 104.192.141.1
[2021-12-06 13:55:14,276] client.Client<Client:3b034>:OUTPUT: website : bitbucket.org, time : 56, hop cnt : 5
[2021-12-06 13:55:14,340] client.Client<Client:3b034>:OUTPUT: Result of query for douban.com = 162.14.6.67
[2021-12-06 13:55:14,341] client.Client<Client:3b034>:OUTPUT: website : douban.com, time : 61, hop cnt : 7
[2021-12-06 13:55:14,383] client.Client<Client:3b034>:OUTPUT: Result of query for mundo.com = 34.212.123.176
[2021-12-06 13:55:14,384] client.Client<Client:3b034>:OUTPUT: website : mundo.com, time : 40, hop cnt : 5
[2021-12-06 13:55:14,416] client.Client<Client:3b034>:OUTPUT: Result of query for linkshrink.net = 104.27.174.178
[2021-12-06 13:55:14,419] client.Client<Client:3b034>:OUTPUT: website : linkshrink.net, time : 30, hop cnt : 3
[2021-12-06 13:55:14,458] client.Client<Client:3b034>:OUTPUT: Result of query for thekitchn.com = 151.101.130.49
[2021-12-06 13:55:14,459] client.Client<Client:3b034>:OUTPUT: website : thekitchn.com, time : 37, hop cnt : 5
[2021-12-06 13:55:14,509] client.Client<Client:3b034>:OUTPUT: Result of query for norton.com = 155.64.16.51
[2021-12-06 13:55:14,510] client.Client<Client:3b034>:OUTPUT: website : norton.com, time : 49, hop cnt : 6
[2021-12-06 13:55:14,565] client.Client<Client:3b034>:OUTPUT: Result of query for reallifecam.com = 185.80.221.89
[2021-12-06 13:55:14,566] client.Client<Client:3b034>:OUTPUT: website : reallifecam.com, time : 53, hop cnt : 5
[2021-12-06 13:55:14,618] client.Client<Client:3b034>:OUTPUT: Result of query for surveymonkey.com = 13.225.62.20
[2021-12-06 13:55:14,619] client.Client<Client:3b034>:OUTPUT: website : surveymonkey.com, time : 50, hop cnt : 5
[2021-12-06 13:55:14,655] client.Client<Client:3b034>:OUTPUT: Result of query for springer.com = 195.128.8.134
[2021-12-06 13:55:14,656] client.Client<Client:3b034>:OUTPUT: website : springer.com, time : 34, hop cnt : 4
[2021-12-06 13:55:14,707] client.Client<Client:3b034>:OUTPUT: Result of query for google.com.ly = 172.217.12.131
[2021-12-06 13:55:14,708] client.Client<Client:3b034>:OUTPUT: website : google.com.ly, time : 50, hop cnt : 5
[2021-12-06 13:55:14,745] client.Client<Client:3b034>:OUTPUT: Result of query for blogfa.com = 104.24.111.96
[2021-12-06 13:55:14,746] client.Client<Client:3b034>:OUTPUT: website : blogfa.com, time : 35, hop cnt : 4
[2021-12-06 13:55:14,793] client.Client<Client:3b034>:OUTPUT: Result of query for mercadolibre.com.ve = 13.225.229.29
[2021-12-06 13:55:14,793] client.Client<Client:3b034>:OUTPUT: website : mercadolibre.com.ve, time : 43, hop cnt : 5
[2021-12-06 13:55:14,839] client.Client<Client:3b034>:OUTPUT: Result of query for lifehacker.com = 151.101.194.166
[2021-12-06 13:55:14,840] client.Client<Client:3b034>:OUTPUT: website : lifehacker.com, time : 43, hop cnt : 5
[2021-12-06 13:55:14,871] client.Client<Client:3b034>:OUTPUT: Result of query for thevideo.me = 104.18.58.233
[2021-12-06 13:55:14,872] client.Client<Client:3b034>:OUTPUT: website : thevideo.me, time : 28, hop cnt : 4
[2021-12-06 13:55:14,916] client.Client<Client:3b034>:OUTPUT: Result of query for suning.com = 218.2.112.234
[2021-12-06 13:55:14,917] client.Client<Client:3b034>:OUTPUT: website : suning.com, time : 42, hop cnt : 5
[2021-12-06 13:55:14,955] client.Client<Client:3b034>:OUTPUT: Result of query for neobux.com = 104.16.40.15
[2021-12-06 13:55:14,955] client.Client<Client:3b034>:OUTPUT: website : neobux.com, time : 35, hop cnt : 4
[2021-12-06 13:55:15,020] client.Client<Client:3b034>:OUTPUT: Result of query for brilio.net = 35.229.226.215
[2021-12-06 13:55:15,021] client.Client<Client:3b034>:OUTPUT: website : brilio.net, time : 61, hop cnt : 7
[2021-12-06 13:55:15,054] client.Client<Client:3b034>:OUTPUT: Result of query for coursera.org = 13.225.229.26
[2021-12-06 13:55:15,055] client.Client<Client:3b034>:OUTPUT: website : coursera.org, time : 31, hop cnt : 4
[2021-12-06 13:55:15,104] client.Client<Client:3b034>:OUTPUT: Result of query for lowes.com = 173.223.236.217
[2021-12-06 13:55:15,105] client.Client<Client:3b034>:OUTPUT: website : lowes.com, time : 47, hop cnt : 5
[2021-12-06 13:55:15,144] client.Client<Client:3b034>:OUTPUT: Result of query for eksisozluk.com = 176.53.43.9
[2021-12-06 13:55:15,145] client.Client<Client:3b034>:OUTPUT: website : eksisozluk.com, time : 38, hop cnt : 4
[2021-12-06 13:55:15,202] client.Client<Client:3b034>:OUTPUT: Result of query for lefigaro.fr = 23.33.238.88
[2021-12-06 13:55:15,203] client.Client<Client:3b034>:OUTPUT: website : lefigaro.fr, time : 52, hop cnt : 6
[2021-12-06 13:55:15,247] client.Client<Client:3b034>:OUTPUT: Result of query for ebay.in = 66.135.195.175
[2021-12-06 13:55:15,248] client.Client<Client:3b034>:OUTPUT: website : ebay.in, time : 42, hop cnt : 6
[2021-12-06 13:55:15,293] client.Client<Client:3b034>:OUTPUT: Result of query for drudgereport.com = 104.22.4.207
[2021-12-06 13:55:15,294] client.Client<Client:3b034>:OUTPUT: website : drudgereport.com, time : 42, hop cnt : 5
[2021-12-06 13:55:15,345] client.Client<Client:3b034>:OUTPUT: Result of query for kotaku.com = 151.101.2.166
[2021-12-06 13:55:15,346] client.Client<Client:3b034>:OUTPUT: website : kotaku.com, time : 50, hop cnt : 6
[2021-12-06 13:55:15,402] client.Client<Client:3b034>:OUTPUT: Result of query for lenta.ru = 81.19.72.32
[2021-12-06 13:55:15,403] client.Client<Client:3b034>:OUTPUT: website : lenta.ru, time : 52, hop cnt : 6
[2021-12-06 13:55:15,443] client.Client<Client:3b034>:OUTPUT: Result of query for ask.fm = 193.138.77.145
[2021-12-06 13:55:15,443] client.Client<Client:3b034>:OUTPUT: website : ask.fm, time : 37, hop cnt : 5
[2021-12-06 13:55:15,488] client.Client<Client:3b034>:OUTPUT: Result of query for buyma.com = 210.152.134.247
[2021-12-06 13:55:15,489] client.Client<Client:3b034>:OUTPUT: website : buyma.com, time : 42, hop cnt : 4
[2021-12-06 13:55:15,528] client.Client<Client:3b034>:OUTPUT: Result of query for myfreecams.com = 207.229.73.117
[2021-12-06 13:55:15,529] client.Client<Client:3b034>:OUTPUT: website : myfreecams.com, time : 37, hop cnt : 4
[2021-12-06 13:55:15,586] client.Client<Client:3b034>:OUTPUT: Result of query for ccm.net = 23.78.211.79
[2021-12-06 13:55:15,587] client.Client<Client:3b034>:OUTPUT: website : ccm.net, time : 56, hop cnt : 5
[2021-12-06 13:55:15,620] client.Client<Client:3b034>:OUTPUT: Result of query for uptobox.com = 104.22.53.218
[2021-12-06 13:55:15,621] client.Client<Client:3b034>:OUTPUT: website : uptobox.com, time : 29, hop cnt : 4
[2021-12-06 13:55:15,676] client.Client<Client:3b034>:OUTPUT: Result of query for beytoote.com = 159.69.163.174
[2021-12-06 13:55:15,677] client.Client<Client:3b034>:OUTPUT: website : beytoote.com, time : 53, hop cnt : 5
[2021-12-06 13:55:15,734] client.Client<Client:3b034>:OUTPUT: Result of query for cnbc.com = 144.121.138.33
[2021-12-06 13:55:15,735] client.Client<Client:3b034>:OUTPUT: website : cnbc.com, time : 55, hop cnt : 6
[2021-12-06 13:55:15,773] client.Client<Client:3b034>:OUTPUT: Result of query for prezi.com = 75.2.83.248
[2021-12-06 13:55:15,774] client.Client<Client:3b034>:OUTPUT: website : prezi.com, time : 36, hop cnt : 4
[2021-12-06 13:55:15,804] client.Client<Client:3b034>:OUTPUT: Result of query for motherless.com = 46.166.188.37
[2021-12-06 13:55:15,804] client.Client<Client:3b034>:OUTPUT: website : motherless.com, time : 28, hop cnt : 4
[2021-12-06 13:55:15,863] client.Client<Client:3b034>:OUTPUT: Result of query for newtabtv.com = 108.59.81.209
[2021-12-06 13:55:15,864] client.Client<Client:3b034>:OUTPUT: website : newtabtv.com, time : 57, hop cnt : 6
[2021-12-06 13:55:15,909] client.Client<Client:3b034>:OUTPUT: Result of query for eskimi.com = 92.62.130.180
[2021-12-06 13:55:15,910] client.Client<Client:3b034>:OUTPUT: website : eskimi.com, time : 42, hop cnt : 5
[2021-12-06 13:55:15,955] client.Client<Client:3b034>:OUTPUT: Result of query for google.tn = 172.217.7.3
[2021-12-06 13:55:15,956] client.Client<Client:3b034>:OUTPUT: website : google.tn, time : 44, hop cnt : 5
[2021-12-06 13:55:16,010] client.Client<Client:3b034>:OUTPUT: Result of query for realtor.com = 206.131.180.21
[2021-12-06 13:55:16,011] client.Client<Client:3b034>:OUTPUT: website : realtor.com, time : 52, hop cnt : 5
[2021-12-06 13:55:16,067] client.Client<Client:3b034>:OUTPUT: Result of query for avg.com = 185.189.92.41
[2021-12-06 13:55:16,068] client.Client<Client:3b034>:OUTPUT: website : avg.com, time : 54, hop cnt : 5
[2021-12-06 13:55:16,110] client.Client<Client:3b034>:OUTPUT: Result of query for investopedia.com = 151.101.2.137
[2021-12-06 13:55:16,111] client.Client<Client:3b034>:OUTPUT: website : investopedia.com, time : 39, hop cnt : 4
[2021-12-06 13:55:16,160] client.Client<Client:3b034>:OUTPUT: Result of query for ca.gov = 13.87.221.220
[2021-12-06 13:55:16,161] client.Client<Client:3b034>:OUTPUT: website : ca.gov, time : 48, hop cnt : 5
[2021-12-06 13:55:16,205] client.Client<Client:3b034>:OUTPUT: Result of query for nypost.com = 192.0.66.32
[2021-12-06 13:55:16,206] client.Client<Client:3b034>:OUTPUT: website : nypost.com, time : 42, hop cnt : 5
[2021-12-06 13:55:16,249] client.Client<Client:3b034>:OUTPUT: Result of query for ntd.tv = 104.22.64.127
[2021-12-06 13:55:16,250] client.Client<Client:3b034>:OUTPUT: website : ntd.tv, time : 40, hop cnt : 5
[2021-12-06 13:55:16,283] client.Client<Client:3b034>:OUTPUT: Result of query for discover.com = 23.33.222.95
[2021-12-06 13:55:16,284] client.Client<Client:3b034>:OUTPUT: website : discover.com, time : 30, hop cnt : 4
[2021-12-06 13:55:16,344] client.Client<Client:3b034>:OUTPUT: Result of query for rapidgator.net = 195.211.222.116
[2021-12-06 13:55:16,345] client.Client<Client:3b034>:OUTPUT: website : rapidgator.net, time : 57, hop cnt : 6
[2021-12-06 13:55:16,365] client.Client<Client:3b034>:OUTPUT: Result of query for mobilemonetize.me = 103.224.182.246
[2021-12-06 13:55:16,366] client.Client<Client:3b034>:OUTPUT: website : mobilemonetize.me, time : 19, hop cnt : 3
[2021-12-06 13:55:16,401] client.Client<Client:3b034>:OUTPUT: Result of query for mirror.co.uk = 34.246.217.217
[2021-12-06 13:55:16,402] client.Client<Client:3b034>:OUTPUT: website : mirror.co.uk, time : 32, hop cnt : 3
[2021-12-06 13:55:16,443] client.Client<Client:3b034>:OUTPUT: Result of query for infusionsoft.com = 104.18.14.116
[2021-12-06 13:55:16,444] client.Client<Client:3b034>:OUTPUT: website : infusionsoft.com, time : 39, hop cnt : 5
[2021-12-06 13:55:16,490] client.Client<Client:3b034>:OUTPUT: Result of query for kinokrad.co = 94.198.242.19
[2021-12-06 13:55:16,491] client.Client<Client:3b034>:OUTPUT: website : kinokrad.co, time : 42, hop cnt : 5
[2021-12-06 13:55:16,535] client.Client<Client:3b034>:OUTPUT: Result of query for appledaily.com.tw = 104.116.0.41
[2021-12-06 13:55:16,536] client.Client<Client:3b034>:OUTPUT: website : appledaily.com.tw, time : 40, hop cnt : 5
[2021-12-06 13:55:16,570] client.Client<Client:3b034>:OUTPUT: Result of query for academia.edu = 13.225.229.30
[2021-12-06 13:55:16,571] client.Client<Client:3b034>:OUTPUT: website : academia.edu, time : 32, hop cnt : 4
[2021-12-06 13:55:16,622] client.Client<Client:3b034>:OUTPUT: Result of query for voc.com.cn = 124.232.151.209
[2021-12-06 13:55:16,623] client.Client<Client:3b034>:OUTPUT: website : voc.com.cn, time : 49, hop cnt : 6
[2021-12-06 13:55:16,670] client.Client<Client:3b034>:OUTPUT: Result of query for cdiscount.com = 185.94.140.30
[2021-12-06 13:55:16,671] client.Client<Client:3b034>:OUTPUT: website : cdiscount.com, time : 45, hop cnt : 4
[2021-12-06 13:55:16,709] client.Client<Client:3b034>:OUTPUT: Result of query for lenovo.com = 23.78.201.78
[2021-12-06 13:55:16,710] client.Client<Client:3b034>:OUTPUT: website : lenovo.com, time : 36, hop cnt : 4
[2021-12-06 13:55:16,752] client.Client<Client:3b034>:OUTPUT: Result of query for nba.com = 54.68.182.72
[2021-12-06 13:55:16,752] client.Client<Client:3b034>:OUTPUT: website : nba.com, time : 40, hop cnt : 4
[2021-12-06 13:55:16,820] client.Client<Client:3b034>:OUTPUT: Result of query for gmarket.co.kr = 183.111.134.78
[2021-12-06 13:55:16,821] client.Client<Client:3b034>:OUTPUT: website : gmarket.co.kr, time : 65, hop cnt : 7
[2021-12-06 13:55:16,870] client.Client<Client:3b034>:OUTPUT: Result of query for southwest.com = 66.150.1.229
[2021-12-06 13:55:16,870] client.Client<Client:3b034>:OUTPUT: website : southwest.com, time : 47, hop cnt : 5
[2021-12-06 13:55:16,909] client.Client<Client:3b034>:OUTPUT: Result of query for stockstar.com = 212.129.158.120
[2021-12-06 13:55:16,910] client.Client<Client:3b034>:OUTPUT: website : stockstar.com, time : 36, hop cnt : 5
[2021-12-06 13:55:16,947] client.Client<Client:3b034>:OUTPUT: Result of query for dafont.com = 51.91.129.67
[2021-12-06 13:55:16,947] client.Client<Client:3b034>:OUTPUT: website : dafont.com, time : 34, hop cnt : 4
[2021-12-06 13:55:16,997] client.Client<Client:3b034>:OUTPUT: Result of query for crunchyroll.com = 104.18.23.9
[2021-12-06 13:55:16,997] client.Client<Client:3b034>:OUTPUT: website : crunchyroll.com, time : 48, hop cnt : 5
[2021-12-06 13:55:17,021] client.Client<Client:3b034>:OUTPUT: Result of query for macys.com = 23.54.48.189
[2021-12-06 13:55:17,021] client.Client<Client:3b034>:OUTPUT: website : macys.com, time : 21, hop cnt : 3
[2021-12-06 13:55:17,073] client.Client<Client:3b034>:OUTPUT: Result of query for moneycontrol.com = 23.200.0.184
[2021-12-06 13:55:17,074] client.Client<Client:3b034>:OUTPUT: website : moneycontrol.com, time : 50, hop cnt : 6
[2021-12-06 13:55:17,110] client.Client<Client:3b034>:OUTPUT: Result of query for sakura.ne.jp = 163.43.24.70
[2021-12-06 13:55:17,111] client.Client<Client:3b034>:OUTPUT: website : sakura.ne.jp, time : 34, hop cnt : 3
[2021-12-06 13:55:17,166] client.Client<Client:3b034>:OUTPUT: Result of query for subito.it = 23.52.161.153
[2021-12-06 13:55:17,167] client.Client<Client:3b034>:OUTPUT: website : subito.it, time : 53, hop cnt : 5
[2021-12-06 13:55:17,217] client.Client<Client:3b034>:OUTPUT: Result of query for g2a.com = 104.27.189.140
[2021-12-06 13:55:17,218] client.Client<Client:3b034>:OUTPUT: website : g2a.com, time : 48, hop cnt : 5
[2021-12-06 13:55:17,259] client.Client<Client:3b034>:OUTPUT: Result of query for grid.id = 52.220.192.192
[2021-12-06 13:55:17,260] client.Client<Client:3b034>:OUTPUT: website : grid.id, time : 39, hop cnt : 4
[2021-12-06 13:55:17,300] client.Client<Client:3b034>:OUTPUT: Result of query for kayak.com = 151.101.1.29
[2021-12-06 13:55:17,301] client.Client<Client:3b034>:OUTPUT: website : kayak.com, time : 38, hop cnt : 5
[2021-12-06 13:55:17,348] client.Client<Client:3b034>:OUTPUT: Result of query for bodybuilding.com = 44.226.149.111
[2021-12-06 13:55:17,349] client.Client<Client:3b034>:OUTPUT: website : bodybuilding.com, time : 45, hop cnt : 5
[2021-12-06 13:55:17,396] client.Client<Client:3b034>:OUTPUT: Result of query for urdupoint.com = 104.17.14.38
[2021-12-06 13:55:17,397] client.Client<Client:3b034>:OUTPUT: website : urdupoint.com, time : 46, hop cnt : 5
[2021-12-06 13:55:17,451] client.Client<Client:3b034>:OUTPUT: Result of query for fanfiction.net = 173.205.184.7
[2021-12-06 13:55:17,452] client.Client<Client:3b034>:OUTPUT: website : fanfiction.net, time : 52, hop cnt : 6
[2021-12-06 13:55:17,493] client.Client<Client:3b034>:OUTPUT: Result of query for camdolls.com = 204.8.234.250
[2021-12-06 13:55:17,494] client.Client<Client:3b034>:OUTPUT: website : camdolls.com, time : 39, hop cnt : 5
[2021-12-06 13:55:17,532] client.Client<Client:3b034>:OUTPUT: Result of query for udn.com = 23.78.202.108
[2021-12-06 13:55:17,533] client.Client<Client:3b034>:OUTPUT: website : udn.com, time : 36, hop cnt : 4
[2021-12-06 13:55:17,573] client.Client<Client:3b034>:OUTPUT: Result of query for bitly.com = 67.199.248.15
[2021-12-06 13:55:17,574] client.Client<Client:3b034>:OUTPUT: website : bitly.com, time : 38, hop cnt : 5
[2021-12-06 13:55:17,623] client.Client<Client:3b034>:OUTPUT: Result of query for secureserver.net = 208.109.192.71
[2021-12-06 13:55:17,624] client.Client<Client:3b034>:OUTPUT: website : secureserver.net, time : 47, hop cnt : 5
[2021-12-06 13:55:17,685] client.Client<Client:3b034>:OUTPUT: Result of query for divar.ir = 79.175.141.110
[2021-12-06 13:55:17,686] client.Client<Client:3b034>:OUTPUT: website : divar.ir, time : 60, hop cnt : 6
[2021-12-06 13:55:17,747] client.Client<Client:3b034>:OUTPUT: Result of query for thesun.co.uk = 192.0.66.2
[2021-12-06 13:55:17,748] client.Client<Client:3b034>:OUTPUT: website : thesun.co.uk, time : 59, hop cnt : 5
[2021-12-06 13:55:17,788] client.Client<Client:3b034>:OUTPUT: Result of query for autodesk.com = 23.21.189.113
[2021-12-06 13:55:17,789] client.Client<Client:3b034>:OUTPUT: website : autodesk.com, time : 38, hop cnt : 4
[2021-12-06 13:55:17,819] client.Client<Client:3b034>:OUTPUT: Result of query for vnexpress.net = 111.65.250.2
[2021-12-06 13:55:17,820] client.Client<Client:3b034>:OUTPUT: website : vnexpress.net, time : 28, hop cnt : 3
[2021-12-06 13:55:17,872] client.Client<Client:3b034>:OUTPUT: Result of query for fwbntw.com = 95.128.124.135
[2021-12-06 13:55:17,873] client.Client<Client:3b034>:OUTPUT: website : fwbntw.com, time : 48, hop cnt : 5
[2021-12-06 13:55:17,920] client.Client<Client:3b034>:OUTPUT: Result of query for trulia.com = 13.225.229.61
[2021-12-06 13:55:17,921] client.Client<Client:3b034>:OUTPUT: website : trulia.com, time : 45, hop cnt : 5
[2021-12-06 13:55:17,966] client.Client<Client:3b034>:OUTPUT: Result of query for eventbrite.com = 34.205.126.7
[2021-12-06 13:55:17,967] client.Client<Client:3b034>:OUTPUT: website : eventbrite.com, time : 43, hop cnt : 4
[2021-12-06 13:55:18,014] client.Client<Client:3b034>:OUTPUT: Result of query for fatosdesconhecidos.com.br = 104.26.13.91
[2021-12-06 13:55:18,015] client.Client<Client:3b034>:OUTPUT: website : fatosdesconhecidos.com.br, time : 45, hop cnt : 4
[2021-12-06 13:55:18,052] client.Client<Client:3b034>:OUTPUT: Result of query for rbc.ru = 80.68.253.13
[2021-12-06 13:55:18,053] client.Client<Client:3b034>:OUTPUT: website : rbc.ru, time : 35, hop cnt : 3
[2021-12-06 13:55:18,106] client.Client<Client:3b034>:OUTPUT: Result of query for addthis.com = 23.62.26.12
[2021-12-06 13:55:18,107] client.Client<Client:3b034>:OUTPUT: website : addthis.com, time : 51, hop cnt : 5
[2021-12-06 13:55:18,159] client.Client<Client:3b034>:OUTPUT: Result of query for unity3d.com = 23.52.160.97
[2021-12-06 13:55:18,160] client.Client<Client:3b034>:OUTPUT: website : unity3d.com, time : 50, hop cnt : 5
[2021-12-06 13:55:18,188] client.Client<Client:3b034>:OUTPUT: Result of query for caliente.mx = 134.213.233.164
[2021-12-06 13:55:18,188] client.Client<Client:3b034>:OUTPUT: website : caliente.mx, time : 25, hop cnt : 3
[2021-12-06 13:55:18,252] client.Client<Client:3b034>:OUTPUT: Result of query for xtube.com = 66.254.114.138
[2021-12-06 13:55:18,253] client.Client<Client:3b034>:OUTPUT: website : xtube.com, time : 61, hop cnt : 6
[2021-12-06 13:55:18,306] client.Client<Client:3b034>:OUTPUT: Result of query for howtogeek.com = 151.101.2.217
[2021-12-06 13:55:18,307] client.Client<Client:3b034>:OUTPUT: website : howtogeek.com, time : 51, hop cnt : 6
[2021-12-06 13:55:18,363] client.Client<Client:3b034>:OUTPUT: Result of query for android.com = 172.217.10.36
[2021-12-06 13:55:18,364] client.Client<Client:3b034>:OUTPUT: website : android.com, time : 55, hop cnt : 5
[2021-12-06 13:55:18,398] client.Client<Client:3b034>:OUTPUT: Result of query for gotporn.com = 104.26.0.144
[2021-12-06 13:55:18,399] client.Client<Client:3b034>:OUTPUT: website : gotporn.com, time : 32, hop cnt : 5
[2021-12-06 13:55:18,459] client.Client<Client:3b034>:OUTPUT: Result of query for snapdeal.com = 103.194.153.149
[2021-12-06 13:55:18,460] client.Client<Client:3b034>:OUTPUT: website : snapdeal.com, time : 58, hop cnt : 6
[2021-12-06 13:55:18,487] client.Client<Client:3b034>:OUTPUT: Result of query for wp.com = 192.0.78.24
[2021-12-06 13:55:18,487] client.Client<Client:3b034>:OUTPUT: website : wp.com, time : 24, hop cnt : 3
[2021-12-06 13:55:18,526] client.Client<Client:3b034>:OUTPUT: Result of query for ecosia.org = 99.79.87.141
[2021-12-06 13:55:18,527] client.Client<Client:3b034>:OUTPUT: website : ecosia.org, time : 36, hop cnt : 5
[2021-12-06 13:55:18,574] client.Client<Client:3b034>:OUTPUT: Result of query for westernjournalism.com = 104.31.69.99
[2021-12-06 13:55:18,575] client.Client<Client:3b034>:OUTPUT: website : westernjournalism.com, time : 45, hop cnt : 4
[2021-12-06 13:55:18,622] client.Client<Client:3b034>:OUTPUT: Result of query for investing.com = 185.94.84.100
[2021-12-06 13:55:18,623] client.Client<Client:3b034>:OUTPUT: website : investing.com, time : 45, hop cnt : 6
[2021-12-06 13:55:18,661] client.Client<Client:3b034>:OUTPUT: Result of query for cisco.com = 72.163.4.185
[2021-12-06 13:55:18,662] client.Client<Client:3b034>:OUTPUT: website : cisco.com, time : 36, hop cnt : 5
[2021-12-06 13:55:18,694] client.Client<Client:3b034>:OUTPUT: Result of query for interia.pl = 217.74.65.23
[2021-12-06 13:55:18,695] client.Client<Client:3b034>:OUTPUT: website : interia.pl, time : 27, hop cnt : 3
[2021-12-06 13:55:18,734] client.Client<Client:3b034>:OUTPUT: Result of query for thebalance.com = 151.101.2.137
[2021-12-06 13:55:18,735] client.Client<Client:3b034>:OUTPUT: website : thebalance.com, time : 35, hop cnt : 5
[2021-12-06 13:55:18,777] client.Client<Client:3b034>:OUTPUT: Result of query for elbalad.news = 104.26.10.149
[2021-12-06 13:55:18,778] client.Client<Client:3b034>:OUTPUT: website : elbalad.news, time : 40, hop cnt : 5
[2021-12-06 13:55:18,830] client.Client<Client:3b034>:OUTPUT: Result of query for elmogaz.com = 104.28.13.91
[2021-12-06 13:55:18,831] client.Client<Client:3b034>:OUTPUT: website : elmogaz.com, time : 48, hop cnt : 5
[2021-12-06 13:55:18,858] client.Client<Client:3b034>:OUTPUT: Result of query for commentcamarche.net = 194.169.240.16
[2021-12-06 13:55:18,859] client.Client<Client:3b034>:OUTPUT: website : commentcamarche.net, time : 25, hop cnt : 3
[2021-12-06 13:55:18,898] client.Client<Client:3b034>:OUTPUT: Result of query for tomshardware.com = 185.113.25.55
[2021-12-06 13:55:18,898] client.Client<Client:3b034>:OUTPUT: website : tomshardware.com, time : 37, hop cnt : 5
[2021-12-06 13:55:18,924] client.Client<Client:3b034>:OUTPUT: Result of query for el-nacional.com = 104.27.187.87
[2021-12-06 13:55:18,924] client.Client<Client:3b034>:OUTPUT: website : el-nacional.com, time : 22, hop cnt : 3
[2021-12-06 13:55:18,959] client.Client<Client:3b034>:OUTPUT: Result of query for google.com.ec = 172.217.10.35
[2021-12-06 13:55:18,960] client.Client<Client:3b034>:OUTPUT: website : google.com.ec, time : 32, hop cnt : 4
[2021-12-06 13:55:19,023] client.Client<Client:3b034>:OUTPUT: Result of query for fidelity.com = 155.199.32.138
[2021-12-06 13:55:19,023] client.Client<Client:3b034>:OUTPUT: website : fidelity.com, time : 61, hop cnt : 6
[2021-12-06 13:55:19,066] client.Client<Client:3b034>:OUTPUT: Result of query for 4pda.ru = 104.20.41.23
[2021-12-06 13:55:19,067] client.Client<Client:3b034>:OUTPUT: website : 4pda.ru, time : 40, hop cnt : 4
[2021-12-06 13:55:19,117] client.Client<Client:3b034>:OUTPUT: Result of query for express.co.uk = 13.225.229.89
[2021-12-06 13:55:19,117] client.Client<Client:3b034>:OUTPUT: website : express.co.uk, time : 49, hop cnt : 5
[2021-12-06 13:55:19,181] client.Client<Client:3b034>:OUTPUT: Result of query for viva.co.id = 172.67.18.44
[2021-12-06 13:55:19,182] client.Client<Client:3b034>:OUTPUT: website : viva.co.id, time : 61, hop cnt : 6
[2021-12-06 13:55:19,239] client.Client<Client:3b034>:OUTPUT: Result of query for duolingo.com = 184.72.124.184
[2021-12-06 13:55:19,240] client.Client<Client:3b034>:OUTPUT: website : duolingo.com, time : 56, hop cnt : 6
[2021-12-06 13:55:19,270] client.Client<Client:3b034>:OUTPUT: Result of query for php.net = 185.85.0.29
[2021-12-06 13:55:19,271] client.Client<Client:3b034>:OUTPUT: website : php.net, time : 27, hop cnt : 3
[2021-12-06 13:55:19,318] client.Client<Client:3b034>:OUTPUT: Result of query for prothom-alo.com = 23.50.53.194
[2021-12-06 13:55:19,319] client.Client<Client:3b034>:OUTPUT: website : prothom-alo.com, time : 46, hop cnt : 4
[2021-12-06 13:55:19,359] client.Client<Client:3b034>:OUTPUT: Result of query for hamariweb.com = 172.67.15.64
[2021-12-06 13:55:19,360] client.Client<Client:3b034>:OUTPUT: website : hamariweb.com, time : 36, hop cnt : 4
[2021-12-06 13:55:19,384] client.Client<Client:3b034>:OUTPUT: Result of query for europa.eu = 147.67.210.45
[2021-12-06 13:55:19,384] client.Client<Client:3b034>:OUTPUT: website : europa.eu, time : 22, hop cnt : 4
[2021-12-06 13:55:19,443] client.Client<Client:3b034>:OUTPUT: Result of query for jimdo.com = 151.101.2.2
[2021-12-06 13:55:19,444] client.Client<Client:3b034>:OUTPUT: website : jimdo.com, time : 57, hop cnt : 5
[2021-12-06 13:55:19,496] client.Client<Client:3b034>:OUTPUT: Result of query for indianexpress.com = 23.64.100.177
[2021-12-06 13:55:19,497] client.Client<Client:3b034>:OUTPUT: website : indianexpress.com, time : 48, hop cnt : 6
[2021-12-06 13:55:19,526] client.Client<Client:3b034>:OUTPUT: Result of query for cpmofferconvert.com = 199.80.54.51
[2021-12-06 13:55:19,527] client.Client<Client:3b034>:OUTPUT: website : cpmofferconvert.com, time : 27, hop cnt : 3
[2021-12-06 13:55:19,581] client.Client<Client:3b034>:OUTPUT: Result of query for telewebion.com = 148.251.202.74
[2021-12-06 13:55:19,581] client.Client<Client:3b034>:OUTPUT: website : telewebion.com, time : 50, hop cnt : 6
[2021-12-06 13:55:19,640] client.Client<Client:3b034>:OUTPUT: Result of query for latimes.com = 54.203.39.209
[2021-12-06 13:55:19,641] client.Client<Client:3b034>:OUTPUT: website : latimes.com, time : 56, hop cnt : 6
[2021-12-06 13:55:19,688] client.Client<Client:3b034>:OUTPUT: Result of query for how01.com = 104.27.187.207
[2021-12-06 13:55:19,689] client.Client<Client:3b034>:OUTPUT: website : how01.com, time : 45, hop cnt : 5
[2021-12-06 13:55:19,742] client.Client<Client:3b034>:OUTPUT: Result of query for techradar.com = 185.113.25.56
[2021-12-06 13:55:19,743] client.Client<Client:3b034>:OUTPUT: website : techradar.com, time : 50, hop cnt : 5
[2021-12-06 13:55:19,790] client.Client<Client:3b034>:OUTPUT: Result of query for timeanddate.com = 64.130.3.227
[2021-12-06 13:55:19,790] client.Client<Client:3b034>:OUTPUT: website : timeanddate.com, time : 45, hop cnt : 5
[2021-12-06 13:55:19,835] client.Client<Client:3b034>:OUTPUT: Result of query for zone-telechargement.ws = 104.18.35.80
[2021-12-06 13:55:19,836] client.Client<Client:3b034>:OUTPUT: website : zone-telechargement.ws, time : 42, hop cnt : 5
[2021-12-06 13:55:19,869] client.Client<Client:3b034>:OUTPUT: Result of query for voyeurhit.com = 172.64.106.12
[2021-12-06 13:55:19,869] client.Client<Client:3b034>:OUTPUT: website : voyeurhit.com, time : 31, hop cnt : 3
[2021-12-06 13:55:19,910] client.Client<Client:3b034>:OUTPUT: Result of query for fanpage.gr = 46.4.100.237
[2021-12-06 13:55:19,911] client.Client<Client:3b034>:OUTPUT: website : fanpage.gr, time : 38, hop cnt : 5
[2021-12-06 13:55:19,946] client.Client<Client:3b034>:OUTPUT: Result of query for pchome.com.tw = 210.59.230.39
[2021-12-06 13:55:19,947] client.Client<Client:3b034>:OUTPUT: website : pchome.com.tw, time : 32, hop cnt : 4
[2021-12-06 13:55:19,990] client.Client<Client:3b034>:OUTPUT: Result of query for okezone.com = 202.80.220.218
[2021-12-06 13:55:19,991] client.Client<Client:3b034>:OUTPUT: website : okezone.com, time : 39, hop cnt : 5
[2021-12-06 13:55:20,037] client.Client<Client:3b034>:OUTPUT: Result of query for intel.com = 13.91.95.74
[2021-12-06 13:55:20,037] client.Client<Client:3b034>:OUTPUT: website : intel.com, time : 45, hop cnt : 5
[2021-12-06 13:55:20,098] client.Client<Client:3b034>:OUTPUT: Result of query for bhphotovideo.com = 104.18.24.211
[2021-12-06 13:55:20,099] client.Client<Client:3b034>:OUTPUT: website : bhphotovideo.com, time : 58, hop cnt : 6
[2021-12-06 13:55:20,141] client.Client<Client:3b034>:OUTPUT: Result of query for gazetaexpress.com = 104.27.163.159
[2021-12-06 13:55:20,142] client.Client<Client:3b034>:OUTPUT: website : gazetaexpress.com, time : 40, hop cnt : 4
[2021-12-06 13:55:20,184] client.Client<Client:3b034>:OUTPUT: Result of query for uber.com = 104.36.195.150
[2021-12-06 13:55:20,185] client.Client<Client:3b034>:OUTPUT: website : uber.com, time : 40, hop cnt : 5
[2021-12-06 13:55:20,221] client.Client<Client:3b034>:OUTPUT: Result of query for disqus.com = 151.101.128.134
[2021-12-06 13:55:20,222] client.Client<Client:3b034>:OUTPUT: website : disqus.com, time : 34, hop cnt : 4
[2021-12-06 13:55:20,260] client.Client<Client:3b034>:OUTPUT: Result of query for google.lt = 172.217.11.3
[2021-12-06 13:55:20,261] client.Client<Client:3b034>:OUTPUT: website : google.lt, time : 36, hop cnt : 5
[2021-12-06 13:55:20,324] client.Client<Client:3b034>:OUTPUT: Result of query for kizlarsoruyor.com = 176.53.93.6
[2021-12-06 13:55:20,325] client.Client<Client:3b034>:OUTPUT: website : kizlarsoruyor.com, time : 59, hop cnt : 6
[2021-12-06 13:55:20,351] client.Client<Client:3b034>:OUTPUT: Result of query for grammarly.com = 107.22.123.252
[2021-12-06 13:55:20,351] client.Client<Client:3b034>:OUTPUT: website : grammarly.com, time : 22, hop cnt : 3
[2021-12-06 13:55:20,395] client.Client<Client:3b034>:OUTPUT: Result of query for kissasian.com = 72.47.244.105
[2021-12-06 13:55:20,396] client.Client<Client:3b034>:OUTPUT: website : kissasian.com, time : 41, hop cnt : 5
[2021-12-06 13:55:20,433] client.Client<Client:3b034>:OUTPUT: Result of query for hootsuite.com = 52.200.29.168
[2021-12-06 13:55:20,434] client.Client<Client:3b034>:OUTPUT: website : hootsuite.com, time : 35, hop cnt : 4
[2021-12-06 13:55:20,478] client.Client<Client:3b034>:OUTPUT: Result of query for khanacademy.org = 13.225.229.43
[2021-12-06 13:55:20,479] client.Client<Client:3b034>:OUTPUT: website : khanacademy.org, time : 42, hop cnt : 5
[2021-12-06 13:55:20,526] client.Client<Client:3b034>:OUTPUT: Result of query for qoolquiz.com = 104.26.9.108
[2021-12-06 13:55:20,527] client.Client<Client:3b034>:OUTPUT: website : qoolquiz.com, time : 45, hop cnt : 7
[2021-12-06 13:55:20,587] client.Client<Client:3b034>:OUTPUT: Result of query for zara.com = 23.33.180.196
[2021-12-06 13:55:20,588] client.Client<Client:3b034>:OUTPUT: website : zara.com, time : 56, hop cnt : 5
[2021-12-06 13:55:20,639] client.Client<Client:3b034>:OUTPUT: Result of query for nordstrom.com = 173.223.237.217
[2021-12-06 13:55:20,639] client.Client<Client:3b034>:OUTPUT: website : nordstrom.com, time : 49, hop cnt : 5
[2021-12-06 13:55:20,687] client.Client<Client:3b034>:OUTPUT: Result of query for google.iq = 172.217.10.131
[2021-12-06 13:55:20,688] client.Client<Client:3b034>:OUTPUT: website : google.iq, time : 45, hop cnt : 6
[2021-12-06 13:55:20,728] client.Client<Client:3b034>:OUTPUT: Result of query for ieee.org = 140.98.193.152
[2021-12-06 13:55:20,730] client.Client<Client:3b034>:OUTPUT: website : ieee.org, time : 39, hop cnt : 4
[2021-12-06 13:55:20,775] client.Client<Client:3b034>:OUTPUT: Result of query for pof.com = 104.18.17.5
[2021-12-06 13:55:20,776] client.Client<Client:3b034>:OUTPUT: website : pof.com, time : 43, hop cnt : 5
[2021-12-06 13:55:20,824] client.Client<Client:3b034>:OUTPUT: Result of query for ebay.fr = 66.135.196.249
[2021-12-06 13:55:20,825] client.Client<Client:3b034>:OUTPUT: website : ebay.fr, time : 40, hop cnt : 4
[2021-12-06 13:55:20,861] client.Client<Client:3b034>:OUTPUT: Result of query for mobile01.com = 35.201.234.200
[2021-12-06 13:55:20,862] client.Client<Client:3b034>:OUTPUT: website : mobile01.com, time : 33, hop cnt : 4
[2021-12-06 13:55:20,922] client.Client<Client:3b034>:OUTPUT: Result of query for zing.vn = 118.102.1.119
[2021-12-06 13:55:20,923] client.Client<Client:3b034>:OUTPUT: website : zing.vn, time : 58, hop cnt : 6
[2021-12-06 13:55:20,978] client.Client<Client:3b034>:OUTPUT: Result of query for lifewire.com = 151.101.2.137
[2021-12-06 13:55:20,979] client.Client<Client:3b034>:OUTPUT: website : lifewire.com, time : 54, hop cnt : 5
[2021-12-06 13:55:21,015] client.Client<Client:3b034>:OUTPUT: Result of query for instructables.com = 151.101.129.105
[2021-12-06 13:55:21,016] client.Client<Client:3b034>:OUTPUT: website : instructables.com, time : 34, hop cnt : 5
[2021-12-06 13:55:21,051] client.Client<Client:3b034>:OUTPUT: Result of query for wykop.pl = 51.83.238.216
[2021-12-06 13:55:21,052] client.Client<Client:3b034>:OUTPUT: website : wykop.pl, time : 31, hop cnt : 4
[2021-12-06 13:55:21,086] client.Client<Client:3b034>:OUTPUT: Result of query for my-hit.org = 195.138.242.59
[2021-12-06 13:55:21,086] client.Client<Client:3b034>:OUTPUT: website : my-hit.org, time : 31, hop cnt : 4
[2021-12-06 13:55:21,145] client.Client<Client:3b034>:OUTPUT: Result of query for chinaso.com = 111.13.9.85
[2021-12-06 13:55:21,146] client.Client<Client:3b034>:OUTPUT: website : chinaso.com, time : 57, hop cnt : 6
[2021-12-06 13:55:21,198] client.Client<Client:3b034>:OUTPUT: Result of query for kinoprofi.org = 67.227.226.240
[2021-12-06 13:55:21,199] client.Client<Client:3b034>:OUTPUT: website : kinoprofi.org, time : 50, hop cnt : 5
[2021-12-06 13:55:21,232] client.Client<Client:3b034>:OUTPUT: Result of query for deviantart.net = 35.163.165.36
[2021-12-06 13:55:21,233] client.Client<Client:3b034>:OUTPUT: website : deviantart.net, time : 31, hop cnt : 3
[2021-12-06 13:55:21,285] client.Client<Client:3b034>:OUTPUT: Result of query for intoday.in = 52.74.32.52
[2021-12-06 13:55:21,286] client.Client<Client:3b034>:OUTPUT: website : intoday.in, time : 49, hop cnt : 6
[2021-12-06 13:55:21,320] client.Client<Client:3b034>:OUTPUT: Result of query for jw.org = 23.217.153.150
[2021-12-06 13:55:21,321] client.Client<Client:3b034>:OUTPUT: website : jw.org, time : 31, hop cnt : 4
[2021-12-06 13:55:21,377] client.Client<Client:3b034>:OUTPUT: Result of query for vidzi.tv = 69.16.230.42
[2021-12-06 13:55:21,378] client.Client<Client:3b034>:OUTPUT: website : vidzi.tv, time : 55, hop cnt : 5
[2021-12-06 13:55:21,424] client.Client<Client:3b034>:OUTPUT: Result of query for gazeta.pl = 80.252.0.145
[2021-12-06 13:55:21,425] client.Client<Client:3b034>:OUTPUT: website : gazeta.pl, time : 44, hop cnt : 5
[2021-12-06 13:55:21,465] client.Client<Client:3b034>:OUTPUT: Result of query for thehill.com = 151.101.66.217
[2021-12-06 13:55:21,465] client.Client<Client:3b034>:OUTPUT: website : thehill.com, time : 38, hop cnt : 4
[2021-12-06 13:55:21,499] client.Client<Client:3b034>:OUTPUT: Result of query for google.com.mm = 172.217.9.228
[2021-12-06 13:55:21,500] client.Client<Client:3b034>:OUTPUT: website : google.com.mm, time : 31, hop cnt : 3
[2021-12-06 13:55:21,539] client.Client<Client:3b034>:OUTPUT: Result of query for delta.com = 204.74.99.103
[2021-12-06 13:55:21,540] client.Client<Client:3b034>:OUTPUT: website : delta.com, time : 37, hop cnt : 4
[2021-12-06 13:55:21,592] client.Client<Client:3b034>:OUTPUT: Result of query for prnt.sc = 104.26.14.80
[2021-12-06 13:55:21,593] client.Client<Client:3b034>:OUTPUT: website : prnt.sc, time : 50, hop cnt : 6
[2021-12-06 13:55:21,622] client.Client<Client:3b034>:OUTPUT: Result of query for olx.in = 204.74.99.100
[2021-12-06 13:55:21,623] client.Client<Client:3b034>:OUTPUT: website : olx.in, time : 25, hop cnt : 3
[2021-12-06 13:55:21,676] client.Client<Client:3b034>:OUTPUT: Result of query for faithtap.com = 104.27.134.194
[2021-12-06 13:55:21,677] client.Client<Client:3b034>:OUTPUT: website : faithtap.com, time : 48, hop cnt : 5
[2021-12-06 13:55:21,740] client.Client<Client:3b034>:OUTPUT: Result of query for mobile.de = 194.50.69.124
[2021-12-06 13:55:21,741] client.Client<Client:3b034>:OUTPUT: website : mobile.de, time : 60, hop cnt : 6
[2021-12-06 13:55:21,785] client.Client<Client:3b034>:OUTPUT: Result of query for yenisafak.com = 52.174.3.80
[2021-12-06 13:55:21,786] client.Client<Client:3b034>:OUTPUT: website : yenisafak.com, time : 42, hop cnt : 5
[2021-12-06 13:55:21,847] client.Client<Client:3b034>:OUTPUT: Result of query for gongchang.com = 129.204.138.37
[2021-12-06 13:55:21,848] client.Client<Client:3b034>:OUTPUT: website : gongchang.com, time : 58, hop cnt : 7
[2021-12-06 13:55:21,892] client.Client<Client:3b034>:OUTPUT: Result of query for time.com = 13.32.207.106
[2021-12-06 13:55:21,893] client.Client<Client:3b034>:OUTPUT: website : time.com, time : 42, hop cnt : 5
[2021-12-06 13:55:21,954] client.Client<Client:3b034>:OUTPUT: Result of query for yaplakal.com = 5.187.1.122
[2021-12-06 13:55:21,954] client.Client<Client:3b034>:OUTPUT: website : yaplakal.com, time : 58, hop cnt : 6
[2021-12-06 13:55:21,987] client.Client<Client:3b034>:OUTPUT: Result of query for y8.com = 67.205.142.78
[2021-12-06 13:55:21,987] client.Client<Client:3b034>:OUTPUT: website : y8.com, time : 28, hop cnt : 3
[2021-12-06 13:55:22,022] client.Client<Client:3b034>:OUTPUT: Result of query for 58.com = 115.159.231.173
[2021-12-06 13:55:22,023] client.Client<Client:3b034>:OUTPUT: website : 58.com, time : 32, hop cnt : 4
[2021-12-06 13:55:22,073] client.Client<Client:3b034>:OUTPUT: Result of query for allrecipes.com = 13.93.202.50
[2021-12-06 13:55:22,074] client.Client<Client:3b034>:OUTPUT: website : allrecipes.com, time : 49, hop cnt : 5
[2021-12-06 13:55:22,127] client.Client<Client:3b034>:OUTPUT: Result of query for sinoptik.ua = 212.42.76.150
[2021-12-06 13:55:22,128] client.Client<Client:3b034>:OUTPUT: website : sinoptik.ua, time : 51, hop cnt : 7
[2021-12-06 13:55:22,184] client.Client<Client:3b034>:OUTPUT: Result of query for eyny.com = 172.241.24.65
[2021-12-06 13:55:22,184] client.Client<Client:3b034>:OUTPUT: website : eyny.com, time : 54, hop cnt : 6
[2021-12-06 13:55:22,224] client.Client<Client:3b034>:OUTPUT: Result of query for donga.com = 210.115.155.100
[2021-12-06 13:55:22,224] client.Client<Client:3b034>:OUTPUT: website : donga.com, time : 37, hop cnt : 4
[2021-12-06 13:55:22,282] client.Client<Client:3b034>:OUTPUT: Result of query for sapo.pt = 213.13.146.142
[2021-12-06 13:55:22,283] client.Client<Client:3b034>:OUTPUT: website : sapo.pt, time : 55, hop cnt : 6
[2021-12-06 13:55:22,328] client.Client<Client:3b034>:OUTPUT: Result of query for merriam-webster.com = 13.225.229.123
[2021-12-06 13:55:22,329] client.Client<Client:3b034>:OUTPUT: website : merriam-webster.com, time : 42, hop cnt : 4
[2021-12-06 13:55:22,387] client.Client<Client:3b034>:OUTPUT: Result of query for python.org = 45.55.99.72
[2021-12-06 13:55:22,388] client.Client<Client:3b034>:OUTPUT: website : python.org, time : 57, hop cnt : 6
[2021-12-06 13:55:22,433] client.Client<Client:3b034>:OUTPUT: Result of query for sarkariresult.com = 104.18.18.133
[2021-12-06 13:55:22,434] client.Client<Client:3b034>:OUTPUT: website : sarkariresult.com, time : 43, hop cnt : 5
[2021-12-06 13:55:22,492] client.Client<Client:3b034>:OUTPUT: Result of query for popmyads.com = 104.24.127.152
[2021-12-06 13:55:22,493] client.Client<Client:3b034>:OUTPUT: website : popmyads.com, time : 56, hop cnt : 5
[2021-12-06 13:55:22,537] client.Client<Client:3b034>:OUTPUT: Result of query for cam4.com = 199.59.88.246
[2021-12-06 13:55:22,538] client.Client<Client:3b034>:OUTPUT: website : cam4.com, time : 40, hop cnt : 5
[2021-12-06 13:55:22,583] client.Client<Client:3b034>:OUTPUT: Result of query for 52pk.com = 117.50.36.70
[2021-12-06 13:55:22,584] client.Client<Client:3b034>:OUTPUT: website : 52pk.com, time : 43, hop cnt : 4
[2021-12-06 13:55:22,626] client.Client<Client:3b034>:OUTPUT: Result of query for usnews.com = 96.6.30.174
[2021-12-06 13:55:22,627] client.Client<Client:3b034>:OUTPUT: website : usnews.com, time : 40, hop cnt : 5
[2021-12-06 13:55:22,684] client.Client<Client:3b034>:OUTPUT: Result of query for stanford.edu = 171.67.215.200
[2021-12-06 13:55:22,685] client.Client<Client:3b034>:OUTPUT: website : stanford.edu, time : 55, hop cnt : 6
[2021-12-06 13:55:22,726] client.Client<Client:3b034>:OUTPUT: Result of query for sporx.com = 35.210.142.220
[2021-12-06 13:55:22,727] client.Client<Client:3b034>:OUTPUT: website : sporx.com, time : 39, hop cnt : 5
[2021-12-06 13:55:22,769] client.Client<Client:3b034>:OUTPUT: Result of query for cbsnews.com = 54.237.69.111
[2021-12-06 13:55:22,769] client.Client<Client:3b034>:OUTPUT: website : cbsnews.com, time : 40, hop cnt : 4
[2021-12-06 13:55:22,808] client.Client<Client:3b034>:OUTPUT: Result of query for mangafox.me = 104.21.234.234
[2021-12-06 13:55:22,809] client.Client<Client:3b034>:OUTPUT: website : mangafox.me, time : 36, hop cnt : 4
[2021-12-06 13:55:22,864] client.Client<Client:3b034>:OUTPUT: Result of query for eltrack.pro = 199.59.242.153
[2021-12-06 13:55:22,865] client.Client<Client:3b034>:OUTPUT: website : eltrack.pro, time : 51, hop cnt : 6
[2021-12-06 13:55:22,926] client.Client<Client:3b034>:OUTPUT: Result of query for myntra.com = 104.123.201.31
[2021-12-06 13:55:22,927] client.Client<Client:3b034>:OUTPUT: website : myntra.com, time : 58, hop cnt : 7
[2021-12-06 13:55:22,987] client.Client<Client:3b034>:OUTPUT: Result of query for cqnews.net = 219.153.58.101
[2021-12-06 13:55:22,988] client.Client<Client:3b034>:OUTPUT: website : cqnews.net, time : 58, hop cnt : 7
[2021-12-06 13:55:23,020] client.Client<Client:3b034>:OUTPUT: Result of query for tebyan.net = 185.78.20.130
[2021-12-06 13:55:23,021] client.Client<Client:3b034>:OUTPUT: website : tebyan.net, time : 30, hop cnt : 4
[2021-12-06 13:55:23,076] client.Client<Client:3b034>:OUTPUT: Result of query for dailypakistan.com.pk = 95.217.230.36
[2021-12-06 13:55:23,077] client.Client<Client:3b034>:OUTPUT: website : dailypakistan.com.pk, time : 53, hop cnt : 6
[2021-12-06 13:55:23,114] client.Client<Client:3b034>:OUTPUT: Result of query for ukr.net = 212.42.76.252
[2021-12-06 13:55:23,115] client.Client<Client:3b034>:OUTPUT: website : ukr.net, time : 35, hop cnt : 3
[2021-12-06 13:55:23,170] client.Client<Client:3b034>:OUTPUT: Result of query for issuu.com = 54.205.112.221
[2021-12-06 13:55:23,171] client.Client<Client:3b034>:OUTPUT: website : issuu.com, time : 53, hop cnt : 6
[2021-12-06 13:55:23,220] client.Client<Client:3b034>:OUTPUT: Result of query for caixa.gov.br = 200.201.166.253
[2021-12-06 13:55:23,220] client.Client<Client:3b034>:OUTPUT: website : caixa.gov.br, time : 47, hop cnt : 4
[2021-12-06 13:55:23,267] client.Client<Client:3b034>:OUTPUT: Result of query for state.gov = 34.233.79.178
[2021-12-06 13:55:23,268] client.Client<Client:3b034>:OUTPUT: website : state.gov, time : 45, hop cnt : 4
[2021-12-06 13:55:23,324] client.Client<Client:3b034>:OUTPUT: Result of query for justdial.com = 23.3.123.21
[2021-12-06 13:55:23,325] client.Client<Client:3b034>:OUTPUT: website : justdial.com, time : 54, hop cnt : 6
[2021-12-06 13:55:23,387] client.Client<Client:3b034>:OUTPUT: Result of query for sputniknews.com = 178.248.233.26
[2021-12-06 13:55:23,388] client.Client<Client:3b034>:OUTPUT: website : sputniknews.com, time : 61, hop cnt : 7
[2021-12-06 13:55:23,453] client.Client<Client:3b034>:OUTPUT: Result of query for myfitnesspal.com = 13.225.229.32
[2021-12-06 13:55:23,454] client.Client<Client:3b034>:OUTPUT: website : myfitnesspal.com, time : 62, hop cnt : 6
[2021-12-06 13:55:23,518] client.Client<Client:3b034>:OUTPUT: Result of query for ticketmaster.com = 151.101.2.87
[2021-12-06 13:55:23,519] client.Client<Client:3b034>:OUTPUT: website : ticketmaster.com, time : 61, hop cnt : 6
[2021-12-06 13:55:23,555] client.Client<Client:3b034>:OUTPUT: Result of query for bittrex.com = 104.17.153.108
[2021-12-06 13:55:23,556] client.Client<Client:3b034>:OUTPUT: website : bittrex.com, time : 34, hop cnt : 3
[2021-12-06 13:55:23,589] client.Client<Client:3b034>:OUTPUT: Result of query for zoom.us = 52.202.62.206
[2021-12-06 13:55:23,589] client.Client<Client:3b034>:OUTPUT: website : zoom.us, time : 30, hop cnt : 5
[2021-12-06 13:55:23,641] client.Client<Client:3b034>:OUTPUT: Result of query for wtoip.com = 118.178.113.110
[2021-12-06 13:55:23,642] client.Client<Client:3b034>:OUTPUT: website : wtoip.com, time : 50, hop cnt : 6
[2021-12-06 13:55:23,669] client.Client<Client:3b034>:OUTPUT: Result of query for xbox.com = 40.113.200.201
[2021-12-06 13:55:23,669] client.Client<Client:3b034>:OUTPUT: website : xbox.com, time : 20, hop cnt : 3
[2021-12-06 13:55:23,723] client.Client<Client:3b034>:OUTPUT: Result of query for google.com.gt = 172.217.3.99
[2021-12-06 13:55:23,724] client.Client<Client:3b034>:OUTPUT: website : google.com.gt, time : 52, hop cnt : 5
[2021-12-06 13:55:23,767] client.Client<Client:3b034>:OUTPUT: Result of query for comicbook.com = 151.101.66.133
[2021-12-06 13:55:23,768] client.Client<Client:3b034>:OUTPUT: website : comicbook.com, time : 41, hop cnt : 5
[2021-12-06 13:55:23,820] client.Client<Client:3b034>:OUTPUT: Result of query for asahi.com = 23.5.229.59
[2021-12-06 13:55:23,820] client.Client<Client:3b034>:OUTPUT: website : asahi.com, time : 49, hop cnt : 5
[2021-12-06 13:55:23,890] client.Client<Client:3b034>:OUTPUT: Result of query for codepen.io = 104.17.14.48
[2021-12-06 13:55:23,891] client.Client<Client:3b034>:OUTPUT: website : codepen.io, time : 67, hop cnt : 6
[2021-12-06 13:55:23,922] client.Client<Client:3b034>:OUTPUT: Result of query for makemytrip.com = 52.66.37.181
[2021-12-06 13:55:23,923] client.Client<Client:3b034>:OUTPUT: website : makemytrip.com, time : 28, hop cnt : 4
[2021-12-06 13:55:23,959] client.Client<Client:3b034>:OUTPUT: Result of query for tnctrx.com = 103.224.182.246
[2021-12-06 13:55:23,960] client.Client<Client:3b034>:OUTPUT: website : tnctrx.com, time : 34, hop cnt : 4
[2021-12-06 13:55:24,002] client.Client<Client:3b034>:OUTPUT: Result of query for metropoles.com = 104.18.24.118
[2021-12-06 13:55:24,003] client.Client<Client:3b034>:OUTPUT: website : metropoles.com, time : 40, hop cnt : 5
[2021-12-06 13:55:24,065] client.Client<Client:3b034>:OUTPUT: Result of query for idnes.cz = 185.17.117.32
[2021-12-06 13:55:24,066] client.Client<Client:3b034>:OUTPUT: website : idnes.cz, time : 60, hop cnt : 6
[2021-12-06 13:55:24,110] client.Client<Client:3b034>:OUTPUT: Result of query for nature.com = 195.128.8.101
[2021-12-06 13:55:24,111] client.Client<Client:3b034>:OUTPUT: website : nature.com, time : 42, hop cnt : 5
[2021-12-06 13:55:24,158] client.Client<Client:3b034>:OUTPUT: Result of query for dianping.com = 203.76.216.1
[2021-12-06 13:55:24,159] client.Client<Client:3b034>:OUTPUT: website : dianping.com, time : 45, hop cnt : 4
[2021-12-06 13:55:24,199] client.Client<Client:3b034>:OUTPUT: Result of query for nikkeibp.co.jp = 218.216.25.22
[2021-12-06 13:55:24,200] client.Client<Client:3b034>:OUTPUT: website : nikkeibp.co.jp, time : 36, hop cnt : 4
[2021-12-06 13:55:24,255] client.Client<Client:3b034>:OUTPUT: Result of query for dict.cc = 136.243.87.217
[2021-12-06 13:55:24,256] client.Client<Client:3b034>:OUTPUT: website : dict.cc, time : 53, hop cnt : 5
[2021-12-06 13:55:24,314] client.Client<Client:3b034>:OUTPUT: Result of query for redfin.com = 216.211.130.168
[2021-12-06 13:55:24,315] client.Client<Client:3b034>:OUTPUT: website : redfin.com, time : 56, hop cnt : 5
[2021-12-06 13:55:24,365] client.Client<Client:3b034>:OUTPUT: Result of query for costco.com = 23.5.175.156
[2021-12-06 13:55:24,366] client.Client<Client:3b034>:OUTPUT: website : costco.com, time : 48, hop cnt : 5
[2021-12-06 13:55:24,404] client.Client<Client:3b034>:OUTPUT: Result of query for nbcnews.com = 52.10.191.40
[2021-12-06 13:55:24,405] client.Client<Client:3b034>:OUTPUT: website : nbcnews.com, time : 36, hop cnt : 4
[2021-12-06 13:55:24,465] client.Client<Client:3b034>:OUTPUT: Result of query for agoda.com = 103.6.182.20
[2021-12-06 13:55:24,465] client.Client<Client:3b034>:OUTPUT: website : agoda.com, time : 58, hop cnt : 6
[2021-12-06 13:55:24,505] client.Client<Client:3b034>:OUTPUT: Result of query for lazada.com.my = 47.89.88.80
[2021-12-06 13:55:24,506] client.Client<Client:3b034>:OUTPUT: website : lazada.com.my, time : 37, hop cnt : 5
[2021-12-06 13:55:24,547] client.Client<Client:3b034>:OUTPUT: Result of query for bankmellat.ir = 176.56.156.136
[2021-12-06 13:55:24,548] client.Client<Client:3b034>:OUTPUT: website : bankmellat.ir, time : 39, hop cnt : 4
[2021-12-06 13:55:24,594] client.Client<Client:3b034>:OUTPUT: Result of query for huawei.com = 121.37.49.12
[2021-12-06 13:55:24,595] client.Client<Client:3b034>:OUTPUT: website : huawei.com, time : 43, hop cnt : 5
[2021-12-06 13:55:24,623] client.Client<Client:3b034>:OUTPUT: Result of query for allocine.fr = 185.129.44.22
[2021-12-06 13:55:24,624] client.Client<Client:3b034>:OUTPUT: website : allocine.fr, time : 26, hop cnt : 4
[2021-12-06 13:55:24,664] client.Client<Client:3b034>:OUTPUT: Result of query for usaa.com = 23.3.123.229
[2021-12-06 13:55:24,665] client.Client<Client:3b034>:OUTPUT: website : usaa.com, time : 38, hop cnt : 5
[2021-12-06 13:55:24,694] client.Client<Client:3b034>:OUTPUT: Result of query for admarketplace.net = 104.218.72.17
[2021-12-06 13:55:24,694] client.Client<Client:3b034>:OUTPUT: website : admarketplace.net, time : 27, hop cnt : 5
[2021-12-06 13:55:24,721] client.Client<Client:3b034>:OUTPUT: Result of query for strava.com = 34.204.56.92
[2021-12-06 13:55:24,721] client.Client<Client:3b034>:OUTPUT: website : strava.com, time : 24, hop cnt : 3
[2021-12-06 13:55:24,761] client.Client<Client:3b034>:OUTPUT: Result of query for qingdaonews.com = 61.133.84.135
[2021-12-06 13:55:24,762] client.Client<Client:3b034>:OUTPUT: website : qingdaonews.com, time : 37, hop cnt : 5
[2021-12-06 13:55:24,801] client.Client<Client:3b034>:OUTPUT: Result of query for plarium.com = 104.16.21.18
[2021-12-06 13:55:24,802] client.Client<Client:3b034>:OUTPUT: website : plarium.com, time : 37, hop cnt : 6
[2021-12-06 13:55:24,840] client.Client<Client:3b034>:OUTPUT: Result of query for tellonym.de = 104.27.156.135
[2021-12-06 13:55:24,840] client.Client<Client:3b034>:OUTPUT: website : tellonym.de, time : 35, hop cnt : 4
[2021-12-06 13:55:24,873] client.Client<Client:3b034>:OUTPUT: Result of query for idntimes.com = 163.53.193.44
[2021-12-06 13:55:24,874] client.Client<Client:3b034>:OUTPUT: website : idntimes.com, time : 27, hop cnt : 3
[2021-12-06 13:55:24,950] client.Client<Client:3b034>:OUTPUT: Result of query for google.si = 172.217.10.227
[2021-12-06 13:55:24,951] client.Client<Client:3b034>:OUTPUT: website : google.si, time : 74, hop cnt : 6
[2021-12-06 13:55:24,991] client.Client<Client:3b034>:OUTPUT: Result of query for op.gg = 1.201.138.254
[2021-12-06 13:55:24,992] client.Client<Client:3b034>:OUTPUT: website : op.gg, time : 38, hop cnt : 5
[2021-12-06 13:55:25,033] client.Client<Client:3b034>:OUTPUT: Result of query for mashable.com = 23.12.144.198
[2021-12-06 13:55:25,034] client.Client<Client:3b034>:OUTPUT: website : mashable.com, time : 37, hop cnt : 4
[2021-12-06 13:55:25,078] client.Client<Client:3b034>:OUTPUT: Result of query for ruten.com.tw = 60.199.140.65
[2021-12-06 13:55:25,079] client.Client<Client:3b034>:OUTPUT: website : ruten.com.tw, time : 42, hop cnt : 5
[2021-12-06 13:55:25,126] client.Client<Client:3b034>:OUTPUT: Result of query for zomato.com = 54.179.203.195
[2021-12-06 13:55:25,127] client.Client<Client:3b034>:OUTPUT: website : zomato.com, time : 45, hop cnt : 5
[2021-12-06 13:55:25,171] client.Client<Client:3b034>:OUTPUT: Result of query for brazzers.com = 66.254.114.234
[2021-12-06 13:55:25,171] client.Client<Client:3b034>:OUTPUT: website : brazzers.com, time : 41, hop cnt : 5
[2021-12-06 13:55:25,206] client.Client<Client:3b034>:OUTPUT: Result of query for clipconverter.cc = 145.239.154.176
[2021-12-06 13:55:25,207] client.Client<Client:3b034>:OUTPUT: website : clipconverter.cc, time : 32, hop cnt : 4
[2021-12-06 13:55:25,247] client.Client<Client:3b034>:OUTPUT: Result of query for andhrajyothy.com = 104.26.3.6
[2021-12-06 13:55:25,248] client.Client<Client:3b034>:OUTPUT: website : andhrajyothy.com, time : 35, hop cnt : 3
[2021-12-06 13:55:25,284] client.Client<Client:3b034>:OUTPUT: Result of query for labanquepostale.fr = 185.16.252.161
[2021-12-06 13:55:25,284] client.Client<Client:3b034>:OUTPUT: website : labanquepostale.fr, time : 34, hop cnt : 3
[2021-12-06 13:55:25,309] client.Client<Client:3b034>:OUTPUT: Result of query for chron.com = 98.129.228.59
[2021-12-06 13:55:25,309] client.Client<Client:3b034>:OUTPUT: website : chron.com, time : 21, hop cnt : 2
[2021-12-06 13:55:25,337] client.Client<Client:3b034>:OUTPUT: Result of query for politico.com = 54.84.228.234
[2021-12-06 13:55:25,337] client.Client<Client:3b034>:OUTPUT: website : politico.com, time : 21, hop cnt : 4
[2021-12-06 13:55:25,385] client.Client<Client:3b034>:OUTPUT: Result of query for cbc.ca = 23.14.157.242
[2021-12-06 13:55:25,386] client.Client<Client:3b034>:OUTPUT: website : cbc.ca, time : 45, hop cnt : 4
[2021-12-06 13:55:25,445] client.Client<Client:3b034>:OUTPUT: Result of query for gutefrage.net = 213.95.206.42
[2021-12-06 13:55:25,446] client.Client<Client:3b034>:OUTPUT: website : gutefrage.net, time : 58, hop cnt : 7
[2021-12-06 13:55:25,503] client.Client<Client:3b034>:OUTPUT: Result of query for torrentproject.se = 103.224.182.253
[2021-12-06 13:55:25,503] client.Client<Client:3b034>:OUTPUT: website : torrentproject.se, time : 55, hop cnt : 6
[2021-12-06 13:55:25,549] client.Client<Client:3b034>:OUTPUT: Result of query for uzone.id = 36.86.63.186
[2021-12-06 13:55:25,550] client.Client<Client:3b034>:OUTPUT: website : uzone.id, time : 43, hop cnt : 4
[2021-12-06 13:55:25,593] client.Client<Client:3b034>:OUTPUT: Result of query for focus.de = 104.77.150.181
[2021-12-06 13:55:25,594] client.Client<Client:3b034>:OUTPUT: website : focus.de, time : 41, hop cnt : 6
[2021-12-06 13:55:25,663] client.Client<Client:3b034>:OUTPUT: Result of query for google.tm = 172.217.10.4
[2021-12-06 13:55:25,664] client.Client<Client:3b034>:OUTPUT: website : google.tm, time : 67, hop cnt : 7
[2021-12-06 13:55:25,717] client.Client<Client:3b034>:OUTPUT: Result of query for united.com = 23.60.32.163
[2021-12-06 13:55:25,717] client.Client<Client:3b034>:OUTPUT: website : united.com, time : 52, hop cnt : 5
[2021-12-06 13:55:25,780] client.Client<Client:3b034>:OUTPUT: Result of query for segmentfault.com = 47.94.236.96
[2021-12-06 13:55:25,781] client.Client<Client:3b034>:OUTPUT: website : segmentfault.com, time : 60, hop cnt : 7
[2021-12-06 13:55:25,812] client.Client<Client:3b034>:OUTPUT: Result of query for welt.de = 195.50.178.200
[2021-12-06 13:55:25,813] client.Client<Client:3b034>:OUTPUT: website : welt.de, time : 24, hop cnt : 4
[2021-12-06 13:55:25,858] client.Client<Client:3b034>:OUTPUT: Result of query for yandex.com.tr = 87.250.255.11
[2021-12-06 13:55:25,858] client.Client<Client:3b034>:OUTPUT: website : yandex.com.tr, time : 42, hop cnt : 4
[2021-12-06 13:55:25,904] client.Client<Client:3b034>:OUTPUT: Result of query for likemag.com = 46.253.113.170
[2021-12-06 13:55:25,904] client.Client<Client:3b034>:OUTPUT: website : likemag.com, time : 42, hop cnt : 4
[2021-12-06 13:55:25,956] client.Client<Client:3b034>:OUTPUT: Result of query for primevideo.com = 13.225.229.84
[2021-12-06 13:55:25,957] client.Client<Client:3b034>:OUTPUT: website : primevideo.com, time : 49, hop cnt : 5
[2021-12-06 13:55:26,006] client.Client<Client:3b034>:OUTPUT: Result of query for turbobit.net = 91.235.142.174
[2021-12-06 13:55:26,006] client.Client<Client:3b034>:OUTPUT: website : turbobit.net, time : 47, hop cnt : 6
[2021-12-06 13:55:26,054] client.Client<Client:3b034>:OUTPUT: Result of query for chouftv.ma = 104.22.62.192
[2021-12-06 13:55:26,055] client.Client<Client:3b034>:OUTPUT: website : chouftv.ma, time : 43, hop cnt : 5
[2021-12-06 13:55:26,099] client.Client<Client:3b034>:OUTPUT: Result of query for freejobalert.com = 172.67.69.27
[2021-12-06 13:55:26,099] client.Client<Client:3b034>:OUTPUT: website : freejobalert.com, time : 41, hop cnt : 4
[2021-12-06 13:55:26,148] client.Client<Client:3b034>:OUTPUT: Result of query for gazzetta.it = 34.90.183.102
[2021-12-06 13:55:26,149] client.Client<Client:3b034>:OUTPUT: website : gazzetta.it, time : 46, hop cnt : 5
[2021-12-06 13:55:26,202] client.Client<Client:3b034>:OUTPUT: Result of query for perfectgirls.net = 104.22.6.84
[2021-12-06 13:55:26,203] client.Client<Client:3b034>:OUTPUT: website : perfectgirls.net, time : 51, hop cnt : 5
[2021-12-06 13:55:26,238] client.Client<Client:3b034>:OUTPUT: Result of query for lazada.com.ph = 47.89.88.80
[2021-12-06 13:55:26,239] client.Client<Client:3b034>:OUTPUT: website : lazada.com.ph, time : 33, hop cnt : 3
[2021-12-06 13:55:26,263] client.Client<Client:3b034>:OUTPUT: Result of query for tnaflix.com = 77.247.179.176
[2021-12-06 13:55:26,263] client.Client<Client:3b034>:OUTPUT: website : tnaflix.com, time : 20, hop cnt : 2
[2021-12-06 13:55:26,297] client.Client<Client:3b034>:OUTPUT: Result of query for worldstarhiphop.com = 52.13.46.21
[2021-12-06 13:55:26,297] client.Client<Client:3b034>:OUTPUT: website : worldstarhiphop.com, time : 29, hop cnt : 3
[2021-12-06 13:55:26,342] client.Client<Client:3b034>:OUTPUT: Result of query for ero-advertising.com = 217.22.19.212
[2021-12-06 13:55:26,343] client.Client<Client:3b034>:OUTPUT: website : ero-advertising.com, time : 42, hop cnt : 6
[2021-12-06 13:55:26,388] client.Client<Client:3b034>:OUTPUT: Result of query for liveinternet.ru = 88.212.202.50
[2021-12-06 13:55:26,389] client.Client<Client:3b034>:OUTPUT: website : liveinternet.ru, time : 43, hop cnt : 5
[2021-12-06 13:55:26,437] client.Client<Client:3b034>:OUTPUT: Result of query for dostor.org = 172.67.160.77
[2021-12-06 13:55:26,437] client.Client<Client:3b034>:OUTPUT: website : dostor.org, time : 46, hop cnt : 5
[2021-12-06 13:55:26,480] client.Client<Client:3b034>:OUTPUT: Result of query for vetogate.com = 172.67.161.200
[2021-12-06 13:55:26,481] client.Client<Client:3b034>:OUTPUT: website : vetogate.com, time : 39, hop cnt : 4
[2021-12-06 13:55:26,526] client.Client<Client:3b034>:OUTPUT: Result of query for digitalprivacyalert.org = 172.67.157.7
[2021-12-06 13:55:26,527] client.Client<Client:3b034>:OUTPUT: website : digitalprivacyalert.org, time : 44, hop cnt : 5
[2021-12-06 13:55:26,575] client.Client<Client:3b034>:OUTPUT: Result of query for secure-surf.net = 198.105.208.119
[2021-12-06 13:55:26,576] client.Client<Client:3b034>:OUTPUT: website : secure-surf.net, time : 46, hop cnt : 5
[2021-12-06 13:55:26,629] client.Client<Client:3b034>:OUTPUT: Result of query for 11st.co.kr = 113.217.247.90
[2021-12-06 13:55:26,629] client.Client<Client:3b034>:OUTPUT: website : 11st.co.kr, time : 51, hop cnt : 6
[2021-12-06 13:55:26,665] client.Client<Client:3b034>:OUTPUT: Result of query for dribbble.com = 192.229.210.197
[2021-12-06 13:55:26,665] client.Client<Client:3b034>:OUTPUT: website : dribbble.com, time : 32, hop cnt : 4
[2021-12-06 13:55:26,705] client.Client<Client:3b034>:OUTPUT: Result of query for webtretho.com = 123.30.128.200
[2021-12-06 13:55:26,706] client.Client<Client:3b034>:OUTPUT: website : webtretho.com, time : 37, hop cnt : 4
[2021-12-06 13:55:26,752] client.Client<Client:3b034>:OUTPUT: Result of query for tomsguide.com = 185.113.25.56
[2021-12-06 13:55:26,752] client.Client<Client:3b034>:OUTPUT: website : tomsguide.com, time : 43, hop cnt : 5
[2021-12-06 13:55:26,798] client.Client<Client:3b034>:OUTPUT: Result of query for imagetwist.com = 172.64.110.13
[2021-12-06 13:55:26,798] client.Client<Client:3b034>:OUTPUT: website : imagetwist.com, time : 44, hop cnt : 4
[2021-12-06 13:55:26,836] client.Client<Client:3b034>:OUTPUT: Result of query for lun.com = 190.96.78.13
[2021-12-06 13:55:26,837] client.Client<Client:3b034>:OUTPUT: website : lun.com, time : 34, hop cnt : 3
[2021-12-06 13:55:26,878] client.Client<Client:3b034>:OUTPUT: Result of query for bookmyshow.com = 104.16.124.37
[2021-12-06 13:55:26,878] client.Client<Client:3b034>:OUTPUT: website : bookmyshow.com, time : 39, hop cnt : 5
[2021-12-06 13:55:26,933] client.Client<Client:3b034>:OUTPUT: Result of query for ancestry.com = 45.60.63.104
[2021-12-06 13:55:26,934] client.Client<Client:3b034>:OUTPUT: website : ancestry.com, time : 53, hop cnt : 6
[2021-12-06 13:55:26,969] client.Client<Client:3b034>:OUTPUT: Result of query for ea.com = 96.6.28.15
[2021-12-06 13:55:26,970] client.Client<Client:3b034>:OUTPUT: website : ea.com, time : 33, hop cnt : 5
[2021-12-06 13:55:27,030] client.Client<Client:3b034>:OUTPUT: Result of query for artstation.com = 104.18.153.26
[2021-12-06 13:55:27,031] client.Client<Client:3b034>:OUTPUT: website : artstation.com, time : 58, hop cnt : 6
[2021-12-06 13:55:27,073] client.Client<Client:3b034>:OUTPUT: Result of query for livestrong.com = 23.78.176.126
[2021-12-06 13:55:27,073] client.Client<Client:3b034>:OUTPUT: website : livestrong.com, time : 40, hop cnt : 5
[2021-12-06 13:55:27,109] client.Client<Client:3b034>:OUTPUT: Result of query for piriform.com = 151.101.64.64
[2021-12-06 13:55:27,110] client.Client<Client:3b034>:OUTPUT: website : piriform.com, time : 32, hop cnt : 4
[2021-12-06 13:55:27,162] client.Client<Client:3b034>:OUTPUT: Result of query for nulltheme.net = 104.247.82.11
[2021-12-06 13:55:27,162] client.Client<Client:3b034>:OUTPUT: website : nulltheme.net, time : 50, hop cnt : 6
[2021-12-06 13:55:27,230] client.Client<Client:3b034>:OUTPUT: Result of query for wayfair.com = 162.208.32.80
[2021-12-06 13:55:27,231] client.Client<Client:3b034>:OUTPUT: website : wayfair.com, time : 65, hop cnt : 6
[2021-12-06 13:55:27,276] client.Client<Client:3b034>:OUTPUT: Result of query for theatlantic.com = 151.101.66.133
[2021-12-06 13:55:27,277] client.Client<Client:3b034>:OUTPUT: website : theatlantic.com, time : 43, hop cnt : 4
[2021-12-06 13:55:27,310] client.Client<Client:3b034>:OUTPUT: Result of query for apache.org = 40.79.78.1
[2021-12-06 13:55:27,311] client.Client<Client:3b034>:OUTPUT: website : apache.org, time : 30, hop cnt : 3
[2021-12-06 13:55:27,373] client.Client<Client:3b034>:OUTPUT: Result of query for liveleak.com = 199.80.59.186
[2021-12-06 13:55:27,374] client.Client<Client:3b034>:OUTPUT: website : liveleak.com, time : 57, hop cnt : 5
[2021-12-06 13:55:27,414] client.Client<Client:3b034>:OUTPUT: Result of query for skysports.com = 90.216.129.62
[2021-12-06 13:55:27,415] client.Client<Client:3b034>:OUTPUT: website : skysports.com, time : 36, hop cnt : 5
[2021-12-06 13:55:27,467] client.Client<Client:3b034>:OUTPUT: Result of query for polygon.com = 151.101.129.52
[2021-12-06 13:55:27,468] client.Client<Client:3b034>:OUTPUT: website : polygon.com, time : 51, hop cnt : 7
[2021-12-06 13:55:27,511] client.Client<Client:3b034>:OUTPUT: Result of query for td.com = 192.229.162.193
[2021-12-06 13:55:27,512] client.Client<Client:3b034>:OUTPUT: website : td.com, time : 41, hop cnt : 4
[2021-12-06 13:55:27,580] client.Client<Client:3b034>:OUTPUT: Result of query for pcgamer.com = 185.113.25.55
[2021-12-06 13:55:27,581] client.Client<Client:3b034>:OUTPUT: website : pcgamer.com, time : 65, hop cnt : 5
[2021-12-06 13:55:27,652] client.Client<Client:3b034>:OUTPUT: Result of query for internetdownloadmanager.com = 169.60.186.153
[2021-12-06 13:55:27,652] client.Client<Client:3b034>:OUTPUT: website : internetdownloadmanager.com, time : 68, hop cnt : 7
[2021-12-06 13:55:27,694] client.Client<Client:3b034>:OUTPUT: Result of query for lazada.co.th = 47.89.75.205
[2021-12-06 13:55:27,695] client.Client<Client:3b034>:OUTPUT: website : lazada.co.th, time : 39, hop cnt : 5
[2021-12-06 13:55:27,729] client.Client<Client:3b034>:OUTPUT: Result of query for dmv.org = 3.214.71.201
[2021-12-06 13:55:27,730] client.Client<Client:3b034>:OUTPUT: website : dmv.org, time : 32, hop cnt : 4
[2021-12-06 13:55:27,784] client.Client<Client:3b034>:OUTPUT: Result of query for elvenar.com = 212.48.98.22
[2021-12-06 13:55:27,785] client.Client<Client:3b034>:OUTPUT: website : elvenar.com, time : 52, hop cnt : 5
[2021-12-06 13:55:27,845] client.Client<Client:3b034>:OUTPUT: Result of query for avira.com = 52.58.28.12
[2021-12-06 13:55:27,845] client.Client<Client:3b034>:OUTPUT: website : avira.com, time : 55, hop cnt : 6
[2021-12-06 13:55:27,907] client.Client<Client:3b034>:OUTPUT: Result of query for vjav.com = 172.64.142.27
[2021-12-06 13:55:27,908] client.Client<Client:3b034>:OUTPUT: website : vjav.com, time : 59, hop cnt : 6
[2021-12-06 13:55:27,948] client.Client<Client:3b034>:OUTPUT: Result of query for photobucket.com = 13.224.119.54
[2021-12-06 13:55:27,948] client.Client<Client:3b034>:OUTPUT: website : photobucket.com, time : 38, hop cnt : 4
[2021-12-06 13:55:27,982] client.Client<Client:3b034>:OUTPUT: Result of query for ryanair.com = 216.146.46.11
[2021-12-06 13:55:27,983] client.Client<Client:3b034>:OUTPUT: website : ryanair.com, time : 31, hop cnt : 4
[2021-12-06 13:55:28,038] client.Client<Client:3b034>:OUTPUT: Result of query for datumglobal.com = 67.227.226.241
[2021-12-06 13:55:28,039] client.Client<Client:3b034>:OUTPUT: website : datumglobal.com, time : 53, hop cnt : 6
[2021-12-06 13:55:28,083] client.Client<Client:3b034>:OUTPUT: Result of query for pastebin.com = 104.23.98.190
[2021-12-06 13:55:28,083] client.Client<Client:3b034>:OUTPUT: website : pastebin.com, time : 42, hop cnt : 5
[2021-12-06 13:55:28,133] client.Client<Client:3b034>:OUTPUT: Result of query for namasha.com = 77.238.123.22
[2021-12-06 13:55:28,134] client.Client<Client:3b034>:OUTPUT: website : namasha.com, time : 46, hop cnt : 5
[2021-12-06 13:55:28,176] client.Client<Client:3b034>:OUTPUT: Result of query for friendsheart.com = 67.227.226.240
[2021-12-06 13:55:28,176] client.Client<Client:3b034>:OUTPUT: website : friendsheart.com, time : 40, hop cnt : 5
[2021-12-06 13:55:28,234] client.Client<Client:3b034>:OUTPUT: Result of query for aa.com = 104.116.253.72
[2021-12-06 13:55:28,234] client.Client<Client:3b034>:OUTPUT: website : aa.com, time : 56, hop cnt : 5
[2021-12-06 13:55:28,284] client.Client<Client:3b034>:OUTPUT: Result of query for google.com.af = 172.217.12.196
[2021-12-06 13:55:28,285] client.Client<Client:3b034>:OUTPUT: website : google.com.af, time : 47, hop cnt : 5
[2021-12-06 13:55:28,327] client.Client<Client:3b034>:OUTPUT: Result of query for n11.com = 176.41.133.10
[2021-12-06 13:55:28,327] client.Client<Client:3b034>:OUTPUT: website : n11.com, time : 40, hop cnt : 5
[2021-12-06 13:55:28,378] client.Client<Client:3b034>:OUTPUT: Result of query for yjc.ir = 94.182.146.12
[2021-12-06 13:55:28,378] client.Client<Client:3b034>:OUTPUT: website : yjc.ir, time : 48, hop cnt : 5
[2021-12-06 13:55:28,409] client.Client<Client:3b034>:OUTPUT: Result of query for vesti.ru = 80.247.32.208
[2021-12-06 13:55:28,410] client.Client<Client:3b034>:OUTPUT: website : vesti.ru, time : 28, hop cnt : 2
[2021-12-06 13:55:28,454] client.Client<Client:3b034>:OUTPUT: Result of query for guancha.cn = 129.226.102.49
[2021-12-06 13:55:28,455] client.Client<Client:3b034>:OUTPUT: website : guancha.cn, time : 42, hop cnt : 5
[2021-12-06 13:55:28,515] client.Client<Client:3b034>:OUTPUT: Result of query for custhelp.com = 74.117.206.70
[2021-12-06 13:55:28,516] client.Client<Client:3b034>:OUTPUT: website : custhelp.com, time : 58, hop cnt : 6
[2021-12-06 13:55:28,578] client.Client<Client:3b034>:OUTPUT: Result of query for avast.com = 104.104.77.218
[2021-12-06 13:55:28,579] client.Client<Client:3b034>:OUTPUT: website : avast.com, time : 58, hop cnt : 6
[2021-12-06 13:55:28,628] client.Client<Client:3b034>:OUTPUT: Result of query for hepsiburada.com = 193.28.225.200
[2021-12-06 13:55:28,629] client.Client<Client:3b034>:OUTPUT: website : hepsiburada.com, time : 47, hop cnt : 5
[2021-12-06 13:55:28,678] client.Client<Client:3b034>:OUTPUT: Result of query for almasryalyoum.com = 172.67.19.53
[2021-12-06 13:55:28,679] client.Client<Client:3b034>:OUTPUT: website : almasryalyoum.com, time : 48, hop cnt : 5
[2021-12-06 13:55:28,710] client.Client<Client:3b034>:OUTPUT: Result of query for elfagr.org = 104.27.160.160
[2021-12-06 13:55:28,710] client.Client<Client:3b034>:OUTPUT: website : elfagr.org, time : 29, hop cnt : 3
[2021-12-06 13:55:28,747] client.Client<Client:3b034>:OUTPUT: Result of query for eol.cn = 202.205.109.2
[2021-12-06 13:55:28,748] client.Client<Client:3b034>:OUTPUT: website : eol.cn, time : 34, hop cnt : 3
[2021-12-06 13:55:28,786] client.Client<Client:3b034>:OUTPUT: Result of query for elwatannews.com = 104.22.42.113
[2021-12-06 13:55:28,786] client.Client<Client:3b034>:OUTPUT: website : elwatannews.com, time : 35, hop cnt : 4
[2021-12-06 13:55:28,830] client.Client<Client:3b034>:OUTPUT: Result of query for yandex.kz = 5.255.255.5
[2021-12-06 13:55:28,831] client.Client<Client:3b034>:OUTPUT: website : yandex.kz, time : 41, hop cnt : 6
[2021-12-06 13:55:28,859] client.Client<Client:3b034>:OUTPUT: Result of query for itmedia.co.jp = 18.180.234.132
[2021-12-06 13:55:28,860] client.Client<Client:3b034>:OUTPUT: website : itmedia.co.jp, time : 26, hop cnt : 4
[2021-12-06 13:55:28,892] client.Client<Client:3b034>:OUTPUT: Result of query for alwafd.org = 172.67.137.18
[2021-12-06 13:55:28,893] client.Client<Client:3b034>:OUTPUT: website : alwafd.org, time : 29, hop cnt : 4
[2021-12-06 13:55:28,920] client.Client<Client:3b034>:OUTPUT: Result of query for usbank.com = 170.135.184.254
[2021-12-06 13:55:28,920] client.Client<Client:3b034>:OUTPUT: website : usbank.com, time : 25, hop cnt : 3
[2021-12-06 13:55:28,972] client.Client<Client:3b034>:OUTPUT: Result of query for dream.co.id = 35.247.151.249
[2021-12-06 13:55:28,973] client.Client<Client:3b034>:OUTPUT: website : dream.co.id, time : 48, hop cnt : 5
[2021-12-06 13:55:29,044] client.Client<Client:3b034>:OUTPUT: Result of query for creditkarma.com = 23.207.212.242
[2021-12-06 13:55:29,044] client.Client<Client:3b034>:OUTPUT: website : creditkarma.com, time : 67, hop cnt : 6
[2021-12-06 13:55:29,100] client.Client<Client:3b034>:OUTPUT: Result of query for gmanetwork.com = 13.251.82.77
[2021-12-06 13:55:29,101] client.Client<Client:3b034>:OUTPUT: website : gmanetwork.com, time : 54, hop cnt : 6
[2021-12-06 13:55:29,144] client.Client<Client:3b034>:OUTPUT: Result of query for teepr.com = 104.22.10.248
[2021-12-06 13:55:29,145] client.Client<Client:3b034>:OUTPUT: website : teepr.com, time : 41, hop cnt : 4
[2021-12-06 13:55:29,183] client.Client<Client:3b034>:OUTPUT: Result of query for junbi-tracker.com = 95.128.201.171
[2021-12-06 13:55:29,183] client.Client<Client:3b034>:OUTPUT: website : junbi-tracker.com, time : 35, hop cnt : 5
[2021-12-06 13:55:29,223] client.Client<Client:3b034>:OUTPUT: Result of query for ipetgroup.com = 172.67.149.9
[2021-12-06 13:55:29,224] client.Client<Client:3b034>:OUTPUT: website : ipetgroup.com, time : 37, hop cnt : 5
[2021-12-06 13:55:29,266] client.Client<Client:3b034>:OUTPUT: Result of query for mileroticos.com = 185.206.63.13
[2021-12-06 13:55:29,266] client.Client<Client:3b034>:OUTPUT: website : mileroticos.com, time : 37, hop cnt : 4
[2021-12-06 13:55:29,309] client.Client<Client:3b034>:OUTPUT: Result of query for mynavi.jp = 13.225.229.117
[2021-12-06 13:55:29,310] client.Client<Client:3b034>:OUTPUT: website : mynavi.jp, time : 40, hop cnt : 6
[2021-12-06 13:55:29,330] client.Client<Client:3b034>:OUTPUT: Result of query for kknews.cc = 172.67.26.195
[2021-12-06 13:55:29,331] client.Client<Client:3b034>:OUTPUT: website : kknews.cc, time : 19, hop cnt : 2
[2021-12-06 13:55:29,383] client.Client<Client:3b034>:OUTPUT: Result of query for rightmove.co.uk = 185.220.161.23
[2021-12-06 13:55:29,384] client.Client<Client:3b034>:OUTPUT: website : rightmove.co.uk, time : 50, hop cnt : 6
[2021-12-06 13:55:29,439] client.Client<Client:3b034>:OUTPUT: Result of query for tmz.com = 54.174.189.230
[2021-12-06 13:55:29,440] client.Client<Client:3b034>:OUTPUT: website : tmz.com, time : 53, hop cnt : 5
[2021-12-06 13:55:29,499] client.Client<Client:3b034>:OUTPUT: Result of query for adme.ru = 168.119.201.14
[2021-12-06 13:55:29,499] client.Client<Client:3b034>:OUTPUT: website : adme.ru, time : 57, hop cnt : 6
[2021-12-06 13:55:29,566] client.Client<Client:3b034>:OUTPUT: Result of query for icy-veins.com = 87.98.161.106
[2021-12-06 13:55:29,566] client.Client<Client:3b034>:OUTPUT: website : icy-veins.com, time : 64, hop cnt : 6
[2021-12-06 13:55:29,622] client.Client<Client:3b034>:OUTPUT: Result of query for google.com.my = 172.217.10.99
[2021-12-06 13:55:29,622] client.Client<Client:3b034>:OUTPUT: website : google.com.my, time : 53, hop cnt : 6
[2021-12-06 13:55:29,664] client.Client<Client:3b034>:OUTPUT: Result of query for dcard.tw = 104.16.105.87
[2021-12-06 13:55:29,664] client.Client<Client:3b034>:OUTPUT: website : dcard.tw, time : 38, hop cnt : 5
[2021-12-06 13:55:29,724] client.Client<Client:3b034>:OUTPUT: Result of query for 1tv.ru = 178.248.233.188
[2021-12-06 13:55:29,725] client.Client<Client:3b034>:OUTPUT: website : 1tv.ru, time : 57, hop cnt : 6
[2021-12-06 13:55:29,790] client.Client<Client:3b034>:OUTPUT: Result of query for alodokter.com = 104.22.72.213
[2021-12-06 13:55:29,790] client.Client<Client:3b034>:OUTPUT: website : alodokter.com, time : 62, hop cnt : 6
[2021-12-06 13:55:29,818] client.Client<Client:3b034>:OUTPUT: Result of query for wuxiaworld.com = 172.67.74.57
[2021-12-06 13:55:29,819] client.Client<Client:3b034>:OUTPUT: website : wuxiaworld.com, time : 24, hop cnt : 3
[2021-12-06 13:55:29,850] client.Client<Client:3b034>:OUTPUT: Result of query for dawn.com = 104.27.186.174
[2021-12-06 13:55:29,851] client.Client<Client:3b034>:OUTPUT: website : dawn.com, time : 29, hop cnt : 4
[2021-12-06 13:55:29,899] client.Client<Client:3b034>:OUTPUT: Result of query for jiameng.com = 127.0.0.1
[2021-12-06 13:55:29,899] client.Client<Client:3b034>:OUTPUT: website : jiameng.com, time : 46, hop cnt : 5
[2021-12-06 13:55:29,945] client.Client<Client:3b034>:OUTPUT: Result of query for nextdoor.com = 13.225.229.41
[2021-12-06 13:55:29,946] client.Client<Client:3b034>:OUTPUT: website : nextdoor.com, time : 43, hop cnt : 5
[2021-12-06 13:55:30,003] client.Client<Client:3b034>:OUTPUT: Result of query for harvard.edu = 23.185.0.1
[2021-12-06 13:55:30,004] client.Client<Client:3b034>:OUTPUT: website : harvard.edu, time : 56, hop cnt : 6
[2021-12-06 13:55:30,071] client.Client<Client:3b034>:OUTPUT: Result of query for deezer.com = 78.40.123.183
[2021-12-06 13:55:30,071] client.Client<Client:3b034>:OUTPUT: website : deezer.com, time : 64, hop cnt : 6
[2021-12-06 13:55:30,129] client.Client<Client:3b034>:OUTPUT: Result of query for debate.com.mx = 104.22.3.205
[2021-12-06 13:55:30,129] client.Client<Client:3b034>:OUTPUT: website : debate.com.mx, time : 55, hop cnt : 5
[2021-12-06 13:55:30,193] client.Client<Client:3b034>:OUTPUT: Result of query for repelis.tv = 103.224.182.238
[2021-12-06 13:55:30,194] client.Client<Client:3b034>:OUTPUT: website : repelis.tv, time : 61, hop cnt : 7
[2021-12-06 13:55:30,225] client.Client<Client:3b034>:OUTPUT: Result of query for sanjesh.org = 92.242.195.4
[2021-12-06 13:55:30,226] client.Client<Client:3b034>:OUTPUT: website : sanjesh.org, time : 29, hop cnt : 3
[2021-12-06 13:55:30,280] client.Client<Client:3b034>:OUTPUT: Result of query for biblegateway.com = 13.225.229.39
[2021-12-06 13:55:30,281] client.Client<Client:3b034>:OUTPUT: website : biblegateway.com, time : 51, hop cnt : 6
[2021-12-06 13:55:30,336] client.Client<Client:3b034>:OUTPUT: Result of query for nasa.gov = 23.22.39.120
[2021-12-06 13:55:30,337] client.Client<Client:3b034>:OUTPUT: website : nasa.gov, time : 52, hop cnt : 6
[2021-12-06 13:55:30,379] client.Client<Client:3b034>:OUTPUT: Result of query for cbssports.com = 151.101.1.188
[2021-12-06 13:55:30,379] client.Client<Client:3b034>:OUTPUT: website : cbssports.com, time : 40, hop cnt : 4
[2021-12-06 13:55:30,426] client.Client<Client:3b034>:OUTPUT: Result of query for keepvid.com = 159.253.144.83
[2021-12-06 13:55:30,426] client.Client<Client:3b034>:OUTPUT: website : keepvid.com, time : 45, hop cnt : 6
[2021-12-06 13:55:30,452] client.Client<Client:3b034>:OUTPUT: Result of query for knowyourmeme.com = 208.115.103.34
[2021-12-06 13:55:30,452] client.Client<Client:3b034>:OUTPUT: website : knowyourmeme.com, time : 22, hop cnt : 3
[2021-12-06 13:55:30,497] client.Client<Client:3b034>:OUTPUT: Result of query for pexels.com = 104.17.209.102
[2021-12-06 13:55:30,497] client.Client<Client:3b034>:OUTPUT: website : pexels.com, time : 41, hop cnt : 4
[2021-12-06 13:55:30,540] client.Client<Client:3b034>:OUTPUT: Result of query for chess.com = 198.8.89.138
[2021-12-06 13:55:30,540] client.Client<Client:3b034>:OUTPUT: website : chess.com, time : 41, hop cnt : 4
[2021-12-06 13:55:30,564] client.Client<Client:3b034>:OUTPUT: Result of query for elevenia.co.id = 103.103.30.100
[2021-12-06 13:55:30,565] client.Client<Client:3b034>:OUTPUT: website : elevenia.co.id, time : 20, hop cnt : 2
[2021-12-06 13:55:30,612] client.Client<Client:3b034>:OUTPUT: Result of query for news.com.au = 23.52.161.28
[2021-12-06 13:55:30,613] client.Client<Client:3b034>:OUTPUT: website : news.com.au, time : 45, hop cnt : 5
[2021-12-06 13:55:30,644] client.Client<Client:3b034>:OUTPUT: Result of query for hh.ru = 94.124.206.1
[2021-12-06 13:55:30,645] client.Client<Client:3b034>:OUTPUT: website : hh.ru, time : 28, hop cnt : 5
[2021-12-06 13:55:30,675] client.Client<Client:3b034>:OUTPUT: Result of query for nmisr.com = 172.67.217.111
[2021-12-06 13:55:30,676] client.Client<Client:3b034>:OUTPUT: website : nmisr.com, time : 28, hop cnt : 4
[2021-12-06 13:55:30,715] client.Client<Client:3b034>:OUTPUT: Result of query for smallpdf.com = 13.225.221.77
[2021-12-06 13:55:30,716] client.Client<Client:3b034>:OUTPUT: website : smallpdf.com, time : 37, hop cnt : 5
[2021-12-06 13:55:30,762] client.Client<Client:3b034>:OUTPUT: Result of query for pcmag.com = 52.201.108.115
[2021-12-06 13:55:30,762] client.Client<Client:3b034>:OUTPUT: website : pcmag.com, time : 43, hop cnt : 5
[2021-12-06 13:55:30,783] client.Client<Client:3b034>:OUTPUT: Result of query for eporner.com = 82.192.65.65
[2021-12-06 13:55:30,785] client.Client<Client:3b034>:OUTPUT: website : eporner.com, time : 19, hop cnt : 3
[2021-12-06 13:55:30,830] client.Client<Client:3b034>:OUTPUT: Result of query for wired.com = 151.101.66.194
[2021-12-06 13:55:30,830] client.Client<Client:3b034>:OUTPUT: website : wired.com, time : 41, hop cnt : 5
[2021-12-06 13:55:30,866] client.Client<Client:3b034>:OUTPUT: Result of query for fishki.net = 172.67.73.48
[2021-12-06 13:55:30,867] client.Client<Client:3b034>:OUTPUT: website : fishki.net, time : 31, hop cnt : 3
[2021-12-06 13:55:30,902] client.Client<Client:3b034>:OUTPUT: Result of query for ted.com = 34.194.114.8
[2021-12-06 13:55:30,903] client.Client<Client:3b034>:OUTPUT: website : ted.com, time : 33, hop cnt : 5
[2021-12-06 13:55:30,963] client.Client<Client:3b034>:OUTPUT: Result of query for india.com = 54.173.62.149
[2021-12-06 13:55:30,964] client.Client<Client:3b034>:OUTPUT: website : india.com, time : 58, hop cnt : 6
[2021-12-06 13:55:30,986] client.Client<Client:3b034>:OUTPUT: Result of query for mobafire.com = 104.18.20.108
[2021-12-06 13:55:30,986] client.Client<Client:3b034>:OUTPUT: website : mobafire.com, time : 21, hop cnt : 3
[2021-12-06 13:55:31,029] client.Client<Client:3b034>:OUTPUT: Result of query for gumtree.com = 91.211.73.249
[2021-12-06 13:55:31,030] client.Client<Client:3b034>:OUTPUT: website : gumtree.com, time : 40, hop cnt : 4
[2021-12-06 13:55:31,066] client.Client<Client:3b034>:OUTPUT: Result of query for socialblade.com = 172.67.73.48
[2021-12-06 13:55:31,067] client.Client<Client:3b034>:OUTPUT: website : socialblade.com, time : 34, hop cnt : 5
[2021-12-06 13:55:31,111] client.Client<Client:3b034>:OUTPUT: Result of query for thepennyhoarder.com = 104.17.83.11
[2021-12-06 13:55:31,112] client.Client<Client:3b034>:OUTPUT: website : thepennyhoarder.com, time : 42, hop cnt : 5
[2021-12-06 13:55:31,153] client.Client<Client:3b034>:OUTPUT: Result of query for rutube.ru = 185.165.123.77
[2021-12-06 13:55:31,153] client.Client<Client:3b034>:OUTPUT: website : rutube.ru, time : 39, hop cnt : 4
[2021-12-06 13:55:31,213] client.Client<Client:3b034>:OUTPUT: Result of query for abril.com.br = 192.0.66.160
[2021-12-06 13:55:31,214] client.Client<Client:3b034>:OUTPUT: website : abril.com.br, time : 57, hop cnt : 6
[2021-12-06 13:55:31,252] client.Client<Client:3b034>:OUTPUT: Result of query for zhaopin.com = 39.96.126.126
[2021-12-06 13:55:31,253] client.Client<Client:3b034>:OUTPUT: website : zhaopin.com, time : 36, hop cnt : 3
[2021-12-06 13:55:31,298] client.Client<Client:3b034>:OUTPUT: Result of query for oneindia.com = 107.6.113.219
[2021-12-06 13:55:31,299] client.Client<Client:3b034>:OUTPUT: website : oneindia.com, time : 43, hop cnt : 5
[2021-12-06 13:55:31,348] client.Client<Client:3b034>:OUTPUT: Result of query for ebc.net.tw = 13.225.229.108
[2021-12-06 13:55:31,349] client.Client<Client:3b034>:OUTPUT: website : ebc.net.tw, time : 47, hop cnt : 5
[2021-12-06 13:55:31,377] client.Client<Client:3b034>:OUTPUT: Result of query for mejortorrent.com = 176.119.28.2
[2021-12-06 13:55:31,377] client.Client<Client:3b034>:OUTPUT: website : mejortorrent.com, time : 26, hop cnt : 3
[2021-12-06 13:55:31,414] client.Client<Client:3b034>:OUTPUT: Result of query for rarbg.is = 185.37.100.123
[2021-12-06 13:55:31,415] client.Client<Client:3b034>:OUTPUT: website : rarbg.is, time : 34, hop cnt : 5
[2021-12-06 13:55:31,453] client.Client<Client:3b034>:OUTPUT: Result of query for gap.com = 72.246.33.247
[2021-12-06 13:55:31,454] client.Client<Client:3b034>:OUTPUT: website : gap.com, time : 36, hop cnt : 4
[2021-12-06 13:55:31,506] client.Client<Client:3b034>:OUTPUT: Result of query for tim.it = 156.54.0.80
[2021-12-06 13:55:31,507] client.Client<Client:3b034>:OUTPUT: website : tim.it, time : 50, hop cnt : 5
[2021-12-06 13:55:31,536] client.Client<Client:3b034>:OUTPUT: Result of query for voluumtrk.com = 52.216.130.186
[2021-12-06 13:55:31,537] client.Client<Client:3b034>:OUTPUT: website : voluumtrk.com, time : 27, hop cnt : 3
[2021-12-06 13:55:31,583] client.Client<Client:3b034>:OUTPUT: Result of query for w3school.com.cn = 120.55.40.41
[2021-12-06 13:55:31,584] client.Client<Client:3b034>:OUTPUT: website : w3school.com.cn, time : 44, hop cnt : 5
[2021-12-06 13:55:31,658] client.Client<Client:3b034>:OUTPUT: Result of query for istockphoto.com = 13.225.229.3
[2021-12-06 13:55:31,659] client.Client<Client:3b034>:OUTPUT: website : istockphoto.com, time : 72, hop cnt : 7
[2021-12-06 13:55:31,731] client.Client<Client:3b034>:OUTPUT: Result of query for infobae.com = 184.50.232.8
[2021-12-06 13:55:31,732] client.Client<Client:3b034>:OUTPUT: website : infobae.com, time : 70, hop cnt : 6
[2021-12-06 13:55:31,776] client.Client<Client:3b034>:OUTPUT: Result of query for extratorrent.ag = 104.28.22.13
[2021-12-06 13:55:31,777] client.Client<Client:3b034>:OUTPUT: website : extratorrent.ag, time : 42, hop cnt : 5
[2021-12-06 13:55:31,822] client.Client<Client:3b034>:OUTPUT: Result of query for francetvinfo.fr = 193.57.129.9
[2021-12-06 13:55:31,822] client.Client<Client:3b034>:OUTPUT: website : francetvinfo.fr, time : 43, hop cnt : 4
[2021-12-06 13:55:31,882] client.Client<Client:3b034>:OUTPUT: Result of query for mysearch.com = 34.102.244.163
[2021-12-06 13:55:31,883] client.Client<Client:3b034>:OUTPUT: website : mysearch.com, time : 56, hop cnt : 5
[2021-12-06 13:55:31,944] client.Client<Client:3b034>:OUTPUT: Result of query for att.net = 144.160.155.69
[2021-12-06 13:55:31,945] client.Client<Client:3b034>:OUTPUT: website : att.net, time : 60, hop cnt : 5
[2021-12-06 13:55:32,006] client.Client<Client:3b034>:OUTPUT: Result of query for auction.co.kr = 183.111.131.60
[2021-12-06 13:55:32,007] client.Client<Client:3b034>:OUTPUT: website : auction.co.kr, time : 59, hop cnt : 6
[2021-12-06 13:55:32,071] client.Client<Client:3b034>:OUTPUT: Result of query for wetter.com = 18.200.117.225
[2021-12-06 13:55:32,072] client.Client<Client:3b034>:OUTPUT: website : wetter.com, time : 62, hop cnt : 6
[2021-12-06 13:55:32,113] client.Client<Client:3b034>:OUTPUT: Result of query for sfr.fr = 80.125.163.172
[2021-12-06 13:55:32,114] client.Client<Client:3b034>:OUTPUT: website : sfr.fr, time : 37, hop cnt : 3
[2021-12-06 13:55:32,155] client.Client<Client:3b034>:OUTPUT: Result of query for tamilrockers.nu = 103.224.182.250
[2021-12-06 13:55:32,156] client.Client<Client:3b034>:OUTPUT: website : tamilrockers.nu, time : 39, hop cnt : 5
[2021-12-06 13:55:32,178] client.Client<Client:3b034>:OUTPUT: Result of query for wenxuecity.com = 35.190.31.60
[2021-12-06 13:55:32,179] client.Client<Client:3b034>:OUTPUT: website : wenxuecity.com, time : 20, hop cnt : 3
[2021-12-06 13:55:32,212] client.Client<Client:3b034>:OUTPUT: Result of query for edx.org = 13.225.229.18
[2021-12-06 13:55:32,213] client.Client<Client:3b034>:OUTPUT: website : edx.org, time : 31, hop cnt : 5
[2021-12-06 13:55:32,248] client.Client<Client:3b034>:OUTPUT: Result of query for kohls.com = 173.223.236.212
[2021-12-06 13:55:32,249] client.Client<Client:3b034>:OUTPUT: website : kohls.com, time : 30, hop cnt : 3
[2021-12-06 13:55:32,287] client.Client<Client:3b034>:OUTPUT: Result of query for ifeng.com = 123.103.122.24
[2021-12-06 13:55:32,288] client.Client<Client:3b034>:OUTPUT: website : ifeng.com, time : 36, hop cnt : 4
[2021-12-06 13:55:32,329] client.Client<Client:3b034>:OUTPUT: Result of query for ebay.ca = 66.135.196.249
[2021-12-06 13:55:32,330] client.Client<Client:3b034>:OUTPUT: website : ebay.ca, time : 36, hop cnt : 3
[2021-12-06 13:55:32,374] client.Client<Client:3b034>:OUTPUT: Result of query for sfgate.com = 98.129.228.59
[2021-12-06 13:55:32,375] client.Client<Client:3b034>:OUTPUT: website : sfgate.com, time : 42, hop cnt : 5
[2021-12-06 13:55:32,423] client.Client<Client:3b034>:OUTPUT: Result of query for ebates.com = 52.32.23.103
[2021-12-06 13:55:32,423] client.Client<Client:3b034>:OUTPUT: website : ebates.com, time : 45, hop cnt : 5
[2021-12-06 13:55:32,464] client.Client<Client:3b034>:OUTPUT: Result of query for metro.co.uk = 192.0.66.24
[2021-12-06 13:55:32,464] client.Client<Client:3b034>:OUTPUT: website : metro.co.uk, time : 38, hop cnt : 4
[2021-12-06 13:55:32,488] client.Client<Client:3b034>:OUTPUT: Result of query for argaam.com = 34.247.43.140
[2021-12-06 13:55:32,489] client.Client<Client:3b034>:OUTPUT: website : argaam.com, time : 22, hop cnt : 2
[2021-12-06 13:55:32,522] client.Client<Client:3b034>:OUTPUT: Result of query for searchalgo.com = 172.67.208.99
[2021-12-06 13:55:32,523] client.Client<Client:3b034>:OUTPUT: website : searchalgo.com, time : 28, hop cnt : 3
[2021-12-06 13:55:32,559] client.Client<Client:3b034>:OUTPUT: Result of query for jumia.com.ng = 104.17.98.5
[2021-12-06 13:55:32,559] client.Client<Client:3b034>:OUTPUT: website : jumia.com.ng, time : 33, hop cnt : 3
[2021-12-06 13:55:32,614] client.Client<Client:3b034>:OUTPUT: Result of query for eroterest.net = 34.102.136.180
[2021-12-06 13:55:32,615] client.Client<Client:3b034>:OUTPUT: website : eroterest.net, time : 53, hop cnt : 5
[2021-12-06 13:55:32,665] client.Client<Client:3b034>:OUTPUT: Result of query for twoo.com = 77.73.177.139
[2021-12-06 13:55:32,666] client.Client<Client:3b034>:OUTPUT: website : twoo.com, time : 48, hop cnt : 5
[2021-12-06 13:55:32,708] client.Client<Client:3b034>:OUTPUT: Result of query for myanmarload.com = 104.28.25.165
[2021-12-06 13:55:32,708] client.Client<Client:3b034>:OUTPUT: website : myanmarload.com, time : 40, hop cnt : 4
[2021-12-06 13:55:32,751] client.Client<Client:3b034>:OUTPUT: Result of query for aljazeera.net = 13.48.167.20
[2021-12-06 13:55:32,752] client.Client<Client:3b034>:OUTPUT: website : aljazeera.net, time : 40, hop cnt : 4
[2021-12-06 13:55:32,779] client.Client<Client:3b034>:OUTPUT: Result of query for rozetka.com.ua = 78.27.198.40
[2021-12-06 13:55:32,780] client.Client<Client:3b034>:OUTPUT: website : rozetka.com.ua, time : 25, hop cnt : 3
[2021-12-06 13:55:32,844] client.Client<Client:3b034>:OUTPUT: Result of query for dhgate.com = 220.242.169.3
[2021-12-06 13:55:32,844] client.Client<Client:3b034>:OUTPUT: website : dhgate.com, time : 62, hop cnt : 7
[2021-12-06 13:55:32,904] client.Client<Client:3b034>:OUTPUT: Result of query for absoluteclickscom.com = 103.224.212.220
[2021-12-06 13:55:32,905] client.Client<Client:3b034>:OUTPUT: website : absoluteclickscom.com, time : 58, hop cnt : 5
[2021-12-06 13:55:32,939] client.Client<Client:3b034>:OUTPUT: Result of query for 123rf.com = 13.225.229.119
[2021-12-06 13:55:32,940] client.Client<Client:3b034>:OUTPUT: website : 123rf.com, time : 32, hop cnt : 4
[2021-12-06 13:55:32,979] client.Client<Client:3b034>:OUTPUT: Result of query for slate.com = 151.101.2.133
[2021-12-06 13:55:32,980] client.Client<Client:3b034>:OUTPUT: website : slate.com, time : 37, hop cnt : 5
[2021-12-06 13:55:33,019] client.Client<Client:3b034>:OUTPUT: Result of query for skyscanner.net = 13.248.155.102
[2021-12-06 13:55:33,020] client.Client<Client:3b034>:OUTPUT: website : skyscanner.net, time : 36, hop cnt : 4
[2021-12-06 13:55:33,067] client.Client<Client:3b034>:OUTPUT: Result of query for gosuslugi.ru = 109.207.1.97
[2021-12-06 13:55:33,068] client.Client<Client:3b034>:OUTPUT: website : gosuslugi.ru, time : 43, hop cnt : 5
[2021-12-06 13:55:33,118] client.Client<Client:3b034>:OUTPUT: Result of query for filmweb.pl = 193.200.227.13
[2021-12-06 13:55:33,119] client.Client<Client:3b034>:OUTPUT: website : filmweb.pl, time : 48, hop cnt : 6
[2021-12-06 13:55:33,156] client.Client<Client:3b034>:OUTPUT: Result of query for cookpad.com = 151.101.66.2
[2021-12-06 13:55:33,157] client.Client<Client:3b034>:OUTPUT: website : cookpad.com, time : 35, hop cnt : 4
[2021-12-06 13:55:33,187] client.Client<Client:3b034>:OUTPUT: Result of query for tripadvisor.co.uk = 192.229.189.15
[2021-12-06 13:55:33,188] client.Client<Client:3b034>:OUTPUT: website : tripadvisor.co.uk, time : 28, hop cnt : 3
[2021-12-06 13:55:33,242] client.Client<Client:3b034>:OUTPUT: Result of query for opensubtitles.org = 104.26.8.126
[2021-12-06 13:55:33,242] client.Client<Client:3b034>:OUTPUT: website : opensubtitles.org, time : 52, hop cnt : 6
[2021-12-06 13:55:33,267] client.Client<Client:3b034>:OUTPUT: Result of query for efrable.info = 103.224.212.219
[2021-12-06 13:55:33,268] client.Client<Client:3b034>:OUTPUT: website : efrable.info, time : 22, hop cnt : 2
[2021-12-06 13:55:33,320] client.Client<Client:3b034>:OUTPUT: Result of query for gittigidiyor.com = 93.187.67.10
[2021-12-06 13:55:33,321] client.Client<Client:3b034>:OUTPUT: website : gittigidiyor.com, time : 50, hop cnt : 5
[2021-12-06 13:55:33,374] client.Client<Client:3b034>:OUTPUT: Result of query for pelisplus.tv = 162.213.253.83
[2021-12-06 13:55:33,375] client.Client<Client:3b034>:OUTPUT: website : pelisplus.tv, time : 49, hop cnt : 6
[2021-12-06 13:55:33,418] client.Client<Client:3b034>:OUTPUT: Result of query for onclickads.net = 194.187.98.144
[2021-12-06 13:55:33,419] client.Client<Client:3b034>:OUTPUT: website : onclickads.net, time : 41, hop cnt : 5
[2021-12-06 13:55:33,471] client.Client<Client:3b034>:OUTPUT: Result of query for bomb01.com = 104.28.2.61
[2021-12-06 13:55:33,472] client.Client<Client:3b034>:OUTPUT: website : bomb01.com, time : 51, hop cnt : 5
[2021-12-06 13:55:33,520] client.Client<Client:3b034>:OUTPUT: Result of query for nuvid.com = 88.208.39.131
[2021-12-06 13:55:33,521] client.Client<Client:3b034>:OUTPUT: website : nuvid.com, time : 46, hop cnt : 4
[2021-12-06 13:55:33,544] client.Client<Client:3b034>:OUTPUT: Result of query for change.org = 104.17.89.51
[2021-12-06 13:55:33,545] client.Client<Client:3b034>:OUTPUT: website : change.org, time : 20, hop cnt : 2
[2021-12-06 13:55:33,582] client.Client<Client:3b034>:OUTPUT: Result of query for gazeta.ru = 81.19.72.0
[2021-12-06 13:55:33,582] client.Client<Client:3b034>:OUTPUT: website : gazeta.ru, time : 35, hop cnt : 3
[2021-12-06 13:55:33,645] client.Client<Client:3b034>:OUTPUT: Result of query for fotostrana.ru = 185.5.72.32
[2021-12-06 13:55:33,646] client.Client<Client:3b034>:OUTPUT: website : fotostrana.ru, time : 60, hop cnt : 7
[2021-12-06 13:55:33,689] client.Client<Client:3b034>:OUTPUT: Result of query for 1fichier.com = 5.39.224.140
[2021-12-06 13:55:33,690] client.Client<Client:3b034>:OUTPUT: website : 1fichier.com, time : 41, hop cnt : 5
[2021-12-06 13:55:33,729] client.Client<Client:3b034>:OUTPUT: Result of query for icims.com = 52.207.139.125
[2021-12-06 13:55:33,730] client.Client<Client:3b034>:OUTPUT: website : icims.com, time : 37, hop cnt : 5
[2021-12-06 15:05:45,174] mainb.Node_<Node_:52001>:OUTPUT: Total collison by the hash function:  0
[2021-12-06 15:05:45,262] mainb.Node_<Node_:52001>:OUTPUT: Hash values for all the nodes in sorted order:  [782532212252643867, 1665023300273091178, 1740702661477313497, 1828779157090999655, 2110605396380328856, 2908050279146107215, 2958318557185519763, 3292076830907831716, 3430076344652359136, 3615886782080523311, 4326835427371665963, 4906586938630174609, 4909080084250153911, 5018847396611099112, 5184872856487464867, 5344065309175026216, 7125200407860034733, 7556614490077160314, 8516368273718650933, 8750813613404173573, 8864797185579191887, 9226587074401396876, 9318282389264785766, 9592930706274540904, 9740489907718264934, 9748348703686009505, 11039909351403132588, 11497628319473658379, 11655394485892068434, 11806246833366416571, 12731761920176916991, 12911519838983023314, 13606368842552633094, 14060035293145940045, 14280504160671328636, 14327509990939386144, 14481306797763002241, 14571274943229479698, 14783133988717465709, 14915158239224944790, 15041712249789323654, 15070483969858333904, 15182646072411773078, 16286339839434539706, 16663919443596429630, 16770827160712637904, 17009442217070670372, 17640721746789890102, 17918281291433482753, 18293974171522630146]
[2021-12-06 15:06:04,445] client.Client<Client:22034>:OUTPUT: <Client:22034>  has been started.
[2021-12-06 15:06:04,519] client.Client<Client:22034>:OUTPUT: Result of query for google.com = 142.250.64.78
[2021-12-06 15:06:04,520] client.Client<Client:22034>:OUTPUT: website : google.com, time : 73, hop cnt : 6
[2021-12-06 15:06:04,566] client.Client<Client:22034>:OUTPUT: Result of query for youtube.com = 172.217.12.142
[2021-12-06 15:06:04,567] client.Client<Client:22034>:OUTPUT: website : youtube.com, time : 44, hop cnt : 4
[2021-12-06 15:06:04,615] client.Client<Client:22034>:OUTPUT: Result of query for facebook.com = 31.13.71.36
[2021-12-06 15:06:04,616] client.Client<Client:22034>:OUTPUT: website : facebook.com, time : 46, hop cnt : 4
[2021-12-06 15:06:04,684] client.Client<Client:22034>:OUTPUT: Result of query for baidu.com = 220.181.38.148
[2021-12-06 15:06:04,684] client.Client<Client:22034>:OUTPUT: website : baidu.com, time : 66, hop cnt : 4
[2021-12-06 15:06:04,736] client.Client<Client:22034>:OUTPUT: Result of query for wikipedia.org = 208.80.154.224
[2021-12-06 15:06:04,736] client.Client<Client:22034>:OUTPUT: website : wikipedia.org, time : 48, hop cnt : 4
[2021-12-06 15:06:04,797] client.Client<Client:22034>:OUTPUT: Result of query for yahoo.com = 74.6.231.21
[2021-12-06 15:06:04,798] client.Client<Client:22034>:OUTPUT: website : yahoo.com, time : 59, hop cnt : 5
[2021-12-06 15:06:04,857] client.Client<Client:22034>:OUTPUT: Result of query for google.co.in = 172.217.12.131
[2021-12-06 15:06:04,858] client.Client<Client:22034>:OUTPUT: website : google.co.in, time : 57, hop cnt : 5
[2021-12-06 15:06:04,900] client.Client<Client:22034>:OUTPUT: Result of query for reddit.com = 151.101.1.140
[2021-12-06 15:06:04,901] client.Client<Client:22034>:OUTPUT: website : reddit.com, time : 39, hop cnt : 4
[2021-12-06 15:06:04,973] client.Client<Client:22034>:OUTPUT: Result of query for qq.com = 58.250.137.36
[2021-12-06 15:06:04,973] client.Client<Client:22034>:OUTPUT: website : qq.com, time : 70, hop cnt : 7
[2021-12-06 15:06:05,045] client.Client<Client:22034>:OUTPUT: Result of query for amazon.com = 205.251.242.103
[2021-12-06 15:06:05,046] client.Client<Client:22034>:OUTPUT: website : amazon.com, time : 69, hop cnt : 6
[2021-12-06 15:06:05,128] client.Client<Client:22034>:OUTPUT: Result of query for taobao.com = 140.205.220.96
[2021-12-06 15:06:05,129] client.Client<Client:22034>:OUTPUT: website : taobao.com, time : 80, hop cnt : 6
[2021-12-06 15:06:05,180] client.Client<Client:22034>:OUTPUT: Result of query for twitter.com = 104.244.42.193
[2021-12-06 15:06:05,181] client.Client<Client:22034>:OUTPUT: website : twitter.com, time : 49, hop cnt : 4
[2021-12-06 15:06:05,252] client.Client<Client:22034>:OUTPUT: Result of query for tmall.com = 140.205.94.193
[2021-12-06 15:06:05,253] client.Client<Client:22034>:OUTPUT: website : tmall.com, time : 68, hop cnt : 6
[2021-12-06 15:06:05,322] client.Client<Client:22034>:OUTPUT: Result of query for google.co.jp = 142.250.64.99
[2021-12-06 15:06:05,323] client.Client<Client:22034>:OUTPUT: website : google.co.jp, time : 67, hop cnt : 6
[2021-12-06 15:06:05,401] client.Client<Client:22034>:OUTPUT: Result of query for live.com = 204.79.197.212
[2021-12-06 15:06:05,402] client.Client<Client:22034>:OUTPUT: website : live.com, time : 76, hop cnt : 6
[2021-12-06 15:06:05,474] client.Client<Client:22034>:OUTPUT: Result of query for vk.com = 93.186.225.208
[2021-12-06 15:06:05,475] client.Client<Client:22034>:OUTPUT: website : vk.com, time : 70, hop cnt : 5
[2021-12-06 15:06:05,521] client.Client<Client:22034>:OUTPUT: Result of query for instagram.com = 3.216.253.146
[2021-12-06 15:06:05,521] client.Client<Client:22034>:OUTPUT: website : instagram.com, time : 44, hop cnt : 4
[2021-12-06 15:06:05,557] client.Client<Client:22034>:OUTPUT: Result of query for sohu.com = 211.159.191.18
[2021-12-06 15:06:05,557] client.Client<Client:22034>:OUTPUT: website : sohu.com, time : 33, hop cnt : 4
[2021-12-06 15:06:05,631] client.Client<Client:22034>:OUTPUT: Result of query for sina.com.cn = 123.126.45.205
[2021-12-06 15:06:05,632] client.Client<Client:22034>:OUTPUT: website : sina.com.cn, time : 71, hop cnt : 6
[2021-12-06 15:06:05,687] client.Client<Client:22034>:OUTPUT: Result of query for jd.com = 111.13.149.108
[2021-12-06 15:06:05,688] client.Client<Client:22034>:OUTPUT: website : jd.com, time : 53, hop cnt : 5
[2021-12-06 15:06:05,736] client.Client<Client:22034>:OUTPUT: Result of query for weibo.com = 47.254.92.5
[2021-12-06 15:06:05,737] client.Client<Client:22034>:OUTPUT: website : weibo.com, time : 45, hop cnt : 4
[2021-12-06 15:06:05,768] client.Client<Client:22034>:OUTPUT: Result of query for 360.cn = 36.99.170.84
[2021-12-06 15:06:05,769] client.Client<Client:22034>:OUTPUT: website : 360.cn, time : 25, hop cnt : 3
[2021-12-06 15:06:05,798] client.Client<Client:22034>:OUTPUT: Result of query for google.de = 172.217.165.131
[2021-12-06 15:06:05,799] client.Client<Client:22034>:OUTPUT: website : google.de, time : 27, hop cnt : 3
[2021-12-06 15:06:05,842] client.Client<Client:22034>:OUTPUT: Result of query for google.co.uk = 172.217.10.67
[2021-12-06 15:06:05,843] client.Client<Client:22034>:OUTPUT: website : google.co.uk, time : 41, hop cnt : 4
[2021-12-06 15:06:05,883] client.Client<Client:22034>:OUTPUT: Result of query for linkedin.com = 108.174.10.10
[2021-12-06 15:06:05,883] client.Client<Client:22034>:OUTPUT: website : linkedin.com, time : 37, hop cnt : 5
[2021-12-06 15:06:05,946] client.Client<Client:22034>:OUTPUT: Result of query for google.com.br = 172.217.12.163
[2021-12-06 15:06:05,946] client.Client<Client:22034>:OUTPUT: website : google.com.br, time : 59, hop cnt : 5
[2021-12-06 15:06:05,971] client.Client<Client:22034>:OUTPUT: Result of query for google.fr = 172.217.10.131
[2021-12-06 15:06:05,972] client.Client<Client:22034>:OUTPUT: website : google.fr, time : 22, hop cnt : 3
[2021-12-06 15:06:06,017] client.Client<Client:22034>:OUTPUT: Result of query for google.ru = 172.217.10.35
[2021-12-06 15:06:06,018] client.Client<Client:22034>:OUTPUT: website : google.ru, time : 42, hop cnt : 4
[2021-12-06 15:06:06,069] client.Client<Client:22034>:OUTPUT: Result of query for yandex.ru = 5.255.255.60
[2021-12-06 15:06:06,070] client.Client<Client:22034>:OUTPUT: website : yandex.ru, time : 49, hop cnt : 5
[2021-12-06 15:06:06,131] client.Client<Client:22034>:OUTPUT: Result of query for netflix.com = 107.21.29.216
[2021-12-06 15:06:06,132] client.Client<Client:22034>:OUTPUT: website : netflix.com, time : 58, hop cnt : 4
[2021-12-06 15:06:06,176] client.Client<Client:22034>:OUTPUT: Result of query for google.com.hk = 172.217.165.131
[2021-12-06 15:06:06,177] client.Client<Client:22034>:OUTPUT: website : google.com.hk, time : 41, hop cnt : 4
[2021-12-06 15:06:06,215] client.Client<Client:22034>:OUTPUT: Result of query for yahoo.co.jp = 183.79.135.206
[2021-12-06 15:06:06,216] client.Client<Client:22034>:OUTPUT: website : yahoo.co.jp, time : 36, hop cnt : 3
[2021-12-06 15:06:06,268] client.Client<Client:22034>:OUTPUT: Result of query for google.it = 142.250.64.99
[2021-12-06 15:06:06,269] client.Client<Client:22034>:OUTPUT: website : google.it, time : 49, hop cnt : 4
[2021-12-06 15:06:06,328] client.Client<Client:22034>:OUTPUT: Result of query for ebay.com = 66.135.195.175
[2021-12-06 15:06:06,328] client.Client<Client:22034>:OUTPUT: website : ebay.com, time : 57, hop cnt : 6
[2021-12-06 15:06:06,402] client.Client<Client:22034>:OUTPUT: Result of query for google.es = 172.217.12.131
[2021-12-06 15:06:06,402] client.Client<Client:22034>:OUTPUT: website : google.es, time : 69, hop cnt : 6
[2021-12-06 15:06:06,448] client.Client<Client:22034>:OUTPUT: Result of query for pornhub.com = 66.254.114.41
[2021-12-06 15:06:06,448] client.Client<Client:22034>:OUTPUT: website : pornhub.com, time : 43, hop cnt : 5
[2021-12-06 15:06:06,487] client.Client<Client:22034>:OUTPUT: Result of query for imgur.com = 151.101.20.193
[2021-12-06 15:06:06,488] client.Client<Client:22034>:OUTPUT: website : imgur.com, time : 36, hop cnt : 4
[2021-12-06 15:06:06,528] client.Client<Client:22034>:OUTPUT: Result of query for bing.com = 13.107.21.200
[2021-12-06 15:06:06,529] client.Client<Client:22034>:OUTPUT: website : bing.com, time : 38, hop cnt : 4
[2021-12-06 15:06:06,586] client.Client<Client:22034>:OUTPUT: Result of query for msn.com = 13.82.28.61
[2021-12-06 15:06:06,587] client.Client<Client:22034>:OUTPUT: website : msn.com, time : 55, hop cnt : 4
[2021-12-06 15:06:06,640] client.Client<Client:22034>:OUTPUT: Result of query for onclkds.com = 139.45.196.76
[2021-12-06 15:06:06,641] client.Client<Client:22034>:OUTPUT: website : onclkds.com, time : 49, hop cnt : 5
[2021-12-06 15:06:06,700] client.Client<Client:22034>:OUTPUT: Result of query for twitch.tv = 151.101.194.167
[2021-12-06 15:06:06,701] client.Client<Client:22034>:OUTPUT: website : twitch.tv, time : 58, hop cnt : 6
[2021-12-06 15:06:06,746] client.Client<Client:22034>:OUTPUT: Result of query for google.com.mx = 142.250.80.3
[2021-12-06 15:06:06,747] client.Client<Client:22034>:OUTPUT: website : google.com.mx, time : 42, hop cnt : 5
[2021-12-06 15:06:06,822] client.Client<Client:22034>:OUTPUT: Result of query for google.ca = 172.217.165.131
[2021-12-06 15:06:06,823] client.Client<Client:22034>:OUTPUT: website : google.ca, time : 72, hop cnt : 7
[2021-12-06 15:06:06,863] client.Client<Client:22034>:OUTPUT: Result of query for tumblr.com = 74.114.154.17
[2021-12-06 15:06:06,864] client.Client<Client:22034>:OUTPUT: website : tumblr.com, time : 37, hop cnt : 4
[2021-12-06 15:06:06,930] client.Client<Client:22034>:OUTPUT: Result of query for gmw.cn = 123.56.255.157
[2021-12-06 15:06:06,930] client.Client<Client:22034>:OUTPUT: website : gmw.cn, time : 62, hop cnt : 5
[2021-12-06 15:06:06,986] client.Client<Client:22034>:OUTPUT: Result of query for alipay.com = 110.75.129.5
[2021-12-06 15:06:06,987] client.Client<Client:22034>:OUTPUT: website : alipay.com, time : 53, hop cnt : 4
[2021-12-06 15:06:07,045] client.Client<Client:22034>:OUTPUT: Result of query for livejasmin.com = 109.71.161.200
[2021-12-06 15:06:07,046] client.Client<Client:22034>:OUTPUT: website : livejasmin.com, time : 54, hop cnt : 4
[2021-12-06 15:06:07,106] client.Client<Client:22034>:OUTPUT: Result of query for xvideos.com = 185.88.181.7
[2021-12-06 15:06:07,107] client.Client<Client:22034>:OUTPUT: website : xvideos.com, time : 59, hop cnt : 4
[2021-12-06 15:06:07,144] client.Client<Client:22034>:OUTPUT: Result of query for mail.ru = 217.69.139.202
[2021-12-06 15:06:07,144] client.Client<Client:22034>:OUTPUT: website : mail.ru, time : 35, hop cnt : 4
[2021-12-06 15:06:07,186] client.Client<Client:22034>:OUTPUT: Result of query for microsoft.com = 104.215.148.63
[2021-12-06 15:06:07,187] client.Client<Client:22034>:OUTPUT: website : microsoft.com, time : 39, hop cnt : 3
[2021-12-06 15:06:07,240] client.Client<Client:22034>:OUTPUT: Result of query for ok.ru = 217.20.147.1
[2021-12-06 15:06:07,240] client.Client<Client:22034>:OUTPUT: website : ok.ru, time : 49, hop cnt : 5
[2021-12-06 15:06:07,297] client.Client<Client:22034>:OUTPUT: Result of query for aliexpress.com = 198.11.132.250
[2021-12-06 15:06:07,298] client.Client<Client:22034>:OUTPUT: website : aliexpress.com, time : 55, hop cnt : 4
[2021-12-06 15:06:07,355] client.Client<Client:22034>:OUTPUT: Result of query for wordpress.com = 192.0.78.9
[2021-12-06 15:06:07,355] client.Client<Client:22034>:OUTPUT: website : wordpress.com, time : 55, hop cnt : 5
[2021-12-06 15:06:07,407] client.Client<Client:22034>:OUTPUT: Result of query for stackoverflow.com = 151.101.65.69
[2021-12-06 15:06:07,408] client.Client<Client:22034>:OUTPUT: website : stackoverflow.com, time : 49, hop cnt : 6
[2021-12-06 15:06:07,438] client.Client<Client:22034>:OUTPUT: Result of query for imdb.com = 52.94.237.74
[2021-12-06 15:06:07,439] client.Client<Client:22034>:OUTPUT: website : imdb.com, time : 28, hop cnt : 3
[2021-12-06 15:06:07,472] client.Client<Client:22034>:OUTPUT: Result of query for github.com = 140.82.113.3
[2021-12-06 15:06:07,473] client.Client<Client:22034>:OUTPUT: website : github.com, time : 31, hop cnt : 4
[2021-12-06 15:06:07,536] client.Client<Client:22034>:OUTPUT: Result of query for amazon.co.jp = 52.119.164.121
[2021-12-06 15:06:07,537] client.Client<Client:22034>:OUTPUT: website : amazon.co.jp, time : 61, hop cnt : 6
[2021-12-06 15:06:07,580] client.Client<Client:22034>:OUTPUT: Result of query for pinterest.com = 151.101.0.84
[2021-12-06 15:06:07,581] client.Client<Client:22034>:OUTPUT: website : pinterest.com, time : 39, hop cnt : 4
[2021-12-06 15:06:07,633] client.Client<Client:22034>:OUTPUT: Result of query for csdn.net = 47.95.164.112
[2021-12-06 15:06:07,634] client.Client<Client:22034>:OUTPUT: website : csdn.net, time : 51, hop cnt : 5
[2021-12-06 15:06:07,689] client.Client<Client:22034>:OUTPUT: Result of query for wikia.com = 151.101.128.194
[2021-12-06 15:06:07,690] client.Client<Client:22034>:OUTPUT: website : wikia.com, time : 53, hop cnt : 6
[2021-12-06 15:06:07,740] client.Client<Client:22034>:OUTPUT: Result of query for apple.com = 17.253.144.10
[2021-12-06 15:06:07,741] client.Client<Client:22034>:OUTPUT: website : apple.com, time : 47, hop cnt : 5
[2021-12-06 15:06:07,807] client.Client<Client:22034>:OUTPUT: Result of query for google.com.tr = 142.250.64.99
[2021-12-06 15:06:07,808] client.Client<Client:22034>:OUTPUT: website : google.com.tr, time : 64, hop cnt : 5
[2021-12-06 15:06:07,849] client.Client<Client:22034>:OUTPUT: Result of query for popads.net = 216.21.13.12
[2021-12-06 15:06:07,850] client.Client<Client:22034>:OUTPUT: website : popads.net, time : 39, hop cnt : 4
[2021-12-06 15:06:07,880] client.Client<Client:22034>:OUTPUT: Result of query for youth.cn = 123.103.5.94
[2021-12-06 15:06:07,881] client.Client<Client:22034>:OUTPUT: website : youth.cn, time : 28, hop cnt : 4
[2021-12-06 15:06:07,940] client.Client<Client:22034>:OUTPUT: Result of query for bongacams.com = 104.18.2.244
[2021-12-06 15:06:07,940] client.Client<Client:22034>:OUTPUT: website : bongacams.com, time : 57, hop cnt : 4
[2021-12-06 15:06:07,978] client.Client<Client:22034>:OUTPUT: Result of query for paypal.com = 64.4.250.36
[2021-12-06 15:06:07,978] client.Client<Client:22034>:OUTPUT: website : paypal.com, time : 33, hop cnt : 3
[2021-12-06 15:06:08,034] client.Client<Client:22034>:OUTPUT: Result of query for microsoftonline.com = 40.84.199.233
[2021-12-06 15:06:08,034] client.Client<Client:22034>:OUTPUT: website : microsoftonline.com, time : 53, hop cnt : 5
[2021-12-06 15:06:08,096] client.Client<Client:22034>:OUTPUT: Result of query for google.com.tw = 172.217.11.35
[2021-12-06 15:06:08,097] client.Client<Client:22034>:OUTPUT: website : google.com.tw, time : 59, hop cnt : 6
[2021-12-06 15:06:08,143] client.Client<Client:22034>:OUTPUT: Result of query for google.com.au = 142.250.64.99
[2021-12-06 15:06:08,143] client.Client<Client:22034>:OUTPUT: website : google.com.au, time : 44, hop cnt : 4
[2021-12-06 15:06:08,199] client.Client<Client:22034>:OUTPUT: Result of query for whatsapp.com = 31.13.66.56
[2021-12-06 15:06:08,199] client.Client<Client:22034>:OUTPUT: website : whatsapp.com, time : 53, hop cnt : 6
[2021-12-06 15:06:08,279] client.Client<Client:22034>:OUTPUT: Result of query for google.pl = 172.217.10.67
[2021-12-06 15:06:08,280] client.Client<Client:22034>:OUTPUT: website : google.pl, time : 77, hop cnt : 6
[2021-12-06 15:06:08,322] client.Client<Client:22034>:OUTPUT: Result of query for xhamster.com = 104.18.156.3
[2021-12-06 15:06:08,323] client.Client<Client:22034>:OUTPUT: website : xhamster.com, time : 39, hop cnt : 5
[2021-12-06 15:06:08,375] client.Client<Client:22034>:OUTPUT: Result of query for diply.com = 151.101.193.131
[2021-12-06 15:06:08,376] client.Client<Client:22034>:OUTPUT: website : diply.com, time : 50, hop cnt : 6
[2021-12-06 15:06:08,417] client.Client<Client:22034>:OUTPUT: Result of query for google.co.id = 172.217.10.67
[2021-12-06 15:06:08,418] client.Client<Client:22034>:OUTPUT: website : google.co.id, time : 39, hop cnt : 4
[2021-12-06 15:06:08,469] client.Client<Client:22034>:OUTPUT: Result of query for adobe.com = 193.104.215.58
[2021-12-06 15:06:08,470] client.Client<Client:22034>:OUTPUT: website : adobe.com, time : 50, hop cnt : 5
[2021-12-06 15:06:08,529] client.Client<Client:22034>:OUTPUT: Result of query for coccoc.com = 123.30.175.29
[2021-12-06 15:06:08,530] client.Client<Client:22034>:OUTPUT: website : coccoc.com, time : 56, hop cnt : 6
[2021-12-06 15:06:08,583] client.Client<Client:22034>:OUTPUT: Result of query for craigslist.org = 208.82.237.129
[2021-12-06 15:06:08,584] client.Client<Client:22034>:OUTPUT: website : craigslist.org, time : 51, hop cnt : 5
[2021-12-06 15:06:08,630] client.Client<Client:22034>:OUTPUT: Result of query for txxx.com = 172.64.142.14
[2021-12-06 15:06:08,631] client.Client<Client:22034>:OUTPUT: website : txxx.com, time : 45, hop cnt : 5
[2021-12-06 15:06:08,704] client.Client<Client:22034>:OUTPUT: Result of query for dropbox.com = 162.125.248.1
[2021-12-06 15:06:08,705] client.Client<Client:22034>:OUTPUT: website : dropbox.com, time : 69, hop cnt : 5
[2021-12-06 15:06:08,749] client.Client<Client:22034>:OUTPUT: Result of query for amazon.de = 52.95.120.34
[2021-12-06 15:06:08,750] client.Client<Client:22034>:OUTPUT: website : amazon.de, time : 41, hop cnt : 5
[2021-12-06 15:06:08,789] client.Client<Client:22034>:OUTPUT: Result of query for google.com.ar = 172.217.12.195
[2021-12-06 15:06:08,790] client.Client<Client:22034>:OUTPUT: website : google.com.ar, time : 37, hop cnt : 4
[2021-12-06 15:06:08,821] client.Client<Client:22034>:OUTPUT: Result of query for amazon.in = 54.239.33.92
[2021-12-06 15:06:08,822] client.Client<Client:22034>:OUTPUT: website : amazon.in, time : 29, hop cnt : 3
[2021-12-06 15:06:08,860] client.Client<Client:22034>:OUTPUT: Result of query for google.com.pk = 142.250.80.3
[2021-12-06 15:06:08,860] client.Client<Client:22034>:OUTPUT: website : google.com.pk, time : 35, hop cnt : 4
[2021-12-06 15:06:08,911] client.Client<Client:22034>:OUTPUT: Result of query for booking.com = 5.57.16.220
[2021-12-06 15:06:08,911] client.Client<Client:22034>:OUTPUT: website : booking.com, time : 48, hop cnt : 5
[2021-12-06 15:06:08,957] client.Client<Client:22034>:OUTPUT: Result of query for google.co.th = 172.217.10.227
[2021-12-06 15:06:08,958] client.Client<Client:22034>:OUTPUT: website : google.co.th, time : 44, hop cnt : 5
[2021-12-06 15:06:09,011] client.Client<Client:22034>:OUTPUT: Result of query for tianya.cn = 124.225.65.154
[2021-12-06 15:06:09,012] client.Client<Client:22034>:OUTPUT: website : tianya.cn, time : 51, hop cnt : 5
[2021-12-06 15:06:09,059] client.Client<Client:22034>:OUTPUT: Result of query for google.com.eg = 172.217.10.35
[2021-12-06 15:06:09,060] client.Client<Client:22034>:OUTPUT: website : google.com.eg, time : 45, hop cnt : 5
[2021-12-06 15:06:09,095] client.Client<Client:22034>:OUTPUT: Result of query for china.com = 103.254.188.41
[2021-12-06 15:06:09,096] client.Client<Client:22034>:OUTPUT: website : china.com, time : 32, hop cnt : 4
[2021-12-06 15:06:09,140] client.Client<Client:22034>:OUTPUT: Result of query for bbc.co.uk = 151.101.0.81
[2021-12-06 15:06:09,141] client.Client<Client:22034>:OUTPUT: website : bbc.co.uk, time : 42, hop cnt : 5
[2021-12-06 15:06:09,194] client.Client<Client:22034>:OUTPUT: Result of query for google.com.sa = 172.217.12.163
[2021-12-06 15:06:09,195] client.Client<Client:22034>:OUTPUT: website : google.com.sa, time : 51, hop cnt : 5
[2021-12-06 15:06:09,232] client.Client<Client:22034>:OUTPUT: Result of query for savefrom.net = 51.159.57.133
[2021-12-06 15:06:09,233] client.Client<Client:22034>:OUTPUT: website : savefrom.net, time : 35, hop cnt : 5
[2021-12-06 15:06:09,272] client.Client<Client:22034>:OUTPUT: Result of query for amazon.co.uk = 54.239.34.171
[2021-12-06 15:06:09,273] client.Client<Client:22034>:OUTPUT: website : amazon.co.uk, time : 39, hop cnt : 5
[2021-12-06 15:06:09,303] client.Client<Client:22034>:OUTPUT: Result of query for bbc.com = 151.101.0.81
[2021-12-06 15:06:09,304] client.Client<Client:22034>:OUTPUT: website : bbc.com, time : 27, hop cnt : 3
[2021-12-06 15:06:09,353] client.Client<Client:22034>:OUTPUT: Result of query for fc2.com = 199.48.210.151
[2021-12-06 15:06:09,353] client.Client<Client:22034>:OUTPUT: website : fc2.com, time : 47, hop cnt : 6
[2021-12-06 15:06:09,405] client.Client<Client:22034>:OUTPUT: Result of query for mozilla.org = 44.236.48.31
[2021-12-06 15:06:09,406] client.Client<Client:22034>:OUTPUT: website : mozilla.org, time : 50, hop cnt : 6
[2021-12-06 15:06:09,449] client.Client<Client:22034>:OUTPUT: Result of query for rakuten.co.jp = 133.237.16.234
[2021-12-06 15:06:09,450] client.Client<Client:22034>:OUTPUT: website : rakuten.co.jp, time : 41, hop cnt : 5
[2021-12-06 15:06:09,489] client.Client<Client:22034>:OUTPUT: Result of query for uptodown.com = 23.54.188.103
[2021-12-06 15:06:09,490] client.Client<Client:22034>:OUTPUT: website : uptodown.com, time : 37, hop cnt : 4
[2021-12-06 15:06:09,526] client.Client<Client:22034>:OUTPUT: Result of query for cnn.com = 151.101.129.67
[2021-12-06 15:06:09,527] client.Client<Client:22034>:OUTPUT: website : cnn.com, time : 34, hop cnt : 4
[2021-12-06 15:06:09,581] client.Client<Client:22034>:OUTPUT: Result of query for soundcloud.com = 13.225.229.67
[2021-12-06 15:06:09,582] client.Client<Client:22034>:OUTPUT: website : soundcloud.com, time : 52, hop cnt : 5
[2021-12-06 15:06:09,652] client.Client<Client:22034>:OUTPUT: Result of query for google.com.ua = 172.217.7.3
[2021-12-06 15:06:09,652] client.Client<Client:22034>:OUTPUT: website : google.com.ua, time : 67, hop cnt : 6
[2021-12-06 15:06:09,707] client.Client<Client:22034>:OUTPUT: Result of query for quora.com = 34.237.36.29
[2021-12-06 15:06:09,708] client.Client<Client:22034>:OUTPUT: website : quora.com, time : 51, hop cnt : 4
[2021-12-06 15:06:09,735] client.Client<Client:22034>:OUTPUT: Result of query for amazonaws.com = 72.21.210.29
[2021-12-06 15:06:09,736] client.Client<Client:22034>:OUTPUT: website : amazonaws.com, time : 24, hop cnt : 3
[2021-12-06 15:06:09,780] client.Client<Client:22034>:OUTPUT: Result of query for ask.com = 199.232.66.114
[2021-12-06 15:06:09,781] client.Client<Client:22034>:OUTPUT: website : ask.com, time : 38, hop cnt : 4
[2021-12-06 15:06:09,829] client.Client<Client:22034>:OUTPUT: Result of query for clicksgear.com = 192.243.59.12
[2021-12-06 15:06:09,830] client.Client<Client:22034>:OUTPUT: website : clicksgear.com, time : 47, hop cnt : 5
[2021-12-06 15:06:09,887] client.Client<Client:22034>:OUTPUT: Result of query for xnxx.com = 185.88.181.60
[2021-12-06 15:06:09,888] client.Client<Client:22034>:OUTPUT: website : xnxx.com, time : 54, hop cnt : 6
[2021-12-06 15:06:09,935] client.Client<Client:22034>:OUTPUT: Result of query for google.nl = 172.217.11.3
[2021-12-06 15:06:09,936] client.Client<Client:22034>:OUTPUT: website : google.nl, time : 45, hop cnt : 5
[2021-12-06 15:06:09,974] client.Client<Client:22034>:OUTPUT: Result of query for nytimes.com = 151.101.65.164
[2021-12-06 15:06:09,975] client.Client<Client:22034>:OUTPUT: website : nytimes.com, time : 35, hop cnt : 4
[2021-12-06 15:06:10,018] client.Client<Client:22034>:OUTPUT: Result of query for naver.com = 125.209.222.141
[2021-12-06 15:06:10,018] client.Client<Client:22034>:OUTPUT: website : naver.com, time : 41, hop cnt : 4
[2021-12-06 15:06:10,091] client.Client<Client:22034>:OUTPUT: Result of query for ettoday.net = 219.85.79.131
[2021-12-06 15:06:10,092] client.Client<Client:22034>:OUTPUT: website : ettoday.net, time : 69, hop cnt : 6
[2021-12-06 15:06:10,139] client.Client<Client:22034>:OUTPUT: Result of query for adf.ly = 104.20.81.199
[2021-12-06 15:06:10,140] client.Client<Client:22034>:OUTPUT: website : adf.ly, time : 44, hop cnt : 5
[2021-12-06 15:06:10,182] client.Client<Client:22034>:OUTPUT: Result of query for dailymotion.com = 195.8.215.136
[2021-12-06 15:06:10,183] client.Client<Client:22034>:OUTPUT: website : dailymotion.com, time : 40, hop cnt : 5
[2021-12-06 15:06:10,241] client.Client<Client:22034>:OUTPUT: Result of query for google.co.za = 172.217.11.3
[2021-12-06 15:06:10,242] client.Client<Client:22034>:OUTPUT: website : google.co.za, time : 57, hop cnt : 6
[2021-12-06 15:06:10,278] client.Client<Client:22034>:OUTPUT: Result of query for steamcommunity.com = 23.192.34.24
[2021-12-06 15:06:10,278] client.Client<Client:22034>:OUTPUT: website : steamcommunity.com, time : 33, hop cnt : 3
[2021-12-06 15:06:10,328] client.Client<Client:22034>:OUTPUT: Result of query for google.co.ve = 172.217.11.3
[2021-12-06 15:06:10,329] client.Client<Client:22034>:OUTPUT: website : google.co.ve, time : 48, hop cnt : 6
[2021-12-06 15:06:10,381] client.Client<Client:22034>:OUTPUT: Result of query for salesforce.com = 23.1.35.132
[2021-12-06 15:06:10,382] client.Client<Client:22034>:OUTPUT: website : salesforce.com, time : 49, hop cnt : 4
[2021-12-06 15:06:10,444] client.Client<Client:22034>:OUTPUT: Result of query for espn.com = 13.225.229.96
[2021-12-06 15:06:10,444] client.Client<Client:22034>:OUTPUT: website : espn.com, time : 60, hop cnt : 6
[2021-12-06 15:06:10,540] client.Client<Client:22034>:OUTPUT: Result of query for stackexchange.com = 151.101.193.69
[2021-12-06 15:06:10,541] client.Client<Client:22034>:OUTPUT: website : stackexchange.com, time : 94, hop cnt : 7
[2021-12-06 15:06:10,576] client.Client<Client:22034>:OUTPUT: Result of query for blogger.com = 142.250.80.9
[2021-12-06 15:06:10,577] client.Client<Client:22034>:OUTPUT: website : blogger.com, time : 33, hop cnt : 4
[2021-12-06 15:06:10,616] client.Client<Client:22034>:OUTPUT: Result of query for chase.com = 159.53.84.126
[2021-12-06 15:06:10,617] client.Client<Client:22034>:OUTPUT: website : chase.com, time : 37, hop cnt : 4
[2021-12-06 15:06:10,662] client.Client<Client:22034>:OUTPUT: Result of query for google.co.kr = 142.250.80.3
[2021-12-06 15:06:10,663] client.Client<Client:22034>:OUTPUT: website : google.co.kr, time : 42, hop cnt : 5
[2021-12-06 15:06:10,718] client.Client<Client:22034>:OUTPUT: Result of query for ebay.de = 66.135.196.249
[2021-12-06 15:06:10,718] client.Client<Client:22034>:OUTPUT: website : ebay.de, time : 53, hop cnt : 6
[2021-12-06 15:06:10,766] client.Client<Client:22034>:OUTPUT: Result of query for vimeo.com = 151.101.192.217
[2021-12-06 15:06:10,767] client.Client<Client:22034>:OUTPUT: website : vimeo.com, time : 44, hop cnt : 5
[2021-12-06 15:06:10,820] client.Client<Client:22034>:OUTPUT: Result of query for vice.com = 52.200.45.101
[2021-12-06 15:06:10,821] client.Client<Client:22034>:OUTPUT: website : vice.com, time : 48, hop cnt : 4
[2021-12-06 15:06:10,871] client.Client<Client:22034>:OUTPUT: Result of query for theguardian.com = 151.101.1.111
[2021-12-06 15:06:10,872] client.Client<Client:22034>:OUTPUT: website : theguardian.com, time : 48, hop cnt : 5
[2021-12-06 15:06:10,910] client.Client<Client:22034>:OUTPUT: Result of query for blastingnews.com = 212.97.32.174
[2021-12-06 15:06:10,910] client.Client<Client:22034>:OUTPUT: website : blastingnews.com, time : 36, hop cnt : 4
[2021-12-06 15:06:10,935] client.Client<Client:22034>:OUTPUT: Result of query for tribunnews.com = 113.11.255.30
[2021-12-06 15:06:10,936] client.Client<Client:22034>:OUTPUT: website : tribunnews.com, time : 23, hop cnt : 4
[2021-12-06 15:06:11,005] client.Client<Client:22034>:OUTPUT: Result of query for steampowered.com = 23.192.8.254
[2021-12-06 15:06:11,006] client.Client<Client:22034>:OUTPUT: website : steampowered.com, time : 65, hop cnt : 7
[2021-12-06 15:06:11,061] client.Client<Client:22034>:OUTPUT: Result of query for chaturbate.com = 104.18.101.40
[2021-12-06 15:06:11,062] client.Client<Client:22034>:OUTPUT: website : chaturbate.com, time : 54, hop cnt : 6
[2021-12-06 15:06:11,112] client.Client<Client:22034>:OUTPUT: Result of query for ebay.co.uk = 66.135.196.249
[2021-12-06 15:06:11,113] client.Client<Client:22034>:OUTPUT: website : ebay.co.uk, time : 48, hop cnt : 5
[2021-12-06 15:06:11,171] client.Client<Client:22034>:OUTPUT: Result of query for detik.com = 203.190.242.211
[2021-12-06 15:06:11,172] client.Client<Client:22034>:OUTPUT: website : detik.com, time : 57, hop cnt : 6
[2021-12-06 15:06:11,224] client.Client<Client:22034>:OUTPUT: Result of query for google.gr = 142.250.64.99
[2021-12-06 15:06:11,225] client.Client<Client:22034>:OUTPUT: website : google.gr, time : 50, hop cnt : 5
[2021-12-06 15:06:11,270] client.Client<Client:22034>:OUTPUT: Result of query for google.com.vn = 172.217.10.227
[2021-12-06 15:06:11,271] client.Client<Client:22034>:OUTPUT: website : google.com.vn, time : 43, hop cnt : 4
[2021-12-06 15:06:11,325] client.Client<Client:22034>:OUTPUT: Result of query for buzzfeed.com = 13.225.229.101
[2021-12-06 15:06:11,326] client.Client<Client:22034>:OUTPUT: website : buzzfeed.com, time : 52, hop cnt : 5
[2021-12-06 15:06:11,377] client.Client<Client:22034>:OUTPUT: Result of query for indeed.com = 18.218.22.89
[2021-12-06 15:06:11,378] client.Client<Client:22034>:OUTPUT: website : indeed.com, time : 49, hop cnt : 5
[2021-12-06 15:06:11,416] client.Client<Client:22034>:OUTPUT: Result of query for dailymail.co.uk = 23.41.6.195
[2021-12-06 15:06:11,417] client.Client<Client:22034>:OUTPUT: website : dailymail.co.uk, time : 36, hop cnt : 4
[2021-12-06 15:06:11,456] client.Client<Client:22034>:OUTPUT: Result of query for mediafire.com = 104.16.203.237
[2021-12-06 15:06:11,457] client.Client<Client:22034>:OUTPUT: website : mediafire.com, time : 37, hop cnt : 5
[2021-12-06 15:06:11,500] client.Client<Client:22034>:OUTPUT: Result of query for avito.ru = 185.89.12.132
[2021-12-06 15:06:11,501] client.Client<Client:22034>:OUTPUT: website : avito.ru, time : 41, hop cnt : 4
[2021-12-06 15:06:11,522] client.Client<Client:22034>:OUTPUT: Result of query for cnet.com = 35.190.79.82
[2021-12-06 15:06:11,522] client.Client<Client:22034>:OUTPUT: website : cnet.com, time : 18, hop cnt : 3
[2021-12-06 15:06:11,568] client.Client<Client:22034>:OUTPUT: Result of query for google.com.sg = 172.217.165.131
[2021-12-06 15:06:11,569] client.Client<Client:22034>:OUTPUT: website : google.com.sg, time : 43, hop cnt : 4
[2021-12-06 15:06:11,605] client.Client<Client:22034>:OUTPUT: Result of query for globo.com = 186.192.90.5
[2021-12-06 15:06:11,606] client.Client<Client:22034>:OUTPUT: website : globo.com, time : 33, hop cnt : 4
[2021-12-06 15:06:11,652] client.Client<Client:22034>:OUTPUT: Result of query for xinhuanet.com = 202.108.119.193
[2021-12-06 15:06:11,653] client.Client<Client:22034>:OUTPUT: website : xinhuanet.com, time : 44, hop cnt : 7
[2021-12-06 15:06:11,697] client.Client<Client:22034>:OUTPUT: Result of query for spotify.com = 35.186.224.25
[2021-12-06 15:06:11,698] client.Client<Client:22034>:OUTPUT: website : spotify.com, time : 41, hop cnt : 4
[2021-12-06 15:06:11,745] client.Client<Client:22034>:OUTPUT: Result of query for flipkart.com = 163.53.76.86
[2021-12-06 15:06:11,746] client.Client<Client:22034>:OUTPUT: website : flipkart.com, time : 45, hop cnt : 4
[2021-12-06 15:06:11,792] client.Client<Client:22034>:OUTPUT: Result of query for ladbible.com = 104.17.98.32
[2021-12-06 15:06:11,793] client.Client<Client:22034>:OUTPUT: website : ladbible.com, time : 44, hop cnt : 5
[2021-12-06 15:06:11,830] client.Client<Client:22034>:OUTPUT: Result of query for google.com.ph = 172.217.10.35
[2021-12-06 15:06:11,831] client.Client<Client:22034>:OUTPUT: website : google.com.ph, time : 35, hop cnt : 4
[2021-12-06 15:06:11,858] client.Client<Client:22034>:OUTPUT: Result of query for google.com.co = 172.217.12.195
[2021-12-06 15:06:11,859] client.Client<Client:22034>:OUTPUT: website : google.com.co, time : 26, hop cnt : 3
[2021-12-06 15:06:11,905] client.Client<Client:22034>:OUTPUT: Result of query for popcash.net = 104.27.207.92
[2021-12-06 15:06:11,905] client.Client<Client:22034>:OUTPUT: website : popcash.net, time : 43, hop cnt : 4
[2021-12-06 15:06:11,941] client.Client<Client:22034>:OUTPUT: Result of query for google.be = 142.250.64.99
[2021-12-06 15:06:11,942] client.Client<Client:22034>:OUTPUT: website : google.be, time : 33, hop cnt : 3
[2021-12-06 15:06:11,977] client.Client<Client:22034>:OUTPUT: Result of query for google.se = 142.250.64.67
[2021-12-06 15:06:11,979] client.Client<Client:22034>:OUTPUT: website : google.se, time : 33, hop cnt : 4
[2021-12-06 15:06:12,023] client.Client<Client:22034>:OUTPUT: Result of query for deviantart.com = 99.84.237.60
[2021-12-06 15:06:12,024] client.Client<Client:22034>:OUTPUT: website : deviantart.com, time : 43, hop cnt : 6
[2021-12-06 15:06:12,057] client.Client<Client:22034>:OUTPUT: Result of query for zhihu.com = 103.41.167.234
[2021-12-06 15:06:12,058] client.Client<Client:22034>:OUTPUT: website : zhihu.com, time : 28, hop cnt : 3
[2021-12-06 15:06:12,091] client.Client<Client:22034>:OUTPUT: Result of query for google.cn = 172.217.7.3
[2021-12-06 15:06:12,092] client.Client<Client:22034>:OUTPUT: website : google.cn, time : 31, hop cnt : 4
[2021-12-06 15:06:12,138] client.Client<Client:22034>:OUTPUT: Result of query for roblox.com = 128.116.114.3
[2021-12-06 15:06:12,139] client.Client<Client:22034>:OUTPUT: website : roblox.com, time : 44, hop cnt : 5
[2021-12-06 15:06:12,197] client.Client<Client:22034>:OUTPUT: Result of query for walmart.com = 161.170.230.170
[2021-12-06 15:06:12,198] client.Client<Client:22034>:OUTPUT: website : walmart.com, time : 57, hop cnt : 6
[2021-12-06 15:06:12,253] client.Client<Client:22034>:OUTPUT: Result of query for google.az = 172.217.10.100
[2021-12-06 15:06:12,254] client.Client<Client:22034>:OUTPUT: website : google.az, time : 53, hop cnt : 5
[2021-12-06 15:06:12,303] client.Client<Client:22034>:OUTPUT: Result of query for uol.com.br = 200.147.35.149
[2021-12-06 15:06:12,304] client.Client<Client:22034>:OUTPUT: website : uol.com.br, time : 48, hop cnt : 5
[2021-12-06 15:06:12,360] client.Client<Client:22034>:OUTPUT: Result of query for force.com = 23.1.35.132
[2021-12-06 15:06:12,361] client.Client<Client:22034>:OUTPUT: website : force.com, time : 54, hop cnt : 6
[2021-12-06 15:06:12,416] client.Client<Client:22034>:OUTPUT: Result of query for upornia.com = 172.64.143.19
[2021-12-06 15:06:12,417] client.Client<Client:22034>:OUTPUT: website : upornia.com, time : 53, hop cnt : 5
[2021-12-06 15:06:12,480] client.Client<Client:22034>:OUTPUT: Result of query for wikihow.com = 151.101.66.110
[2021-12-06 15:06:12,481] client.Client<Client:22034>:OUTPUT: website : wikihow.com, time : 60, hop cnt : 7
[2021-12-06 15:06:12,542] client.Client<Client:22034>:OUTPUT: Result of query for yelp.com = 199.232.64.116
[2021-12-06 15:06:12,543] client.Client<Client:22034>:OUTPUT: website : yelp.com, time : 59, hop cnt : 6
[2021-12-06 15:06:12,604] client.Client<Client:22034>:OUTPUT: Result of query for daikynguyenvn.com = 172.67.147.194
[2021-12-06 15:06:12,605] client.Client<Client:22034>:OUTPUT: website : daikynguyenvn.com, time : 59, hop cnt : 6
[2021-12-06 15:06:12,651] client.Client<Client:22034>:OUTPUT: Result of query for w3schools.com = 66.29.212.110
[2021-12-06 15:06:12,652] client.Client<Client:22034>:OUTPUT: website : w3schools.com, time : 44, hop cnt : 6
[2021-12-06 15:06:12,708] client.Client<Client:22034>:OUTPUT: Result of query for washingtonpost.com = 104.108.117.10
[2021-12-06 15:06:12,709] client.Client<Client:22034>:OUTPUT: website : washingtonpost.com, time : 53, hop cnt : 6
[2021-12-06 15:06:12,781] client.Client<Client:22034>:OUTPUT: Result of query for china.com.cn = 202.130.245.42
[2021-12-06 15:06:12,782] client.Client<Client:22034>:OUTPUT: website : china.com.cn, time : 70, hop cnt : 6
[2021-12-06 15:06:12,817] client.Client<Client:22034>:OUTPUT: Result of query for godaddy.com = 208.109.192.70
[2021-12-06 15:06:12,818] client.Client<Client:22034>:OUTPUT: website : godaddy.com, time : 32, hop cnt : 4
[2021-12-06 15:06:12,863] client.Client<Client:22034>:OUTPUT: Result of query for etsy.com = 151.101.1.224
[2021-12-06 15:06:12,864] client.Client<Client:22034>:OUTPUT: website : etsy.com, time : 43, hop cnt : 5
[2021-12-06 15:06:12,934] client.Client<Client:22034>:OUTPUT: Result of query for rambler.ru = 81.19.82.98
[2021-12-06 15:06:12,935] client.Client<Client:22034>:OUTPUT: website : rambler.ru, time : 68, hop cnt : 6
[2021-12-06 15:06:12,990] client.Client<Client:22034>:OUTPUT: Result of query for alibaba.com = 198.11.132.198
[2021-12-06 15:06:12,991] client.Client<Client:22034>:OUTPUT: website : alibaba.com, time : 52, hop cnt : 4
[2021-12-06 15:06:13,030] client.Client<Client:22034>:OUTPUT: Result of query for sogou.com = 119.28.109.132
[2021-12-06 15:06:13,031] client.Client<Client:22034>:OUTPUT: website : sogou.com, time : 37, hop cnt : 4
[2021-12-06 15:06:13,063] client.Client<Client:22034>:OUTPUT: Result of query for nih.gov = 54.235.145.223
[2021-12-06 15:06:13,064] client.Client<Client:22034>:OUTPUT: website : nih.gov, time : 30, hop cnt : 4
[2021-12-06 15:06:13,102] client.Client<Client:22034>:OUTPUT: Result of query for google.at = 172.217.7.3
[2021-12-06 15:06:13,103] client.Client<Client:22034>:OUTPUT: website : google.at, time : 35, hop cnt : 3
[2021-12-06 15:06:13,134] client.Client<Client:22034>:OUTPUT: Result of query for hclips.com = 172.64.200.4
[2021-12-06 15:06:13,135] client.Client<Client:22034>:OUTPUT: website : hclips.com, time : 29, hop cnt : 3
[2021-12-06 15:06:13,167] client.Client<Client:22034>:OUTPUT: Result of query for softonic.com = 35.227.233.104
[2021-12-06 15:06:13,168] client.Client<Client:22034>:OUTPUT: website : softonic.com, time : 29, hop cnt : 4
[2021-12-06 15:06:13,206] client.Client<Client:22034>:OUTPUT: Result of query for redtube.com = 66.254.114.238
[2021-12-06 15:06:13,207] client.Client<Client:22034>:OUTPUT: website : redtube.com, time : 35, hop cnt : 4
[2021-12-06 15:06:13,251] client.Client<Client:22034>:OUTPUT: Result of query for google.com.ng = 142.250.64.99
[2021-12-06 15:06:13,252] client.Client<Client:22034>:OUTPUT: website : google.com.ng, time : 42, hop cnt : 5
[2021-12-06 15:06:13,293] client.Client<Client:22034>:OUTPUT: Result of query for iwanttodeliver.com = 185.88.180.102
[2021-12-06 15:06:13,294] client.Client<Client:22034>:OUTPUT: website : iwanttodeliver.com, time : 39, hop cnt : 4
[2021-12-06 15:06:13,338] client.Client<Client:22034>:OUTPUT: Result of query for 9gag.com = 104.16.104.144
[2021-12-06 15:06:13,339] client.Client<Client:22034>:OUTPUT: website : 9gag.com, time : 42, hop cnt : 4
[2021-12-06 15:06:13,404] client.Client<Client:22034>:OUTPUT: Result of query for slack.com = 18.214.242.166
[2021-12-06 15:06:13,406] client.Client<Client:22034>:OUTPUT: website : slack.com, time : 63, hop cnt : 6
[2021-12-06 15:06:13,449] client.Client<Client:22034>:OUTPUT: Result of query for google.com.pe = 172.217.3.99
[2021-12-06 15:06:13,450] client.Client<Client:22034>:OUTPUT: website : google.com.pe, time : 42, hop cnt : 5
[2021-12-06 15:06:13,506] client.Client<Client:22034>:OUTPUT: Result of query for bankofamerica.com = 171.161.148.150
[2021-12-06 15:06:13,507] client.Client<Client:22034>:OUTPUT: website : bankofamerica.com, time : 52, hop cnt : 5
[2021-12-06 15:06:13,557] client.Client<Client:22034>:OUTPUT: Result of query for mercadolivre.com.br = 13.225.229.127
[2021-12-06 15:06:13,558] client.Client<Client:22034>:OUTPUT: website : mercadolivre.com.br, time : 48, hop cnt : 5
[2021-12-06 15:06:13,599] client.Client<Client:22034>:OUTPUT: Result of query for 4chan.org = 104.19.128.108
[2021-12-06 15:06:13,600] client.Client<Client:22034>:OUTPUT: website : 4chan.org, time : 39, hop cnt : 3
[2021-12-06 15:06:13,644] client.Client<Client:22034>:OUTPUT: Result of query for google.ro = 172.217.10.99
[2021-12-06 15:06:13,644] client.Client<Client:22034>:OUTPUT: website : google.ro, time : 38, hop cnt : 4
[2021-12-06 15:06:13,679] client.Client<Client:22034>:OUTPUT: Result of query for cpm10.com = 103.224.182.251
[2021-12-06 15:06:13,680] client.Client<Client:22034>:OUTPUT: website : cpm10.com, time : 32, hop cnt : 4
[2021-12-06 15:06:13,740] client.Client<Client:22034>:OUTPUT: Result of query for google.cz = 142.250.80.3
[2021-12-06 15:06:13,741] client.Client<Client:22034>:OUTPUT: website : google.cz, time : 56, hop cnt : 5
[2021-12-06 15:06:13,779] client.Client<Client:22034>:OUTPUT: Result of query for google.ch = 172.217.12.131
[2021-12-06 15:06:13,780] client.Client<Client:22034>:OUTPUT: website : google.ch, time : 35, hop cnt : 4
[2021-12-06 15:06:13,820] client.Client<Client:22034>:OUTPUT: Result of query for tripadvisor.com = 192.229.162.112
[2021-12-06 15:06:13,821] client.Client<Client:22034>:OUTPUT: website : tripadvisor.com, time : 38, hop cnt : 4
[2021-12-06 15:06:13,853] client.Client<Client:22034>:OUTPUT: Result of query for bet365.com = 5.226.176.16
[2021-12-06 15:06:13,854] client.Client<Client:22034>:OUTPUT: website : bet365.com, time : 31, hop cnt : 5
[2021-12-06 15:06:13,884] client.Client<Client:22034>:OUTPUT: Result of query for gfycat.com = 13.225.222.216
[2021-12-06 15:06:13,885] client.Client<Client:22034>:OUTPUT: website : gfycat.com, time : 27, hop cnt : 3
[2021-12-06 15:06:13,945] client.Client<Client:22034>:OUTPUT: Result of query for amazon.fr = 52.95.120.39
[2021-12-06 15:06:13,946] client.Client<Client:22034>:OUTPUT: website : amazon.fr, time : 58, hop cnt : 6
[2021-12-06 15:06:13,987] client.Client<Client:22034>:OUTPUT: Result of query for discordapp.com = 162.159.134.233
[2021-12-06 15:06:13,988] client.Client<Client:22034>:OUTPUT: website : discordapp.com, time : 39, hop cnt : 4
[2021-12-06 15:06:14,055] client.Client<Client:22034>:OUTPUT: Result of query for google.cl = 172.217.9.227
[2021-12-06 15:06:14,056] client.Client<Client:22034>:OUTPUT: website : google.cl, time : 65, hop cnt : 4
[2021-12-06 15:06:14,083] client.Client<Client:22034>:OUTPUT: Result of query for wellsfargo.com = 159.45.66.143
[2021-12-06 15:06:14,083] client.Client<Client:22034>:OUTPUT: website : wellsfargo.com, time : 24, hop cnt : 4
[2021-12-06 15:06:14,123] client.Client<Client:22034>:OUTPUT: Result of query for trello.com = 18.234.32.193
[2021-12-06 15:06:14,124] client.Client<Client:22034>:OUTPUT: website : trello.com, time : 33, hop cnt : 5
[2021-12-06 15:06:14,162] client.Client<Client:22034>:OUTPUT: Result of query for amazon.it = 52.95.120.36
[2021-12-06 15:06:14,163] client.Client<Client:22034>:OUTPUT: website : amazon.it, time : 36, hop cnt : 4
[2021-12-06 15:06:14,220] client.Client<Client:22034>:OUTPUT: Result of query for indiatimes.com = 23.33.172.134
[2021-12-06 15:06:14,221] client.Client<Client:22034>:OUTPUT: website : indiatimes.com, time : 54, hop cnt : 6
[2021-12-06 15:06:14,282] client.Client<Client:22034>:OUTPUT: Result of query for battle.net = 137.221.106.104
[2021-12-06 15:06:14,283] client.Client<Client:22034>:OUTPUT: website : battle.net, time : 60, hop cnt : 6
[2021-12-06 15:06:14,329] client.Client<Client:22034>:OUTPUT: Result of query for google.pt = 172.217.6.195
[2021-12-06 15:06:14,330] client.Client<Client:22034>:OUTPUT: website : google.pt, time : 42, hop cnt : 7
[2021-12-06 15:06:14,371] client.Client<Client:22034>:OUTPUT: Result of query for zillow.com = 13.225.229.65
[2021-12-06 15:06:14,372] client.Client<Client:22034>:OUTPUT: website : zillow.com, time : 39, hop cnt : 6
[2021-12-06 15:06:14,434] client.Client<Client:22034>:OUTPUT: Result of query for google.co.ao = 142.250.64.99
[2021-12-06 15:06:14,435] client.Client<Client:22034>:OUTPUT: website : google.co.ao, time : 60, hop cnt : 6
[2021-12-06 15:06:14,464] client.Client<Client:22034>:OUTPUT: Result of query for messenger.com = 31.13.71.1
[2021-12-06 15:06:14,465] client.Client<Client:22034>:OUTPUT: website : messenger.com, time : 28, hop cnt : 4
[2021-12-06 15:06:14,510] client.Client<Client:22034>:OUTPUT: Result of query for google.no = 172.217.7.3
[2021-12-06 15:06:14,511] client.Client<Client:22034>:OUTPUT: website : google.no, time : 43, hop cnt : 5
[2021-12-06 15:06:14,576] client.Client<Client:22034>:OUTPUT: Result of query for kinogo.club = 75.2.37.224
[2021-12-06 15:06:14,577] client.Client<Client:22034>:OUTPUT: website : kinogo.club, time : 63, hop cnt : 6
[2021-12-06 15:06:14,603] client.Client<Client:22034>:OUTPUT: Result of query for mama.cn = 134.175.173.148
[2021-12-06 15:06:14,604] client.Client<Client:22034>:OUTPUT: website : mama.cn, time : 23, hop cnt : 2
[2021-12-06 15:06:14,650] client.Client<Client:22034>:OUTPUT: Result of query for gamepedia.com = 104.27.138.186
[2021-12-06 15:06:14,651] client.Client<Client:22034>:OUTPUT: website : gamepedia.com, time : 44, hop cnt : 4
[2021-12-06 15:06:14,702] client.Client<Client:22034>:OUTPUT: Result of query for youporn.com = 66.254.114.79
[2021-12-06 15:06:14,704] client.Client<Client:22034>:OUTPUT: website : youporn.com, time : 48, hop cnt : 5
[2021-12-06 15:06:14,753] client.Client<Client:22034>:OUTPUT: Result of query for forbes.com = 151.101.130.49
[2021-12-06 15:06:14,753] client.Client<Client:22034>:OUTPUT: website : forbes.com, time : 48, hop cnt : 5
[2021-12-06 15:06:14,790] client.Client<Client:22034>:OUTPUT: Result of query for yts.ag = 172.67.202.48
[2021-12-06 15:06:14,791] client.Client<Client:22034>:OUTPUT: website : yts.ag, time : 35, hop cnt : 4
[2021-12-06 15:06:14,836] client.Client<Client:22034>:OUTPUT: Result of query for tokopedia.com = 47.74.244.18
[2021-12-06 15:06:14,836] client.Client<Client:22034>:OUTPUT: website : tokopedia.com, time : 42, hop cnt : 5
[2021-12-06 15:06:14,881] client.Client<Client:22034>:OUTPUT: Result of query for google.ae = 142.250.64.99
[2021-12-06 15:06:14,881] client.Client<Client:22034>:OUTPUT: website : google.ae, time : 42, hop cnt : 5
[2021-12-06 15:06:14,924] client.Client<Client:22034>:OUTPUT: Result of query for abs-cbn.com = 23.63.246.57
[2021-12-06 15:06:14,924] client.Client<Client:22034>:OUTPUT: website : abs-cbn.com, time : 40, hop cnt : 4
[2021-12-06 15:06:14,974] client.Client<Client:22034>:OUTPUT: Result of query for youm7.com = 104.18.6.4
[2021-12-06 15:06:14,974] client.Client<Client:22034>:OUTPUT: website : youm7.com, time : 47, hop cnt : 5
[2021-12-06 15:06:15,020] client.Client<Client:22034>:OUTPUT: Result of query for pipeschannels.com = 139.45.196.73
[2021-12-06 15:06:15,021] client.Client<Client:22034>:OUTPUT: website : pipeschannels.com, time : 44, hop cnt : 5
[2021-12-06 15:06:15,069] client.Client<Client:22034>:OUTPUT: Result of query for weather.com = 104.126.221.252
[2021-12-06 15:06:15,069] client.Client<Client:22034>:OUTPUT: website : weather.com, time : 45, hop cnt : 5
[2021-12-06 15:06:15,123] client.Client<Client:22034>:OUTPUT: Result of query for outbrain.com = 192.82.210.254
[2021-12-06 15:06:15,124] client.Client<Client:22034>:OUTPUT: website : outbrain.com, time : 51, hop cnt : 5
[2021-12-06 15:06:15,165] client.Client<Client:22034>:OUTPUT: Result of query for ameblo.jp = 151.101.1.83
[2021-12-06 15:06:15,166] client.Client<Client:22034>:OUTPUT: website : ameblo.jp, time : 39, hop cnt : 4
[2021-12-06 15:06:15,217] client.Client<Client:22034>:OUTPUT: Result of query for ikea.com = 204.74.99.103
[2021-12-06 15:06:15,217] client.Client<Client:22034>:OUTPUT: website : ikea.com, time : 46, hop cnt : 5
[2021-12-06 15:06:15,271] client.Client<Client:22034>:OUTPUT: Result of query for kakaku.com = 103.70.243.165
[2021-12-06 15:06:15,271] client.Client<Client:22034>:OUTPUT: website : kakaku.com, time : 52, hop cnt : 5
[2021-12-06 15:06:15,304] client.Client<Client:22034>:OUTPUT: Result of query for trackmedia101.com = 103.224.182.251
[2021-12-06 15:06:15,305] client.Client<Client:22034>:OUTPUT: website : trackmedia101.com, time : 30, hop cnt : 4
[2021-12-06 15:06:15,376] client.Client<Client:22034>:OUTPUT: Result of query for mega.nz = 66.203.127.12
[2021-12-06 15:06:15,377] client.Client<Client:22034>:OUTPUT: website : mega.nz, time : 68, hop cnt : 6
[2021-12-06 15:06:15,414] client.Client<Client:22034>:OUTPUT: Result of query for 39.net = 211.99.98.109
[2021-12-06 15:06:15,415] client.Client<Client:22034>:OUTPUT: website : 39.net, time : 35, hop cnt : 5
[2021-12-06 15:06:15,443] client.Client<Client:22034>:OUTPUT: Result of query for bilibili.com = 110.43.34.66
[2021-12-06 15:06:15,444] client.Client<Client:22034>:OUTPUT: website : bilibili.com, time : 26, hop cnt : 3
[2021-12-06 15:06:15,483] client.Client<Client:22034>:OUTPUT: Result of query for google.dz = 172.217.11.3
[2021-12-06 15:06:15,484] client.Client<Client:22034>:OUTPUT: website : google.dz, time : 38, hop cnt : 4
[2021-12-06 15:06:15,520] client.Client<Client:22034>:OUTPUT: Result of query for huffingtonpost.com = 98.136.103.23
[2021-12-06 15:06:15,520] client.Client<Client:22034>:OUTPUT: website : huffingtonpost.com, time : 33, hop cnt : 4
[2021-12-06 15:06:15,559] client.Client<Client:22034>:OUTPUT: Result of query for hotmovs.com = 172.64.106.9
[2021-12-06 15:06:15,560] client.Client<Client:22034>:OUTPUT: website : hotmovs.com, time : 36, hop cnt : 4
[2021-12-06 15:06:15,597] client.Client<Client:22034>:OUTPUT: Result of query for speedtest.net = 151.101.66.219
[2021-12-06 15:06:15,598] client.Client<Client:22034>:OUTPUT: website : speedtest.net, time : 35, hop cnt : 3
[2021-12-06 15:06:15,648] client.Client<Client:22034>:OUTPUT: Result of query for livejournal.com = 13.88.179.33
[2021-12-06 15:06:15,649] client.Client<Client:22034>:OUTPUT: website : livejournal.com, time : 48, hop cnt : 5
[2021-12-06 15:06:15,700] client.Client<Client:22034>:OUTPUT: Result of query for reimageplus.com = 161.47.7.14
[2021-12-06 15:06:15,700] client.Client<Client:22034>:OUTPUT: website : reimageplus.com, time : 47, hop cnt : 5
[2021-12-06 15:06:15,759] client.Client<Client:22034>:OUTPUT: Result of query for google.ie = 172.217.12.195
[2021-12-06 15:06:15,760] client.Client<Client:22034>:OUTPUT: website : google.ie, time : 57, hop cnt : 8
[2021-12-06 15:06:15,804] client.Client<Client:22034>:OUTPUT: Result of query for adexchangeprediction.com = 35.206.66.190
[2021-12-06 15:06:15,805] client.Client<Client:22034>:OUTPUT: website : adexchangeprediction.com, time : 42, hop cnt : 5
[2021-12-06 15:06:15,860] client.Client<Client:22034>:OUTPUT: Result of query for hotstar.com = 13.225.229.58
[2021-12-06 15:06:15,861] client.Client<Client:22034>:OUTPUT: website : hotstar.com, time : 53, hop cnt : 6
[2021-12-06 15:06:15,914] client.Client<Client:22034>:OUTPUT: Result of query for rarbg.to = 185.37.100.122
[2021-12-06 15:06:15,915] client.Client<Client:22034>:OUTPUT: website : rarbg.to, time : 52, hop cnt : 6
[2021-12-06 15:06:15,940] client.Client<Client:22034>:OUTPUT: Result of query for wetransfer.com = 46.51.201.69
[2021-12-06 15:06:15,941] client.Client<Client:22034>:OUTPUT: website : wetransfer.com, time : 21, hop cnt : 3
[2021-12-06 15:06:16,005] client.Client<Client:22034>:OUTPUT: Result of query for ign.com = 52.3.55.210
[2021-12-06 15:06:16,006] client.Client<Client:22034>:OUTPUT: website : ign.com, time : 62, hop cnt : 6
[2021-12-06 15:06:16,040] client.Client<Client:22034>:OUTPUT: Result of query for doubleclick.net = 172.217.12.174
[2021-12-06 15:06:16,041] client.Client<Client:22034>:OUTPUT: website : doubleclick.net, time : 32, hop cnt : 4
[2021-12-06 15:06:16,098] client.Client<Client:22034>:OUTPUT: Result of query for google.hu = 172.217.12.195
[2021-12-06 15:06:16,099] client.Client<Client:22034>:OUTPUT: website : google.hu, time : 55, hop cnt : 6
[2021-12-06 15:06:16,149] client.Client<Client:22034>:OUTPUT: Result of query for irctc.co.in = 103.252.142.18
[2021-12-06 15:06:16,150] client.Client<Client:22034>:OUTPUT: website : irctc.co.in, time : 47, hop cnt : 6
[2021-12-06 15:06:16,193] client.Client<Client:22034>:OUTPUT: Result of query for foxnews.com = 23.215.185.14
[2021-12-06 15:06:16,194] client.Client<Client:22034>:OUTPUT: website : foxnews.com, time : 40, hop cnt : 5
[2021-12-06 15:06:16,239] client.Client<Client:22034>:OUTPUT: Result of query for aol.com = 212.82.100.150
[2021-12-06 15:06:16,240] client.Client<Client:22034>:OUTPUT: website : aol.com, time : 43, hop cnt : 4
[2021-12-06 15:06:16,275] client.Client<Client:22034>:OUTPUT: Result of query for google.co.il = 172.217.11.35
[2021-12-06 15:06:16,275] client.Client<Client:22034>:OUTPUT: website : google.co.il, time : 33, hop cnt : 4
[2021-12-06 15:06:16,329] client.Client<Client:22034>:OUTPUT: Result of query for archive.org = 207.241.224.2
[2021-12-06 15:06:16,330] client.Client<Client:22034>:OUTPUT: website : archive.org, time : 51, hop cnt : 6
[2021-12-06 15:06:16,383] client.Client<Client:22034>:OUTPUT: Result of query for airbnb.com = 52.45.221.244
[2021-12-06 15:06:16,384] client.Client<Client:22034>:OUTPUT: website : airbnb.com, time : 51, hop cnt : 5
[2021-12-06 15:06:16,429] client.Client<Client:22034>:OUTPUT: Result of query for allegro.pl = 5.134.213.82
[2021-12-06 15:06:16,430] client.Client<Client:22034>:OUTPUT: website : allegro.pl, time : 43, hop cnt : 5
[2021-12-06 15:06:16,486] client.Client<Client:22034>:OUTPUT: Result of query for bestbuy.com = 2.21.42.99
[2021-12-06 15:06:16,486] client.Client<Client:22034>:OUTPUT: website : bestbuy.com, time : 53, hop cnt : 6
[2021-12-06 15:06:16,527] client.Client<Client:22034>:OUTPUT: Result of query for amazon.cn = 54.222.60.218
[2021-12-06 15:06:16,528] client.Client<Client:22034>:OUTPUT: website : amazon.cn, time : 38, hop cnt : 4
[2021-12-06 15:06:16,575] client.Client<Client:22034>:OUTPUT: Result of query for leboncoin.fr = 35.181.111.82
[2021-12-06 15:06:16,576] client.Client<Client:22034>:OUTPUT: website : leboncoin.fr, time : 46, hop cnt : 4
[2021-12-06 15:06:16,606] client.Client<Client:22034>:OUTPUT: Result of query for google.dk = 172.217.11.3
[2021-12-06 15:06:16,607] client.Client<Client:22034>:OUTPUT: website : google.dk, time : 27, hop cnt : 3
[2021-12-06 15:06:16,651] client.Client<Client:22034>:OUTPUT: Result of query for cnblogs.com = 101.37.97.51
[2021-12-06 15:06:16,652] client.Client<Client:22034>:OUTPUT: website : cnblogs.com, time : 42, hop cnt : 4
[2021-12-06 15:06:16,694] client.Client<Client:22034>:OUTPUT: Result of query for bitauto.com = 59.151.116.98
[2021-12-06 15:06:16,695] client.Client<Client:22034>:OUTPUT: website : bitauto.com, time : 40, hop cnt : 4
[2021-12-06 15:06:16,736] client.Client<Client:22034>:OUTPUT: Result of query for dingit.tv = 172.67.189.193
[2021-12-06 15:06:16,737] client.Client<Client:22034>:OUTPUT: website : dingit.tv, time : 39, hop cnt : 4
[2021-12-06 15:06:16,787] client.Client<Client:22034>:OUTPUT: Result of query for feedly.com = 104.20.59.241
[2021-12-06 15:06:16,787] client.Client<Client:22034>:OUTPUT: website : feedly.com, time : 48, hop cnt : 5
[2021-12-06 15:06:16,823] client.Client<Client:22034>:OUTPUT: Result of query for sumatoad.com = 34.102.136.180
[2021-12-06 15:06:16,824] client.Client<Client:22034>:OUTPUT: website : sumatoad.com, time : 33, hop cnt : 4
[2021-12-06 15:06:16,856] client.Client<Client:22034>:OUTPUT: Result of query for amazon.es = 54.239.33.90
[2021-12-06 15:06:16,857] client.Client<Client:22034>:OUTPUT: website : amazon.es, time : 30, hop cnt : 4
[2021-12-06 15:06:16,878] client.Client<Client:22034>:OUTPUT: Result of query for freepik.com = 51.81.249.114
[2021-12-06 15:06:16,878] client.Client<Client:22034>:OUTPUT: website : freepik.com, time : 18, hop cnt : 2
[2021-12-06 15:06:16,938] client.Client<Client:22034>:OUTPUT: Result of query for shutterstock.com = 99.83.219.164
[2021-12-06 15:06:16,939] client.Client<Client:22034>:OUTPUT: website : shutterstock.com, time : 58, hop cnt : 5
[2021-12-06 15:06:16,991] client.Client<Client:22034>:OUTPUT: Result of query for wikimedia.org = 208.80.154.224
[2021-12-06 15:06:16,992] client.Client<Client:22034>:OUTPUT: website : wikimedia.org, time : 50, hop cnt : 5
[2021-12-06 15:06:17,038] client.Client<Client:22034>:OUTPUT: Result of query for google.fi = 142.250.80.3
[2021-12-06 15:06:17,039] client.Client<Client:22034>:OUTPUT: website : google.fi, time : 44, hop cnt : 5
[2021-12-06 15:06:17,096] client.Client<Client:22034>:OUTPUT: Result of query for huaban.com = 115.231.100.109
[2021-12-06 15:06:17,096] client.Client<Client:22034>:OUTPUT: website : huaban.com, time : 55, hop cnt : 6
[2021-12-06 15:06:17,168] client.Client<Client:22034>:OUTPUT: Result of query for skype.com = 40.121.80.200
[2021-12-06 15:06:17,169] client.Client<Client:22034>:OUTPUT: website : skype.com, time : 68, hop cnt : 6
[2021-12-06 15:06:17,216] client.Client<Client:22034>:OUTPUT: Result of query for caijing.com.cn = 124.243.192.30
[2021-12-06 15:06:17,216] client.Client<Client:22034>:OUTPUT: website : caijing.com.cn, time : 45, hop cnt : 6
[2021-12-06 15:06:17,246] client.Client<Client:22034>:OUTPUT: Result of query for ebay-kleinanzeigen.de = 34.107.128.149
[2021-12-06 15:06:17,247] client.Client<Client:22034>:OUTPUT: website : ebay-kleinanzeigen.de, time : 28, hop cnt : 3
[2021-12-06 15:06:17,268] client.Client<Client:22034>:OUTPUT: Result of query for businessinsider.com = 151.101.65.171
[2021-12-06 15:06:17,269] client.Client<Client:22034>:OUTPUT: website : businessinsider.com, time : 20, hop cnt : 2
[2021-12-06 15:06:17,301] client.Client<Client:22034>:OUTPUT: Result of query for k618.cn = 123.103.56.42
[2021-12-06 15:06:17,302] client.Client<Client:22034>:OUTPUT: website : k618.cn, time : 30, hop cnt : 4
[2021-12-06 15:06:17,345] client.Client<Client:22034>:OUTPUT: Result of query for breitbart.com = 35.241.35.213
[2021-12-06 15:06:17,346] client.Client<Client:22034>:OUTPUT: website : breitbart.com, time : 41, hop cnt : 5
[2021-12-06 15:06:17,381] client.Client<Client:22034>:OUTPUT: Result of query for liputan6.com = 18.136.137.12
[2021-12-06 15:06:17,382] client.Client<Client:22034>:OUTPUT: website : liputan6.com, time : 33, hop cnt : 5
[2021-12-06 15:06:17,421] client.Client<Client:22034>:OUTPUT: Result of query for kinopoisk.ru = 87.250.251.105
[2021-12-06 15:06:17,422] client.Client<Client:22034>:OUTPUT: website : kinopoisk.ru, time : 35, hop cnt : 4
[2021-12-06 15:06:17,480] client.Client<Client:22034>:OUTPUT: Result of query for onlinevideoconverter.com = 94.228.214.149
[2021-12-06 15:06:17,481] client.Client<Client:22034>:OUTPUT: website : onlinevideoconverter.com, time : 55, hop cnt : 5
[2021-12-06 15:06:17,528] client.Client<Client:22034>:OUTPUT: Result of query for wordreference.com = 23.111.171.90
[2021-12-06 15:06:17,529] client.Client<Client:22034>:OUTPUT: website : wordreference.com, time : 45, hop cnt : 6
[2021-12-06 15:06:17,553] client.Client<Client:22034>:OUTPUT: Result of query for kompas.com = 52.220.50.242
[2021-12-06 15:06:17,554] client.Client<Client:22034>:OUTPUT: website : kompas.com, time : 22, hop cnt : 2
[2021-12-06 15:06:17,599] client.Client<Client:22034>:OUTPUT: Result of query for hdzog.com = 172.64.103.16
[2021-12-06 15:06:17,600] client.Client<Client:22034>:OUTPUT: website : hdzog.com, time : 44, hop cnt : 4
[2021-12-06 15:06:17,672] client.Client<Client:22034>:OUTPUT: Result of query for chinadaily.com.cn = 111.13.49.147
[2021-12-06 15:06:17,673] client.Client<Client:22034>:OUTPUT: website : chinadaily.com.cn, time : 70, hop cnt : 8
[2021-12-06 15:06:17,710] client.Client<Client:22034>:OUTPUT: Result of query for giphy.com = 151.101.1.185
[2021-12-06 15:06:17,711] client.Client<Client:22034>:OUTPUT: website : giphy.com, time : 34, hop cnt : 4
[2021-12-06 15:06:17,753] client.Client<Client:22034>:OUTPUT: Result of query for sberbank.ru = 194.54.14.168
[2021-12-06 15:06:17,754] client.Client<Client:22034>:OUTPUT: website : sberbank.ru, time : 40, hop cnt : 5
[2021-12-06 15:06:17,826] client.Client<Client:22034>:OUTPUT: Result of query for zippyshare.com = 145.239.9.15
[2021-12-06 15:06:17,827] client.Client<Client:22034>:OUTPUT: website : zippyshare.com, time : 70, hop cnt : 7
[2021-12-06 15:06:17,868] client.Client<Client:22034>:OUTPUT: Result of query for rutracker.org = 195.82.146.214
[2021-12-06 15:06:17,869] client.Client<Client:22034>:OUTPUT: website : rutracker.org, time : 39, hop cnt : 5
[2021-12-06 15:06:17,917] client.Client<Client:22034>:OUTPUT: Result of query for spankbang.com = 104.19.137.100
[2021-12-06 15:06:17,918] client.Client<Client:22034>:OUTPUT: website : spankbang.com, time : 46, hop cnt : 5
[2021-12-06 15:06:17,975] client.Client<Client:22034>:OUTPUT: Result of query for flickr.com = 13.225.221.223
[2021-12-06 15:06:17,976] client.Client<Client:22034>:OUTPUT: website : flickr.com, time : 55, hop cnt : 6
[2021-12-06 15:06:18,031] client.Client<Client:22034>:OUTPUT: Result of query for genius.com = 104.18.18.96
[2021-12-06 15:06:18,032] client.Client<Client:22034>:OUTPUT: website : genius.com, time : 54, hop cnt : 6
[2021-12-06 15:06:18,073] client.Client<Client:22034>:OUTPUT: Result of query for 2ch.net = 172.67.0.175
[2021-12-06 15:06:18,073] client.Client<Client:22034>:OUTPUT: website : 2ch.net, time : 38, hop cnt : 4
[2021-12-06 15:06:18,107] client.Client<Client:22034>:OUTPUT: Result of query for tfetimes.com = 192.124.249.20
[2021-12-06 15:06:18,107] client.Client<Client:22034>:OUTPUT: website : tfetimes.com, time : 30, hop cnt : 4
[2021-12-06 15:06:18,147] client.Client<Client:22034>:OUTPUT: Result of query for espncricinfo.com = 52.16.254.202
[2021-12-06 15:06:18,148] client.Client<Client:22034>:OUTPUT: website : espncricinfo.com, time : 36, hop cnt : 5
[2021-12-06 15:06:18,183] client.Client<Client:22034>:OUTPUT: Result of query for mediawhirl.net = 103.224.182.251
[2021-12-06 15:06:18,184] client.Client<Client:22034>:OUTPUT: website : mediawhirl.net, time : 31, hop cnt : 4
[2021-12-06 15:06:18,209] client.Client<Client:22034>:OUTPUT: Result of query for gamefaqs.com = 151.101.1.188
[2021-12-06 15:06:18,210] client.Client<Client:22034>:OUTPUT: website : gamefaqs.com, time : 23, hop cnt : 3
[2021-12-06 15:06:18,272] client.Client<Client:22034>:OUTPUT: Result of query for sourceforge.net = 216.105.38.13
[2021-12-06 15:06:18,273] client.Client<Client:22034>:OUTPUT: website : sourceforge.net, time : 61, hop cnt : 6
[2021-12-06 15:06:18,305] client.Client<Client:22034>:OUTPUT: Result of query for scribd.com = 151.101.66.152
[2021-12-06 15:06:18,306] client.Client<Client:22034>:OUTPUT: website : scribd.com, time : 29, hop cnt : 3
[2021-12-06 15:06:18,371] client.Client<Client:22034>:OUTPUT: Result of query for telegram.org = 149.154.167.99
[2021-12-06 15:06:18,372] client.Client<Client:22034>:OUTPUT: website : telegram.org, time : 63, hop cnt : 8
[2021-12-06 15:06:18,392] client.Client<Client:22034>:OUTPUT: Result of query for researchgate.net = 209.15.209.70
[2021-12-06 15:06:18,392] client.Client<Client:22034>:OUTPUT: website : researchgate.net, time : 17, hop cnt : 3
[2021-12-06 15:06:18,428] client.Client<Client:22034>:OUTPUT: Result of query for gismeteo.ru = 185.134.203.245
[2021-12-06 15:06:18,429] client.Client<Client:22034>:OUTPUT: website : gismeteo.ru, time : 33, hop cnt : 3
[2021-12-06 15:06:18,459] client.Client<Client:22034>:OUTPUT: Result of query for mailchimp.com = 104.107.30.72
[2021-12-06 15:06:18,459] client.Client<Client:22034>:OUTPUT: website : mailchimp.com, time : 28, hop cnt : 3
[2021-12-06 15:06:18,488] client.Client<Client:22034>:OUTPUT: Result of query for accuweather.com = 96.6.22.112
[2021-12-06 15:06:18,489] client.Client<Client:22034>:OUTPUT: website : accuweather.com, time : 26, hop cnt : 3
[2021-12-06 15:06:18,539] client.Client<Client:22034>:OUTPUT: Result of query for xfinity.com = 96.114.14.140
[2021-12-06 15:06:18,540] client.Client<Client:22034>:OUTPUT: website : xfinity.com, time : 48, hop cnt : 5
[2021-12-06 15:06:18,570] client.Client<Client:22034>:OUTPUT: Result of query for aliyun.com = 140.205.135.3
[2021-12-06 15:06:18,571] client.Client<Client:22034>:OUTPUT: website : aliyun.com, time : 28, hop cnt : 3
[2021-12-06 15:06:18,623] client.Client<Client:22034>:OUTPUT: Result of query for homedepot.com = 35.201.95.83
[2021-12-06 15:06:18,624] client.Client<Client:22034>:OUTPUT: website : homedepot.com, time : 50, hop cnt : 5
[2021-12-06 15:06:18,658] client.Client<Client:22034>:OUTPUT: Result of query for sabah.com.tr = 194.36.160.15
[2021-12-06 15:06:18,659] client.Client<Client:22034>:OUTPUT: website : sabah.com.tr, time : 32, hop cnt : 4
[2021-12-06 15:06:18,697] client.Client<Client:22034>:OUTPUT: Result of query for web.de = 82.165.229.138
[2021-12-06 15:06:18,698] client.Client<Client:22034>:OUTPUT: website : web.de, time : 35, hop cnt : 4
[2021-12-06 15:06:18,742] client.Client<Client:22034>:OUTPUT: Result of query for eastday.com = 222.73.244.10
[2021-12-06 15:06:18,743] client.Client<Client:22034>:OUTPUT: website : eastday.com, time : 41, hop cnt : 4
[2021-12-06 15:06:18,798] client.Client<Client:22034>:OUTPUT: Result of query for gmx.net = 82.165.229.87
[2021-12-06 15:06:18,799] client.Client<Client:22034>:OUTPUT: website : gmx.net, time : 51, hop cnt : 5
[2021-12-06 15:06:18,843] client.Client<Client:22034>:OUTPUT: Result of query for leagueoflegends.com = 100.24.150.101
[2021-12-06 15:06:18,844] client.Client<Client:22034>:OUTPUT: website : leagueoflegends.com, time : 42, hop cnt : 5
[2021-12-06 15:06:18,870] client.Client<Client:22034>:OUTPUT: Result of query for rumble.com = 169.44.97.2
[2021-12-06 15:06:18,871] client.Client<Client:22034>:OUTPUT: website : rumble.com, time : 19, hop cnt : 3
[2021-12-06 15:06:18,919] client.Client<Client:22034>:OUTPUT: Result of query for asos.com = 23.222.12.65
[2021-12-06 15:06:18,920] client.Client<Client:22034>:OUTPUT: website : asos.com, time : 46, hop cnt : 6
[2021-12-06 15:06:18,956] client.Client<Client:22034>:OUTPUT: Result of query for varzesh3.com = 94.182.163.51
[2021-12-06 15:06:18,957] client.Client<Client:22034>:OUTPUT: website : varzesh3.com, time : 34, hop cnt : 5
[2021-12-06 15:06:19,026] client.Client<Client:22034>:OUTPUT: Result of query for daum.net = 203.133.167.16
[2021-12-06 15:06:19,027] client.Client<Client:22034>:OUTPUT: website : daum.net, time : 67, hop cnt : 7
[2021-12-06 15:06:19,068] client.Client<Client:22034>:OUTPUT: Result of query for google.sk = 172.217.3.99
[2021-12-06 15:06:19,069] client.Client<Client:22034>:OUTPUT: website : google.sk, time : 39, hop cnt : 5
[2021-12-06 15:06:19,094] client.Client<Client:22034>:OUTPUT: Result of query for naver.jp = 119.235.235.13
[2021-12-06 15:06:19,094] client.Client<Client:22034>:OUTPUT: website : naver.jp, time : 22, hop cnt : 4
[2021-12-06 15:06:19,153] client.Client<Client:22034>:OUTPUT: Result of query for medium.com = 104.16.122.127
[2021-12-06 15:06:19,154] client.Client<Client:22034>:OUTPUT: website : medium.com, time : 56, hop cnt : 6
[2021-12-06 15:06:19,199] client.Client<Client:22034>:OUTPUT: Result of query for ouo.io = 172.67.6.151
[2021-12-06 15:06:19,200] client.Client<Client:22034>:OUTPUT: website : ouo.io, time : 44, hop cnt : 6
[2021-12-06 15:06:19,240] client.Client<Client:22034>:OUTPUT: Result of query for hola.com = 62.22.171.58
[2021-12-06 15:06:19,240] client.Client<Client:22034>:OUTPUT: website : hola.com, time : 37, hop cnt : 4
[2021-12-06 15:06:19,305] client.Client<Client:22034>:OUTPUT: Result of query for thesaurus.com = 151.101.66.133
[2021-12-06 15:06:19,306] client.Client<Client:22034>:OUTPUT: website : thesaurus.com, time : 63, hop cnt : 7
[2021-12-06 15:06:19,338] client.Client<Client:22034>:OUTPUT: Result of query for shopify.com = 34.75.184.70
[2021-12-06 15:06:19,339] client.Client<Client:22034>:OUTPUT: website : shopify.com, time : 29, hop cnt : 4
[2021-12-06 15:06:19,394] client.Client<Client:22034>:OUTPUT: Result of query for orange.fr = 193.252.133.34
[2021-12-06 15:06:19,395] client.Client<Client:22034>:OUTPUT: website : orange.fr, time : 54, hop cnt : 6
[2021-12-06 15:06:19,444] client.Client<Client:22034>:OUTPUT: Result of query for digikala.com = 185.188.105.10
[2021-12-06 15:06:19,445] client.Client<Client:22034>:OUTPUT: website : digikala.com, time : 47, hop cnt : 5
[2021-12-06 15:06:19,487] client.Client<Client:22034>:OUTPUT: Result of query for rt.com = 207.244.80.170
[2021-12-06 15:06:19,488] client.Client<Client:22034>:OUTPUT: website : rt.com, time : 39, hop cnt : 4
[2021-12-06 15:06:19,533] client.Client<Client:22034>:OUTPUT: Result of query for ndtv.com = 96.6.28.59
[2021-12-06 15:06:19,534] client.Client<Client:22034>:OUTPUT: website : ndtv.com, time : 43, hop cnt : 4
[2021-12-06 15:06:19,574] client.Client<Client:22034>:OUTPUT: Result of query for oracle.com = 137.254.120.50
[2021-12-06 15:06:19,575] client.Client<Client:22034>:OUTPUT: website : oracle.com, time : 38, hop cnt : 5
[2021-12-06 15:06:19,601] client.Client<Client:22034>:OUTPUT: Result of query for telegraph.co.uk = 13.225.229.40
[2021-12-06 15:06:19,602] client.Client<Client:22034>:OUTPUT: website : telegraph.co.uk, time : 24, hop cnt : 4
[2021-12-06 15:06:19,651] client.Client<Client:22034>:OUTPUT: Result of query for wordpress.org = 198.143.164.252
[2021-12-06 15:06:19,652] client.Client<Client:22034>:OUTPUT: website : wordpress.org, time : 46, hop cnt : 5
[2021-12-06 15:06:19,703] client.Client<Client:22034>:OUTPUT: Result of query for olx.ua = 13.225.229.19
[2021-12-06 15:06:19,704] client.Client<Client:22034>:OUTPUT: website : olx.ua, time : 49, hop cnt : 5
[2021-12-06 15:06:19,774] client.Client<Client:22034>:OUTPUT: Result of query for zendesk.com = 34.225.199.37
[2021-12-06 15:06:19,775] client.Client<Client:22034>:OUTPUT: website : zendesk.com, time : 67, hop cnt : 7
[2021-12-06 15:06:19,813] client.Client<Client:22034>:OUTPUT: Result of query for amazon.ca = 54.239.18.172
[2021-12-06 15:06:19,814] client.Client<Client:22034>:OUTPUT: website : amazon.ca, time : 36, hop cnt : 4
[2021-12-06 15:06:19,858] client.Client<Client:22034>:OUTPUT: Result of query for samsung.com = 211.45.27.231
[2021-12-06 15:06:19,859] client.Client<Client:22034>:OUTPUT: website : samsung.com, time : 40, hop cnt : 4
[2021-12-06 15:06:19,891] client.Client<Client:22034>:OUTPUT: Result of query for icloud.com = 17.253.144.10
[2021-12-06 15:06:19,892] client.Client<Client:22034>:OUTPUT: website : icloud.com, time : 30, hop cnt : 4
[2021-12-06 15:06:19,938] client.Client<Client:22034>:OUTPUT: Result of query for cricbuzz.com = 35.200.167.142
[2021-12-06 15:06:19,939] client.Client<Client:22034>:OUTPUT: website : cricbuzz.com, time : 43, hop cnt : 4
[2021-12-06 15:06:19,990] client.Client<Client:22034>:OUTPUT: Result of query for gearbest.com = 34.217.151.167
[2021-12-06 15:06:19,991] client.Client<Client:22034>:OUTPUT: website : gearbest.com, time : 49, hop cnt : 6
[2021-12-06 15:06:20,006] client.Client<Client:22034>:OUTPUT: Result of query for userapi.com = 87.240.190.64
[2021-12-06 15:06:20,007] client.Client<Client:22034>:OUTPUT: website : userapi.com, time : 13, hop cnt : 2
[2021-12-06 15:06:20,036] client.Client<Client:22034>:OUTPUT: Result of query for goodreads.com = 52.94.226.87
[2021-12-06 15:06:20,037] client.Client<Client:22034>:OUTPUT: website : goodreads.com, time : 28, hop cnt : 3
[2021-12-06 15:06:20,071] client.Client<Client:22034>:OUTPUT: Result of query for goo.ne.jp = 114.179.184.93
[2021-12-06 15:06:20,072] client.Client<Client:22034>:OUTPUT: website : goo.ne.jp, time : 30, hop cnt : 3
[2021-12-06 15:06:20,112] client.Client<Client:22034>:OUTPUT: Result of query for capitalone.com = 204.63.40.34
[2021-12-06 15:06:20,113] client.Client<Client:22034>:OUTPUT: website : capitalone.com, time : 37, hop cnt : 4
[2021-12-06 15:06:20,145] client.Client<Client:22034>:OUTPUT: Result of query for bukalapak.com = 34.120.254.97
[2021-12-06 15:06:20,146] client.Client<Client:22034>:OUTPUT: website : bukalapak.com, time : 31, hop cnt : 4
[2021-12-06 15:06:20,190] client.Client<Client:22034>:OUTPUT: Result of query for streamable.com = 151.101.65.63
[2021-12-06 15:06:20,191] client.Client<Client:22034>:OUTPUT: website : streamable.com, time : 42, hop cnt : 5
[2021-12-06 15:06:20,240] client.Client<Client:22034>:OUTPUT: Result of query for weebly.com = 74.115.50.109
[2021-12-06 15:06:20,241] client.Client<Client:22034>:OUTPUT: website : weebly.com, time : 48, hop cnt : 5
[2021-12-06 15:06:20,293] client.Client<Client:22034>:OUTPUT: Result of query for taboola.com = 151.101.2.132
[2021-12-06 15:06:20,294] client.Client<Client:22034>:OUTPUT: website : taboola.com, time : 49, hop cnt : 5
[2021-12-06 15:06:20,332] client.Client<Client:22034>:OUTPUT: Result of query for hp.com = 15.72.164.74
[2021-12-06 15:06:20,332] client.Client<Client:22034>:OUTPUT: website : hp.com, time : 36, hop cnt : 4
[2021-12-06 15:06:20,354] client.Client<Client:22034>:OUTPUT: Result of query for hulu.com = 23.218.69.247
[2021-12-06 15:06:20,354] client.Client<Client:22034>:OUTPUT: website : hulu.com, time : 19, hop cnt : 2
[2021-12-06 15:06:20,390] client.Client<Client:22034>:OUTPUT: Result of query for americanexpress.com = 104.66.111.139
[2021-12-06 15:06:20,391] client.Client<Client:22034>:OUTPUT: website : americanexpress.com, time : 33, hop cnt : 4
[2021-12-06 15:06:20,429] client.Client<Client:22034>:OUTPUT: Result of query for google.kz = 172.217.12.132
[2021-12-06 15:06:20,430] client.Client<Client:22034>:OUTPUT: website : google.kz, time : 35, hop cnt : 3
[2021-12-06 15:06:20,476] client.Client<Client:22034>:OUTPUT: Result of query for iqoption.com = 185.117.134.130
[2021-12-06 15:06:20,477] client.Client<Client:22034>:OUTPUT: website : iqoption.com, time : 42, hop cnt : 4
[2021-12-06 15:06:20,515] client.Client<Client:22034>:OUTPUT: Result of query for target.com = 151.101.2.187
[2021-12-06 15:06:20,516] client.Client<Client:22034>:OUTPUT: website : target.com, time : 36, hop cnt : 5
[2021-12-06 15:06:20,571] client.Client<Client:22034>:OUTPUT: Result of query for beeg.com = 192.243.54.98
[2021-12-06 15:06:20,572] client.Client<Client:22034>:OUTPUT: website : beeg.com, time : 53, hop cnt : 6
[2021-12-06 15:06:20,615] client.Client<Client:22034>:OUTPUT: Result of query for usps.com = 56.0.134.100
[2021-12-06 15:06:20,616] client.Client<Client:22034>:OUTPUT: website : usps.com, time : 40, hop cnt : 6
[2021-12-06 15:06:20,642] client.Client<Client:22034>:OUTPUT: Result of query for ci123.com = 202.102.90.108
[2021-12-06 15:06:20,643] client.Client<Client:22034>:OUTPUT: website : ci123.com, time : 24, hop cnt : 3
[2021-12-06 15:06:20,694] client.Client<Client:22034>:OUTPUT: Result of query for kaskus.co.id = 103.6.117.2
[2021-12-06 15:06:20,695] client.Client<Client:22034>:OUTPUT: website : kaskus.co.id, time : 48, hop cnt : 5
[2021-12-06 15:06:20,727] client.Client<Client:22034>:OUTPUT: Result of query for weevah2.top = 104.247.82.73
[2021-12-06 15:06:20,728] client.Client<Client:22034>:OUTPUT: website : weevah2.top, time : 30, hop cnt : 3
[2021-12-06 15:06:20,783] client.Client<Client:22034>:OUTPUT: Result of query for subscene.com = 104.21.234.74
[2021-12-06 15:06:20,784] client.Client<Client:22034>:OUTPUT: website : subscene.com, time : 53, hop cnt : 5
[2021-12-06 15:06:20,819] client.Client<Client:22034>:OUTPUT: Result of query for repubblica.it = 213.92.16.101
[2021-12-06 15:06:20,820] client.Client<Client:22034>:OUTPUT: website : repubblica.it, time : 33, hop cnt : 3
[2021-12-06 15:06:20,869] client.Client<Client:22034>:OUTPUT: Result of query for providr.com = 34.102.136.180
[2021-12-06 15:06:20,870] client.Client<Client:22034>:OUTPUT: website : providr.com, time : 47, hop cnt : 5
[2021-12-06 15:06:20,909] client.Client<Client:22034>:OUTPUT: Result of query for onet.pl = 213.180.141.140
[2021-12-06 15:06:20,910] client.Client<Client:22034>:OUTPUT: website : onet.pl, time : 37, hop cnt : 3
[2021-12-06 15:06:20,958] client.Client<Client:22034>:OUTPUT: Result of query for aparat.com = 185.147.178.11
[2021-12-06 15:06:20,959] client.Client<Client:22034>:OUTPUT: website : aparat.com, time : 47, hop cnt : 4
[2021-12-06 15:06:21,023] client.Client<Client:22034>:OUTPUT: Result of query for ups.com = 153.2.228.50
[2021-12-06 15:06:21,024] client.Client<Client:22034>:OUTPUT: website : ups.com, time : 61, hop cnt : 6
[2021-12-06 15:06:21,070] client.Client<Client:22034>:OUTPUT: Result of query for youdao.com = 103.72.47.249
[2021-12-06 15:06:21,071] client.Client<Client:22034>:OUTPUT: website : youdao.com, time : 44, hop cnt : 4
[2021-12-06 15:06:21,098] client.Client<Client:22034>:OUTPUT: Result of query for evernote.com = 35.190.29.187
[2021-12-06 15:06:21,098] client.Client<Client:22034>:OUTPUT: website : evernote.com, time : 25, hop cnt : 4
[2021-12-06 15:06:21,140] client.Client<Client:22034>:OUTPUT: Result of query for independent.co.uk = 151.101.193.184
[2021-12-06 15:06:21,141] client.Client<Client:22034>:OUTPUT: website : independent.co.uk, time : 36, hop cnt : 4
[2021-12-06 15:06:21,203] client.Client<Client:22034>:OUTPUT: Result of query for canva.com = 162.159.129.45
[2021-12-06 15:06:21,204] client.Client<Client:22034>:OUTPUT: website : canva.com, time : 60, hop cnt : 6
[2021-12-06 15:06:21,260] client.Client<Client:22034>:OUTPUT: Result of query for hatena.ne.jp = 3.115.142.243
[2021-12-06 15:06:21,261] client.Client<Client:22034>:OUTPUT: website : hatena.ne.jp, time : 52, hop cnt : 6
[2021-12-06 15:06:21,285] client.Client<Client:22034>:OUTPUT: Result of query for rottentomatoes.com = 104.102.216.224
[2021-12-06 15:06:21,286] client.Client<Client:22034>:OUTPUT: website : rottentomatoes.com, time : 22, hop cnt : 3
[2021-12-06 15:06:21,339] client.Client<Client:22034>:OUTPUT: Result of query for nownews.com = 107.167.188.74
[2021-12-06 15:06:21,340] client.Client<Client:22034>:OUTPUT: website : nownews.com, time : 51, hop cnt : 5
[2021-12-06 15:06:21,380] client.Client<Client:22034>:OUTPUT: Result of query for hdfcbank.com = 104.16.108.25
[2021-12-06 15:06:21,381] client.Client<Client:22034>:OUTPUT: website : hdfcbank.com, time : 38, hop cnt : 4
[2021-12-06 15:06:21,417] client.Client<Client:22034>:OUTPUT: Result of query for wittyfeed.com = 172.67.194.74
[2021-12-06 15:06:21,418] client.Client<Client:22034>:OUTPUT: website : wittyfeed.com, time : 33, hop cnt : 4
[2021-12-06 15:06:21,443] client.Client<Client:22034>:OUTPUT: Result of query for spiegel.de = 128.65.210.8
[2021-12-06 15:06:21,444] client.Client<Client:22034>:OUTPUT: website : spiegel.de, time : 23, hop cnt : 3
[2021-12-06 15:06:21,466] client.Client<Client:22034>:OUTPUT: Result of query for elpais.com = 104.77.178.166
[2021-12-06 15:06:21,467] client.Client<Client:22034>:OUTPUT: website : elpais.com, time : 20, hop cnt : 3
[2021-12-06 15:06:21,511] client.Client<Client:22034>:OUTPUT: Result of query for taleo.net = 68.233.77.233
[2021-12-06 15:06:21,512] client.Client<Client:22034>:OUTPUT: website : taleo.net, time : 42, hop cnt : 5
[2021-12-06 15:06:21,555] client.Client<Client:22034>:OUTPUT: Result of query for bet9ja.com = 185.179.62.2
[2021-12-06 15:06:21,556] client.Client<Client:22034>:OUTPUT: website : bet9ja.com, time : 41, hop cnt : 4
[2021-12-06 15:06:21,597] client.Client<Client:22034>:OUTPUT: Result of query for ibm.com = 129.42.38.10
[2021-12-06 15:06:21,598] client.Client<Client:22034>:OUTPUT: website : ibm.com, time : 40, hop cnt : 4
[2021-12-06 15:06:21,626] client.Client<Client:22034>:OUTPUT: Result of query for yesky.com = 119.3.245.74
[2021-12-06 15:06:21,627] client.Client<Client:22034>:OUTPUT: website : yesky.com, time : 25, hop cnt : 3
[2021-12-06 15:06:21,667] client.Client<Client:22034>:OUTPUT: Result of query for boredpanda.com = 34.193.118.149
[2021-12-06 15:06:21,668] client.Client<Client:22034>:OUTPUT: website : boredpanda.com, time : 38, hop cnt : 4
[2021-12-06 15:06:21,704] client.Client<Client:22034>:OUTPUT: Result of query for udemy.com = 104.16.66.85
[2021-12-06 15:06:21,705] client.Client<Client:22034>:OUTPUT: website : udemy.com, time : 34, hop cnt : 4
[2021-12-06 15:06:21,752] client.Client<Client:22034>:OUTPUT: Result of query for livedoor.jp = 203.104.153.16
[2021-12-06 15:06:21,753] client.Client<Client:22034>:OUTPUT: website : livedoor.jp, time : 45, hop cnt : 5
[2021-12-06 15:06:21,803] client.Client<Client:22034>:OUTPUT: Result of query for iqiyi.com = 111.206.13.63
[2021-12-06 15:06:21,804] client.Client<Client:22034>:OUTPUT: website : iqiyi.com, time : 49, hop cnt : 6
[2021-12-06 15:06:21,844] client.Client<Client:22034>:OUTPUT: Result of query for duckduckgo.com = 52.149.246.39
[2021-12-06 15:06:21,845] client.Client<Client:22034>:OUTPUT: website : duckduckgo.com, time : 38, hop cnt : 4
[2021-12-06 15:06:21,901] client.Client<Client:22034>:OUTPUT: Result of query for hatenablog.com = 13.230.115.161
[2021-12-06 15:06:21,902] client.Client<Client:22034>:OUTPUT: website : hatenablog.com, time : 52, hop cnt : 6
[2021-12-06 15:06:21,962] client.Client<Client:22034>:OUTPUT: Result of query for sciencedirect.com = 162.159.129.81
[2021-12-06 15:06:21,963] client.Client<Client:22034>:OUTPUT: website : sciencedirect.com, time : 58, hop cnt : 5
[2021-12-06 15:06:22,002] client.Client<Client:22034>:OUTPUT: Result of query for fiverr.com = 104.18.254.23
[2021-12-06 15:06:22,003] client.Client<Client:22034>:OUTPUT: website : fiverr.com, time : 36, hop cnt : 6
[2021-12-06 15:06:22,033] client.Client<Client:22034>:OUTPUT: Result of query for wp.pl = 212.77.98.9
[2021-12-06 15:06:22,034] client.Client<Client:22034>:OUTPUT: website : wp.pl, time : 28, hop cnt : 4
[2021-12-06 15:06:22,070] client.Client<Client:22034>:OUTPUT: Result of query for mlb.com = 34.102.169.19
[2021-12-06 15:06:22,071] client.Client<Client:22034>:OUTPUT: website : mlb.com, time : 34, hop cnt : 5
[2021-12-06 15:06:22,102] client.Client<Client:22034>:OUTPUT: Result of query for mercadolibre.com.ar = 13.225.229.38
[2021-12-06 15:06:22,103] client.Client<Client:22034>:OUTPUT: website : mercadolibre.com.ar, time : 29, hop cnt : 3
[2021-12-06 15:06:22,155] client.Client<Client:22034>:OUTPUT: Result of query for go.com = 23.236.60.174
[2021-12-06 15:06:22,156] client.Client<Client:22034>:OUTPUT: website : go.com, time : 50, hop cnt : 5
[2021-12-06 15:06:22,210] client.Client<Client:22034>:OUTPUT: Result of query for gyazo.com = 35.186.213.112
[2021-12-06 15:06:22,211] client.Client<Client:22034>:OUTPUT: website : gyazo.com, time : 52, hop cnt : 6
[2021-12-06 15:06:22,271] client.Client<Client:22034>:OUTPUT: Result of query for reverso.net = 54.36.69.215
[2021-12-06 15:06:22,272] client.Client<Client:22034>:OUTPUT: website : reverso.net, time : 59, hop cnt : 6
[2021-12-06 15:06:22,306] client.Client<Client:22034>:OUTPUT: Result of query for ensonhaber.com = 172.67.4.66
[2021-12-06 15:06:22,307] client.Client<Client:22034>:OUTPUT: website : ensonhaber.com, time : 32, hop cnt : 4
[2021-12-06 15:06:22,342] client.Client<Client:22034>:OUTPUT: Result of query for setn.com = 54.238.119.86
[2021-12-06 15:06:22,343] client.Client<Client:22034>:OUTPUT: website : setn.com, time : 33, hop cnt : 4
[2021-12-06 15:06:22,379] client.Client<Client:22034>:OUTPUT: Result of query for patreon.com = 104.16.7.49
[2021-12-06 15:06:22,379] client.Client<Client:22034>:OUTPUT: website : patreon.com, time : 33, hop cnt : 3
[2021-12-06 15:06:22,430] client.Client<Client:22034>:OUTPUT: Result of query for google.com.kw = 172.217.12.195
[2021-12-06 15:06:22,431] client.Client<Client:22034>:OUTPUT: website : google.com.kw, time : 48, hop cnt : 5
[2021-12-06 15:06:22,485] client.Client<Client:22034>:OUTPUT: Result of query for line.me = 203.104.138.138
[2021-12-06 15:06:22,486] client.Client<Client:22034>:OUTPUT: website : line.me, time : 52, hop cnt : 5
[2021-12-06 15:06:22,535] client.Client<Client:22034>:OUTPUT: Result of query for jrj.com.cn = 118.186.210.142
[2021-12-06 15:06:22,536] client.Client<Client:22034>:OUTPUT: website : jrj.com.cn, time : 47, hop cnt : 6
[2021-12-06 15:06:22,580] client.Client<Client:22034>:OUTPUT: Result of query for myanimelist.net = 13.225.229.79
[2021-12-06 15:06:22,581] client.Client<Client:22034>:OUTPUT: website : myanimelist.net, time : 42, hop cnt : 4
[2021-12-06 15:06:22,617] client.Client<Client:22034>:OUTPUT: Result of query for upwork.com = 104.18.89.237
[2021-12-06 15:06:22,618] client.Client<Client:22034>:OUTPUT: website : upwork.com, time : 34, hop cnt : 4
[2021-12-06 15:06:22,669] client.Client<Client:22034>:OUTPUT: Result of query for intuit.com = 104.122.150.250
[2021-12-06 15:06:22,670] client.Client<Client:22034>:OUTPUT: website : intuit.com, time : 50, hop cnt : 6
[2021-12-06 15:06:22,723] client.Client<Client:22034>:OUTPUT: Result of query for nametests.com = 104.16.51.93
[2021-12-06 15:06:22,724] client.Client<Client:22034>:OUTPUT: website : nametests.com, time : 51, hop cnt : 5
[2021-12-06 15:06:22,760] client.Client<Client:22034>:OUTPUT: Result of query for mobileofferplace.site = 104.28.2.186
[2021-12-06 15:06:22,761] client.Client<Client:22034>:OUTPUT: website : mobileofferplace.site, time : 34, hop cnt : 4
[2021-12-06 15:06:22,805] client.Client<Client:22034>:OUTPUT: Result of query for seasonvar.ru = 172.67.203.91
[2021-12-06 15:06:22,806] client.Client<Client:22034>:OUTPUT: website : seasonvar.ru, time : 42, hop cnt : 5
[2021-12-06 15:06:22,853] client.Client<Client:22034>:OUTPUT: Result of query for dell.com = 143.166.147.101
[2021-12-06 15:06:22,854] client.Client<Client:22034>:OUTPUT: website : dell.com, time : 45, hop cnt : 5
[2021-12-06 15:06:22,903] client.Client<Client:22034>:OUTPUT: Result of query for bloomberg.com = 69.191.252.15
[2021-12-06 15:06:22,904] client.Client<Client:22034>:OUTPUT: website : bloomberg.com, time : 47, hop cnt : 5
[2021-12-06 15:06:22,946] client.Client<Client:22034>:OUTPUT: Result of query for cerpen.co.id = 172.67.134.100
[2021-12-06 15:06:22,947] client.Client<Client:22034>:OUTPUT: website : cerpen.co.id, time : 40, hop cnt : 4
[2021-12-06 15:06:22,982] client.Client<Client:22034>:OUTPUT: Result of query for playstation.com = 209.200.152.199
[2021-12-06 15:06:22,983] client.Client<Client:22034>:OUTPUT: website : playstation.com, time : 33, hop cnt : 5
[2021-12-06 15:06:23,041] client.Client<Client:22034>:OUTPUT: Result of query for urbandictionary.com = 151.101.64.207
[2021-12-06 15:06:23,042] client.Client<Client:22034>:OUTPUT: website : urbandictionary.com, time : 56, hop cnt : 6
[2021-12-06 15:06:23,083] client.Client<Client:22034>:OUTPUT: Result of query for behance.net = 151.101.193.197
[2021-12-06 15:06:23,084] client.Client<Client:22034>:OUTPUT: website : behance.net, time : 39, hop cnt : 4
[2021-12-06 15:06:23,116] client.Client<Client:22034>:OUTPUT: Result of query for fedex.com = 204.135.13.155
[2021-12-06 15:06:23,117] client.Client<Client:22034>:OUTPUT: website : fedex.com, time : 30, hop cnt : 3
[2021-12-06 15:06:23,190] client.Client<Client:22034>:OUTPUT: Result of query for groupon.com = 184.87.54.217
[2021-12-06 15:06:23,192] client.Client<Client:22034>:OUTPUT: website : groupon.com, time : 71, hop cnt : 6
[2021-12-06 15:06:23,228] client.Client<Client:22034>:OUTPUT: Result of query for qiita.com = 54.250.212.128
[2021-12-06 15:06:23,229] client.Client<Client:22034>:OUTPUT: website : qiita.com, time : 33, hop cnt : 5
[2021-12-06 15:06:23,300] client.Client<Client:22034>:OUTPUT: Result of query for exoclick.com = 94.23.144.230
[2021-12-06 15:06:23,301] client.Client<Client:22034>:OUTPUT: website : exoclick.com, time : 67, hop cnt : 6
[2021-12-06 15:06:23,351] client.Client<Client:22034>:OUTPUT: Result of query for box.com = 107.152.27.201
[2021-12-06 15:06:23,352] client.Client<Client:22034>:OUTPUT: website : box.com, time : 49, hop cnt : 5
[2021-12-06 15:06:23,413] client.Client<Client:22034>:OUTPUT: Result of query for scribol.com = 104.24.104.90
[2021-12-06 15:06:23,414] client.Client<Client:22034>:OUTPUT: website : scribol.com, time : 58, hop cnt : 5
[2021-12-06 15:06:23,469] client.Client<Client:22034>:OUTPUT: Result of query for doublepimp.com = 192.152.95.129
[2021-12-06 15:06:23,470] client.Client<Client:22034>:OUTPUT: website : doublepimp.com, time : 53, hop cnt : 5
[2021-12-06 15:06:23,523] client.Client<Client:22034>:OUTPUT: Result of query for glassdoor.com = 104.17.91.51
[2021-12-06 15:06:23,524] client.Client<Client:22034>:OUTPUT: website : glassdoor.com, time : 50, hop cnt : 5
[2021-12-06 15:06:23,561] client.Client<Client:22034>:OUTPUT: Result of query for uidai.gov.in = 103.57.226.101
[2021-12-06 15:06:23,562] client.Client<Client:22034>:OUTPUT: website : uidai.gov.in, time : 31, hop cnt : 3
[2021-12-06 15:06:23,594] client.Client<Client:22034>:OUTPUT: Result of query for theverge.com = 151.101.129.52
[2021-12-06 15:06:23,595] client.Client<Client:22034>:OUTPUT: website : theverge.com, time : 28, hop cnt : 3
[2021-12-06 15:06:23,631] client.Client<Client:22034>:OUTPUT: Result of query for marca.com = 52.174.157.78
[2021-12-06 15:06:23,632] client.Client<Client:22034>:OUTPUT: website : marca.com, time : 31, hop cnt : 3
[2021-12-06 15:06:23,678] client.Client<Client:22034>:OUTPUT: Result of query for coinmarketcap.com = 104.17.137.178
[2021-12-06 15:06:23,679] client.Client<Client:22034>:OUTPUT: website : coinmarketcap.com, time : 44, hop cnt : 4
[2021-12-06 15:06:23,730] client.Client<Client:22034>:OUTPUT: Result of query for wix.com = 185.230.63.164
[2021-12-06 15:06:23,731] client.Client<Client:22034>:OUTPUT: website : wix.com, time : 47, hop cnt : 5
[2021-12-06 15:06:23,806] client.Client<Client:22034>:OUTPUT: Result of query for slickdeals.net = 104.77.178.172
[2021-12-06 15:06:23,807] client.Client<Client:22034>:OUTPUT: website : slickdeals.net, time : 74, hop cnt : 8
[2021-12-06 15:06:23,854] client.Client<Client:22034>:OUTPUT: Result of query for baike.com = 122.14.230.164
[2021-12-06 15:06:23,855] client.Client<Client:22034>:OUTPUT: website : baike.com, time : 44, hop cnt : 5
[2021-12-06 15:06:23,904] client.Client<Client:22034>:OUTPUT: Result of query for rediff.com = 88.221.90.136
[2021-12-06 15:06:23,905] client.Client<Client:22034>:OUTPUT: website : rediff.com, time : 44, hop cnt : 4
[2021-12-06 15:06:23,928] client.Client<Client:22034>:OUTPUT: Result of query for google.co.nz = 172.217.6.195
[2021-12-06 15:06:23,929] client.Client<Client:22034>:OUTPUT: website : google.co.nz, time : 20, hop cnt : 3
[2021-12-06 15:06:23,982] client.Client<Client:22034>:OUTPUT: Result of query for haber7.com = 185.195.231.35
[2021-12-06 15:06:23,983] client.Client<Client:22034>:OUTPUT: website : haber7.com, time : 48, hop cnt : 5
[2021-12-06 15:06:24,061] client.Client<Client:22034>:OUTPUT: Result of query for free.fr = 212.27.48.10
[2021-12-06 15:06:24,062] client.Client<Client:22034>:OUTPUT: website : free.fr, time : 74, hop cnt : 6
[2021-12-06 15:06:24,125] client.Client<Client:22034>:OUTPUT: Result of query for patch.com = 151.101.129.177
[2021-12-06 15:06:24,126] client.Client<Client:22034>:OUTPUT: website : patch.com, time : 60, hop cnt : 6
[2021-12-06 15:06:24,169] client.Client<Client:22034>:OUTPUT: Result of query for ultimate-guitar.com = 178.18.22.152
[2021-12-06 15:06:24,170] client.Client<Client:22034>:OUTPUT: website : ultimate-guitar.com, time : 41, hop cnt : 4
[2021-12-06 15:06:24,208] client.Client<Client:22034>:OUTPUT: Result of query for 163.com = 123.58.180.7
[2021-12-06 15:06:24,209] client.Client<Client:22034>:OUTPUT: website : 163.com, time : 35, hop cnt : 3
[2021-12-06 15:06:24,255] client.Client<Client:22034>:OUTPUT: Result of query for zoho.com = 204.141.32.155
[2021-12-06 15:06:24,256] client.Client<Client:22034>:OUTPUT: website : zoho.com, time : 43, hop cnt : 4
[2021-12-06 15:06:24,291] client.Client<Client:22034>:OUTPUT: Result of query for onedio.com = 104.16.229.51
[2021-12-06 15:06:24,292] client.Client<Client:22034>:OUTPUT: website : onedio.com, time : 32, hop cnt : 3
[2021-12-06 15:06:24,353] client.Client<Client:22034>:OUTPUT: Result of query for pandora.com = 208.85.40.158
[2021-12-06 15:06:24,354] client.Client<Client:22034>:OUTPUT: website : pandora.com, time : 59, hop cnt : 5
[2021-12-06 15:06:24,403] client.Client<Client:22034>:OUTPUT: Result of query for google.bg = 172.217.9.227
[2021-12-06 15:06:24,404] client.Client<Client:22034>:OUTPUT: website : google.bg, time : 47, hop cnt : 4
[2021-12-06 15:06:24,462] client.Client<Client:22034>:OUTPUT: Result of query for taringa.net = 104.16.249.39
[2021-12-06 15:06:24,463] client.Client<Client:22034>:OUTPUT: website : taringa.net, time : 55, hop cnt : 5
[2021-12-06 15:06:24,512] client.Client<Client:22034>:OUTPUT: Result of query for sportbible.com = 104.16.93.22
[2021-12-06 15:06:24,512] client.Client<Client:22034>:OUTPUT: website : sportbible.com, time : 47, hop cnt : 4
[2021-12-06 15:06:24,556] client.Client<Client:22034>:OUTPUT: Result of query for citi.com = 192.193.102.176
[2021-12-06 15:06:24,557] client.Client<Client:22034>:OUTPUT: website : citi.com, time : 41, hop cnt : 3
[2021-12-06 15:06:24,596] client.Client<Client:22034>:OUTPUT: Result of query for kickstarter.com = 151.101.2.217
[2021-12-06 15:06:24,596] client.Client<Client:22034>:OUTPUT: website : kickstarter.com, time : 36, hop cnt : 4
[2021-12-06 15:06:24,627] client.Client<Client:22034>:OUTPUT: Result of query for ebay.it = 66.135.195.175
[2021-12-06 15:06:24,628] client.Client<Client:22034>:OUTPUT: website : ebay.it, time : 27, hop cnt : 3
[2021-12-06 15:06:24,664] client.Client<Client:22034>:OUTPUT: Result of query for icicibank.com = 203.27.235.25
[2021-12-06 15:06:24,664] client.Client<Client:22034>:OUTPUT: website : icicibank.com, time : 33, hop cnt : 4
[2021-12-06 15:06:24,696] client.Client<Client:22034>:OUTPUT: Result of query for seznam.cz = 77.75.75.172
[2021-12-06 15:06:24,696] client.Client<Client:22034>:OUTPUT: website : seznam.cz, time : 28, hop cnt : 3
[2021-12-06 15:06:24,755] client.Client<Client:22034>:OUTPUT: Result of query for biobiochile.cl = 143.244.35.157
[2021-12-06 15:06:24,755] client.Client<Client:22034>:OUTPUT: website : biobiochile.cl, time : 57, hop cnt : 6
[2021-12-06 15:06:24,800] client.Client<Client:22034>:OUTPUT: Result of query for gizmodo.com = 151.101.194.166
[2021-12-06 15:06:24,801] client.Client<Client:22034>:OUTPUT: website : gizmodo.com, time : 42, hop cnt : 5
[2021-12-06 15:06:24,843] client.Client<Client:22034>:OUTPUT: Result of query for wowhead.com = 104.18.31.49
[2021-12-06 15:06:24,844] client.Client<Client:22034>:OUTPUT: website : wowhead.com, time : 39, hop cnt : 4
[2021-12-06 15:06:24,900] client.Client<Client:22034>:OUTPUT: Result of query for manoramaonline.com = 104.98.140.7
[2021-12-06 15:06:24,900] client.Client<Client:22034>:OUTPUT: website : manoramaonline.com, time : 52, hop cnt : 6
[2021-12-06 15:06:24,934] client.Client<Client:22034>:OUTPUT: Result of query for t-online.de = 62.138.239.100
[2021-12-06 15:06:24,935] client.Client<Client:22034>:OUTPUT: website : t-online.de, time : 31, hop cnt : 4
[2021-12-06 15:06:24,961] client.Client<Client:22034>:OUTPUT: Result of query for lifebuzz.com = 13.225.229.84
[2021-12-06 15:06:24,962] client.Client<Client:22034>:OUTPUT: website : lifebuzz.com, time : 24, hop cnt : 3
[2021-12-06 15:06:25,021] client.Client<Client:22034>:OUTPUT: Result of query for lazada.co.id = 47.89.92.195
[2021-12-06 15:06:25,022] client.Client<Client:22034>:OUTPUT: website : lazada.co.id, time : 54, hop cnt : 6
[2021-12-06 15:06:25,064] client.Client<Client:22034>:OUTPUT: Result of query for cnzz.com = 203.119.169.175
[2021-12-06 15:06:25,065] client.Client<Client:22034>:OUTPUT: website : cnzz.com, time : 41, hop cnt : 4
[2021-12-06 15:06:25,092] client.Client<Client:22034>:OUTPUT: Result of query for conservativetribune.com = 104.26.2.6
[2021-12-06 15:06:25,093] client.Client<Client:22034>:OUTPUT: website : conservativetribune.com, time : 24, hop cnt : 2
[2021-12-06 15:06:25,141] client.Client<Client:22034>:OUTPUT: Result of query for wattpad.com = 13.225.229.64
[2021-12-06 15:06:25,142] client.Client<Client:22034>:OUTPUT: website : wattpad.com, time : 47, hop cnt : 5
[2021-12-06 15:06:25,187] client.Client<Client:22034>:OUTPUT: Result of query for sahibinden.com = 85.111.30.111
[2021-12-06 15:06:25,188] client.Client<Client:22034>:OUTPUT: website : sahibinden.com, time : 42, hop cnt : 5
[2021-12-06 15:06:25,237] client.Client<Client:22034>:OUTPUT: Result of query for ebay.com.au = 66.135.195.175
[2021-12-06 15:06:25,238] client.Client<Client:22034>:OUTPUT: website : ebay.com.au, time : 47, hop cnt : 5
[2021-12-06 15:06:25,304] client.Client<Client:22034>:OUTPUT: Result of query for pixabay.com = 104.18.21.183
[2021-12-06 15:06:25,305] client.Client<Client:22034>:OUTPUT: website : pixabay.com, time : 64, hop cnt : 6
[2021-12-06 15:06:25,353] client.Client<Client:22034>:OUTPUT: Result of query for naukri.com = 54.251.103.25
[2021-12-06 15:06:25,354] client.Client<Client:22034>:OUTPUT: website : naukri.com, time : 46, hop cnt : 4
[2021-12-06 15:06:25,395] client.Client<Client:22034>:OUTPUT: Result of query for yandex.ua = 154.47.36.66
[2021-12-06 15:06:25,396] client.Client<Client:22034>:OUTPUT: website : yandex.ua, time : 39, hop cnt : 6
[2021-12-06 15:06:25,432] client.Client<Client:22034>:OUTPUT: Result of query for launchpage.org = 109.236.89.110
[2021-12-06 15:06:25,433] client.Client<Client:22034>:OUTPUT: website : launchpage.org, time : 34, hop cnt : 5
[2021-12-06 15:06:25,497] client.Client<Client:22034>:OUTPUT: Result of query for umblr.com = 74.114.154.17
[2021-12-06 15:06:25,498] client.Client<Client:22034>:OUTPUT: website : umblr.com, time : 62, hop cnt : 5
[2021-12-06 15:06:25,559] client.Client<Client:22034>:OUTPUT: Result of query for webmd.com = 207.231.204.56
[2021-12-06 15:06:25,560] client.Client<Client:22034>:OUTPUT: website : webmd.com, time : 59, hop cnt : 6
[2021-12-06 15:06:25,598] client.Client<Client:22034>:OUTPUT: Result of query for goal.com = 185.42.238.89
[2021-12-06 15:06:25,599] client.Client<Client:22034>:OUTPUT: website : goal.com, time : 36, hop cnt : 3
[2021-12-06 15:06:25,642] client.Client<Client:22034>:OUTPUT: Result of query for gamer.com.tw = 104.16.182.30
[2021-12-06 15:06:25,643] client.Client<Client:22034>:OUTPUT: website : gamer.com.tw, time : 42, hop cnt : 5
[2021-12-06 15:06:25,708] client.Client<Client:22034>:OUTPUT: Result of query for gsmarena.com = 148.251.96.211
[2021-12-06 15:06:25,709] client.Client<Client:22034>:OUTPUT: website : gsmarena.com, time : 59, hop cnt : 6
[2021-12-06 15:06:25,770] client.Client<Client:22034>:OUTPUT: Result of query for tutorialspoint.com = 95.217.74.146
[2021-12-06 15:06:25,771] client.Client<Client:22034>:OUTPUT: website : tutorialspoint.com, time : 60, hop cnt : 6
[2021-12-06 15:06:25,811] client.Client<Client:22034>:OUTPUT: Result of query for billdesk.com = 210.210.24.66
[2021-12-06 15:06:25,812] client.Client<Client:22034>:OUTPUT: website : billdesk.com, time : 38, hop cnt : 4
[2021-12-06 15:06:25,846] client.Client<Client:22034>:OUTPUT: Result of query for libero.it = 213.209.17.209
[2021-12-06 15:06:25,847] client.Client<Client:22034>:OUTPUT: website : libero.it, time : 32, hop cnt : 3
[2021-12-06 15:06:25,885] client.Client<Client:22034>:OUTPUT: Result of query for reuters.com = 52.2.61.110
[2021-12-06 15:06:25,886] client.Client<Client:22034>:OUTPUT: website : reuters.com, time : 36, hop cnt : 4
[2021-12-06 15:06:25,933] client.Client<Client:22034>:OUTPUT: Result of query for list-manage.com = 205.201.132.96
[2021-12-06 15:06:25,934] client.Client<Client:22034>:OUTPUT: website : list-manage.com, time : 45, hop cnt : 4
[2021-12-06 15:06:25,993] client.Client<Client:22034>:OUTPUT: Result of query for mercadolibre.com.mx = 13.225.229.122
[2021-12-06 15:06:25,994] client.Client<Client:22034>:OUTPUT: website : mercadolibre.com.mx, time : 57, hop cnt : 5
[2021-12-06 15:06:26,046] client.Client<Client:22034>:OUTPUT: Result of query for poloniex.com = 104.18.216.39
[2021-12-06 15:06:26,047] client.Client<Client:22034>:OUTPUT: website : poloniex.com, time : 48, hop cnt : 5
[2021-12-06 15:06:26,103] client.Client<Client:22034>:OUTPUT: Result of query for paytm.com = 35.154.153.141
[2021-12-06 15:06:26,104] client.Client<Client:22034>:OUTPUT: website : paytm.com, time : 54, hop cnt : 5
[2021-12-06 15:06:26,141] client.Client<Client:22034>:OUTPUT: Result of query for olx.pl = 13.225.229.21
[2021-12-06 15:06:26,142] client.Client<Client:22034>:OUTPUT: website : olx.pl, time : 34, hop cnt : 3
[2021-12-06 15:10:37,011] mainb.Node_<Node_:91001>:OUTPUT: Total collison by the hash function:  0
[2021-12-06 15:10:37,093] mainb.Node_<Node_:91001>:OUTPUT: Hash values for all the nodes in sorted order:  [153904344268160482, 668669412476174985, 689474695930799148, 897326231915261947, 1350632067965537232, 1359587997654712134, 1394114874695394600, 1604410832287309980, 1795295530313534373, 2386653577586092030, 2588241741043650434, 2633167838321255811, 2647333165980192684, 3110992111760871076, 3199701622828915871, 4116902210361999755, 5630065132709131204, 5804635894415243619, 5820495058371323939, 6887880471684841625, 7435793334407184416, 7500877543575872860, 7817592694228316823, 7958838879959944828, 8475782669705167986, 8855470364528507020, 9286734743062094202, 9706590009231247300, 10098754619906252067, 10339659756150594873, 10519207308241508335, 10537768533098213497, 10538859606963085055, 10685071642516421276, 11445876738061481718, 11557592479621236212, 11618230113268813496, 11831018934926480697, 11875731391536351448, 15085020083852808454, 15162343768174101030, 15254631354211911737, 15765549296261202231, 16571491170418847316, 16685119756397785606, 16773056391855563260, 17087245383008643446, 17528935634049445770, 17641294876842974865, 18320040881128329095]
[2021-12-06 15:10:55,007] mainb.Node_<Node_:91001>:ERROR: Unrecoverable error in node process: NameError("name 'hash_val' is not defined",)
Traceback (most recent call last):
  File "C:\Users\DebmalyaK\anaconda3\envs\py36\lib\site-packages\da\sim.py", line 983, in _delayed_start
    return self.run()
  File "src/dns_resolver\mainb.py", line 119, in run
    setup_args = build_setup_args(i, m, node_tuples, hashed_nodes_keys, hashed_datas, hashed_datas_keys)
  File "src/dns_resolver\mainb.py", line 24, in build_setup_args
    setup_args['node_datas'] = assign_datas_to_node(idx, hashed_datas, hashed_datas_keys, hashed_nodes_keys)
  File "src/dns_resolver\mainb.py", line 46, in assign_datas_to_node
    datas[hash_val] = hashed_datas[hashed_datas_keys[i]]
NameError: name 'hash_val' is not defined
[2021-12-06 15:18:19,301] mainb.Node_<Node_:a2001>:OUTPUT: Total collison by the hash function:  0
[2021-12-06 15:18:19,384] mainb.Node_<Node_:a2001>:OUTPUT: Hash values for all the nodes in sorted order:  [83620772696294594, 1622368832405849571, 2519128341314328651, 2586949240941028122, 2653158451057592634, 2739566913033826643, 3207763817756871051, 3315325147322176435, 3885024849633006013, 4168498552979338782, 4654685496747040885, 4974677374198538829, 5179834842878539779, 5191515504287677496, 5676682896841193033, 5878985469411187986, 7299911713314087033, 7311842050048902864, 7425186165320362881, 7879935078260691205, 8328530819533422204, 8333727603968988759, 8707689021969731306, 9376002699001185672, 9529777295830454052, 9824332561611115008, 10375709712442052744, 10841307099113923309, 11467587074606940842, 11555074233119793802, 11627553821842994862, 12331495882522744525, 12374454237453463849, 12533236060625341721, 12624337300647454403, 13416378789507550156, 14476361018597310087, 15097593102867566237, 15779157720443411388, 16552163713032800169, 16813177726855143872, 16877617714363909144, 17008467223406239490, 17218791206603937043, 17431543695366807741, 17439686554917678663, 17660906225891758880, 17759356056803583905, 17814184594134399722, 18004559485449160734]
[2021-12-06 15:18:38,577] client.Client<Client:27034>:OUTPUT: <Client:27034>  has been started.
[2021-12-06 15:18:38,614] client.Client<Client:27034>:OUTPUT: Result of query for google.com = 142.250.64.78
[2021-12-06 15:18:38,615] client.Client<Client:27034>:OUTPUT: website : google.com, time : 37, hop cnt : 3
[2021-12-06 15:18:38,664] client.Client<Client:27034>:OUTPUT: Result of query for youtube.com = 172.217.12.142
[2021-12-06 15:18:38,665] client.Client<Client:27034>:OUTPUT: website : youtube.com, time : 46, hop cnt : 3
[2021-12-06 15:18:38,716] client.Client<Client:27034>:OUTPUT: Result of query for facebook.com = 31.13.71.36
[2021-12-06 15:18:38,717] client.Client<Client:27034>:OUTPUT: website : facebook.com, time : 50, hop cnt : 4
[2021-12-06 15:18:38,768] client.Client<Client:27034>:OUTPUT: Result of query for baidu.com = 220.181.38.148
[2021-12-06 15:18:38,769] client.Client<Client:27034>:OUTPUT: website : baidu.com, time : 49, hop cnt : 4
[2021-12-06 15:18:38,810] client.Client<Client:27034>:OUTPUT: Result of query for wikipedia.org = 208.80.154.224
[2021-12-06 15:18:38,810] client.Client<Client:27034>:OUTPUT: website : wikipedia.org, time : 39, hop cnt : 3
[2021-12-06 15:18:38,850] client.Client<Client:27034>:OUTPUT: Result of query for yahoo.com = 74.6.231.21
[2021-12-06 15:18:38,851] client.Client<Client:27034>:OUTPUT: website : yahoo.com, time : 37, hop cnt : 3
[2021-12-06 15:18:38,876] client.Client<Client:27034>:OUTPUT: Result of query for google.co.in = 172.217.12.131
[2021-12-06 15:18:38,876] client.Client<Client:27034>:OUTPUT: website : google.co.in, time : 22, hop cnt : 3
[2021-12-06 15:18:38,911] client.Client<Client:27034>:OUTPUT: Result of query for reddit.com = 151.101.1.140
[2021-12-06 15:18:38,912] client.Client<Client:27034>:OUTPUT: website : reddit.com, time : 31, hop cnt : 3
[2021-12-06 15:18:38,949] client.Client<Client:27034>:OUTPUT: Result of query for qq.com = 58.250.137.36
[2021-12-06 15:18:38,950] client.Client<Client:27034>:OUTPUT: website : qq.com, time : 35, hop cnt : 3
[2021-12-06 15:18:39,021] client.Client<Client:27034>:OUTPUT: Result of query for amazon.com = 205.251.242.103
[2021-12-06 15:18:39,022] client.Client<Client:27034>:OUTPUT: website : amazon.com, time : 69, hop cnt : 6
[2021-12-06 15:18:39,081] client.Client<Client:27034>:OUTPUT: Result of query for taobao.com = 140.205.220.96
[2021-12-06 15:18:39,082] client.Client<Client:27034>:OUTPUT: website : taobao.com, time : 58, hop cnt : 4
[2021-12-06 15:18:39,131] client.Client<Client:27034>:OUTPUT: Result of query for twitter.com = 104.244.42.193
[2021-12-06 15:18:39,132] client.Client<Client:27034>:OUTPUT: website : twitter.com, time : 47, hop cnt : 4
[2021-12-06 15:18:39,159] client.Client<Client:27034>:OUTPUT: Result of query for tmall.com = 140.205.94.193
[2021-12-06 15:18:39,160] client.Client<Client:27034>:OUTPUT: website : tmall.com, time : 24, hop cnt : 2
[2021-12-06 15:18:39,231] client.Client<Client:27034>:OUTPUT: Result of query for google.co.jp = 142.250.64.99
[2021-12-06 15:18:39,232] client.Client<Client:27034>:OUTPUT: website : google.co.jp, time : 68, hop cnt : 6
[2021-12-06 15:18:39,267] client.Client<Client:27034>:OUTPUT: Result of query for live.com = 204.79.197.212
[2021-12-06 15:18:39,268] client.Client<Client:27034>:OUTPUT: website : live.com, time : 33, hop cnt : 3
[2021-12-06 15:18:39,304] client.Client<Client:27034>:OUTPUT: Result of query for vk.com = 93.186.225.208
[2021-12-06 15:18:39,305] client.Client<Client:27034>:OUTPUT: website : vk.com, time : 34, hop cnt : 4
[2021-12-06 15:18:39,353] client.Client<Client:27034>:OUTPUT: Result of query for instagram.com = 3.216.253.146
[2021-12-06 15:18:39,353] client.Client<Client:27034>:OUTPUT: website : instagram.com, time : 45, hop cnt : 4
[2021-12-06 15:18:39,410] client.Client<Client:27034>:OUTPUT: Result of query for sohu.com = 211.159.191.18
[2021-12-06 15:18:39,411] client.Client<Client:27034>:OUTPUT: website : sohu.com, time : 54, hop cnt : 5
[2021-12-06 15:18:39,467] client.Client<Client:27034>:OUTPUT: Result of query for sina.com.cn = 123.126.45.205
[2021-12-06 15:18:39,468] client.Client<Client:27034>:OUTPUT: website : sina.com.cn, time : 54, hop cnt : 4
[2021-12-06 15:18:39,525] client.Client<Client:27034>:OUTPUT: Result of query for jd.com = 111.13.149.108
[2021-12-06 15:18:39,526] client.Client<Client:27034>:OUTPUT: website : jd.com, time : 56, hop cnt : 5
[2021-12-06 15:18:39,594] client.Client<Client:27034>:OUTPUT: Result of query for weibo.com = 47.254.92.5
[2021-12-06 15:18:39,595] client.Client<Client:27034>:OUTPUT: website : weibo.com, time : 66, hop cnt : 5
[2021-12-06 15:18:39,640] client.Client<Client:27034>:OUTPUT: Result of query for 360.cn = 36.99.170.84
[2021-12-06 15:18:39,640] client.Client<Client:27034>:OUTPUT: website : 360.cn, time : 44, hop cnt : 4
[2021-12-06 15:18:39,686] client.Client<Client:27034>:OUTPUT: Result of query for google.de = 172.217.165.131
[2021-12-06 15:18:39,687] client.Client<Client:27034>:OUTPUT: website : google.de, time : 41, hop cnt : 3
[2021-12-06 15:18:39,752] client.Client<Client:27034>:OUTPUT: Result of query for google.co.uk = 172.217.10.67
[2021-12-06 15:18:39,753] client.Client<Client:27034>:OUTPUT: website : google.co.uk, time : 63, hop cnt : 5
[2021-12-06 15:18:39,842] client.Client<Client:27034>:OUTPUT: Result of query for linkedin.com = 108.174.10.10
[2021-12-06 15:18:39,843] client.Client<Client:27034>:OUTPUT: website : linkedin.com, time : 87, hop cnt : 7
[2021-12-06 15:18:39,891] client.Client<Client:27034>:OUTPUT: Result of query for google.com.br = 172.217.12.163
[2021-12-06 15:18:39,891] client.Client<Client:27034>:OUTPUT: website : google.com.br, time : 46, hop cnt : 4
[2021-12-06 15:18:39,920] client.Client<Client:27034>:OUTPUT: Result of query for google.fr = 172.217.10.131
[2021-12-06 15:18:39,921] client.Client<Client:27034>:OUTPUT: website : google.fr, time : 26, hop cnt : 3
[2021-12-06 15:18:39,975] client.Client<Client:27034>:OUTPUT: Result of query for google.ru = 172.217.10.35
[2021-12-06 15:18:39,976] client.Client<Client:27034>:OUTPUT: website : google.ru, time : 52, hop cnt : 5
[2021-12-06 15:18:40,052] client.Client<Client:27034>:OUTPUT: Result of query for yandex.ru = 5.255.255.60
[2021-12-06 15:18:40,053] client.Client<Client:27034>:OUTPUT: website : yandex.ru, time : 74, hop cnt : 6
[2021-12-06 15:18:40,133] client.Client<Client:27034>:OUTPUT: Result of query for netflix.com = 107.21.29.216
[2021-12-06 15:18:40,134] client.Client<Client:27034>:OUTPUT: website : netflix.com, time : 78, hop cnt : 7
[2021-12-06 15:18:40,200] client.Client<Client:27034>:OUTPUT: Result of query for google.com.hk = 172.217.165.131
[2021-12-06 15:18:40,201] client.Client<Client:27034>:OUTPUT: website : google.com.hk, time : 63, hop cnt : 5
[2021-12-06 15:18:40,263] client.Client<Client:27034>:OUTPUT: Result of query for yahoo.co.jp = 183.79.135.206
[2021-12-06 15:18:40,264] client.Client<Client:27034>:OUTPUT: website : yahoo.co.jp, time : 61, hop cnt : 5
[2021-12-06 15:18:40,311] client.Client<Client:27034>:OUTPUT: Result of query for google.it = 142.250.64.99
[2021-12-06 15:18:40,311] client.Client<Client:27034>:OUTPUT: website : google.it, time : 43, hop cnt : 4
[2021-12-06 15:18:40,375] client.Client<Client:27034>:OUTPUT: Result of query for ebay.com = 66.135.195.175
[2021-12-06 15:18:40,376] client.Client<Client:27034>:OUTPUT: website : ebay.com, time : 61, hop cnt : 6
[2021-12-06 15:18:40,434] client.Client<Client:27034>:OUTPUT: Result of query for google.es = 172.217.12.131
[2021-12-06 15:18:40,434] client.Client<Client:27034>:OUTPUT: website : google.es, time : 56, hop cnt : 5
[2021-12-06 15:18:40,469] client.Client<Client:27034>:OUTPUT: Result of query for pornhub.com = 66.254.114.41
[2021-12-06 15:18:40,470] client.Client<Client:27034>:OUTPUT: website : pornhub.com, time : 32, hop cnt : 3
[2021-12-06 15:18:40,511] client.Client<Client:27034>:OUTPUT: Result of query for imgur.com = 151.101.20.193
[2021-12-06 15:18:40,511] client.Client<Client:27034>:OUTPUT: website : imgur.com, time : 39, hop cnt : 4
[2021-12-06 15:18:40,557] client.Client<Client:27034>:OUTPUT: Result of query for bing.com = 13.107.21.200
[2021-12-06 15:18:40,558] client.Client<Client:27034>:OUTPUT: website : bing.com, time : 39, hop cnt : 4
[2021-12-06 15:18:40,621] client.Client<Client:27034>:OUTPUT: Result of query for msn.com = 13.82.28.61
[2021-12-06 15:18:40,622] client.Client<Client:27034>:OUTPUT: website : msn.com, time : 61, hop cnt : 5
[2021-12-06 15:18:40,655] client.Client<Client:27034>:OUTPUT: Result of query for onclkds.com = 139.45.196.76
[2021-12-06 15:18:40,656] client.Client<Client:27034>:OUTPUT: website : onclkds.com, time : 31, hop cnt : 5
[2021-12-06 15:18:40,689] client.Client<Client:27034>:OUTPUT: Result of query for twitch.tv = 151.101.194.167
[2021-12-06 15:18:40,690] client.Client<Client:27034>:OUTPUT: website : twitch.tv, time : 31, hop cnt : 4
[2021-12-06 15:18:40,734] client.Client<Client:27034>:OUTPUT: Result of query for google.com.mx = 142.250.80.3
[2021-12-06 15:18:40,735] client.Client<Client:27034>:OUTPUT: website : google.com.mx, time : 42, hop cnt : 4
[2021-12-06 15:18:40,782] client.Client<Client:27034>:OUTPUT: Result of query for google.ca = 172.217.165.131
[2021-12-06 15:18:40,782] client.Client<Client:27034>:OUTPUT: website : google.ca, time : 45, hop cnt : 3
[2021-12-06 15:18:40,803] client.Client<Client:27034>:OUTPUT: Result of query for tumblr.com = 74.114.154.17
[2021-12-06 15:18:40,804] client.Client<Client:27034>:OUTPUT: website : tumblr.com, time : 19, hop cnt : 3
[2021-12-06 15:18:40,851] client.Client<Client:27034>:OUTPUT: Result of query for gmw.cn = 123.56.255.157
[2021-12-06 15:18:40,852] client.Client<Client:27034>:OUTPUT: website : gmw.cn, time : 44, hop cnt : 4
[2021-12-06 15:18:40,904] client.Client<Client:27034>:OUTPUT: Result of query for alipay.com = 110.75.129.5
[2021-12-06 15:18:40,905] client.Client<Client:27034>:OUTPUT: website : alipay.com, time : 51, hop cnt : 5
[2021-12-06 15:18:40,977] client.Client<Client:27034>:OUTPUT: Result of query for livejasmin.com = 109.71.161.200
[2021-12-06 15:18:40,978] client.Client<Client:27034>:OUTPUT: website : livejasmin.com, time : 70, hop cnt : 5
[2021-12-06 15:18:41,017] client.Client<Client:27034>:OUTPUT: Result of query for xvideos.com = 185.88.181.7
[2021-12-06 15:18:41,018] client.Client<Client:27034>:OUTPUT: website : xvideos.com, time : 34, hop cnt : 4
[2021-12-06 15:18:41,077] client.Client<Client:27034>:OUTPUT: Result of query for mail.ru = 217.69.139.202
[2021-12-06 15:18:41,078] client.Client<Client:27034>:OUTPUT: website : mail.ru, time : 57, hop cnt : 6
[2021-12-06 15:18:41,141] client.Client<Client:27034>:OUTPUT: Result of query for microsoft.com = 104.215.148.63
[2021-12-06 15:18:41,142] client.Client<Client:27034>:OUTPUT: website : microsoft.com, time : 57, hop cnt : 5
[2021-12-06 15:18:41,195] client.Client<Client:27034>:OUTPUT: Result of query for ok.ru = 217.20.147.1
[2021-12-06 15:18:41,196] client.Client<Client:27034>:OUTPUT: website : ok.ru, time : 51, hop cnt : 5
[2021-12-06 15:18:41,255] client.Client<Client:27034>:OUTPUT: Result of query for aliexpress.com = 198.11.132.250
[2021-12-06 15:18:41,256] client.Client<Client:27034>:OUTPUT: website : aliexpress.com, time : 56, hop cnt : 5
[2021-12-06 15:18:41,306] client.Client<Client:27034>:OUTPUT: Result of query for wordpress.com = 192.0.78.9
[2021-12-06 15:18:41,307] client.Client<Client:27034>:OUTPUT: website : wordpress.com, time : 48, hop cnt : 5
[2021-12-06 15:18:41,369] client.Client<Client:27034>:OUTPUT: Result of query for stackoverflow.com = 151.101.65.69
[2021-12-06 15:18:41,370] client.Client<Client:27034>:OUTPUT: website : stackoverflow.com, time : 60, hop cnt : 6
[2021-12-06 15:18:41,402] client.Client<Client:27034>:OUTPUT: Result of query for imdb.com = 52.94.237.74
[2021-12-06 15:18:41,402] client.Client<Client:27034>:OUTPUT: website : imdb.com, time : 30, hop cnt : 3
[2021-12-06 15:18:41,431] client.Client<Client:27034>:OUTPUT: Result of query for github.com = 140.82.113.3
[2021-12-06 15:18:41,432] client.Client<Client:27034>:OUTPUT: website : github.com, time : 26, hop cnt : 2
[2021-12-06 15:18:41,485] client.Client<Client:27034>:OUTPUT: Result of query for amazon.co.jp = 52.119.164.121
[2021-12-06 15:18:41,486] client.Client<Client:27034>:OUTPUT: website : amazon.co.jp, time : 51, hop cnt : 6
[2021-12-06 15:18:41,542] client.Client<Client:27034>:OUTPUT: Result of query for pinterest.com = 151.101.0.84
[2021-12-06 15:18:41,542] client.Client<Client:27034>:OUTPUT: website : pinterest.com, time : 54, hop cnt : 5
[2021-12-06 15:18:41,565] client.Client<Client:27034>:OUTPUT: Result of query for csdn.net = 47.95.164.112
[2021-12-06 15:18:41,566] client.Client<Client:27034>:OUTPUT: website : csdn.net, time : 21, hop cnt : 3
[2021-12-06 15:18:41,609] client.Client<Client:27034>:OUTPUT: Result of query for wikia.com = 151.101.128.194
[2021-12-06 15:18:41,610] client.Client<Client:27034>:OUTPUT: website : wikia.com, time : 39, hop cnt : 4
[2021-12-06 15:18:41,643] client.Client<Client:27034>:OUTPUT: Result of query for apple.com = 17.253.144.10
[2021-12-06 15:18:41,644] client.Client<Client:27034>:OUTPUT: website : apple.com, time : 31, hop cnt : 3
[2021-12-06 15:18:41,691] client.Client<Client:27034>:OUTPUT: Result of query for google.com.tr = 142.250.64.99
[2021-12-06 15:18:41,692] client.Client<Client:27034>:OUTPUT: website : google.com.tr, time : 42, hop cnt : 3
[2021-12-06 15:18:41,729] client.Client<Client:27034>:OUTPUT: Result of query for popads.net = 216.21.13.12
[2021-12-06 15:18:41,729] client.Client<Client:27034>:OUTPUT: website : popads.net, time : 34, hop cnt : 3
[2021-12-06 15:18:41,780] client.Client<Client:27034>:OUTPUT: Result of query for youth.cn = 123.103.5.94
[2021-12-06 15:18:41,781] client.Client<Client:27034>:OUTPUT: website : youth.cn, time : 49, hop cnt : 5
[2021-12-06 15:18:41,841] client.Client<Client:27034>:OUTPUT: Result of query for bongacams.com = 104.18.2.244
[2021-12-06 15:18:41,842] client.Client<Client:27034>:OUTPUT: website : bongacams.com, time : 58, hop cnt : 6
[2021-12-06 15:18:41,860] client.Client<Client:27034>:OUTPUT: Result of query for paypal.com = 64.4.250.36
[2021-12-06 15:18:41,861] client.Client<Client:27034>:OUTPUT: website : paypal.com, time : 16, hop cnt : 2
[2021-12-06 15:18:41,897] client.Client<Client:27034>:OUTPUT: Result of query for microsoftonline.com = 40.84.199.233
[2021-12-06 15:18:41,898] client.Client<Client:27034>:OUTPUT: website : microsoftonline.com, time : 32, hop cnt : 3
[2021-12-06 15:18:41,953] client.Client<Client:27034>:OUTPUT: Result of query for google.com.tw = 172.217.11.35
[2021-12-06 15:18:41,954] client.Client<Client:27034>:OUTPUT: website : google.com.tw, time : 54, hop cnt : 5
[2021-12-06 15:18:42,013] client.Client<Client:27034>:OUTPUT: Result of query for google.com.au = 142.250.64.99
[2021-12-06 15:18:42,014] client.Client<Client:27034>:OUTPUT: website : google.com.au, time : 56, hop cnt : 5
[2021-12-06 15:18:42,078] client.Client<Client:27034>:OUTPUT: Result of query for whatsapp.com = 31.13.66.56
[2021-12-06 15:18:42,079] client.Client<Client:27034>:OUTPUT: website : whatsapp.com, time : 62, hop cnt : 4
[2021-12-06 15:18:42,120] client.Client<Client:27034>:OUTPUT: Result of query for google.pl = 172.217.10.67
[2021-12-06 15:18:42,121] client.Client<Client:27034>:OUTPUT: website : google.pl, time : 37, hop cnt : 3
[2021-12-06 15:18:42,195] client.Client<Client:27034>:OUTPUT: Result of query for xhamster.com = 104.18.156.3
[2021-12-06 15:18:42,196] client.Client<Client:27034>:OUTPUT: website : xhamster.com, time : 71, hop cnt : 5
[2021-12-06 15:18:42,249] client.Client<Client:27034>:OUTPUT: Result of query for diply.com = 151.101.193.131
[2021-12-06 15:18:42,250] client.Client<Client:27034>:OUTPUT: website : diply.com, time : 51, hop cnt : 5
[2021-12-06 15:18:42,293] client.Client<Client:27034>:OUTPUT: Result of query for google.co.id = 172.217.10.67
[2021-12-06 15:18:42,294] client.Client<Client:27034>:OUTPUT: website : google.co.id, time : 41, hop cnt : 4
[2021-12-06 15:18:42,346] client.Client<Client:27034>:OUTPUT: Result of query for adobe.com = 193.104.215.58
[2021-12-06 15:18:42,347] client.Client<Client:27034>:OUTPUT: website : adobe.com, time : 50, hop cnt : 5
[2021-12-06 15:18:42,398] client.Client<Client:27034>:OUTPUT: Result of query for coccoc.com = 123.30.175.29
[2021-12-06 15:18:42,399] client.Client<Client:27034>:OUTPUT: website : coccoc.com, time : 50, hop cnt : 5
[2021-12-06 15:18:42,447] client.Client<Client:27034>:OUTPUT: Result of query for craigslist.org = 208.82.237.129
[2021-12-06 15:18:42,448] client.Client<Client:27034>:OUTPUT: website : craigslist.org, time : 46, hop cnt : 4
[2021-12-06 15:18:42,504] client.Client<Client:27034>:OUTPUT: Result of query for txxx.com = 172.64.142.14
[2021-12-06 15:18:42,504] client.Client<Client:27034>:OUTPUT: website : txxx.com, time : 54, hop cnt : 5
[2021-12-06 15:18:42,571] client.Client<Client:27034>:OUTPUT: Result of query for dropbox.com = 162.125.248.1
[2021-12-06 15:18:42,571] client.Client<Client:27034>:OUTPUT: website : dropbox.com, time : 63, hop cnt : 7
[2021-12-06 15:18:42,618] client.Client<Client:27034>:OUTPUT: Result of query for amazon.de = 52.95.120.34
[2021-12-06 15:18:42,619] client.Client<Client:27034>:OUTPUT: website : amazon.de, time : 44, hop cnt : 4
[2021-12-06 15:18:42,672] client.Client<Client:27034>:OUTPUT: Result of query for google.com.ar = 172.217.12.195
[2021-12-06 15:18:42,672] client.Client<Client:27034>:OUTPUT: website : google.com.ar, time : 50, hop cnt : 7
[2021-12-06 15:18:42,719] client.Client<Client:27034>:OUTPUT: Result of query for amazon.in = 54.239.33.92
[2021-12-06 15:18:42,720] client.Client<Client:27034>:OUTPUT: website : amazon.in, time : 44, hop cnt : 4
[2021-12-06 15:18:42,764] client.Client<Client:27034>:OUTPUT: Result of query for google.com.pk = 142.250.80.3
[2021-12-06 15:18:42,765] client.Client<Client:27034>:OUTPUT: website : google.com.pk, time : 43, hop cnt : 5
[2021-12-06 15:18:42,803] client.Client<Client:27034>:OUTPUT: Result of query for booking.com = 5.57.16.220
[2021-12-06 15:18:42,803] client.Client<Client:27034>:OUTPUT: website : booking.com, time : 36, hop cnt : 4
[2021-12-06 15:18:42,854] client.Client<Client:27034>:OUTPUT: Result of query for google.co.th = 172.217.10.227
[2021-12-06 15:18:42,855] client.Client<Client:27034>:OUTPUT: website : google.co.th, time : 48, hop cnt : 5
[2021-12-06 15:18:42,896] client.Client<Client:27034>:OUTPUT: Result of query for tianya.cn = 124.225.65.154
[2021-12-06 15:18:42,897] client.Client<Client:27034>:OUTPUT: website : tianya.cn, time : 39, hop cnt : 3
[2021-12-06 15:18:42,941] client.Client<Client:27034>:OUTPUT: Result of query for google.com.eg = 172.217.10.35
[2021-12-06 15:18:42,942] client.Client<Client:27034>:OUTPUT: website : google.com.eg, time : 42, hop cnt : 5
[2021-12-06 15:18:42,980] client.Client<Client:27034>:OUTPUT: Result of query for china.com = 103.254.188.41
[2021-12-06 15:18:42,981] client.Client<Client:27034>:OUTPUT: website : china.com, time : 36, hop cnt : 3
[2021-12-06 15:18:43,009] client.Client<Client:27034>:OUTPUT: Result of query for bbc.co.uk = 151.101.0.81
[2021-12-06 15:18:43,010] client.Client<Client:27034>:OUTPUT: website : bbc.co.uk, time : 26, hop cnt : 4
[2021-12-06 15:18:43,052] client.Client<Client:27034>:OUTPUT: Result of query for google.com.sa = 172.217.12.163
[2021-12-06 15:18:43,053] client.Client<Client:27034>:OUTPUT: website : google.com.sa, time : 40, hop cnt : 4
[2021-12-06 15:18:43,116] client.Client<Client:27034>:OUTPUT: Result of query for savefrom.net = 51.159.57.133
[2021-12-06 15:18:43,116] client.Client<Client:27034>:OUTPUT: website : savefrom.net, time : 61, hop cnt : 6
[2021-12-06 15:18:43,154] client.Client<Client:27034>:OUTPUT: Result of query for amazon.co.uk = 54.239.34.171
[2021-12-06 15:18:43,155] client.Client<Client:27034>:OUTPUT: website : amazon.co.uk, time : 35, hop cnt : 4
[2021-12-06 15:18:43,194] client.Client<Client:27034>:OUTPUT: Result of query for bbc.com = 151.101.0.81
[2021-12-06 15:18:43,194] client.Client<Client:27034>:OUTPUT: website : bbc.com, time : 36, hop cnt : 6
[2021-12-06 15:18:43,231] client.Client<Client:27034>:OUTPUT: Result of query for fc2.com = 199.48.210.151
[2021-12-06 15:18:43,232] client.Client<Client:27034>:OUTPUT: website : fc2.com, time : 34, hop cnt : 3
[2021-12-06 15:18:43,285] client.Client<Client:27034>:OUTPUT: Result of query for mozilla.org = 44.236.48.31
[2021-12-06 15:18:43,286] client.Client<Client:27034>:OUTPUT: website : mozilla.org, time : 50, hop cnt : 4
[2021-12-06 15:18:43,323] client.Client<Client:27034>:OUTPUT: Result of query for rakuten.co.jp = 133.237.16.234
[2021-12-06 15:18:43,323] client.Client<Client:27034>:OUTPUT: website : rakuten.co.jp, time : 33, hop cnt : 4
[2021-12-06 15:18:43,350] client.Client<Client:27034>:OUTPUT: Result of query for uptodown.com = 23.54.188.103
[2021-12-06 15:18:43,351] client.Client<Client:27034>:OUTPUT: website : uptodown.com, time : 24, hop cnt : 4
[2021-12-06 15:18:43,378] client.Client<Client:27034>:OUTPUT: Result of query for cnn.com = 151.101.129.67
[2021-12-06 15:18:43,379] client.Client<Client:27034>:OUTPUT: website : cnn.com, time : 25, hop cnt : 3
[2021-12-06 15:18:43,452] client.Client<Client:27034>:OUTPUT: Result of query for soundcloud.com = 13.225.229.67
[2021-12-06 15:18:43,453] client.Client<Client:27034>:OUTPUT: website : soundcloud.com, time : 70, hop cnt : 6
[2021-12-06 15:18:43,481] client.Client<Client:27034>:OUTPUT: Result of query for google.com.ua = 172.217.7.3
[2021-12-06 15:18:43,482] client.Client<Client:27034>:OUTPUT: website : google.com.ua, time : 25, hop cnt : 4
[2021-12-06 15:18:43,520] client.Client<Client:27034>:OUTPUT: Result of query for quora.com = 34.237.36.29
[2021-12-06 15:18:43,520] client.Client<Client:27034>:OUTPUT: website : quora.com, time : 35, hop cnt : 3
[2021-12-06 15:18:43,534] client.Client<Client:27034>:OUTPUT: Result of query for amazonaws.com = 72.21.210.29
[2021-12-06 15:18:43,534] client.Client<Client:27034>:OUTPUT: website : amazonaws.com, time : 10, hop cnt : 2
[2021-12-06 15:18:43,586] client.Client<Client:27034>:OUTPUT: Result of query for ask.com = 199.232.66.114
[2021-12-06 15:18:43,587] client.Client<Client:27034>:OUTPUT: website : ask.com, time : 51, hop cnt : 4
[2021-12-06 15:18:43,639] client.Client<Client:27034>:OUTPUT: Result of query for clicksgear.com = 192.243.59.12
[2021-12-06 15:18:43,640] client.Client<Client:27034>:OUTPUT: website : clicksgear.com, time : 50, hop cnt : 6
[2021-12-06 15:18:43,683] client.Client<Client:27034>:OUTPUT: Result of query for xnxx.com = 185.88.181.60
[2021-12-06 15:18:43,683] client.Client<Client:27034>:OUTPUT: website : xnxx.com, time : 41, hop cnt : 4
[2021-12-06 15:18:43,736] client.Client<Client:27034>:OUTPUT: Result of query for google.nl = 172.217.11.3
[2021-12-06 15:18:43,737] client.Client<Client:27034>:OUTPUT: website : google.nl, time : 50, hop cnt : 5
[2021-12-06 15:18:43,772] client.Client<Client:27034>:OUTPUT: Result of query for nytimes.com = 151.101.65.164
[2021-12-06 15:18:43,773] client.Client<Client:27034>:OUTPUT: website : nytimes.com, time : 33, hop cnt : 4
[2021-12-06 15:18:43,815] client.Client<Client:27034>:OUTPUT: Result of query for naver.com = 125.209.222.141
[2021-12-06 15:18:43,816] client.Client<Client:27034>:OUTPUT: website : naver.com, time : 40, hop cnt : 4
[2021-12-06 15:18:43,877] client.Client<Client:27034>:OUTPUT: Result of query for ettoday.net = 219.85.79.131
[2021-12-06 15:18:43,878] client.Client<Client:27034>:OUTPUT: website : ettoday.net, time : 59, hop cnt : 7
[2021-12-06 15:18:43,919] client.Client<Client:27034>:OUTPUT: Result of query for adf.ly = 104.20.81.199
[2021-12-06 15:18:43,920] client.Client<Client:27034>:OUTPUT: website : adf.ly, time : 37, hop cnt : 4
[2021-12-06 15:18:43,977] client.Client<Client:27034>:OUTPUT: Result of query for dailymotion.com = 195.8.215.136
[2021-12-06 15:18:43,978] client.Client<Client:27034>:OUTPUT: website : dailymotion.com, time : 55, hop cnt : 6
[2021-12-06 15:18:44,016] client.Client<Client:27034>:OUTPUT: Result of query for google.co.za = 172.217.11.3
[2021-12-06 15:18:44,017] client.Client<Client:27034>:OUTPUT: website : google.co.za, time : 34, hop cnt : 3
[2021-12-06 15:18:44,071] client.Client<Client:27034>:OUTPUT: Result of query for steamcommunity.com = 23.192.34.24
[2021-12-06 15:18:44,072] client.Client<Client:27034>:OUTPUT: website : steamcommunity.com, time : 50, hop cnt : 5
[2021-12-06 15:18:44,115] client.Client<Client:27034>:OUTPUT: Result of query for google.co.ve = 172.217.11.3
[2021-12-06 15:18:44,115] client.Client<Client:27034>:OUTPUT: website : google.co.ve, time : 41, hop cnt : 4
[2021-12-06 15:18:44,155] client.Client<Client:27034>:OUTPUT: Result of query for salesforce.com = 23.1.35.132
[2021-12-06 15:18:44,155] client.Client<Client:27034>:OUTPUT: website : salesforce.com, time : 36, hop cnt : 3
[2021-12-06 15:18:44,209] client.Client<Client:27034>:OUTPUT: Result of query for espn.com = 13.225.229.96
[2021-12-06 15:18:44,210] client.Client<Client:27034>:OUTPUT: website : espn.com, time : 52, hop cnt : 6
[2021-12-06 15:18:44,257] client.Client<Client:27034>:OUTPUT: Result of query for stackexchange.com = 151.101.193.69
[2021-12-06 15:18:44,258] client.Client<Client:27034>:OUTPUT: website : stackexchange.com, time : 43, hop cnt : 5
[2021-12-06 15:18:44,293] client.Client<Client:27034>:OUTPUT: Result of query for blogger.com = 142.250.80.9
[2021-12-06 15:18:44,294] client.Client<Client:27034>:OUTPUT: website : blogger.com, time : 33, hop cnt : 3
[2021-12-06 15:18:44,342] client.Client<Client:27034>:OUTPUT: Result of query for chase.com = 159.53.84.126
[2021-12-06 15:18:44,343] client.Client<Client:27034>:OUTPUT: website : chase.com, time : 44, hop cnt : 4
[2021-12-06 15:18:44,393] client.Client<Client:27034>:OUTPUT: Result of query for google.co.kr = 142.250.80.3
[2021-12-06 15:18:44,394] client.Client<Client:27034>:OUTPUT: website : google.co.kr, time : 48, hop cnt : 5
[2021-12-06 15:18:44,446] client.Client<Client:27034>:OUTPUT: Result of query for ebay.de = 66.135.196.249
[2021-12-06 15:18:44,447] client.Client<Client:27034>:OUTPUT: website : ebay.de, time : 47, hop cnt : 5
[2021-12-06 15:18:44,495] client.Client<Client:27034>:OUTPUT: Result of query for vimeo.com = 151.101.192.217
[2021-12-06 15:18:44,496] client.Client<Client:27034>:OUTPUT: website : vimeo.com, time : 46, hop cnt : 4
[2021-12-06 15:18:44,528] client.Client<Client:27034>:OUTPUT: Result of query for vice.com = 52.200.45.101
[2021-12-06 15:18:44,529] client.Client<Client:27034>:OUTPUT: website : vice.com, time : 28, hop cnt : 3
[2021-12-06 15:18:44,568] client.Client<Client:27034>:OUTPUT: Result of query for theguardian.com = 151.101.1.111
[2021-12-06 15:18:44,569] client.Client<Client:27034>:OUTPUT: website : theguardian.com, time : 37, hop cnt : 4
[2021-12-06 15:18:44,659] client.Client<Client:27034>:OUTPUT: Result of query for blastingnews.com = 212.97.32.174
[2021-12-06 15:18:44,660] client.Client<Client:27034>:OUTPUT: website : blastingnews.com, time : 87, hop cnt : 5
[2021-12-06 15:18:44,718] client.Client<Client:27034>:OUTPUT: Result of query for tribunnews.com = 113.11.255.30
[2021-12-06 15:18:44,719] client.Client<Client:27034>:OUTPUT: website : tribunnews.com, time : 53, hop cnt : 5
[2021-12-06 15:18:44,775] client.Client<Client:27034>:OUTPUT: Result of query for steampowered.com = 23.192.8.254
[2021-12-06 15:18:44,775] client.Client<Client:27034>:OUTPUT: website : steampowered.com, time : 52, hop cnt : 5
[2021-12-06 15:18:44,834] client.Client<Client:27034>:OUTPUT: Result of query for chaturbate.com = 104.18.101.40
[2021-12-06 15:18:44,835] client.Client<Client:27034>:OUTPUT: website : chaturbate.com, time : 56, hop cnt : 5
[2021-12-06 15:18:44,857] client.Client<Client:27034>:OUTPUT: Result of query for ebay.co.uk = 66.135.196.249
[2021-12-06 15:18:44,858] client.Client<Client:27034>:OUTPUT: website : ebay.co.uk, time : 20, hop cnt : 3
[2021-12-06 15:18:44,898] client.Client<Client:27034>:OUTPUT: Result of query for detik.com = 203.190.242.211
[2021-12-06 15:18:44,898] client.Client<Client:27034>:OUTPUT: website : detik.com, time : 36, hop cnt : 4
[2021-12-06 15:18:44,937] client.Client<Client:27034>:OUTPUT: Result of query for google.gr = 142.250.64.99
[2021-12-06 15:18:44,938] client.Client<Client:27034>:OUTPUT: website : google.gr, time : 36, hop cnt : 4
[2021-12-06 15:18:44,991] client.Client<Client:27034>:OUTPUT: Result of query for google.com.vn = 172.217.10.227
[2021-12-06 15:18:44,992] client.Client<Client:27034>:OUTPUT: website : google.com.vn, time : 51, hop cnt : 3
[2021-12-06 15:18:45,060] client.Client<Client:27034>:OUTPUT: Result of query for buzzfeed.com = 13.225.229.101
[2021-12-06 15:18:45,061] client.Client<Client:27034>:OUTPUT: website : buzzfeed.com, time : 61, hop cnt : 6
[2021-12-06 15:18:45,093] client.Client<Client:27034>:OUTPUT: Result of query for indeed.com = 18.218.22.89
[2021-12-06 15:18:45,094] client.Client<Client:27034>:OUTPUT: website : indeed.com, time : 29, hop cnt : 3
[2021-12-06 15:18:45,144] client.Client<Client:27034>:OUTPUT: Result of query for dailymail.co.uk = 23.41.6.195
[2021-12-06 15:18:45,145] client.Client<Client:27034>:OUTPUT: website : dailymail.co.uk, time : 46, hop cnt : 6
[2021-12-06 15:18:45,194] client.Client<Client:27034>:OUTPUT: Result of query for mediafire.com = 104.16.203.237
[2021-12-06 15:18:45,195] client.Client<Client:27034>:OUTPUT: website : mediafire.com, time : 45, hop cnt : 5
[2021-12-06 15:24:16,072] mainb.Node_<Node_:2a001>:OUTPUT: Total collison by the hash function:  0
[2021-12-06 15:24:16,155] mainb.Node_<Node_:2a001>:OUTPUT: Hash values for all the nodes in sorted order:  [45634438059875536, 880544817757113517, 969829897631310610, 1240935817626997136, 1277670251028513596, 1503741709539961690, 2041789972286135541, 2345263560325402644, 2517353895935145604, 2644447651728872052, 3012542627163869928, 3421925942605332229, 3515532109148310585, 3534709507798683414, 3551351817787311865, 3914638582248347351, 4451563224597494768, 5333346723472229839, 5537384712408089671, 5626749097770525978, 6426250095542124322, 6739159349457773717, 8514317716359380885, 8594900992724376600, 8824318259931179581, 8999193942616776860, 9188044340142971427, 9605269056048374543, 11073858901764027205, 11239411702481365420, 11852453448983479539, 11882848398202109296, 12600777056126730415, 12780442551396284716, 12976652225319967218, 13075926829632819025, 13333980391701343061, 13369115186973298914, 13466116975658621432, 13497959552647564754, 13787185014387343028, 14825330068637282125, 15081032084468011444, 15137676750181971449, 15284304589905858955, 16573764143598258985, 16602328372156723718, 17114655198222991052, 18256290501524708841, 18425047711812142303]
[2021-12-06 15:24:34,727] client.Client<Client:3c034>:OUTPUT: <Client:3c034>  has been started.
[2021-12-06 15:24:34,785] client.Client<Client:3c034>:OUTPUT: Result of query for google.com = 142.250.64.78
[2021-12-06 15:24:34,786] client.Client<Client:3c034>:OUTPUT: website : google.com, time : 58, hop cnt : 4
[2021-12-06 15:24:34,841] client.Client<Client:3c034>:OUTPUT: Result of query for youtube.com = 172.217.12.142
[2021-12-06 15:24:34,841] client.Client<Client:3c034>:OUTPUT: website : youtube.com, time : 52, hop cnt : 4
[2021-12-06 15:24:34,911] client.Client<Client:3c034>:OUTPUT: Result of query for facebook.com = 31.13.71.36
[2021-12-06 15:24:34,912] client.Client<Client:3c034>:OUTPUT: website : facebook.com, time : 67, hop cnt : 5
[2021-12-06 15:24:34,971] client.Client<Client:3c034>:OUTPUT: Result of query for baidu.com = 220.181.38.148
[2021-12-06 15:24:34,972] client.Client<Client:3c034>:OUTPUT: website : baidu.com, time : 58, hop cnt : 5
[2021-12-06 15:24:35,055] client.Client<Client:3c034>:OUTPUT: Result of query for wikipedia.org = 208.80.154.224
[2021-12-06 15:24:35,056] client.Client<Client:3c034>:OUTPUT: website : wikipedia.org, time : 81, hop cnt : 5
[2021-12-06 15:24:35,093] client.Client<Client:3c034>:OUTPUT: Result of query for yahoo.com = 74.6.231.21
[2021-12-06 15:24:35,095] client.Client<Client:3c034>:OUTPUT: website : yahoo.com, time : 35, hop cnt : 3
[2021-12-06 15:24:35,158] client.Client<Client:3c034>:OUTPUT: Result of query for google.co.in = 172.217.12.131
[2021-12-06 15:24:35,159] client.Client<Client:3c034>:OUTPUT: website : google.co.in, time : 61, hop cnt : 7
[2021-12-06 15:24:35,215] client.Client<Client:3c034>:OUTPUT: Result of query for reddit.com = 151.101.1.140
[2021-12-06 15:24:35,216] client.Client<Client:3c034>:OUTPUT: website : reddit.com, time : 54, hop cnt : 4
[2021-12-06 15:24:35,271] client.Client<Client:3c034>:OUTPUT: Result of query for qq.com = 58.250.137.36
[2021-12-06 15:24:35,272] client.Client<Client:3c034>:OUTPUT: website : qq.com, time : 54, hop cnt : 4
[2021-12-06 15:24:35,323] client.Client<Client:3c034>:OUTPUT: Result of query for amazon.com = 205.251.242.103
[2021-12-06 15:24:35,324] client.Client<Client:3c034>:OUTPUT: website : amazon.com, time : 49, hop cnt : 4
[2021-12-06 15:24:35,412] client.Client<Client:3c034>:OUTPUT: Result of query for taobao.com = 140.205.220.96
[2021-12-06 15:24:35,413] client.Client<Client:3c034>:OUTPUT: website : taobao.com, time : 86, hop cnt : 7
[2021-12-06 15:24:35,488] client.Client<Client:3c034>:OUTPUT: Result of query for twitter.com = 104.244.42.193
[2021-12-06 15:24:35,489] client.Client<Client:3c034>:OUTPUT: website : twitter.com, time : 73, hop cnt : 5
[2021-12-06 15:24:35,528] client.Client<Client:3c034>:OUTPUT: Result of query for tmall.com = 140.205.94.193
[2021-12-06 15:24:35,529] client.Client<Client:3c034>:OUTPUT: website : tmall.com, time : 37, hop cnt : 4
[2021-12-06 15:24:35,595] client.Client<Client:3c034>:OUTPUT: Result of query for google.co.jp = 142.250.64.99
[2021-12-06 15:24:35,596] client.Client<Client:3c034>:OUTPUT: website : google.co.jp, time : 63, hop cnt : 5
[2021-12-06 15:24:35,661] client.Client<Client:3c034>:OUTPUT: Result of query for live.com = 204.79.197.212
[2021-12-06 15:24:35,661] client.Client<Client:3c034>:OUTPUT: website : live.com, time : 62, hop cnt : 4
[2021-12-06 15:24:35,718] client.Client<Client:3c034>:OUTPUT: Result of query for vk.com = 93.186.225.208
[2021-12-06 15:24:35,719] client.Client<Client:3c034>:OUTPUT: website : vk.com, time : 55, hop cnt : 4
[2021-12-06 15:24:35,759] client.Client<Client:3c034>:OUTPUT: Result of query for instagram.com = 3.216.253.146
[2021-12-06 15:24:35,760] client.Client<Client:3c034>:OUTPUT: website : instagram.com, time : 38, hop cnt : 4
[2021-12-06 15:24:35,818] client.Client<Client:3c034>:OUTPUT: Result of query for sohu.com = 211.159.191.18
[2021-12-06 15:24:35,819] client.Client<Client:3c034>:OUTPUT: website : sohu.com, time : 55, hop cnt : 6
[2021-12-06 15:24:35,891] client.Client<Client:3c034>:OUTPUT: Result of query for sina.com.cn = 123.126.45.205
[2021-12-06 15:24:35,892] client.Client<Client:3c034>:OUTPUT: website : sina.com.cn, time : 70, hop cnt : 6
[2021-12-06 15:24:35,961] client.Client<Client:3c034>:OUTPUT: Result of query for jd.com = 111.13.149.108
[2021-12-06 15:24:35,962] client.Client<Client:3c034>:OUTPUT: website : jd.com, time : 66, hop cnt : 6
[2021-12-06 15:24:36,024] client.Client<Client:3c034>:OUTPUT: Result of query for weibo.com = 47.254.92.5
[2021-12-06 15:24:36,025] client.Client<Client:3c034>:OUTPUT: website : weibo.com, time : 61, hop cnt : 5
[2021-12-06 15:24:36,100] client.Client<Client:3c034>:OUTPUT: Result of query for 360.cn = 36.99.170.84
[2021-12-06 15:24:36,100] client.Client<Client:3c034>:OUTPUT: website : 360.cn, time : 72, hop cnt : 6
[2021-12-06 15:24:36,139] client.Client<Client:3c034>:OUTPUT: Result of query for google.de = 172.217.165.131
[2021-12-06 15:24:36,139] client.Client<Client:3c034>:OUTPUT: website : google.de, time : 35, hop cnt : 4
[2021-12-06 15:24:36,183] client.Client<Client:3c034>:OUTPUT: Result of query for google.co.uk = 172.217.10.67
[2021-12-06 15:24:36,183] client.Client<Client:3c034>:OUTPUT: website : google.co.uk, time : 41, hop cnt : 3
[2021-12-06 15:24:36,244] client.Client<Client:3c034>:OUTPUT: Result of query for linkedin.com = 108.174.10.10
[2021-12-06 15:24:36,245] client.Client<Client:3c034>:OUTPUT: website : linkedin.com, time : 58, hop cnt : 4
[2021-12-06 15:24:36,309] client.Client<Client:3c034>:OUTPUT: Result of query for google.com.br = 172.217.12.163
[2021-12-06 15:24:36,309] client.Client<Client:3c034>:OUTPUT: website : google.com.br, time : 62, hop cnt : 5
[2021-12-06 15:24:36,383] client.Client<Client:3c034>:OUTPUT: Result of query for google.fr = 172.217.10.131
[2021-12-06 15:24:36,383] client.Client<Client:3c034>:OUTPUT: website : google.fr, time : 71, hop cnt : 6
[2021-12-06 15:24:36,454] client.Client<Client:3c034>:OUTPUT: Result of query for google.ru = 172.217.10.35
[2021-12-06 15:24:36,454] client.Client<Client:3c034>:OUTPUT: website : google.ru, time : 67, hop cnt : 5
[2021-12-06 15:24:36,500] client.Client<Client:3c034>:OUTPUT: Result of query for yandex.ru = 5.255.255.60
[2021-12-06 15:24:36,500] client.Client<Client:3c034>:OUTPUT: website : yandex.ru, time : 44, hop cnt : 4
[2021-12-06 15:24:36,571] client.Client<Client:3c034>:OUTPUT: Result of query for netflix.com = 107.21.29.216
[2021-12-06 15:24:36,572] client.Client<Client:3c034>:OUTPUT: website : netflix.com, time : 67, hop cnt : 6
[2021-12-06 15:24:36,656] client.Client<Client:3c034>:OUTPUT: Result of query for google.com.hk = 172.217.165.131
[2021-12-06 15:24:36,657] client.Client<Client:3c034>:OUTPUT: website : google.com.hk, time : 82, hop cnt : 7
[2021-12-06 15:24:36,719] client.Client<Client:3c034>:OUTPUT: Result of query for yahoo.co.jp = 183.79.135.206
[2021-12-06 15:24:36,719] client.Client<Client:3c034>:OUTPUT: website : yahoo.co.jp, time : 60, hop cnt : 6
[2021-12-06 15:24:36,780] client.Client<Client:3c034>:OUTPUT: Result of query for google.it = 142.250.64.99
[2021-12-06 15:24:36,780] client.Client<Client:3c034>:OUTPUT: website : google.it, time : 57, hop cnt : 6
[2021-12-06 15:24:36,825] client.Client<Client:3c034>:OUTPUT: Result of query for ebay.com = 66.135.195.175
[2021-12-06 15:24:36,826] client.Client<Client:3c034>:OUTPUT: website : ebay.com, time : 42, hop cnt : 5
[2021-12-06 15:24:36,891] client.Client<Client:3c034>:OUTPUT: Result of query for google.es = 172.217.12.131
[2021-12-06 15:24:36,892] client.Client<Client:3c034>:OUTPUT: website : google.es, time : 63, hop cnt : 6
[2021-12-06 15:24:36,927] client.Client<Client:3c034>:OUTPUT: Result of query for pornhub.com = 66.254.114.41
[2021-12-06 15:24:36,928] client.Client<Client:3c034>:OUTPUT: website : pornhub.com, time : 33, hop cnt : 4
[2021-12-06 15:24:36,981] client.Client<Client:3c034>:OUTPUT: Result of query for imgur.com = 151.101.20.193
[2021-12-06 15:24:36,982] client.Client<Client:3c034>:OUTPUT: website : imgur.com, time : 51, hop cnt : 5
[2021-12-06 15:24:37,033] client.Client<Client:3c034>:OUTPUT: Result of query for bing.com = 13.107.21.200
[2021-12-06 15:24:37,034] client.Client<Client:3c034>:OUTPUT: website : bing.com, time : 49, hop cnt : 6
[2021-12-06 15:24:37,088] client.Client<Client:3c034>:OUTPUT: Result of query for msn.com = 13.82.28.61
[2021-12-06 15:24:37,089] client.Client<Client:3c034>:OUTPUT: website : msn.com, time : 52, hop cnt : 5
[2021-12-06 15:24:37,128] client.Client<Client:3c034>:OUTPUT: Result of query for onclkds.com = 139.45.196.76
[2021-12-06 15:24:37,129] client.Client<Client:3c034>:OUTPUT: website : onclkds.com, time : 36, hop cnt : 5
[2021-12-06 15:24:37,185] client.Client<Client:3c034>:OUTPUT: Result of query for twitch.tv = 151.101.194.167
[2021-12-06 15:24:37,186] client.Client<Client:3c034>:OUTPUT: website : twitch.tv, time : 55, hop cnt : 7
[2021-12-06 15:24:37,225] client.Client<Client:3c034>:OUTPUT: Result of query for google.com.mx = 142.250.80.3
[2021-12-06 15:24:37,226] client.Client<Client:3c034>:OUTPUT: website : google.com.mx, time : 36, hop cnt : 4
[2021-12-06 15:24:37,286] client.Client<Client:3c034>:OUTPUT: Result of query for google.ca = 172.217.165.131
[2021-12-06 15:24:37,287] client.Client<Client:3c034>:OUTPUT: website : google.ca, time : 59, hop cnt : 5
[2021-12-06 15:24:37,330] client.Client<Client:3c034>:OUTPUT: Result of query for tumblr.com = 74.114.154.17
[2021-12-06 15:24:37,331] client.Client<Client:3c034>:OUTPUT: website : tumblr.com, time : 41, hop cnt : 3
[2021-12-06 15:24:37,370] client.Client<Client:3c034>:OUTPUT: Result of query for gmw.cn = 123.56.255.157
[2021-12-06 15:24:37,371] client.Client<Client:3c034>:OUTPUT: website : gmw.cn, time : 37, hop cnt : 4
[2021-12-06 15:24:37,424] client.Client<Client:3c034>:OUTPUT: Result of query for alipay.com = 110.75.129.5
[2021-12-06 15:24:37,425] client.Client<Client:3c034>:OUTPUT: website : alipay.com, time : 50, hop cnt : 5
[2021-12-06 15:24:37,499] client.Client<Client:3c034>:OUTPUT: Result of query for livejasmin.com = 109.71.161.200
[2021-12-06 15:24:37,500] client.Client<Client:3c034>:OUTPUT: website : livejasmin.com, time : 73, hop cnt : 6
[2021-12-06 15:24:37,557] client.Client<Client:3c034>:OUTPUT: Result of query for xvideos.com = 185.88.181.7
[2021-12-06 15:24:37,558] client.Client<Client:3c034>:OUTPUT: website : xvideos.com, time : 54, hop cnt : 6
[2021-12-06 15:24:37,614] client.Client<Client:3c034>:OUTPUT: Result of query for mail.ru = 217.69.139.202
[2021-12-06 15:24:37,615] client.Client<Client:3c034>:OUTPUT: website : mail.ru, time : 54, hop cnt : 4
[2021-12-06 15:24:37,668] client.Client<Client:3c034>:OUTPUT: Result of query for microsoft.com = 104.215.148.63
[2021-12-06 15:24:37,668] client.Client<Client:3c034>:OUTPUT: website : microsoft.com, time : 50, hop cnt : 6
[2021-12-06 15:24:37,727] client.Client<Client:3c034>:OUTPUT: Result of query for ok.ru = 217.20.147.1
[2021-12-06 15:24:37,728] client.Client<Client:3c034>:OUTPUT: website : ok.ru, time : 55, hop cnt : 6
[2021-12-06 15:24:37,791] client.Client<Client:3c034>:OUTPUT: Result of query for aliexpress.com = 198.11.132.250
[2021-12-06 15:24:37,792] client.Client<Client:3c034>:OUTPUT: website : aliexpress.com, time : 60, hop cnt : 5
[2021-12-06 15:24:37,829] client.Client<Client:3c034>:OUTPUT: Result of query for wordpress.com = 192.0.78.9
[2021-12-06 15:24:37,830] client.Client<Client:3c034>:OUTPUT: website : wordpress.com, time : 35, hop cnt : 5
[2021-12-06 15:24:37,867] client.Client<Client:3c034>:OUTPUT: Result of query for stackoverflow.com = 151.101.65.69
[2021-12-06 15:24:37,868] client.Client<Client:3c034>:OUTPUT: website : stackoverflow.com, time : 35, hop cnt : 4
[2021-12-06 15:24:37,918] client.Client<Client:3c034>:OUTPUT: Result of query for imdb.com = 52.94.237.74
[2021-12-06 15:24:37,919] client.Client<Client:3c034>:OUTPUT: website : imdb.com, time : 48, hop cnt : 5
[2021-12-06 15:24:37,973] client.Client<Client:3c034>:OUTPUT: Result of query for github.com = 140.82.113.3
[2021-12-06 15:24:37,974] client.Client<Client:3c034>:OUTPUT: website : github.com, time : 51, hop cnt : 5
[2021-12-06 15:24:38,028] client.Client<Client:3c034>:OUTPUT: Result of query for amazon.co.jp = 52.119.164.121
[2021-12-06 15:24:38,029] client.Client<Client:3c034>:OUTPUT: website : amazon.co.jp, time : 52, hop cnt : 5
[2021-12-06 15:24:38,088] client.Client<Client:3c034>:OUTPUT: Result of query for pinterest.com = 151.101.0.84
[2021-12-06 15:24:38,089] client.Client<Client:3c034>:OUTPUT: website : pinterest.com, time : 58, hop cnt : 5
[2021-12-06 15:24:38,142] client.Client<Client:3c034>:OUTPUT: Result of query for csdn.net = 47.95.164.112
[2021-12-06 15:24:38,143] client.Client<Client:3c034>:OUTPUT: website : csdn.net, time : 51, hop cnt : 5
[2021-12-06 15:24:38,200] client.Client<Client:3c034>:OUTPUT: Result of query for wikia.com = 151.101.128.194
[2021-12-06 15:24:38,200] client.Client<Client:3c034>:OUTPUT: website : wikia.com, time : 55, hop cnt : 6
[2021-12-06 15:24:38,244] client.Client<Client:3c034>:OUTPUT: Result of query for apple.com = 17.253.144.10
[2021-12-06 15:24:38,245] client.Client<Client:3c034>:OUTPUT: website : apple.com, time : 42, hop cnt : 5
[2021-12-06 15:24:38,292] client.Client<Client:3c034>:OUTPUT: Result of query for google.com.tr = 142.250.64.99
[2021-12-06 15:24:38,293] client.Client<Client:3c034>:OUTPUT: website : google.com.tr, time : 45, hop cnt : 6
[2021-12-06 15:24:38,344] client.Client<Client:3c034>:OUTPUT: Result of query for popads.net = 216.21.13.12
[2021-12-06 15:24:38,345] client.Client<Client:3c034>:OUTPUT: website : popads.net, time : 49, hop cnt : 4
[2021-12-06 15:24:38,383] client.Client<Client:3c034>:OUTPUT: Result of query for youth.cn = 123.103.5.94
[2021-12-06 15:24:38,384] client.Client<Client:3c034>:OUTPUT: website : youth.cn, time : 36, hop cnt : 4
[2021-12-06 15:24:38,415] client.Client<Client:3c034>:OUTPUT: Result of query for bongacams.com = 104.18.2.244
[2021-12-06 15:24:38,416] client.Client<Client:3c034>:OUTPUT: website : bongacams.com, time : 29, hop cnt : 4
[2021-12-06 15:24:38,475] client.Client<Client:3c034>:OUTPUT: Result of query for paypal.com = 64.4.250.36
[2021-12-06 15:24:38,476] client.Client<Client:3c034>:OUTPUT: website : paypal.com, time : 57, hop cnt : 6
[2021-12-06 15:24:38,526] client.Client<Client:3c034>:OUTPUT: Result of query for microsoftonline.com = 40.84.199.233
[2021-12-06 15:24:38,527] client.Client<Client:3c034>:OUTPUT: website : microsoftonline.com, time : 49, hop cnt : 5
[2021-12-06 15:24:38,604] client.Client<Client:3c034>:OUTPUT: Result of query for google.com.tw = 172.217.11.35
[2021-12-06 15:24:38,605] client.Client<Client:3c034>:OUTPUT: website : google.com.tw, time : 74, hop cnt : 6
[2021-12-06 15:24:38,642] client.Client<Client:3c034>:OUTPUT: Result of query for google.com.au = 142.250.64.99
[2021-12-06 15:24:38,643] client.Client<Client:3c034>:OUTPUT: website : google.com.au, time : 35, hop cnt : 4
[2021-12-06 15:24:38,678] client.Client<Client:3c034>:OUTPUT: Result of query for whatsapp.com = 31.13.66.56
[2021-12-06 15:24:38,679] client.Client<Client:3c034>:OUTPUT: website : whatsapp.com, time : 33, hop cnt : 4
[2021-12-06 15:24:38,713] client.Client<Client:3c034>:OUTPUT: Result of query for google.pl = 172.217.10.67
[2021-12-06 15:24:38,714] client.Client<Client:3c034>:OUTPUT: website : google.pl, time : 31, hop cnt : 3
[2021-12-06 15:24:38,766] client.Client<Client:3c034>:OUTPUT: Result of query for xhamster.com = 104.18.156.3
[2021-12-06 15:24:38,767] client.Client<Client:3c034>:OUTPUT: website : xhamster.com, time : 50, hop cnt : 4
[2021-12-06 15:24:38,806] client.Client<Client:3c034>:OUTPUT: Result of query for diply.com = 151.101.193.131
[2021-12-06 15:24:38,807] client.Client<Client:3c034>:OUTPUT: website : diply.com, time : 37, hop cnt : 4
[2021-12-06 15:24:38,875] client.Client<Client:3c034>:OUTPUT: Result of query for google.co.id = 172.217.10.67
[2021-12-06 15:24:38,876] client.Client<Client:3c034>:OUTPUT: website : google.co.id, time : 65, hop cnt : 7
[2021-12-06 15:24:38,912] client.Client<Client:3c034>:OUTPUT: Result of query for adobe.com = 193.104.215.58
[2021-12-06 15:24:38,913] client.Client<Client:3c034>:OUTPUT: website : adobe.com, time : 30, hop cnt : 5
[2021-12-06 15:24:38,970] client.Client<Client:3c034>:OUTPUT: Result of query for coccoc.com = 123.30.175.29
[2021-12-06 15:24:38,971] client.Client<Client:3c034>:OUTPUT: website : coccoc.com, time : 56, hop cnt : 5
[2021-12-06 15:24:39,019] client.Client<Client:3c034>:OUTPUT: Result of query for craigslist.org = 208.82.237.129
[2021-12-06 15:24:39,019] client.Client<Client:3c034>:OUTPUT: website : craigslist.org, time : 46, hop cnt : 5
[2021-12-06 15:24:39,063] client.Client<Client:3c034>:OUTPUT: Result of query for txxx.com = 172.64.142.14
[2021-12-06 15:24:39,064] client.Client<Client:3c034>:OUTPUT: website : txxx.com, time : 41, hop cnt : 5
[2021-12-06 15:24:39,115] client.Client<Client:3c034>:OUTPUT: Result of query for dropbox.com = 162.125.248.1
[2021-12-06 15:24:39,115] client.Client<Client:3c034>:OUTPUT: website : dropbox.com, time : 49, hop cnt : 4
[2021-12-06 15:24:39,171] client.Client<Client:3c034>:OUTPUT: Result of query for amazon.de = 52.95.120.34
[2021-12-06 15:24:39,172] client.Client<Client:3c034>:OUTPUT: website : amazon.de, time : 54, hop cnt : 6
[2021-12-06 15:24:39,219] client.Client<Client:3c034>:OUTPUT: Result of query for google.com.ar = 172.217.12.195
[2021-12-06 15:24:39,220] client.Client<Client:3c034>:OUTPUT: website : google.com.ar, time : 45, hop cnt : 5
[2021-12-06 15:24:39,267] client.Client<Client:3c034>:OUTPUT: Result of query for amazon.in = 54.239.33.92
[2021-12-06 15:24:39,268] client.Client<Client:3c034>:OUTPUT: website : amazon.in, time : 45, hop cnt : 5
[2021-12-06 15:24:39,318] client.Client<Client:3c034>:OUTPUT: Result of query for google.com.pk = 142.250.80.3
[2021-12-06 15:24:39,319] client.Client<Client:3c034>:OUTPUT: website : google.com.pk, time : 46, hop cnt : 4
[2021-12-06 15:24:39,362] client.Client<Client:3c034>:OUTPUT: Result of query for booking.com = 5.57.16.220
[2021-12-06 15:24:39,362] client.Client<Client:3c034>:OUTPUT: website : booking.com, time : 39, hop cnt : 4
[2021-12-06 15:24:39,393] client.Client<Client:3c034>:OUTPUT: Result of query for google.co.th = 172.217.10.227
[2021-12-06 15:24:39,394] client.Client<Client:3c034>:OUTPUT: website : google.co.th, time : 28, hop cnt : 3
[2021-12-06 15:24:39,435] client.Client<Client:3c034>:OUTPUT: Result of query for tianya.cn = 124.225.65.154
[2021-12-06 15:24:39,436] client.Client<Client:3c034>:OUTPUT: website : tianya.cn, time : 39, hop cnt : 4
[2021-12-06 15:24:39,486] client.Client<Client:3c034>:OUTPUT: Result of query for google.com.eg = 172.217.10.35
[2021-12-06 15:24:39,487] client.Client<Client:3c034>:OUTPUT: website : google.com.eg, time : 47, hop cnt : 6
[2021-12-06 15:24:39,546] client.Client<Client:3c034>:OUTPUT: Result of query for china.com = 103.254.188.41
[2021-12-06 15:24:39,547] client.Client<Client:3c034>:OUTPUT: website : china.com, time : 58, hop cnt : 5
[2021-12-06 15:24:39,587] client.Client<Client:3c034>:OUTPUT: Result of query for bbc.co.uk = 151.101.0.81
[2021-12-06 15:24:39,588] client.Client<Client:3c034>:OUTPUT: website : bbc.co.uk, time : 38, hop cnt : 5
[2021-12-06 15:24:39,644] client.Client<Client:3c034>:OUTPUT: Result of query for google.com.sa = 172.217.12.163
[2021-12-06 15:24:39,645] client.Client<Client:3c034>:OUTPUT: website : google.com.sa, time : 54, hop cnt : 5
[2021-12-06 15:24:39,680] client.Client<Client:3c034>:OUTPUT: Result of query for savefrom.net = 51.159.57.133
[2021-12-06 15:24:39,681] client.Client<Client:3c034>:OUTPUT: website : savefrom.net, time : 33, hop cnt : 4
[2021-12-06 15:24:39,729] client.Client<Client:3c034>:OUTPUT: Result of query for amazon.co.uk = 54.239.34.171
[2021-12-06 15:24:39,730] client.Client<Client:3c034>:OUTPUT: website : amazon.co.uk, time : 46, hop cnt : 4
[2021-12-06 15:24:39,771] client.Client<Client:3c034>:OUTPUT: Result of query for bbc.com = 151.101.0.81
[2021-12-06 15:24:39,772] client.Client<Client:3c034>:OUTPUT: website : bbc.com, time : 39, hop cnt : 5
[2021-12-06 15:24:39,831] client.Client<Client:3c034>:OUTPUT: Result of query for fc2.com = 199.48.210.151
[2021-12-06 15:24:39,832] client.Client<Client:3c034>:OUTPUT: website : fc2.com, time : 57, hop cnt : 5
[2021-12-06 15:24:39,876] client.Client<Client:3c034>:OUTPUT: Result of query for mozilla.org = 44.236.48.31
[2021-12-06 15:24:39,877] client.Client<Client:3c034>:OUTPUT: website : mozilla.org, time : 43, hop cnt : 5
[2021-12-06 15:24:39,921] client.Client<Client:3c034>:OUTPUT: Result of query for rakuten.co.jp = 133.237.16.234
[2021-12-06 15:24:39,922] client.Client<Client:3c034>:OUTPUT: website : rakuten.co.jp, time : 42, hop cnt : 4
[2021-12-06 15:24:39,985] client.Client<Client:3c034>:OUTPUT: Result of query for uptodown.com = 23.54.188.103
[2021-12-06 15:24:39,986] client.Client<Client:3c034>:OUTPUT: website : uptodown.com, time : 61, hop cnt : 6
[2021-12-06 15:24:40,041] client.Client<Client:3c034>:OUTPUT: Result of query for cnn.com = 151.101.129.67
[2021-12-06 15:24:40,042] client.Client<Client:3c034>:OUTPUT: website : cnn.com, time : 54, hop cnt : 5
[2021-12-06 15:24:40,077] client.Client<Client:3c034>:OUTPUT: Result of query for soundcloud.com = 13.225.229.67
[2021-12-06 15:24:40,078] client.Client<Client:3c034>:OUTPUT: website : soundcloud.com, time : 33, hop cnt : 4
[2021-12-06 15:24:40,116] client.Client<Client:3c034>:OUTPUT: Result of query for google.com.ua = 172.217.7.3
[2021-12-06 15:24:40,117] client.Client<Client:3c034>:OUTPUT: website : google.com.ua, time : 34, hop cnt : 3
[2021-12-06 15:24:40,149] client.Client<Client:3c034>:OUTPUT: Result of query for quora.com = 34.237.36.29
[2021-12-06 15:24:40,150] client.Client<Client:3c034>:OUTPUT: website : quora.com, time : 30, hop cnt : 4
[2021-12-06 15:24:40,204] client.Client<Client:3c034>:OUTPUT: Result of query for amazonaws.com = 72.21.210.29
[2021-12-06 15:24:40,205] client.Client<Client:3c034>:OUTPUT: website : amazonaws.com, time : 53, hop cnt : 5
[2021-12-06 15:24:40,251] client.Client<Client:3c034>:OUTPUT: Result of query for ask.com = 199.232.66.114
[2021-12-06 15:24:40,252] client.Client<Client:3c034>:OUTPUT: website : ask.com, time : 44, hop cnt : 4
[2021-12-06 15:24:40,285] client.Client<Client:3c034>:OUTPUT: Result of query for clicksgear.com = 192.243.59.12
[2021-12-06 15:24:40,286] client.Client<Client:3c034>:OUTPUT: website : clicksgear.com, time : 30, hop cnt : 3
[2021-12-06 15:24:40,331] client.Client<Client:3c034>:OUTPUT: Result of query for xnxx.com = 185.88.181.60
[2021-12-06 15:24:40,332] client.Client<Client:3c034>:OUTPUT: website : xnxx.com, time : 43, hop cnt : 5
[2021-12-06 15:24:40,384] client.Client<Client:3c034>:OUTPUT: Result of query for google.nl = 172.217.11.3
[2021-12-06 15:24:40,385] client.Client<Client:3c034>:OUTPUT: website : google.nl, time : 50, hop cnt : 6
[2021-12-06 15:24:40,441] client.Client<Client:3c034>:OUTPUT: Result of query for nytimes.com = 151.101.65.164
[2021-12-06 15:24:40,442] client.Client<Client:3c034>:OUTPUT: website : nytimes.com, time : 53, hop cnt : 6
[2021-12-06 15:24:40,491] client.Client<Client:3c034>:OUTPUT: Result of query for naver.com = 125.209.222.141
[2021-12-06 15:24:40,492] client.Client<Client:3c034>:OUTPUT: website : naver.com, time : 47, hop cnt : 5
[2021-12-06 15:24:40,525] client.Client<Client:3c034>:OUTPUT: Result of query for ettoday.net = 219.85.79.131
[2021-12-06 15:24:40,526] client.Client<Client:3c034>:OUTPUT: website : ettoday.net, time : 31, hop cnt : 3
[2021-12-06 15:24:40,576] client.Client<Client:3c034>:OUTPUT: Result of query for adf.ly = 104.20.81.199
[2021-12-06 15:24:40,577] client.Client<Client:3c034>:OUTPUT: website : adf.ly, time : 48, hop cnt : 5
[2021-12-06 15:24:40,629] client.Client<Client:3c034>:OUTPUT: Result of query for dailymotion.com = 195.8.215.136
[2021-12-06 15:24:40,630] client.Client<Client:3c034>:OUTPUT: website : dailymotion.com, time : 50, hop cnt : 5
[2021-12-06 15:24:40,693] client.Client<Client:3c034>:OUTPUT: Result of query for google.co.za = 172.217.11.3
[2021-12-06 15:24:40,694] client.Client<Client:3c034>:OUTPUT: website : google.co.za, time : 61, hop cnt : 5
[2021-12-06 15:24:40,743] client.Client<Client:3c034>:OUTPUT: Result of query for steamcommunity.com = 23.192.34.24
[2021-12-06 15:24:40,743] client.Client<Client:3c034>:OUTPUT: website : steamcommunity.com, time : 47, hop cnt : 6
[2021-12-06 15:24:40,791] client.Client<Client:3c034>:OUTPUT: Result of query for google.co.ve = 172.217.11.3
[2021-12-06 15:24:40,791] client.Client<Client:3c034>:OUTPUT: website : google.co.ve, time : 45, hop cnt : 5
[2021-12-06 15:24:40,833] client.Client<Client:3c034>:OUTPUT: Result of query for salesforce.com = 23.1.35.132
[2021-12-06 15:24:40,834] client.Client<Client:3c034>:OUTPUT: website : salesforce.com, time : 40, hop cnt : 5
[2021-12-06 15:24:40,885] client.Client<Client:3c034>:OUTPUT: Result of query for espn.com = 13.225.229.96
[2021-12-06 15:24:40,885] client.Client<Client:3c034>:OUTPUT: website : espn.com, time : 48, hop cnt : 5
[2021-12-06 15:24:40,924] client.Client<Client:3c034>:OUTPUT: Result of query for stackexchange.com = 151.101.193.69
[2021-12-06 15:24:40,925] client.Client<Client:3c034>:OUTPUT: website : stackexchange.com, time : 36, hop cnt : 3
[2021-12-06 15:24:40,989] client.Client<Client:3c034>:OUTPUT: Result of query for blogger.com = 142.250.80.9
[2021-12-06 15:24:40,990] client.Client<Client:3c034>:OUTPUT: website : blogger.com, time : 61, hop cnt : 5
[2021-12-06 15:24:41,020] client.Client<Client:3c034>:OUTPUT: Result of query for chase.com = 159.53.84.126
[2021-12-06 15:24:41,020] client.Client<Client:3c034>:OUTPUT: website : chase.com, time : 28, hop cnt : 3
[2021-12-06 15:24:41,070] client.Client<Client:3c034>:OUTPUT: Result of query for google.co.kr = 142.250.80.3
[2021-12-06 15:24:41,071] client.Client<Client:3c034>:OUTPUT: website : google.co.kr, time : 47, hop cnt : 5
[2021-12-06 15:24:41,104] client.Client<Client:3c034>:OUTPUT: Result of query for ebay.de = 66.135.196.249
[2021-12-06 15:24:41,105] client.Client<Client:3c034>:OUTPUT: website : ebay.de, time : 31, hop cnt : 3
[2021-12-06 15:24:41,148] client.Client<Client:3c034>:OUTPUT: Result of query for vimeo.com = 151.101.192.217
[2021-12-06 15:24:41,149] client.Client<Client:3c034>:OUTPUT: website : vimeo.com, time : 41, hop cnt : 4
[2021-12-06 15:24:41,186] client.Client<Client:3c034>:OUTPUT: Result of query for vice.com = 52.200.45.101
[2021-12-06 15:24:41,187] client.Client<Client:3c034>:OUTPUT: website : vice.com, time : 35, hop cnt : 3
[2021-12-06 15:24:41,224] client.Client<Client:3c034>:OUTPUT: Result of query for theguardian.com = 151.101.1.111
[2021-12-06 15:24:41,225] client.Client<Client:3c034>:OUTPUT: website : theguardian.com, time : 35, hop cnt : 5
[2021-12-06 15:24:41,321] client.Client<Client:3c034>:OUTPUT: Result of query for blastingnews.com = 212.97.32.174
[2021-12-06 15:24:41,322] client.Client<Client:3c034>:OUTPUT: website : blastingnews.com, time : 94, hop cnt : 6
[2021-12-06 15:24:41,367] client.Client<Client:3c034>:OUTPUT: Result of query for tribunnews.com = 113.11.255.30
[2021-12-06 15:24:41,368] client.Client<Client:3c034>:OUTPUT: website : tribunnews.com, time : 44, hop cnt : 4
[2021-12-06 15:24:41,407] client.Client<Client:3c034>:OUTPUT: Result of query for steampowered.com = 23.192.8.254
[2021-12-06 15:24:41,408] client.Client<Client:3c034>:OUTPUT: website : steampowered.com, time : 37, hop cnt : 4
[2021-12-06 15:24:41,468] client.Client<Client:3c034>:OUTPUT: Result of query for chaturbate.com = 104.18.101.40
[2021-12-06 15:24:41,469] client.Client<Client:3c034>:OUTPUT: website : chaturbate.com, time : 57, hop cnt : 6
[2021-12-06 15:24:41,524] client.Client<Client:3c034>:OUTPUT: Result of query for ebay.co.uk = 66.135.196.249
[2021-12-06 15:24:41,524] client.Client<Client:3c034>:OUTPUT: website : ebay.co.uk, time : 53, hop cnt : 5
[2021-12-06 15:24:41,571] client.Client<Client:3c034>:OUTPUT: Result of query for detik.com = 203.190.242.211
[2021-12-06 15:24:41,571] client.Client<Client:3c034>:OUTPUT: website : detik.com, time : 44, hop cnt : 5
[2021-12-06 15:24:41,615] client.Client<Client:3c034>:OUTPUT: Result of query for google.gr = 142.250.64.99
[2021-12-06 15:24:41,616] client.Client<Client:3c034>:OUTPUT: website : google.gr, time : 41, hop cnt : 4
[2021-12-06 15:24:41,673] client.Client<Client:3c034>:OUTPUT: Result of query for google.com.vn = 172.217.10.227
[2021-12-06 15:24:41,673] client.Client<Client:3c034>:OUTPUT: website : google.com.vn, time : 54, hop cnt : 6
[2021-12-06 15:24:41,722] client.Client<Client:3c034>:OUTPUT: Result of query for buzzfeed.com = 13.225.229.101
[2021-12-06 15:24:41,723] client.Client<Client:3c034>:OUTPUT: website : buzzfeed.com, time : 47, hop cnt : 5
[2021-12-06 15:24:41,753] client.Client<Client:3c034>:OUTPUT: Result of query for indeed.com = 18.218.22.89
[2021-12-06 15:24:41,754] client.Client<Client:3c034>:OUTPUT: website : indeed.com, time : 27, hop cnt : 3
[2021-12-06 15:24:41,792] client.Client<Client:3c034>:OUTPUT: Result of query for dailymail.co.uk = 23.41.6.195
[2021-12-06 15:24:41,793] client.Client<Client:3c034>:OUTPUT: website : dailymail.co.uk, time : 36, hop cnt : 4
[2021-12-06 15:24:41,837] client.Client<Client:3c034>:OUTPUT: Result of query for mediafire.com = 104.16.203.237
[2021-12-06 15:24:41,838] client.Client<Client:3c034>:OUTPUT: website : mediafire.com, time : 42, hop cnt : 4
[2021-12-06 15:24:41,876] client.Client<Client:3c034>:OUTPUT: Result of query for avito.ru = 185.89.12.132
[2021-12-06 15:24:41,876] client.Client<Client:3c034>:OUTPUT: website : avito.ru, time : 36, hop cnt : 4
[2021-12-06 15:24:41,915] client.Client<Client:3c034>:OUTPUT: Result of query for cnet.com = 35.190.79.82
[2021-12-06 15:24:41,916] client.Client<Client:3c034>:OUTPUT: website : cnet.com, time : 36, hop cnt : 3
[2021-12-06 15:24:41,970] client.Client<Client:3c034>:OUTPUT: Result of query for google.com.sg = 172.217.165.131
[2021-12-06 15:24:41,971] client.Client<Client:3c034>:OUTPUT: website : google.com.sg, time : 50, hop cnt : 6
[2021-12-06 15:24:42,011] client.Client<Client:3c034>:OUTPUT: Result of query for globo.com = 186.192.90.5
[2021-12-06 15:24:42,012] client.Client<Client:3c034>:OUTPUT: website : globo.com, time : 38, hop cnt : 4
[2021-12-06 15:24:42,062] client.Client<Client:3c034>:OUTPUT: Result of query for xinhuanet.com = 202.108.119.193
[2021-12-06 15:24:42,063] client.Client<Client:3c034>:OUTPUT: website : xinhuanet.com, time : 48, hop cnt : 5
[2021-12-06 15:24:42,109] client.Client<Client:3c034>:OUTPUT: Result of query for spotify.com = 35.186.224.25
[2021-12-06 15:24:42,109] client.Client<Client:3c034>:OUTPUT: website : spotify.com, time : 45, hop cnt : 4
[2021-12-06 15:24:42,134] client.Client<Client:3c034>:OUTPUT: Result of query for flipkart.com = 163.53.76.86
[2021-12-06 15:24:42,135] client.Client<Client:3c034>:OUTPUT: website : flipkart.com, time : 20, hop cnt : 3
[2021-12-06 15:24:42,174] client.Client<Client:3c034>:OUTPUT: Result of query for ladbible.com = 104.17.98.32
[2021-12-06 15:24:42,175] client.Client<Client:3c034>:OUTPUT: website : ladbible.com, time : 37, hop cnt : 4
[2021-12-06 15:29:38,238] mainb.Node_<Node_:74001>:OUTPUT: Total collison by the hash function:  0
[2021-12-06 15:29:38,320] mainb.Node_<Node_:74001>:OUTPUT: Hash values for all the nodes in sorted order:  [13185079204676793, 656285350285806183, 779354122922728090, 1094633066369968579, 1386679468616624722, 1717193639662608358, 2404067869060352081, 3495312157771088654, 3891796677267088777, 3964866021663281218, 4225992177186997791, 4695729886476972737, 5671212621701016931, 5989999226216932780, 6587672813874976356, 6829819007564179410, 7337794479841226577, 7726106144025111538, 7955530874948581927, 7995069285182935674, 8060696345143029178, 8220575966121022967, 9977899983957979942, 10079818720228650068, 10097327716422430958, 10258686894044915038, 10297143172157041568, 10610158666388240678, 10838473698954881580, 11123798581170187097, 11541166543879576857, 11552162140122412002, 11837269240618793603, 11907253951390057252, 12358683175174023782, 12818427314332633864, 13107192664644759917, 13306071594237786592, 13428987836740084754, 14072510547536532872, 14250546327166538897, 14317741794835963716, 14469344327245640128, 14742047243515191003, 15119307348993505274, 15508460094824517607, 15630035633637008930, 16095183050668421679, 16705887672548766538, 17836196572275989828]
[2021-12-06 15:29:56,888] client.Client<Client:3c034>:OUTPUT: <Client:3c034>  has been started.
[2021-12-06 15:29:56,940] client.Client<Client:3c034>:OUTPUT: Result of query for google.com = 142.250.64.78
[2021-12-06 15:29:56,941] client.Client<Client:3c034>:OUTPUT: website : google.com, time : 51, hop cnt : 5
[2021-12-06 15:29:57,005] client.Client<Client:3c034>:OUTPUT: Result of query for youtube.com = 172.217.12.142
[2021-12-06 15:29:57,006] client.Client<Client:3c034>:OUTPUT: website : youtube.com, time : 61, hop cnt : 5
[2021-12-06 15:29:57,087] client.Client<Client:3c034>:OUTPUT: Result of query for facebook.com = 31.13.71.36
[2021-12-06 15:29:57,087] client.Client<Client:3c034>:OUTPUT: website : facebook.com, time : 77, hop cnt : 6
[2021-12-06 15:29:57,160] client.Client<Client:3c034>:OUTPUT: Result of query for baidu.com = 220.181.38.148
[2021-12-06 15:29:57,161] client.Client<Client:3c034>:OUTPUT: website : baidu.com, time : 70, hop cnt : 5
[2021-12-06 15:29:57,229] client.Client<Client:3c034>:OUTPUT: Result of query for wikipedia.org = 208.80.154.224
[2021-12-06 15:29:57,230] client.Client<Client:3c034>:OUTPUT: website : wikipedia.org, time : 66, hop cnt : 5
[2021-12-06 15:29:57,291] client.Client<Client:3c034>:OUTPUT: Result of query for yahoo.com = 74.6.231.21
[2021-12-06 15:29:57,292] client.Client<Client:3c034>:OUTPUT: website : yahoo.com, time : 59, hop cnt : 5
[2021-12-06 15:29:57,349] client.Client<Client:3c034>:OUTPUT: Result of query for google.co.in = 172.217.12.131
[2021-12-06 15:29:57,350] client.Client<Client:3c034>:OUTPUT: website : google.co.in, time : 55, hop cnt : 6
[2021-12-06 15:29:57,401] client.Client<Client:3c034>:OUTPUT: Result of query for reddit.com = 151.101.1.140
[2021-12-06 15:29:57,402] client.Client<Client:3c034>:OUTPUT: website : reddit.com, time : 49, hop cnt : 5
[2021-12-06 15:29:57,474] client.Client<Client:3c034>:OUTPUT: Result of query for qq.com = 58.250.137.36
[2021-12-06 15:29:57,475] client.Client<Client:3c034>:OUTPUT: website : qq.com, time : 70, hop cnt : 6
[2021-12-06 15:29:57,525] client.Client<Client:3c034>:OUTPUT: Result of query for amazon.com = 205.251.242.103
[2021-12-06 15:29:57,526] client.Client<Client:3c034>:OUTPUT: website : amazon.com, time : 48, hop cnt : 4
[2021-12-06 15:29:57,587] client.Client<Client:3c034>:OUTPUT: Result of query for taobao.com = 140.205.220.96
[2021-12-06 15:29:57,588] client.Client<Client:3c034>:OUTPUT: website : taobao.com, time : 60, hop cnt : 4
[2021-12-06 15:29:57,647] client.Client<Client:3c034>:OUTPUT: Result of query for twitter.com = 104.244.42.193
[2021-12-06 15:29:57,648] client.Client<Client:3c034>:OUTPUT: website : twitter.com, time : 57, hop cnt : 5
[2021-12-06 15:29:57,703] client.Client<Client:3c034>:OUTPUT: Result of query for tmall.com = 140.205.94.193
[2021-12-06 15:29:57,704] client.Client<Client:3c034>:OUTPUT: website : tmall.com, time : 54, hop cnt : 5
[2021-12-06 15:29:57,741] client.Client<Client:3c034>:OUTPUT: Result of query for google.co.jp = 142.250.64.99
[2021-12-06 15:29:57,742] client.Client<Client:3c034>:OUTPUT: website : google.co.jp, time : 35, hop cnt : 2
[2021-12-06 15:29:57,783] client.Client<Client:3c034>:OUTPUT: Result of query for live.com = 204.79.197.212
[2021-12-06 15:29:57,784] client.Client<Client:3c034>:OUTPUT: website : live.com, time : 36, hop cnt : 4
[2021-12-06 15:29:57,828] client.Client<Client:3c034>:OUTPUT: Result of query for vk.com = 93.186.225.208
[2021-12-06 15:29:57,829] client.Client<Client:3c034>:OUTPUT: website : vk.com, time : 42, hop cnt : 4
[2021-12-06 15:29:57,885] client.Client<Client:3c034>:OUTPUT: Result of query for instagram.com = 3.216.253.146
[2021-12-06 15:29:57,886] client.Client<Client:3c034>:OUTPUT: website : instagram.com, time : 54, hop cnt : 4
[2021-12-06 15:29:57,938] client.Client<Client:3c034>:OUTPUT: Result of query for sohu.com = 211.159.191.18
[2021-12-06 15:29:57,939] client.Client<Client:3c034>:OUTPUT: website : sohu.com, time : 51, hop cnt : 5
[2021-12-06 15:29:57,999] client.Client<Client:3c034>:OUTPUT: Result of query for sina.com.cn = 123.126.45.205
[2021-12-06 15:29:58,000] client.Client<Client:3c034>:OUTPUT: website : sina.com.cn, time : 58, hop cnt : 5
[2021-12-06 15:29:58,067] client.Client<Client:3c034>:OUTPUT: Result of query for jd.com = 111.13.149.108
[2021-12-06 15:29:58,068] client.Client<Client:3c034>:OUTPUT: website : jd.com, time : 65, hop cnt : 5
[2021-12-06 15:29:58,131] client.Client<Client:3c034>:OUTPUT: Result of query for weibo.com = 47.254.92.5
[2021-12-06 15:29:58,132] client.Client<Client:3c034>:OUTPUT: website : weibo.com, time : 61, hop cnt : 6
[2021-12-06 15:29:58,196] client.Client<Client:3c034>:OUTPUT: Result of query for 360.cn = 36.99.170.84
[2021-12-06 15:29:58,196] client.Client<Client:3c034>:OUTPUT: website : 360.cn, time : 61, hop cnt : 6
[2021-12-06 15:29:58,262] client.Client<Client:3c034>:OUTPUT: Result of query for google.de = 172.217.165.131
[2021-12-06 15:29:58,263] client.Client<Client:3c034>:OUTPUT: website : google.de, time : 63, hop cnt : 6
[2021-12-06 15:29:58,354] client.Client<Client:3c034>:OUTPUT: Result of query for google.co.uk = 172.217.10.67
[2021-12-06 15:29:58,354] client.Client<Client:3c034>:OUTPUT: website : google.co.uk, time : 87, hop cnt : 6
[2021-12-06 15:29:58,420] client.Client<Client:3c034>:OUTPUT: Result of query for linkedin.com = 108.174.10.10
[2021-12-06 15:29:58,420] client.Client<Client:3c034>:OUTPUT: website : linkedin.com, time : 62, hop cnt : 5
[2021-12-06 15:29:58,479] client.Client<Client:3c034>:OUTPUT: Result of query for google.com.br = 172.217.12.163
[2021-12-06 15:29:58,479] client.Client<Client:3c034>:OUTPUT: website : google.com.br, time : 57, hop cnt : 5
[2021-12-06 15:29:58,505] client.Client<Client:3c034>:OUTPUT: Result of query for google.fr = 172.217.10.131
[2021-12-06 15:29:58,506] client.Client<Client:3c034>:OUTPUT: website : google.fr, time : 23, hop cnt : 2
[2021-12-06 15:29:58,568] client.Client<Client:3c034>:OUTPUT: Result of query for google.ru = 172.217.10.35
[2021-12-06 15:29:58,569] client.Client<Client:3c034>:OUTPUT: website : google.ru, time : 60, hop cnt : 5
[2021-12-06 15:29:58,634] client.Client<Client:3c034>:OUTPUT: Result of query for yandex.ru = 5.255.255.60
[2021-12-06 15:29:58,635] client.Client<Client:3c034>:OUTPUT: website : yandex.ru, time : 63, hop cnt : 5
[2021-12-06 15:29:58,689] client.Client<Client:3c034>:OUTPUT: Result of query for netflix.com = 107.21.29.216
[2021-12-06 15:29:58,689] client.Client<Client:3c034>:OUTPUT: website : netflix.com, time : 53, hop cnt : 5
[2021-12-06 15:29:58,737] client.Client<Client:3c034>:OUTPUT: Result of query for google.com.hk = 172.217.165.131
[2021-12-06 15:29:58,737] client.Client<Client:3c034>:OUTPUT: website : google.com.hk, time : 45, hop cnt : 3
[2021-12-06 15:29:58,798] client.Client<Client:3c034>:OUTPUT: Result of query for yahoo.co.jp = 183.79.135.206
[2021-12-06 15:29:58,798] client.Client<Client:3c034>:OUTPUT: website : yahoo.co.jp, time : 57, hop cnt : 5
[2021-12-06 15:29:58,837] client.Client<Client:3c034>:OUTPUT: Result of query for google.it = 142.250.64.99
[2021-12-06 15:29:58,837] client.Client<Client:3c034>:OUTPUT: website : google.it, time : 36, hop cnt : 4
[2021-12-06 15:29:58,886] client.Client<Client:3c034>:OUTPUT: Result of query for ebay.com = 66.135.195.175
[2021-12-06 15:29:58,887] client.Client<Client:3c034>:OUTPUT: website : ebay.com, time : 46, hop cnt : 5
[2021-12-06 15:29:58,959] client.Client<Client:3c034>:OUTPUT: Result of query for google.es = 172.217.12.131
[2021-12-06 15:29:58,960] client.Client<Client:3c034>:OUTPUT: website : google.es, time : 70, hop cnt : 6
[2021-12-06 15:29:59,004] client.Client<Client:3c034>:OUTPUT: Result of query for pornhub.com = 66.254.114.41
[2021-12-06 15:29:59,005] client.Client<Client:3c034>:OUTPUT: website : pornhub.com, time : 41, hop cnt : 5
[2021-12-06 15:29:59,059] client.Client<Client:3c034>:OUTPUT: Result of query for imgur.com = 151.101.20.193
[2021-12-06 15:29:59,060] client.Client<Client:3c034>:OUTPUT: website : imgur.com, time : 52, hop cnt : 5
[2021-12-06 15:29:59,112] client.Client<Client:3c034>:OUTPUT: Result of query for bing.com = 13.107.21.200
[2021-12-06 15:29:59,112] client.Client<Client:3c034>:OUTPUT: website : bing.com, time : 48, hop cnt : 5
[2021-12-06 15:29:59,158] client.Client<Client:3c034>:OUTPUT: Result of query for msn.com = 13.82.28.61
[2021-12-06 15:29:59,158] client.Client<Client:3c034>:OUTPUT: website : msn.com, time : 43, hop cnt : 3
[2021-12-06 15:29:59,212] client.Client<Client:3c034>:OUTPUT: Result of query for onclkds.com = 139.45.196.76
[2021-12-06 15:29:59,213] client.Client<Client:3c034>:OUTPUT: website : onclkds.com, time : 49, hop cnt : 6
[2021-12-06 15:29:59,261] client.Client<Client:3c034>:OUTPUT: Result of query for twitch.tv = 151.101.194.167
[2021-12-06 15:29:59,262] client.Client<Client:3c034>:OUTPUT: website : twitch.tv, time : 46, hop cnt : 5
[2021-12-06 15:29:59,321] client.Client<Client:3c034>:OUTPUT: Result of query for google.com.mx = 142.250.80.3
[2021-12-06 15:29:59,322] client.Client<Client:3c034>:OUTPUT: website : google.com.mx, time : 58, hop cnt : 5
[2021-12-06 15:29:59,365] client.Client<Client:3c034>:OUTPUT: Result of query for google.ca = 172.217.165.131
[2021-12-06 15:29:59,366] client.Client<Client:3c034>:OUTPUT: website : google.ca, time : 41, hop cnt : 4
[2021-12-06 15:29:59,425] client.Client<Client:3c034>:OUTPUT: Result of query for tumblr.com = 74.114.154.17
[2021-12-06 15:29:59,426] client.Client<Client:3c034>:OUTPUT: website : tumblr.com, time : 57, hop cnt : 5
[2021-12-06 15:29:59,471] client.Client<Client:3c034>:OUTPUT: Result of query for gmw.cn = 123.56.255.157
[2021-12-06 15:29:59,472] client.Client<Client:3c034>:OUTPUT: website : gmw.cn, time : 43, hop cnt : 5
[2021-12-06 15:29:59,518] client.Client<Client:3c034>:OUTPUT: Result of query for alipay.com = 110.75.129.5
[2021-12-06 15:29:59,519] client.Client<Client:3c034>:OUTPUT: website : alipay.com, time : 44, hop cnt : 4
[2021-12-06 15:29:59,575] client.Client<Client:3c034>:OUTPUT: Result of query for livejasmin.com = 109.71.161.200
[2021-12-06 15:29:59,576] client.Client<Client:3c034>:OUTPUT: website : livejasmin.com, time : 53, hop cnt : 4
[2021-12-06 15:29:59,639] client.Client<Client:3c034>:OUTPUT: Result of query for xvideos.com = 185.88.181.7
[2021-12-06 15:29:59,640] client.Client<Client:3c034>:OUTPUT: website : xvideos.com, time : 59, hop cnt : 5
[2021-12-06 15:29:59,690] client.Client<Client:3c034>:OUTPUT: Result of query for mail.ru = 217.69.139.202
[2021-12-06 15:29:59,691] client.Client<Client:3c034>:OUTPUT: website : mail.ru, time : 48, hop cnt : 5
[2021-12-06 15:29:59,723] client.Client<Client:3c034>:OUTPUT: Result of query for microsoft.com = 104.215.148.63
[2021-12-06 15:29:59,724] client.Client<Client:3c034>:OUTPUT: website : microsoft.com, time : 29, hop cnt : 3
[2021-12-06 15:29:59,783] client.Client<Client:3c034>:OUTPUT: Result of query for ok.ru = 217.20.147.1
[2021-12-06 15:29:59,784] client.Client<Client:3c034>:OUTPUT: website : ok.ru, time : 58, hop cnt : 4
[2021-12-06 15:29:59,841] client.Client<Client:3c034>:OUTPUT: Result of query for aliexpress.com = 198.11.132.250
[2021-12-06 15:29:59,841] client.Client<Client:3c034>:OUTPUT: website : aliexpress.com, time : 55, hop cnt : 5
[2021-12-06 15:29:59,896] client.Client<Client:3c034>:OUTPUT: Result of query for wordpress.com = 192.0.78.9
[2021-12-06 15:29:59,897] client.Client<Client:3c034>:OUTPUT: website : wordpress.com, time : 50, hop cnt : 4
[2021-12-06 15:29:59,964] client.Client<Client:3c034>:OUTPUT: Result of query for stackoverflow.com = 151.101.65.69
[2021-12-06 15:29:59,965] client.Client<Client:3c034>:OUTPUT: website : stackoverflow.com, time : 65, hop cnt : 6
[2021-12-06 15:30:00,043] client.Client<Client:3c034>:OUTPUT: Result of query for imdb.com = 52.94.237.74
[2021-12-06 15:30:00,043] client.Client<Client:3c034>:OUTPUT: website : imdb.com, time : 74, hop cnt : 6
[2021-12-06 15:30:00,082] client.Client<Client:3c034>:OUTPUT: Result of query for github.com = 140.82.113.3
[2021-12-06 15:30:00,083] client.Client<Client:3c034>:OUTPUT: website : github.com, time : 36, hop cnt : 3
[2021-12-06 15:30:00,146] client.Client<Client:3c034>:OUTPUT: Result of query for amazon.co.jp = 52.119.164.121
[2021-12-06 15:30:00,148] client.Client<Client:3c034>:OUTPUT: website : amazon.co.jp, time : 61, hop cnt : 5
[2021-12-06 15:30:00,208] client.Client<Client:3c034>:OUTPUT: Result of query for pinterest.com = 151.101.0.84
[2021-12-06 15:30:00,209] client.Client<Client:3c034>:OUTPUT: website : pinterest.com, time : 59, hop cnt : 6
[2021-12-06 15:30:00,259] client.Client<Client:3c034>:OUTPUT: Result of query for csdn.net = 47.95.164.112
[2021-12-06 15:30:00,260] client.Client<Client:3c034>:OUTPUT: website : csdn.net, time : 46, hop cnt : 4
[2021-12-06 15:30:00,310] client.Client<Client:3c034>:OUTPUT: Result of query for wikia.com = 151.101.128.194
[2021-12-06 15:30:00,311] client.Client<Client:3c034>:OUTPUT: website : wikia.com, time : 47, hop cnt : 6
[2021-12-06 15:30:00,375] client.Client<Client:3c034>:OUTPUT: Result of query for apple.com = 17.253.144.10
[2021-12-06 15:30:00,376] client.Client<Client:3c034>:OUTPUT: website : apple.com, time : 62, hop cnt : 5
[2021-12-06 15:30:00,457] client.Client<Client:3c034>:OUTPUT: Result of query for google.com.tr = 142.250.64.99
[2021-12-06 15:30:00,458] client.Client<Client:3c034>:OUTPUT: website : google.com.tr, time : 77, hop cnt : 6
[2021-12-06 15:30:00,519] client.Client<Client:3c034>:OUTPUT: Result of query for popads.net = 216.21.13.12
[2021-12-06 15:30:00,519] client.Client<Client:3c034>:OUTPUT: website : popads.net, time : 56, hop cnt : 6
[2021-12-06 15:30:00,578] client.Client<Client:3c034>:OUTPUT: Result of query for youth.cn = 123.103.5.94
[2021-12-06 15:30:00,579] client.Client<Client:3c034>:OUTPUT: website : youth.cn, time : 56, hop cnt : 5
[2021-12-06 15:30:00,636] client.Client<Client:3c034>:OUTPUT: Result of query for bongacams.com = 104.18.2.244
[2021-12-06 15:30:00,637] client.Client<Client:3c034>:OUTPUT: website : bongacams.com, time : 55, hop cnt : 5
[2021-12-06 15:30:00,681] client.Client<Client:3c034>:OUTPUT: Result of query for paypal.com = 64.4.250.36
[2021-12-06 15:30:00,682] client.Client<Client:3c034>:OUTPUT: website : paypal.com, time : 42, hop cnt : 5
[2021-12-06 15:30:00,707] client.Client<Client:3c034>:OUTPUT: Result of query for microsoftonline.com = 40.84.199.233
[2021-12-06 15:30:00,707] client.Client<Client:3c034>:OUTPUT: website : microsoftonline.com, time : 22, hop cnt : 2
[2021-12-06 15:30:00,743] client.Client<Client:3c034>:OUTPUT: Result of query for google.com.tw = 172.217.11.35
[2021-12-06 15:30:00,744] client.Client<Client:3c034>:OUTPUT: website : google.com.tw, time : 34, hop cnt : 3
[2021-12-06 15:30:00,787] client.Client<Client:3c034>:OUTPUT: Result of query for google.com.au = 142.250.64.99
[2021-12-06 15:30:00,788] client.Client<Client:3c034>:OUTPUT: website : google.com.au, time : 40, hop cnt : 4
[2021-12-06 15:30:00,842] client.Client<Client:3c034>:OUTPUT: Result of query for whatsapp.com = 31.13.66.56
[2021-12-06 15:30:00,843] client.Client<Client:3c034>:OUTPUT: website : whatsapp.com, time : 52, hop cnt : 6
[2021-12-06 15:30:00,903] client.Client<Client:3c034>:OUTPUT: Result of query for google.pl = 172.217.10.67
[2021-12-06 15:30:00,904] client.Client<Client:3c034>:OUTPUT: website : google.pl, time : 58, hop cnt : 5
[2021-12-06 15:30:00,945] client.Client<Client:3c034>:OUTPUT: Result of query for xhamster.com = 104.18.156.3
[2021-12-06 15:30:00,946] client.Client<Client:3c034>:OUTPUT: website : xhamster.com, time : 39, hop cnt : 4
[2021-12-06 15:30:00,991] client.Client<Client:3c034>:OUTPUT: Result of query for diply.com = 151.101.193.131
[2021-12-06 15:30:00,992] client.Client<Client:3c034>:OUTPUT: website : diply.com, time : 43, hop cnt : 4
[2021-12-06 15:30:01,027] client.Client<Client:3c034>:OUTPUT: Result of query for google.co.id = 172.217.10.67
[2021-12-06 15:30:01,028] client.Client<Client:3c034>:OUTPUT: website : google.co.id, time : 31, hop cnt : 4
[2021-12-06 15:52:58,622] main_backup.Node_<Node_:2a001>:OUTPUT: Total collison by the hash function:  0
[2021-12-06 15:52:58,733] main_backup.Node_<Node_:2a001>:OUTPUT: Hash values for all the nodes in sorted order:  [1337516847379223517, 2108649140373493534, 2516102423480413475, 3490691394882393452, 3696250037960901899, 4107489700471452885, 4108488426386540442, 4230537547910873774, 4592182055840854615, 5336543401919549277, 5417517020280079250, 5687076047394555895, 6361220155250064871, 6458469922090671700, 6496830341840310388, 7071219587408588653, 7623983058516001666, 7973132966937289180, 8040218194441058791, 8237805333875374667, 8283892994637654130, 8362589309246290920, 8444992336537428222, 8532999216360822666, 8595892438842589276, 8633627109198068916, 9228092291041838730, 9391221025286295280, 10775076906137081473, 10960957036168917408, 11081143884106542642, 11180364825102080237, 11731380563638595448, 11982403290734276619, 12148700208327787447, 12187593442421212079, 12403602537117315394, 13387480553924974451, 13401816123565122247, 13490777153972448171, 13935486723559982939, 14392852818463290043, 14797544900149320677, 15044244285604568772, 15295680332674327118, 15816766577137828577, 16826056520822432856, 17738378460286506516, 17953915303341358874, 18395044651455583898]
[2021-12-06 16:01:00,886] mainx.Node_<Node_:10001>:OUTPUT: hash function collison:  0
[2021-12-06 16:01:00,970] mainx.Node_<Node_:10001>:OUTPUT: Hash values for all the nodes in sorted order:  [230862822682935698, 615148339257343070, 898664250722917759, 1424517925408243708, 1694211073095831062, 2281740044734768865, 2423696504824954341, 2648909874896476374, 2961970083263202848, 3136178669878854183, 3768596086848952856, 3825404687619286461, 4006090151848426122, 4035680359745514285, 4417908186045778451, 4617574089206863477, 4685062309740523823, 5238304180230302853, 5399656500223129018, 6408624998844765291, 7065260940444345415, 7383888810962363198, 7415862981803128237, 8115944291487384515, 8191404244187573357, 8379720693672596709, 8476615027425357921, 9577175861523564777, 10340288756174881816, 10437280104599574201, 10796147889298274814, 11468879400914163865, 11714374849215069505, 11778537907458303153, 12062112840279516428, 12222923000265237312, 12406731185378512961, 13073053296013603249, 13213529716680198607, 13515986040873611341, 13693182137696446978, 13902024912465076851, 14303070809496356629, 14662130285684990106, 15730784716434333937, 16955082383324572990, 17422309212605754233, 17676894333046790626, 17983559810808179240, 17985210646803683095]
[2021-12-06 16:01:20,198] client.Client<Client:56034>:OUTPUT: <Client:56034>  has been started.
[2021-12-06 16:01:20,257] client.Client<Client:56034>:OUTPUT: Result of query for google.com = 142.250.64.78
[2021-12-06 16:01:20,258] client.Client<Client:56034>:OUTPUT: website : google.com, time : 58, hop cnt : 5
[2021-12-06 16:01:20,341] client.Client<Client:56034>:OUTPUT: Result of query for youtube.com = 172.217.12.142
[2021-12-06 16:01:20,342] client.Client<Client:56034>:OUTPUT: website : youtube.com, time : 82, hop cnt : 7
[2021-12-06 16:01:20,420] client.Client<Client:56034>:OUTPUT: Result of query for facebook.com = 31.13.71.36
[2021-12-06 16:01:20,421] client.Client<Client:56034>:OUTPUT: website : facebook.com, time : 73, hop cnt : 5
[2021-12-06 16:01:20,481] client.Client<Client:56034>:OUTPUT: Result of query for baidu.com = 220.181.38.148
[2021-12-06 16:01:20,482] client.Client<Client:56034>:OUTPUT: website : baidu.com, time : 59, hop cnt : 4
[2021-12-06 16:01:20,572] client.Client<Client:56034>:OUTPUT: Result of query for wikipedia.org = 208.80.154.224
[2021-12-06 16:01:20,572] client.Client<Client:56034>:OUTPUT: website : wikipedia.org, time : 87, hop cnt : 6
[2021-12-06 16:01:20,626] client.Client<Client:56034>:OUTPUT: Result of query for yahoo.com = 74.6.231.21
[2021-12-06 16:01:20,627] client.Client<Client:56034>:OUTPUT: website : yahoo.com, time : 50, hop cnt : 4
[2021-12-06 16:01:20,687] client.Client<Client:56034>:OUTPUT: Result of query for google.co.in = 172.217.12.131
[2021-12-06 16:01:20,688] client.Client<Client:56034>:OUTPUT: website : google.co.in, time : 58, hop cnt : 5
[2021-12-06 16:01:20,726] client.Client<Client:56034>:OUTPUT: Result of query for reddit.com = 151.101.1.140
[2021-12-06 16:01:20,727] client.Client<Client:56034>:OUTPUT: website : reddit.com, time : 36, hop cnt : 3
[2021-12-06 16:01:20,780] client.Client<Client:56034>:OUTPUT: Result of query for qq.com = 58.250.137.36
[2021-12-06 16:01:20,781] client.Client<Client:56034>:OUTPUT: website : qq.com, time : 51, hop cnt : 4
[2021-12-06 16:01:20,868] client.Client<Client:56034>:OUTPUT: Result of query for amazon.com = 205.251.242.103
[2021-12-06 16:01:20,869] client.Client<Client:56034>:OUTPUT: website : amazon.com, time : 85, hop cnt : 7
[2021-12-06 16:01:20,953] client.Client<Client:56034>:OUTPUT: Result of query for taobao.com = 140.205.220.96
[2021-12-06 16:01:20,953] client.Client<Client:56034>:OUTPUT: website : taobao.com, time : 81, hop cnt : 6
[2021-12-06 16:01:21,017] client.Client<Client:56034>:OUTPUT: Result of query for twitter.com = 104.244.42.193
[2021-12-06 16:01:21,018] client.Client<Client:56034>:OUTPUT: website : twitter.com, time : 61, hop cnt : 4
[2021-12-06 16:01:21,070] client.Client<Client:56034>:OUTPUT: Result of query for tmall.com = 140.205.94.193
[2021-12-06 16:01:21,071] client.Client<Client:56034>:OUTPUT: website : tmall.com, time : 49, hop cnt : 4
[2021-12-06 16:01:21,144] client.Client<Client:56034>:OUTPUT: Result of query for google.co.jp = 142.250.64.99
[2021-12-06 16:01:21,145] client.Client<Client:56034>:OUTPUT: website : google.co.jp, time : 72, hop cnt : 6
[2021-12-06 16:01:21,204] client.Client<Client:56034>:OUTPUT: Result of query for live.com = 204.79.197.212
[2021-12-06 16:01:21,205] client.Client<Client:56034>:OUTPUT: website : live.com, time : 57, hop cnt : 5
[2021-12-06 16:01:21,241] client.Client<Client:56034>:OUTPUT: Result of query for vk.com = 93.186.225.208
[2021-12-06 16:01:21,242] client.Client<Client:56034>:OUTPUT: website : vk.com, time : 34, hop cnt : 4
[2021-12-06 16:01:21,296] client.Client<Client:56034>:OUTPUT: Result of query for instagram.com = 3.216.253.146
[2021-12-06 16:01:21,297] client.Client<Client:56034>:OUTPUT: website : instagram.com, time : 50, hop cnt : 6
[2021-12-06 16:01:21,336] client.Client<Client:56034>:OUTPUT: Result of query for sohu.com = 211.159.191.18
[2021-12-06 16:01:21,337] client.Client<Client:56034>:OUTPUT: website : sohu.com, time : 37, hop cnt : 4
[2021-12-06 16:01:21,375] client.Client<Client:56034>:OUTPUT: Result of query for sina.com.cn = 123.126.45.205
[2021-12-06 16:01:21,376] client.Client<Client:56034>:OUTPUT: website : sina.com.cn, time : 36, hop cnt : 3
[2021-12-06 16:01:21,424] client.Client<Client:56034>:OUTPUT: Result of query for jd.com = 111.13.149.108
[2021-12-06 16:01:21,425] client.Client<Client:56034>:OUTPUT: website : jd.com, time : 45, hop cnt : 4
[2021-12-06 16:01:21,492] client.Client<Client:56034>:OUTPUT: Result of query for weibo.com = 47.254.92.5
[2021-12-06 16:01:21,493] client.Client<Client:56034>:OUTPUT: website : weibo.com, time : 63, hop cnt : 5
[2021-12-06 16:01:21,534] client.Client<Client:56034>:OUTPUT: Result of query for 360.cn = 36.99.170.84
[2021-12-06 16:01:21,534] client.Client<Client:56034>:OUTPUT: website : 360.cn, time : 39, hop cnt : 4
[2021-12-06 16:01:21,598] client.Client<Client:56034>:OUTPUT: Result of query for google.de = 172.217.165.131
[2021-12-06 16:01:21,598] client.Client<Client:56034>:OUTPUT: website : google.de, time : 61, hop cnt : 5
[2021-12-06 16:01:21,716] client.Client<Client:56034>:OUTPUT: Result of query for google.co.uk = 172.217.10.67
[2021-12-06 16:01:21,717] client.Client<Client:56034>:OUTPUT: website : google.co.uk, time : 115, hop cnt : 8
[2021-12-06 16:01:21,783] client.Client<Client:56034>:OUTPUT: Result of query for linkedin.com = 108.174.10.10
[2021-12-06 16:01:21,784] client.Client<Client:56034>:OUTPUT: website : linkedin.com, time : 64, hop cnt : 5
[2021-12-06 16:01:21,832] client.Client<Client:56034>:OUTPUT: Result of query for google.com.br = 172.217.12.163
[2021-12-06 16:01:21,832] client.Client<Client:56034>:OUTPUT: website : google.com.br, time : 46, hop cnt : 5
[2021-12-06 16:01:21,897] client.Client<Client:56034>:OUTPUT: Result of query for google.fr = 172.217.10.131
[2021-12-06 16:01:21,898] client.Client<Client:56034>:OUTPUT: website : google.fr, time : 63, hop cnt : 5
[2021-12-06 16:01:21,955] client.Client<Client:56034>:OUTPUT: Result of query for google.ru = 172.217.10.35
[2021-12-06 16:01:21,956] client.Client<Client:56034>:OUTPUT: website : google.ru, time : 55, hop cnt : 6
[2021-12-06 16:01:21,990] client.Client<Client:56034>:OUTPUT: Result of query for yandex.ru = 5.255.255.60
[2021-12-06 16:01:21,990] client.Client<Client:56034>:OUTPUT: website : yandex.ru, time : 30, hop cnt : 3
[2021-12-06 16:04:55,948] mainx.Node_<Node_:e7001>:OUTPUT: hash function collison:  0
[2021-12-06 16:04:56,030] mainx.Node_<Node_:e7001>:OUTPUT: Hash values for all the nodes in sorted order:  [1081108576584726925, 1599769715980451935, 1611570939640382417, 1704316195194448472, 2156532510629064121, 2423451663411559369, 2610440987447951816, 2752234564269871403, 3623419465087562435, 3784634578282019214, 4149470379265711066, 4183439988324329549, 4256018416674358136, 4270051851288568579, 5800957898305751250, 5926009013630064212, 7079485365211262969, 7569742824453374407, 7915848697875469727, 8037472728634926344, 8775171283313057804, 9271913423651305584, 9658991468967306852, 9859200408691651576, 9863450437966327679, 9930222776744355972, 10579135718504346542, 11396692413285634060, 11402484200990467079, 11411079311391396819, 11416642884882658721, 11807171769347564550, 12407381118428363045, 12651244577209714065, 12664722432005539204, 12672896802785215700, 13032977813283784536, 14205815243174092361, 14616088643700180702, 14701558276258075871, 15017066298924773862, 15051866057240735913, 16095551636618801978, 16183753695423604756, 16226909063910093901, 16802331495511359705, 17218742033495293948, 17601577879157879522, 17801817088880205892, 18326766737103676403]
[2021-12-06 16:05:17,428] client.Client<Client:ae034>:OUTPUT: <Client:ae034>  has been started.
[2021-12-06 16:05:17,465] client.Client<Client:ae034>:OUTPUT: Result of query for google.com = 142.250.64.78
[2021-12-06 16:05:17,466] client.Client<Client:ae034>:OUTPUT: website : google.com, time : 36, hop cnt : 3
[2021-12-06 16:05:17,531] client.Client<Client:ae034>:OUTPUT: Result of query for youtube.com = 172.217.12.142
[2021-12-06 16:05:17,532] client.Client<Client:ae034>:OUTPUT: website : youtube.com, time : 62, hop cnt : 5
[2021-12-06 16:05:17,591] client.Client<Client:ae034>:OUTPUT: Result of query for facebook.com = 31.13.71.36
[2021-12-06 16:05:17,592] client.Client<Client:ae034>:OUTPUT: website : facebook.com, time : 57, hop cnt : 4
[2021-12-06 16:05:17,653] client.Client<Client:ae034>:OUTPUT: Result of query for baidu.com = 220.181.38.148
[2021-12-06 16:05:17,654] client.Client<Client:ae034>:OUTPUT: website : baidu.com, time : 59, hop cnt : 4
[2021-12-06 16:05:17,734] client.Client<Client:ae034>:OUTPUT: Result of query for wikipedia.org = 208.80.154.224
[2021-12-06 16:05:17,735] client.Client<Client:ae034>:OUTPUT: website : wikipedia.org, time : 77, hop cnt : 6
[2021-12-06 16:05:17,804] client.Client<Client:ae034>:OUTPUT: Result of query for yahoo.com = 74.6.231.21
[2021-12-06 16:05:17,804] client.Client<Client:ae034>:OUTPUT: website : yahoo.com, time : 66, hop cnt : 5
[2021-12-06 16:05:17,848] client.Client<Client:ae034>:OUTPUT: Result of query for google.co.in = 172.217.12.131
[2021-12-06 16:05:17,849] client.Client<Client:ae034>:OUTPUT: website : google.co.in, time : 41, hop cnt : 4
[2021-12-06 16:05:17,900] client.Client<Client:ae034>:OUTPUT: Result of query for reddit.com = 151.101.1.140
[2021-12-06 16:05:17,901] client.Client<Client:ae034>:OUTPUT: website : reddit.com, time : 49, hop cnt : 4
[2021-12-06 16:05:17,975] client.Client<Client:ae034>:OUTPUT: Result of query for qq.com = 58.250.137.36
[2021-12-06 16:05:17,976] client.Client<Client:ae034>:OUTPUT: website : qq.com, time : 72, hop cnt : 6
[2021-12-06 16:05:18,031] client.Client<Client:ae034>:OUTPUT: Result of query for amazon.com = 205.251.242.103
[2021-12-06 16:05:18,032] client.Client<Client:ae034>:OUTPUT: website : amazon.com, time : 53, hop cnt : 5
[2021-12-06 16:05:18,086] client.Client<Client:ae034>:OUTPUT: Result of query for taobao.com = 140.205.220.96
[2021-12-06 16:05:18,087] client.Client<Client:ae034>:OUTPUT: website : taobao.com, time : 52, hop cnt : 4
[2021-12-06 16:05:18,141] client.Client<Client:ae034>:OUTPUT: Result of query for twitter.com = 104.244.42.193
[2021-12-06 16:05:18,142] client.Client<Client:ae034>:OUTPUT: website : twitter.com, time : 53, hop cnt : 4
[2021-12-06 16:05:18,189] client.Client<Client:ae034>:OUTPUT: Result of query for tmall.com = 140.205.94.193
[2021-12-06 16:05:18,190] client.Client<Client:ae034>:OUTPUT: website : tmall.com, time : 44, hop cnt : 4
[2021-12-06 16:05:18,246] client.Client<Client:ae034>:OUTPUT: Result of query for google.co.jp = 142.250.64.99
[2021-12-06 16:05:18,247] client.Client<Client:ae034>:OUTPUT: website : google.co.jp, time : 54, hop cnt : 4
[2021-12-06 16:05:18,313] client.Client<Client:ae034>:OUTPUT: Result of query for live.com = 204.79.197.212
[2021-12-06 16:05:18,314] client.Client<Client:ae034>:OUTPUT: website : live.com, time : 64, hop cnt : 6
[2021-12-06 16:05:18,366] client.Client<Client:ae034>:OUTPUT: Result of query for vk.com = 93.186.225.208
[2021-12-06 16:05:18,367] client.Client<Client:ae034>:OUTPUT: website : vk.com, time : 50, hop cnt : 5
[2021-12-06 16:05:18,442] client.Client<Client:ae034>:OUTPUT: Result of query for instagram.com = 3.216.253.146
[2021-12-06 16:05:18,443] client.Client<Client:ae034>:OUTPUT: website : instagram.com, time : 73, hop cnt : 6
[2021-12-06 16:05:18,473] client.Client<Client:ae034>:OUTPUT: Result of query for sohu.com = 211.159.191.18
[2021-12-06 16:05:18,474] client.Client<Client:ae034>:OUTPUT: website : sohu.com, time : 28, hop cnt : 3
[2021-12-06 16:05:18,549] client.Client<Client:ae034>:OUTPUT: Result of query for sina.com.cn = 123.126.45.205
[2021-12-06 16:05:18,550] client.Client<Client:ae034>:OUTPUT: website : sina.com.cn, time : 69, hop cnt : 6
[2021-12-06 16:05:18,612] client.Client<Client:ae034>:OUTPUT: Result of query for jd.com = 111.13.149.108
[2021-12-06 16:05:18,613] client.Client<Client:ae034>:OUTPUT: website : jd.com, time : 59, hop cnt : 6
[2021-12-06 16:05:18,669] client.Client<Client:ae034>:OUTPUT: Result of query for weibo.com = 47.254.92.5
[2021-12-06 16:05:18,670] client.Client<Client:ae034>:OUTPUT: website : weibo.com, time : 51, hop cnt : 4
[2021-12-06 16:05:18,735] client.Client<Client:ae034>:OUTPUT: Result of query for 360.cn = 36.99.170.84
[2021-12-06 16:05:18,736] client.Client<Client:ae034>:OUTPUT: website : 360.cn, time : 63, hop cnt : 5
[2021-12-06 16:05:18,795] client.Client<Client:ae034>:OUTPUT: Result of query for google.de = 172.217.165.131
[2021-12-06 16:05:18,796] client.Client<Client:ae034>:OUTPUT: website : google.de, time : 57, hop cnt : 4
[2021-12-06 16:05:18,871] client.Client<Client:ae034>:OUTPUT: Result of query for google.co.uk = 172.217.10.67
[2021-12-06 16:05:18,872] client.Client<Client:ae034>:OUTPUT: website : google.co.uk, time : 73, hop cnt : 7
[2021-12-06 16:05:18,941] client.Client<Client:ae034>:OUTPUT: Result of query for linkedin.com = 108.174.10.10
[2021-12-06 16:05:18,942] client.Client<Client:ae034>:OUTPUT: website : linkedin.com, time : 66, hop cnt : 6
[2021-12-06 16:05:18,985] client.Client<Client:ae034>:OUTPUT: Result of query for google.com.br = 172.217.12.163
[2021-12-06 16:05:18,986] client.Client<Client:ae034>:OUTPUT: website : google.com.br, time : 41, hop cnt : 5
[2021-12-06 16:05:19,027] client.Client<Client:ae034>:OUTPUT: Result of query for google.fr = 172.217.10.131
[2021-12-06 16:05:19,028] client.Client<Client:ae034>:OUTPUT: website : google.fr, time : 39, hop cnt : 3
[2021-12-06 16:05:19,063] client.Client<Client:ae034>:OUTPUT: Result of query for google.ru = 172.217.10.35
[2021-12-06 16:05:19,064] client.Client<Client:ae034>:OUTPUT: website : google.ru, time : 33, hop cnt : 4
[2021-12-06 16:05:19,105] client.Client<Client:ae034>:OUTPUT: Result of query for yandex.ru = 5.255.255.60
[2021-12-06 16:05:19,105] client.Client<Client:ae034>:OUTPUT: website : yandex.ru, time : 39, hop cnt : 5
[2021-12-06 16:05:19,157] client.Client<Client:ae034>:OUTPUT: Result of query for netflix.com = 107.21.29.216
[2021-12-06 16:05:19,157] client.Client<Client:ae034>:OUTPUT: website : netflix.com, time : 49, hop cnt : 3
[2021-12-06 16:05:19,218] client.Client<Client:ae034>:OUTPUT: Result of query for google.com.hk = 172.217.165.131
[2021-12-06 16:05:19,219] client.Client<Client:ae034>:OUTPUT: website : google.com.hk, time : 57, hop cnt : 5
[2021-12-06 16:05:19,279] client.Client<Client:ae034>:OUTPUT: Result of query for yahoo.co.jp = 183.79.135.206
[2021-12-06 16:05:19,280] client.Client<Client:ae034>:OUTPUT: website : yahoo.co.jp, time : 58, hop cnt : 5
[2021-12-06 16:05:19,321] client.Client<Client:ae034>:OUTPUT: Result of query for google.it = 142.250.64.99
[2021-12-06 16:05:19,322] client.Client<Client:ae034>:OUTPUT: website : google.it, time : 38, hop cnt : 4
[2021-12-06 16:05:19,371] client.Client<Client:ae034>:OUTPUT: Result of query for ebay.com = 66.135.195.175
[2021-12-06 16:05:19,372] client.Client<Client:ae034>:OUTPUT: website : ebay.com, time : 47, hop cnt : 4
[2021-12-06 16:05:19,427] client.Client<Client:ae034>:OUTPUT: Result of query for google.es = 172.217.12.131
[2021-12-06 16:05:19,428] client.Client<Client:ae034>:OUTPUT: website : google.es, time : 54, hop cnt : 6
[2021-12-06 16:05:19,478] client.Client<Client:ae034>:OUTPUT: Result of query for pornhub.com = 66.254.114.41
[2021-12-06 16:05:19,479] client.Client<Client:ae034>:OUTPUT: website : pornhub.com, time : 47, hop cnt : 4
[2021-12-06 16:05:19,519] client.Client<Client:ae034>:OUTPUT: Result of query for imgur.com = 151.101.20.193
[2021-12-06 16:05:19,521] client.Client<Client:ae034>:OUTPUT: website : imgur.com, time : 37, hop cnt : 4
[2021-12-06 16:05:19,564] client.Client<Client:ae034>:OUTPUT: Result of query for bing.com = 13.107.21.200
[2021-12-06 16:05:19,566] client.Client<Client:ae034>:OUTPUT: website : bing.com, time : 41, hop cnt : 4
[2021-12-06 16:05:19,608] client.Client<Client:ae034>:OUTPUT: Result of query for msn.com = 13.82.28.61
[2021-12-06 16:05:19,609] client.Client<Client:ae034>:OUTPUT: website : msn.com, time : 39, hop cnt : 3
[2021-12-06 16:05:19,651] client.Client<Client:ae034>:OUTPUT: Result of query for onclkds.com = 139.45.196.76
[2021-12-06 16:05:19,652] client.Client<Client:ae034>:OUTPUT: website : onclkds.com, time : 40, hop cnt : 5
[2021-12-06 16:05:19,687] client.Client<Client:ae034>:OUTPUT: Result of query for twitch.tv = 151.101.194.167
[2021-12-06 16:05:19,688] client.Client<Client:ae034>:OUTPUT: website : twitch.tv, time : 33, hop cnt : 3
[2021-12-06 16:05:19,726] client.Client<Client:ae034>:OUTPUT: Result of query for google.com.mx = 142.250.80.3
[2021-12-06 16:05:19,727] client.Client<Client:ae034>:OUTPUT: website : google.com.mx, time : 36, hop cnt : 4
[2021-12-06 16:05:19,809] client.Client<Client:ae034>:OUTPUT: Result of query for google.ca = 172.217.165.131
[2021-12-06 16:05:19,810] client.Client<Client:ae034>:OUTPUT: website : google.ca, time : 80, hop cnt : 6
[2021-12-06 16:05:19,855] client.Client<Client:ae034>:OUTPUT: Result of query for tumblr.com = 74.114.154.17
[2021-12-06 16:05:19,856] client.Client<Client:ae034>:OUTPUT: website : tumblr.com, time : 43, hop cnt : 4
[2021-12-06 16:05:19,919] client.Client<Client:ae034>:OUTPUT: Result of query for gmw.cn = 123.56.255.157
[2021-12-06 16:05:19,920] client.Client<Client:ae034>:OUTPUT: website : gmw.cn, time : 59, hop cnt : 6
[2021-12-06 16:05:19,954] client.Client<Client:ae034>:OUTPUT: Result of query for alipay.com = 110.75.129.5
[2021-12-06 16:05:19,956] client.Client<Client:ae034>:OUTPUT: website : alipay.com, time : 32, hop cnt : 3
[2021-12-06 16:05:20,020] client.Client<Client:ae034>:OUTPUT: Result of query for livejasmin.com = 109.71.161.200
[2021-12-06 16:05:20,020] client.Client<Client:ae034>:OUTPUT: website : livejasmin.com, time : 58, hop cnt : 5
[2021-12-06 16:05:20,073] client.Client<Client:ae034>:OUTPUT: Result of query for xvideos.com = 185.88.181.7
[2021-12-06 16:05:20,074] client.Client<Client:ae034>:OUTPUT: website : xvideos.com, time : 51, hop cnt : 5
[2021-12-06 16:05:20,126] client.Client<Client:ae034>:OUTPUT: Result of query for mail.ru = 217.69.139.202
[2021-12-06 16:05:20,127] client.Client<Client:ae034>:OUTPUT: website : mail.ru, time : 47, hop cnt : 4
[2021-12-06 16:05:20,201] client.Client<Client:ae034>:OUTPUT: Result of query for microsoft.com = 104.215.148.63
[2021-12-06 16:05:20,202] client.Client<Client:ae034>:OUTPUT: website : microsoft.com, time : 72, hop cnt : 5
[2021-12-06 16:05:20,252] client.Client<Client:ae034>:OUTPUT: Result of query for ok.ru = 217.20.147.1
[2021-12-06 16:05:20,253] client.Client<Client:ae034>:OUTPUT: website : ok.ru, time : 48, hop cnt : 6
[2021-12-06 16:05:20,296] client.Client<Client:ae034>:OUTPUT: Result of query for aliexpress.com = 198.11.132.250
[2021-12-06 16:05:20,297] client.Client<Client:ae034>:OUTPUT: website : aliexpress.com, time : 41, hop cnt : 5
[2021-12-06 16:05:20,342] client.Client<Client:ae034>:OUTPUT: Result of query for wordpress.com = 192.0.78.9
[2021-12-06 16:05:20,343] client.Client<Client:ae034>:OUTPUT: website : wordpress.com, time : 44, hop cnt : 5
[2021-12-06 16:05:20,384] client.Client<Client:ae034>:OUTPUT: Result of query for stackoverflow.com = 151.101.65.69
[2021-12-06 16:05:20,386] client.Client<Client:ae034>:OUTPUT: website : stackoverflow.com, time : 39, hop cnt : 4
[2021-12-06 16:05:20,444] client.Client<Client:ae034>:OUTPUT: Result of query for imdb.com = 52.94.237.74
[2021-12-06 16:05:20,445] client.Client<Client:ae034>:OUTPUT: website : imdb.com, time : 57, hop cnt : 5
[2021-12-06 16:05:20,497] client.Client<Client:ae034>:OUTPUT: Result of query for github.com = 140.82.113.3
[2021-12-06 16:05:20,499] client.Client<Client:ae034>:OUTPUT: website : github.com, time : 45, hop cnt : 6
[2021-12-06 16:05:20,579] client.Client<Client:ae034>:OUTPUT: Result of query for amazon.co.jp = 52.119.164.121
[2021-12-06 16:05:20,580] client.Client<Client:ae034>:OUTPUT: website : amazon.co.jp, time : 77, hop cnt : 6
[2021-12-06 16:05:20,623] client.Client<Client:ae034>:OUTPUT: Result of query for pinterest.com = 151.101.0.84
[2021-12-06 16:05:20,623] client.Client<Client:ae034>:OUTPUT: website : pinterest.com, time : 38, hop cnt : 4
[2021-12-06 16:05:20,671] client.Client<Client:ae034>:OUTPUT: Result of query for csdn.net = 47.95.164.112
[2021-12-06 16:05:20,671] client.Client<Client:ae034>:OUTPUT: website : csdn.net, time : 44, hop cnt : 5
[2021-12-06 16:05:20,726] client.Client<Client:ae034>:OUTPUT: Result of query for wikia.com = 151.101.128.194
[2021-12-06 16:05:20,726] client.Client<Client:ae034>:OUTPUT: website : wikia.com, time : 51, hop cnt : 4
[2021-12-06 16:05:20,762] client.Client<Client:ae034>:OUTPUT: Result of query for apple.com = 17.253.144.10
[2021-12-06 16:05:20,763] client.Client<Client:ae034>:OUTPUT: website : apple.com, time : 33, hop cnt : 3
[2021-12-06 16:05:20,813] client.Client<Client:ae034>:OUTPUT: Result of query for google.com.tr = 142.250.64.99
[2021-12-06 16:05:20,814] client.Client<Client:ae034>:OUTPUT: website : google.com.tr, time : 47, hop cnt : 5
[2021-12-06 16:05:20,872] client.Client<Client:ae034>:OUTPUT: Result of query for popads.net = 216.21.13.12
[2021-12-06 16:05:20,872] client.Client<Client:ae034>:OUTPUT: website : popads.net, time : 54, hop cnt : 4
[2021-12-06 16:05:20,909] client.Client<Client:ae034>:OUTPUT: Result of query for youth.cn = 123.103.5.94
[2021-12-06 16:05:20,909] client.Client<Client:ae034>:OUTPUT: website : youth.cn, time : 31, hop cnt : 3
[2021-12-06 16:05:20,952] client.Client<Client:ae034>:OUTPUT: Result of query for bongacams.com = 104.18.2.244
[2021-12-06 16:05:20,952] client.Client<Client:ae034>:OUTPUT: website : bongacams.com, time : 39, hop cnt : 4
[2021-12-06 16:05:21,005] client.Client<Client:ae034>:OUTPUT: Result of query for paypal.com = 64.4.250.36
[2021-12-06 16:05:21,006] client.Client<Client:ae034>:OUTPUT: website : paypal.com, time : 45, hop cnt : 5
[2021-12-06 16:05:21,031] client.Client<Client:ae034>:OUTPUT: Result of query for microsoftonline.com = 40.84.199.233
[2021-12-06 16:05:21,032] client.Client<Client:ae034>:OUTPUT: website : microsoftonline.com, time : 21, hop cnt : 3
[2021-12-06 16:05:21,100] client.Client<Client:ae034>:OUTPUT: Result of query for google.com.tw = 172.217.11.35
[2021-12-06 16:05:21,100] client.Client<Client:ae034>:OUTPUT: website : google.com.tw, time : 66, hop cnt : 6
[2021-12-06 16:05:21,160] client.Client<Client:ae034>:OUTPUT: Result of query for google.com.au = 142.250.64.99
[2021-12-06 16:05:21,161] client.Client<Client:ae034>:OUTPUT: website : google.com.au, time : 57, hop cnt : 5
[2021-12-06 16:05:21,196] client.Client<Client:ae034>:OUTPUT: Result of query for whatsapp.com = 31.13.66.56
[2021-12-06 16:05:21,196] client.Client<Client:ae034>:OUTPUT: website : whatsapp.com, time : 33, hop cnt : 5
[2021-12-06 16:05:21,223] client.Client<Client:ae034>:OUTPUT: Result of query for google.pl = 172.217.10.67
[2021-12-06 16:05:21,224] client.Client<Client:ae034>:OUTPUT: website : google.pl, time : 24, hop cnt : 2
[2021-12-06 16:05:21,262] client.Client<Client:ae034>:OUTPUT: Result of query for xhamster.com = 104.18.156.3
[2021-12-06 16:05:21,263] client.Client<Client:ae034>:OUTPUT: website : xhamster.com, time : 33, hop cnt : 4
[2021-12-06 16:05:21,307] client.Client<Client:ae034>:OUTPUT: Result of query for diply.com = 151.101.193.131
[2021-12-06 16:05:21,308] client.Client<Client:ae034>:OUTPUT: website : diply.com, time : 42, hop cnt : 4
[2021-12-06 16:05:21,354] client.Client<Client:ae034>:OUTPUT: Result of query for google.co.id = 172.217.10.67
[2021-12-06 16:05:21,355] client.Client<Client:ae034>:OUTPUT: website : google.co.id, time : 44, hop cnt : 6
[2021-12-06 16:05:21,396] client.Client<Client:ae034>:OUTPUT: Result of query for adobe.com = 193.104.215.58
[2021-12-06 16:05:21,397] client.Client<Client:ae034>:OUTPUT: website : adobe.com, time : 39, hop cnt : 3
[2021-12-06 16:05:21,451] client.Client<Client:ae034>:OUTPUT: Result of query for coccoc.com = 123.30.175.29
[2021-12-06 16:05:21,452] client.Client<Client:ae034>:OUTPUT: website : coccoc.com, time : 52, hop cnt : 5
[2021-12-06 16:05:21,508] client.Client<Client:ae034>:OUTPUT: Result of query for craigslist.org = 208.82.237.129
[2021-12-06 16:05:21,509] client.Client<Client:ae034>:OUTPUT: website : craigslist.org, time : 52, hop cnt : 4
[2021-12-06 16:05:21,537] client.Client<Client:ae034>:OUTPUT: Result of query for txxx.com = 172.64.142.14
[2021-12-06 16:05:21,538] client.Client<Client:ae034>:OUTPUT: website : txxx.com, time : 26, hop cnt : 3
[2021-12-06 16:05:21,617] client.Client<Client:ae034>:OUTPUT: Result of query for dropbox.com = 162.125.248.1
[2021-12-06 16:05:21,617] client.Client<Client:ae034>:OUTPUT: website : dropbox.com, time : 75, hop cnt : 7
[2021-12-06 16:05:21,659] client.Client<Client:ae034>:OUTPUT: Result of query for amazon.de = 52.95.120.34
[2021-12-06 16:05:21,659] client.Client<Client:ae034>:OUTPUT: website : amazon.de, time : 39, hop cnt : 4
[2021-12-06 16:05:21,714] client.Client<Client:ae034>:OUTPUT: Result of query for google.com.ar = 172.217.12.195
[2021-12-06 16:05:21,714] client.Client<Client:ae034>:OUTPUT: website : google.com.ar, time : 52, hop cnt : 5
[2021-12-06 16:05:21,798] client.Client<Client:ae034>:OUTPUT: Result of query for amazon.in = 54.239.33.92
[2021-12-06 16:05:21,799] client.Client<Client:ae034>:OUTPUT: website : amazon.in, time : 81, hop cnt : 5
[2021-12-06 16:05:21,817] client.Client<Client:ae034>:OUTPUT: Result of query for google.com.pk = 142.250.80.3
[2021-12-06 16:05:21,818] client.Client<Client:ae034>:OUTPUT: website : google.com.pk, time : 17, hop cnt : 3
[2021-12-06 16:05:21,879] client.Client<Client:ae034>:OUTPUT: Result of query for booking.com = 5.57.16.220
[2021-12-06 16:05:21,880] client.Client<Client:ae034>:OUTPUT: website : booking.com, time : 59, hop cnt : 6
[2021-12-06 16:05:21,932] client.Client<Client:ae034>:OUTPUT: Result of query for google.co.th = 172.217.10.227
[2021-12-06 16:05:21,933] client.Client<Client:ae034>:OUTPUT: website : google.co.th, time : 49, hop cnt : 6
[2021-12-06 16:05:21,984] client.Client<Client:ae034>:OUTPUT: Result of query for tianya.cn = 124.225.65.154
[2021-12-06 16:05:21,985] client.Client<Client:ae034>:OUTPUT: website : tianya.cn, time : 50, hop cnt : 5
[2021-12-06 16:05:22,033] client.Client<Client:ae034>:OUTPUT: Result of query for google.com.eg = 172.217.10.35
[2021-12-06 16:05:22,034] client.Client<Client:ae034>:OUTPUT: website : google.com.eg, time : 46, hop cnt : 5
[2021-12-06 16:05:22,092] client.Client<Client:ae034>:OUTPUT: Result of query for china.com = 103.254.188.41
[2021-12-06 16:05:22,093] client.Client<Client:ae034>:OUTPUT: website : china.com, time : 56, hop cnt : 6
[2021-12-06 16:05:22,157] client.Client<Client:ae034>:OUTPUT: Result of query for bbc.co.uk = 151.101.0.81
[2021-12-06 16:05:22,158] client.Client<Client:ae034>:OUTPUT: website : bbc.co.uk, time : 61, hop cnt : 6
[2021-12-06 16:05:22,253] client.Client<Client:ae034>:OUTPUT: Result of query for google.com.sa = 172.217.12.163
[2021-12-06 16:05:22,253] client.Client<Client:ae034>:OUTPUT: website : google.com.sa, time : 92, hop cnt : 7
[2021-12-06 16:05:22,288] client.Client<Client:ae034>:OUTPUT: Result of query for savefrom.net = 51.159.57.133
[2021-12-06 16:05:22,289] client.Client<Client:ae034>:OUTPUT: website : savefrom.net, time : 32, hop cnt : 3
[2021-12-06 16:05:22,326] client.Client<Client:ae034>:OUTPUT: Result of query for amazon.co.uk = 54.239.34.171
[2021-12-06 16:05:22,326] client.Client<Client:ae034>:OUTPUT: website : amazon.co.uk, time : 32, hop cnt : 4
[2021-12-06 16:05:22,343] client.Client<Client:ae034>:OUTPUT: Result of query for bbc.com = 151.101.0.81
[2021-12-06 16:05:22,344] client.Client<Client:ae034>:OUTPUT: website : bbc.com, time : 15, hop cnt : 2
[2021-12-06 16:05:22,387] client.Client<Client:ae034>:OUTPUT: Result of query for fc2.com = 199.48.210.151
[2021-12-06 16:05:22,388] client.Client<Client:ae034>:OUTPUT: website : fc2.com, time : 42, hop cnt : 4
[2021-12-06 16:05:22,431] client.Client<Client:ae034>:OUTPUT: Result of query for mozilla.org = 44.236.48.31
[2021-12-06 16:05:22,432] client.Client<Client:ae034>:OUTPUT: website : mozilla.org, time : 41, hop cnt : 4
[2021-12-06 16:05:22,483] client.Client<Client:ae034>:OUTPUT: Result of query for rakuten.co.jp = 133.237.16.234
[2021-12-06 16:05:22,483] client.Client<Client:ae034>:OUTPUT: website : rakuten.co.jp, time : 49, hop cnt : 5
[2021-12-06 16:05:22,530] client.Client<Client:ae034>:OUTPUT: Result of query for uptodown.com = 23.54.188.103
[2021-12-06 16:05:22,531] client.Client<Client:ae034>:OUTPUT: website : uptodown.com, time : 44, hop cnt : 5
[2021-12-06 16:05:22,549] client.Client<Client:ae034>:OUTPUT: Result of query for cnn.com = 151.101.129.67
[2021-12-06 16:05:22,549] client.Client<Client:ae034>:OUTPUT: website : cnn.com, time : 15, hop cnt : 3
[2021-12-06 16:05:22,608] client.Client<Client:ae034>:OUTPUT: Result of query for soundcloud.com = 13.225.229.67
[2021-12-06 16:05:22,609] client.Client<Client:ae034>:OUTPUT: website : soundcloud.com, time : 56, hop cnt : 6
[2021-12-06 16:05:22,645] client.Client<Client:ae034>:OUTPUT: Result of query for google.com.ua = 172.217.7.3
[2021-12-06 16:05:22,646] client.Client<Client:ae034>:OUTPUT: website : google.com.ua, time : 34, hop cnt : 3
[2021-12-06 16:05:22,683] client.Client<Client:ae034>:OUTPUT: Result of query for quora.com = 34.237.36.29
[2021-12-06 16:05:22,684] client.Client<Client:ae034>:OUTPUT: website : quora.com, time : 35, hop cnt : 5
[2021-12-06 16:05:22,725] client.Client<Client:ae034>:OUTPUT: Result of query for amazonaws.com = 72.21.210.29
[2021-12-06 16:05:22,726] client.Client<Client:ae034>:OUTPUT: website : amazonaws.com, time : 39, hop cnt : 4
[2021-12-06 16:05:22,772] client.Client<Client:ae034>:OUTPUT: Result of query for ask.com = 199.232.66.114
[2021-12-06 16:05:22,773] client.Client<Client:ae034>:OUTPUT: website : ask.com, time : 44, hop cnt : 5
[2021-12-06 16:05:22,813] client.Client<Client:ae034>:OUTPUT: Result of query for clicksgear.com = 192.243.59.12
[2021-12-06 16:05:22,814] client.Client<Client:ae034>:OUTPUT: website : clicksgear.com, time : 37, hop cnt : 4
[2021-12-06 16:05:22,835] client.Client<Client:ae034>:OUTPUT: Result of query for xnxx.com = 185.88.181.60
[2021-12-06 16:05:22,836] client.Client<Client:ae034>:OUTPUT: website : xnxx.com, time : 20, hop cnt : 2
[2021-12-06 16:05:22,908] client.Client<Client:ae034>:OUTPUT: Result of query for google.nl = 172.217.11.3
[2021-12-06 16:05:22,909] client.Client<Client:ae034>:OUTPUT: website : google.nl, time : 70, hop cnt : 6
[2021-12-06 16:05:22,946] client.Client<Client:ae034>:OUTPUT: Result of query for nytimes.com = 151.101.65.164
[2021-12-06 16:05:22,947] client.Client<Client:ae034>:OUTPUT: website : nytimes.com, time : 35, hop cnt : 4
[2021-12-06 16:05:23,038] client.Client<Client:ae034>:OUTPUT: Result of query for naver.com = 125.209.222.141
[2021-12-06 16:05:23,038] client.Client<Client:ae034>:OUTPUT: website : naver.com, time : 88, hop cnt : 6
[2021-12-06 16:05:23,087] client.Client<Client:ae034>:OUTPUT: Result of query for ettoday.net = 219.85.79.131
[2021-12-06 16:05:23,087] client.Client<Client:ae034>:OUTPUT: website : ettoday.net, time : 47, hop cnt : 6
[2021-12-06 16:05:23,134] client.Client<Client:ae034>:OUTPUT: Result of query for adf.ly = 104.20.81.199
[2021-12-06 16:05:23,135] client.Client<Client:ae034>:OUTPUT: website : adf.ly, time : 42, hop cnt : 5
[2021-12-06 16:05:23,152] client.Client<Client:ae034>:OUTPUT: Result of query for dailymotion.com = 195.8.215.136
[2021-12-06 16:05:23,152] client.Client<Client:ae034>:OUTPUT: website : dailymotion.com, time : 14, hop cnt : 2
[2021-12-06 16:05:23,189] client.Client<Client:ae034>:OUTPUT: Result of query for google.co.za = 172.217.11.3
[2021-12-06 16:05:23,190] client.Client<Client:ae034>:OUTPUT: website : google.co.za, time : 36, hop cnt : 4
[2021-12-06 16:05:23,226] client.Client<Client:ae034>:OUTPUT: Result of query for steamcommunity.com = 23.192.34.24
[2021-12-06 16:05:23,227] client.Client<Client:ae034>:OUTPUT: website : steamcommunity.com, time : 33, hop cnt : 4
[2021-12-06 16:05:23,257] client.Client<Client:ae034>:OUTPUT: Result of query for google.co.ve = 172.217.11.3
[2021-12-06 16:05:23,258] client.Client<Client:ae034>:OUTPUT: website : google.co.ve, time : 28, hop cnt : 4
[2021-12-06 16:05:23,301] client.Client<Client:ae034>:OUTPUT: Result of query for salesforce.com = 23.1.35.132
[2021-12-06 16:05:23,302] client.Client<Client:ae034>:OUTPUT: website : salesforce.com, time : 40, hop cnt : 6
[2021-12-06 16:05:23,350] client.Client<Client:ae034>:OUTPUT: Result of query for espn.com = 13.225.229.96
[2021-12-06 16:05:23,350] client.Client<Client:ae034>:OUTPUT: website : espn.com, time : 46, hop cnt : 4
[2021-12-06 16:05:23,420] client.Client<Client:ae034>:OUTPUT: Result of query for stackexchange.com = 151.101.193.69
[2021-12-06 16:05:23,420] client.Client<Client:ae034>:OUTPUT: website : stackexchange.com, time : 67, hop cnt : 7
[2021-12-06 16:05:23,469] client.Client<Client:ae034>:OUTPUT: Result of query for blogger.com = 142.250.80.9
[2021-12-06 16:05:23,470] client.Client<Client:ae034>:OUTPUT: website : blogger.com, time : 46, hop cnt : 5
[2021-12-06 16:05:23,503] client.Client<Client:ae034>:OUTPUT: Result of query for chase.com = 159.53.84.126
[2021-12-06 16:05:23,504] client.Client<Client:ae034>:OUTPUT: website : chase.com, time : 31, hop cnt : 5
[2021-12-06 16:05:23,553] client.Client<Client:ae034>:OUTPUT: Result of query for google.co.kr = 142.250.80.3
[2021-12-06 16:05:23,554] client.Client<Client:ae034>:OUTPUT: website : google.co.kr, time : 48, hop cnt : 5
[2021-12-06 16:05:23,627] client.Client<Client:ae034>:OUTPUT: Result of query for ebay.de = 66.135.196.249
[2021-12-06 16:05:23,628] client.Client<Client:ae034>:OUTPUT: website : ebay.de, time : 70, hop cnt : 6
[2021-12-06 16:05:23,665] client.Client<Client:ae034>:OUTPUT: Result of query for vimeo.com = 151.101.192.217
[2021-12-06 16:05:23,665] client.Client<Client:ae034>:OUTPUT: website : vimeo.com, time : 34, hop cnt : 4
[2021-12-06 16:05:23,725] client.Client<Client:ae034>:OUTPUT: Result of query for vice.com = 52.200.45.101
[2021-12-06 16:05:23,726] client.Client<Client:ae034>:OUTPUT: website : vice.com, time : 58, hop cnt : 5
[2021-12-06 16:05:23,779] client.Client<Client:ae034>:OUTPUT: Result of query for theguardian.com = 151.101.1.111
[2021-12-06 16:05:23,780] client.Client<Client:ae034>:OUTPUT: website : theguardian.com, time : 51, hop cnt : 5
[2021-12-06 16:05:23,845] client.Client<Client:ae034>:OUTPUT: Result of query for blastingnews.com = 212.97.32.174
[2021-12-06 16:05:23,846] client.Client<Client:ae034>:OUTPUT: website : blastingnews.com, time : 63, hop cnt : 6
[2021-12-06 16:05:23,896] client.Client<Client:ae034>:OUTPUT: Result of query for tribunnews.com = 113.11.255.30
[2021-12-06 16:05:23,897] client.Client<Client:ae034>:OUTPUT: website : tribunnews.com, time : 48, hop cnt : 6
[2021-12-06 16:05:23,942] client.Client<Client:ae034>:OUTPUT: Result of query for steampowered.com = 23.192.8.254
[2021-12-06 16:05:23,943] client.Client<Client:ae034>:OUTPUT: website : steampowered.com, time : 43, hop cnt : 4
[2021-12-06 16:05:23,974] client.Client<Client:ae034>:OUTPUT: Result of query for chaturbate.com = 104.18.101.40
[2021-12-06 16:05:23,975] client.Client<Client:ae034>:OUTPUT: website : chaturbate.com, time : 29, hop cnt : 3
[2021-12-06 16:05:24,017] client.Client<Client:ae034>:OUTPUT: Result of query for ebay.co.uk = 66.135.196.249
[2021-12-06 16:05:24,018] client.Client<Client:ae034>:OUTPUT: website : ebay.co.uk, time : 39, hop cnt : 4
[2021-12-06 16:05:24,041] client.Client<Client:ae034>:OUTPUT: Result of query for detik.com = 203.190.242.211
[2021-12-06 16:05:24,042] client.Client<Client:ae034>:OUTPUT: website : detik.com, time : 21, hop cnt : 3
[2021-12-06 16:05:24,075] client.Client<Client:ae034>:OUTPUT: Result of query for google.gr = 142.250.64.99
[2021-12-06 16:05:24,075] client.Client<Client:ae034>:OUTPUT: website : google.gr, time : 30, hop cnt : 3
[2021-12-06 16:05:24,122] client.Client<Client:ae034>:OUTPUT: Result of query for google.com.vn = 172.217.10.227
[2021-12-06 16:05:24,122] client.Client<Client:ae034>:OUTPUT: website : google.com.vn, time : 41, hop cnt : 4
[2021-12-06 16:05:24,167] client.Client<Client:ae034>:OUTPUT: Result of query for buzzfeed.com = 13.225.229.101
[2021-12-06 16:05:24,168] client.Client<Client:ae034>:OUTPUT: website : buzzfeed.com, time : 43, hop cnt : 5
[2021-12-06 16:05:24,210] client.Client<Client:ae034>:OUTPUT: Result of query for indeed.com = 18.218.22.89
[2021-12-06 16:05:24,211] client.Client<Client:ae034>:OUTPUT: website : indeed.com, time : 40, hop cnt : 4
[2021-12-06 16:05:24,235] client.Client<Client:ae034>:OUTPUT: Result of query for dailymail.co.uk = 23.41.6.195
[2021-12-06 16:05:24,236] client.Client<Client:ae034>:OUTPUT: website : dailymail.co.uk, time : 21, hop cnt : 3
[2021-12-06 16:05:24,296] client.Client<Client:ae034>:OUTPUT: Result of query for mediafire.com = 104.16.203.237
[2021-12-06 16:05:24,297] client.Client<Client:ae034>:OUTPUT: website : mediafire.com, time : 59, hop cnt : 6
[2021-12-06 16:05:24,357] client.Client<Client:ae034>:OUTPUT: Result of query for avito.ru = 185.89.12.132
[2021-12-06 16:05:24,358] client.Client<Client:ae034>:OUTPUT: website : avito.ru, time : 55, hop cnt : 5
[2021-12-06 16:05:24,411] client.Client<Client:ae034>:OUTPUT: Result of query for cnet.com = 35.190.79.82
[2021-12-06 16:05:24,412] client.Client<Client:ae034>:OUTPUT: website : cnet.com, time : 51, hop cnt : 5
[2021-12-06 16:05:24,451] client.Client<Client:ae034>:OUTPUT: Result of query for google.com.sg = 172.217.165.131
[2021-12-06 16:05:24,452] client.Client<Client:ae034>:OUTPUT: website : google.com.sg, time : 37, hop cnt : 4
[2021-12-06 16:05:24,485] client.Client<Client:ae034>:OUTPUT: Result of query for globo.com = 186.192.90.5
[2021-12-06 16:05:24,486] client.Client<Client:ae034>:OUTPUT: website : globo.com, time : 31, hop cnt : 4
[2021-12-06 16:05:24,527] client.Client<Client:ae034>:OUTPUT: Result of query for xinhuanet.com = 202.108.119.193
[2021-12-06 16:05:24,528] client.Client<Client:ae034>:OUTPUT: website : xinhuanet.com, time : 39, hop cnt : 4
[2021-12-06 16:05:24,570] client.Client<Client:ae034>:OUTPUT: Result of query for spotify.com = 35.186.224.25
[2021-12-06 16:05:24,571] client.Client<Client:ae034>:OUTPUT: website : spotify.com, time : 40, hop cnt : 5
[2021-12-06 16:05:24,622] client.Client<Client:ae034>:OUTPUT: Result of query for flipkart.com = 163.53.76.86
[2021-12-06 16:05:24,623] client.Client<Client:ae034>:OUTPUT: website : flipkart.com, time : 47, hop cnt : 5
[2021-12-06 16:05:24,665] client.Client<Client:ae034>:OUTPUT: Result of query for ladbible.com = 104.17.98.32
[2021-12-06 16:05:24,665] client.Client<Client:ae034>:OUTPUT: website : ladbible.com, time : 39, hop cnt : 5
[2021-12-06 16:05:24,736] client.Client<Client:ae034>:OUTPUT: Result of query for google.com.ph = 172.217.10.35
[2021-12-06 16:05:24,737] client.Client<Client:ae034>:OUTPUT: website : google.com.ph, time : 68, hop cnt : 6
[2021-12-06 16:05:24,793] client.Client<Client:ae034>:OUTPUT: Result of query for google.com.co = 172.217.12.195
[2021-12-06 16:05:24,793] client.Client<Client:ae034>:OUTPUT: website : google.com.co, time : 53, hop cnt : 5
[2021-12-06 16:05:24,824] client.Client<Client:ae034>:OUTPUT: Result of query for popcash.net = 104.27.207.92
[2021-12-06 16:05:24,825] client.Client<Client:ae034>:OUTPUT: website : popcash.net, time : 28, hop cnt : 4
[2021-12-06 16:05:24,879] client.Client<Client:ae034>:OUTPUT: Result of query for google.be = 142.250.64.99
[2021-12-06 16:05:24,879] client.Client<Client:ae034>:OUTPUT: website : google.be, time : 50, hop cnt : 6
[2021-12-06 16:05:24,924] client.Client<Client:ae034>:OUTPUT: Result of query for google.se = 142.250.64.67
[2021-12-06 16:05:24,925] client.Client<Client:ae034>:OUTPUT: website : google.se, time : 42, hop cnt : 5
[2021-12-06 16:05:24,980] client.Client<Client:ae034>:OUTPUT: Result of query for deviantart.com = 99.84.237.60
[2021-12-06 16:05:24,981] client.Client<Client:ae034>:OUTPUT: website : deviantart.com, time : 54, hop cnt : 5
[2021-12-06 16:05:25,032] client.Client<Client:ae034>:OUTPUT: Result of query for zhihu.com = 103.41.167.234
[2021-12-06 16:05:25,033] client.Client<Client:ae034>:OUTPUT: website : zhihu.com, time : 49, hop cnt : 6
[2021-12-06 16:05:25,081] client.Client<Client:ae034>:OUTPUT: Result of query for google.cn = 172.217.7.3
[2021-12-06 16:05:25,082] client.Client<Client:ae034>:OUTPUT: website : google.cn, time : 46, hop cnt : 4
[2021-12-06 16:05:25,128] client.Client<Client:ae034>:OUTPUT: Result of query for roblox.com = 128.116.114.3
[2021-12-06 16:05:25,129] client.Client<Client:ae034>:OUTPUT: website : roblox.com, time : 44, hop cnt : 5
[2021-12-06 16:05:25,167] client.Client<Client:ae034>:OUTPUT: Result of query for walmart.com = 161.170.230.170
[2021-12-06 16:05:25,168] client.Client<Client:ae034>:OUTPUT: website : walmart.com, time : 36, hop cnt : 4
[2021-12-06 16:05:25,230] client.Client<Client:ae034>:OUTPUT: Result of query for google.az = 172.217.10.100
[2021-12-06 16:05:25,231] client.Client<Client:ae034>:OUTPUT: website : google.az, time : 61, hop cnt : 6
[2021-12-06 16:05:25,283] client.Client<Client:ae034>:OUTPUT: Result of query for uol.com.br = 200.147.35.149
[2021-12-06 16:05:25,284] client.Client<Client:ae034>:OUTPUT: website : uol.com.br, time : 50, hop cnt : 4
[2021-12-06 16:05:25,332] client.Client<Client:ae034>:OUTPUT: Result of query for force.com = 23.1.35.132
[2021-12-06 16:05:25,333] client.Client<Client:ae034>:OUTPUT: website : force.com, time : 45, hop cnt : 5
[2021-12-06 16:05:25,373] client.Client<Client:ae034>:OUTPUT: Result of query for upornia.com = 172.64.143.19
[2021-12-06 16:05:25,374] client.Client<Client:ae034>:OUTPUT: website : upornia.com, time : 38, hop cnt : 5
[2021-12-06 16:05:25,436] client.Client<Client:ae034>:OUTPUT: Result of query for wikihow.com = 151.101.66.110
[2021-12-06 16:05:25,437] client.Client<Client:ae034>:OUTPUT: website : wikihow.com, time : 60, hop cnt : 7
[2021-12-06 16:05:25,461] client.Client<Client:ae034>:OUTPUT: Result of query for yelp.com = 199.232.64.116
[2021-12-06 16:05:25,462] client.Client<Client:ae034>:OUTPUT: website : yelp.com, time : 21, hop cnt : 2
[2021-12-06 16:05:25,532] client.Client<Client:ae034>:OUTPUT: Result of query for daikynguyenvn.com = 172.67.147.194
[2021-12-06 16:05:25,533] client.Client<Client:ae034>:OUTPUT: website : daikynguyenvn.com, time : 67, hop cnt : 6
[2021-12-06 16:05:25,594] client.Client<Client:ae034>:OUTPUT: Result of query for w3schools.com = 66.29.212.110
[2021-12-06 16:05:25,594] client.Client<Client:ae034>:OUTPUT: website : w3schools.com, time : 59, hop cnt : 6
[2021-12-06 16:05:25,637] client.Client<Client:ae034>:OUTPUT: Result of query for washingtonpost.com = 104.108.117.10
[2021-12-06 16:05:25,638] client.Client<Client:ae034>:OUTPUT: website : washingtonpost.com, time : 41, hop cnt : 6
[2021-12-06 16:05:25,684] client.Client<Client:ae034>:OUTPUT: Result of query for china.com.cn = 202.130.245.42
[2021-12-06 16:05:25,684] client.Client<Client:ae034>:OUTPUT: website : china.com.cn, time : 43, hop cnt : 6
[2021-12-06 16:05:25,718] client.Client<Client:ae034>:OUTPUT: Result of query for godaddy.com = 208.109.192.70
[2021-12-06 16:05:25,720] client.Client<Client:ae034>:OUTPUT: website : godaddy.com, time : 31, hop cnt : 4
[2021-12-06 16:05:25,755] client.Client<Client:ae034>:OUTPUT: Result of query for etsy.com = 151.101.1.224
[2021-12-06 16:05:25,756] client.Client<Client:ae034>:OUTPUT: website : etsy.com, time : 31, hop cnt : 4
[2021-12-06 16:05:25,812] client.Client<Client:ae034>:OUTPUT: Result of query for rambler.ru = 81.19.82.98
[2021-12-06 16:05:25,813] client.Client<Client:ae034>:OUTPUT: website : rambler.ru, time : 51, hop cnt : 6
[2021-12-06 16:05:25,858] client.Client<Client:ae034>:OUTPUT: Result of query for alibaba.com = 198.11.132.198
[2021-12-06 16:05:25,859] client.Client<Client:ae034>:OUTPUT: website : alibaba.com, time : 43, hop cnt : 5
[2021-12-06 16:05:25,903] client.Client<Client:ae034>:OUTPUT: Result of query for sogou.com = 119.28.109.132
[2021-12-06 16:05:25,904] client.Client<Client:ae034>:OUTPUT: website : sogou.com, time : 43, hop cnt : 5
[2021-12-06 16:05:25,954] client.Client<Client:ae034>:OUTPUT: Result of query for nih.gov = 54.235.145.223
[2021-12-06 16:05:25,955] client.Client<Client:ae034>:OUTPUT: website : nih.gov, time : 48, hop cnt : 6
[2021-12-06 16:05:25,995] client.Client<Client:ae034>:OUTPUT: Result of query for google.at = 172.217.7.3
[2021-12-06 16:05:25,996] client.Client<Client:ae034>:OUTPUT: website : google.at, time : 37, hop cnt : 3
[2021-12-06 16:05:26,050] client.Client<Client:ae034>:OUTPUT: Result of query for hclips.com = 172.64.200.4
[2021-12-06 16:05:26,051] client.Client<Client:ae034>:OUTPUT: website : hclips.com, time : 52, hop cnt : 5
[2021-12-06 16:05:26,078] client.Client<Client:ae034>:OUTPUT: Result of query for softonic.com = 35.227.233.104
[2021-12-06 16:05:26,079] client.Client<Client:ae034>:OUTPUT: website : softonic.com, time : 25, hop cnt : 3
[2021-12-06 16:05:26,142] client.Client<Client:ae034>:OUTPUT: Result of query for redtube.com = 66.254.114.238
[2021-12-06 16:05:26,143] client.Client<Client:ae034>:OUTPUT: website : redtube.com, time : 61, hop cnt : 5
[2021-12-06 16:05:26,183] client.Client<Client:ae034>:OUTPUT: Result of query for google.com.ng = 142.250.64.99
[2021-12-06 16:05:26,184] client.Client<Client:ae034>:OUTPUT: website : google.com.ng, time : 38, hop cnt : 4
[2021-12-06 16:05:26,248] client.Client<Client:ae034>:OUTPUT: Result of query for iwanttodeliver.com = 185.88.180.102
[2021-12-06 16:05:26,249] client.Client<Client:ae034>:OUTPUT: website : iwanttodeliver.com, time : 61, hop cnt : 6
[2021-12-06 16:05:26,292] client.Client<Client:ae034>:OUTPUT: Result of query for 9gag.com = 104.16.104.144
[2021-12-06 16:05:26,293] client.Client<Client:ae034>:OUTPUT: website : 9gag.com, time : 39, hop cnt : 3
[2021-12-06 16:05:26,338] client.Client<Client:ae034>:OUTPUT: Result of query for slack.com = 18.214.242.166
[2021-12-06 16:05:26,339] client.Client<Client:ae034>:OUTPUT: website : slack.com, time : 43, hop cnt : 4
[2021-12-06 16:05:26,389] client.Client<Client:ae034>:OUTPUT: Result of query for google.com.pe = 172.217.3.99
[2021-12-06 16:05:26,389] client.Client<Client:ae034>:OUTPUT: website : google.com.pe, time : 46, hop cnt : 5
[2021-12-06 16:05:26,438] client.Client<Client:ae034>:OUTPUT: Result of query for bankofamerica.com = 171.161.148.150
[2021-12-06 16:05:26,439] client.Client<Client:ae034>:OUTPUT: website : bankofamerica.com, time : 46, hop cnt : 6
[2021-12-06 16:05:26,476] client.Client<Client:ae034>:OUTPUT: Result of query for mercadolivre.com.br = 13.225.229.127
[2021-12-06 16:05:26,476] client.Client<Client:ae034>:OUTPUT: website : mercadolivre.com.br, time : 33, hop cnt : 5
[2021-12-06 16:05:26,503] client.Client<Client:ae034>:OUTPUT: Result of query for 4chan.org = 104.19.128.108
[2021-12-06 16:05:26,504] client.Client<Client:ae034>:OUTPUT: website : 4chan.org, time : 24, hop cnt : 3
[2021-12-06 16:05:26,561] client.Client<Client:ae034>:OUTPUT: Result of query for google.ro = 172.217.10.99
[2021-12-06 16:05:26,561] client.Client<Client:ae034>:OUTPUT: website : google.ro, time : 51, hop cnt : 5
[2021-12-06 16:05:26,610] client.Client<Client:ae034>:OUTPUT: Result of query for cpm10.com = 103.224.182.251
[2021-12-06 16:05:26,611] client.Client<Client:ae034>:OUTPUT: website : cpm10.com, time : 46, hop cnt : 6
[2021-12-06 16:05:26,671] client.Client<Client:ae034>:OUTPUT: Result of query for google.cz = 142.250.80.3
[2021-12-06 16:05:26,671] client.Client<Client:ae034>:OUTPUT: website : google.cz, time : 58, hop cnt : 5
[2021-12-06 16:05:26,706] client.Client<Client:ae034>:OUTPUT: Result of query for google.ch = 172.217.12.131
[2021-12-06 16:05:26,706] client.Client<Client:ae034>:OUTPUT: website : google.ch, time : 31, hop cnt : 4
[2021-12-06 16:05:26,758] client.Client<Client:ae034>:OUTPUT: Result of query for tripadvisor.com = 192.229.162.112
[2021-12-06 16:05:26,759] client.Client<Client:ae034>:OUTPUT: website : tripadvisor.com, time : 49, hop cnt : 4
[2021-12-06 16:05:26,821] client.Client<Client:ae034>:OUTPUT: Result of query for bet365.com = 5.226.176.16
[2021-12-06 16:05:26,821] client.Client<Client:ae034>:OUTPUT: website : bet365.com, time : 61, hop cnt : 6
[2021-12-06 16:05:26,859] client.Client<Client:ae034>:OUTPUT: Result of query for gfycat.com = 13.225.222.216
[2021-12-06 16:05:26,860] client.Client<Client:ae034>:OUTPUT: website : gfycat.com, time : 35, hop cnt : 4
[2021-12-06 16:05:26,894] client.Client<Client:ae034>:OUTPUT: Result of query for amazon.fr = 52.95.120.39
[2021-12-06 16:05:26,895] client.Client<Client:ae034>:OUTPUT: website : amazon.fr, time : 32, hop cnt : 4
[2021-12-06 16:05:26,938] client.Client<Client:ae034>:OUTPUT: Result of query for discordapp.com = 162.159.134.233
[2021-12-06 16:05:26,939] client.Client<Client:ae034>:OUTPUT: website : discordapp.com, time : 41, hop cnt : 4
[2021-12-06 16:05:26,978] client.Client<Client:ae034>:OUTPUT: Result of query for google.cl = 172.217.9.227
[2021-12-06 16:05:26,979] client.Client<Client:ae034>:OUTPUT: website : google.cl, time : 37, hop cnt : 4
[2021-12-06 16:05:27,036] client.Client<Client:ae034>:OUTPUT: Result of query for wellsfargo.com = 159.45.66.143
[2021-12-06 16:05:27,037] client.Client<Client:ae034>:OUTPUT: website : wellsfargo.com, time : 55, hop cnt : 6
[2021-12-06 16:05:27,081] client.Client<Client:ae034>:OUTPUT: Result of query for trello.com = 18.234.32.193
[2021-12-06 16:05:27,082] client.Client<Client:ae034>:OUTPUT: website : trello.com, time : 40, hop cnt : 4
[2021-12-06 16:05:27,132] client.Client<Client:ae034>:OUTPUT: Result of query for amazon.it = 52.95.120.36
[2021-12-06 16:05:27,132] client.Client<Client:ae034>:OUTPUT: website : amazon.it, time : 47, hop cnt : 4
[2021-12-06 16:05:27,176] client.Client<Client:ae034>:OUTPUT: Result of query for indiatimes.com = 23.33.172.134
[2021-12-06 16:05:27,177] client.Client<Client:ae034>:OUTPUT: website : indiatimes.com, time : 41, hop cnt : 4
[2021-12-06 16:05:27,225] client.Client<Client:ae034>:OUTPUT: Result of query for battle.net = 137.221.106.104
[2021-12-06 16:05:27,226] client.Client<Client:ae034>:OUTPUT: website : battle.net, time : 46, hop cnt : 5
[2021-12-06 16:05:27,281] client.Client<Client:ae034>:OUTPUT: Result of query for google.pt = 172.217.6.195
[2021-12-06 16:05:27,281] client.Client<Client:ae034>:OUTPUT: website : google.pt, time : 53, hop cnt : 6
[2021-12-06 16:05:27,320] client.Client<Client:ae034>:OUTPUT: Result of query for zillow.com = 13.225.229.65
[2021-12-06 16:05:27,320] client.Client<Client:ae034>:OUTPUT: website : zillow.com, time : 35, hop cnt : 4
[2021-12-06 16:05:27,385] client.Client<Client:ae034>:OUTPUT: Result of query for google.co.ao = 142.250.64.99
[2021-12-06 16:05:27,386] client.Client<Client:ae034>:OUTPUT: website : google.co.ao, time : 61, hop cnt : 5
[2021-12-06 16:05:27,438] client.Client<Client:ae034>:OUTPUT: Result of query for messenger.com = 31.13.71.1
[2021-12-06 16:05:27,439] client.Client<Client:ae034>:OUTPUT: website : messenger.com, time : 49, hop cnt : 6
[2021-12-06 16:05:27,476] client.Client<Client:ae034>:OUTPUT: Result of query for google.no = 172.217.7.3
[2021-12-06 16:05:27,477] client.Client<Client:ae034>:OUTPUT: website : google.no, time : 35, hop cnt : 4
[2021-12-06 16:05:27,510] client.Client<Client:ae034>:OUTPUT: Result of query for kinogo.club = 75.2.37.224
[2021-12-06 16:05:27,511] client.Client<Client:ae034>:OUTPUT: website : kinogo.club, time : 31, hop cnt : 3
[2021-12-06 16:05:27,541] client.Client<Client:ae034>:OUTPUT: Result of query for mama.cn = 134.175.173.148
[2021-12-06 16:05:27,542] client.Client<Client:ae034>:OUTPUT: website : mama.cn, time : 28, hop cnt : 3
[2021-12-06 16:05:27,600] client.Client<Client:ae034>:OUTPUT: Result of query for gamepedia.com = 104.27.138.186
[2021-12-06 16:05:27,601] client.Client<Client:ae034>:OUTPUT: website : gamepedia.com, time : 56, hop cnt : 6
[2021-12-06 16:05:27,642] client.Client<Client:ae034>:OUTPUT: Result of query for youporn.com = 66.254.114.79
[2021-12-06 16:05:27,643] client.Client<Client:ae034>:OUTPUT: website : youporn.com, time : 39, hop cnt : 4
[2021-12-06 16:05:27,701] client.Client<Client:ae034>:OUTPUT: Result of query for forbes.com = 151.101.130.49
[2021-12-06 16:05:27,702] client.Client<Client:ae034>:OUTPUT: website : forbes.com, time : 56, hop cnt : 5
[2021-12-06 16:05:27,755] client.Client<Client:ae034>:OUTPUT: Result of query for yts.ag = 172.67.202.48
[2021-12-06 16:05:27,756] client.Client<Client:ae034>:OUTPUT: website : yts.ag, time : 51, hop cnt : 5
[2021-12-06 16:05:27,793] client.Client<Client:ae034>:OUTPUT: Result of query for tokopedia.com = 47.74.244.18
[2021-12-06 16:05:27,794] client.Client<Client:ae034>:OUTPUT: website : tokopedia.com, time : 35, hop cnt : 4
[2021-12-06 16:05:27,831] client.Client<Client:ae034>:OUTPUT: Result of query for google.ae = 142.250.64.99
[2021-12-06 16:05:27,832] client.Client<Client:ae034>:OUTPUT: website : google.ae, time : 34, hop cnt : 4
[2021-12-06 16:05:27,867] client.Client<Client:ae034>:OUTPUT: Result of query for abs-cbn.com = 23.63.246.57
[2021-12-06 16:05:27,868] client.Client<Client:ae034>:OUTPUT: website : abs-cbn.com, time : 33, hop cnt : 3
[2021-12-06 16:05:27,926] client.Client<Client:ae034>:OUTPUT: Result of query for youm7.com = 104.18.6.4
[2021-12-06 16:05:27,927] client.Client<Client:ae034>:OUTPUT: website : youm7.com, time : 56, hop cnt : 6
[2021-12-06 16:05:27,989] client.Client<Client:ae034>:OUTPUT: Result of query for pipeschannels.com = 139.45.196.73
[2021-12-06 16:05:27,990] client.Client<Client:ae034>:OUTPUT: website : pipeschannels.com, time : 60, hop cnt : 5
[2021-12-06 16:05:28,046] client.Client<Client:ae034>:OUTPUT: Result of query for weather.com = 104.126.221.252
[2021-12-06 16:05:28,047] client.Client<Client:ae034>:OUTPUT: website : weather.com, time : 54, hop cnt : 5
[2021-12-06 16:05:28,095] client.Client<Client:ae034>:OUTPUT: Result of query for outbrain.com = 192.82.210.254
[2021-12-06 16:05:28,095] client.Client<Client:ae034>:OUTPUT: website : outbrain.com, time : 46, hop cnt : 5
[2021-12-06 16:05:28,132] client.Client<Client:ae034>:OUTPUT: Result of query for ameblo.jp = 151.101.1.83
[2021-12-06 16:05:28,133] client.Client<Client:ae034>:OUTPUT: website : ameblo.jp, time : 34, hop cnt : 3
[2021-12-06 16:05:28,181] client.Client<Client:ae034>:OUTPUT: Result of query for ikea.com = 204.74.99.103
[2021-12-06 16:05:28,182] client.Client<Client:ae034>:OUTPUT: website : ikea.com, time : 46, hop cnt : 4
[2021-12-06 16:05:28,213] client.Client<Client:ae034>:OUTPUT: Result of query for kakaku.com = 103.70.243.165
[2021-12-06 16:05:28,214] client.Client<Client:ae034>:OUTPUT: website : kakaku.com, time : 29, hop cnt : 4
[2021-12-06 16:05:28,271] client.Client<Client:ae034>:OUTPUT: Result of query for trackmedia101.com = 103.224.182.251
[2021-12-06 16:05:28,272] client.Client<Client:ae034>:OUTPUT: website : trackmedia101.com, time : 55, hop cnt : 6
[2021-12-06 16:05:28,315] client.Client<Client:ae034>:OUTPUT: Result of query for mega.nz = 66.203.127.12
[2021-12-06 16:05:28,316] client.Client<Client:ae034>:OUTPUT: website : mega.nz, time : 41, hop cnt : 4
[2021-12-06 16:05:28,358] client.Client<Client:ae034>:OUTPUT: Result of query for 39.net = 211.99.98.109
[2021-12-06 16:05:28,359] client.Client<Client:ae034>:OUTPUT: website : 39.net, time : 40, hop cnt : 4
[2021-12-06 16:05:28,399] client.Client<Client:ae034>:OUTPUT: Result of query for bilibili.com = 110.43.34.66
[2021-12-06 16:05:28,400] client.Client<Client:ae034>:OUTPUT: website : bilibili.com, time : 36, hop cnt : 5
[2021-12-06 16:05:28,446] client.Client<Client:ae034>:OUTPUT: Result of query for google.dz = 172.217.11.3
[2021-12-06 16:05:28,447] client.Client<Client:ae034>:OUTPUT: website : google.dz, time : 44, hop cnt : 5
[2021-12-06 16:05:28,495] client.Client<Client:ae034>:OUTPUT: Result of query for huffingtonpost.com = 98.136.103.23
[2021-12-06 16:05:28,496] client.Client<Client:ae034>:OUTPUT: website : huffingtonpost.com, time : 45, hop cnt : 5
[2021-12-06 16:05:28,539] client.Client<Client:ae034>:OUTPUT: Result of query for hotmovs.com = 172.64.106.9
[2021-12-06 16:05:28,540] client.Client<Client:ae034>:OUTPUT: website : hotmovs.com, time : 41, hop cnt : 5
[2021-12-06 16:05:28,602] client.Client<Client:ae034>:OUTPUT: Result of query for speedtest.net = 151.101.66.219
[2021-12-06 16:05:28,603] client.Client<Client:ae034>:OUTPUT: website : speedtest.net, time : 59, hop cnt : 6
[2021-12-06 16:05:28,648] client.Client<Client:ae034>:OUTPUT: Result of query for livejournal.com = 13.88.179.33
[2021-12-06 16:05:28,649] client.Client<Client:ae034>:OUTPUT: website : livejournal.com, time : 44, hop cnt : 5
[2021-12-06 16:05:28,676] client.Client<Client:ae034>:OUTPUT: Result of query for reimageplus.com = 161.47.7.14
[2021-12-06 16:05:28,677] client.Client<Client:ae034>:OUTPUT: website : reimageplus.com, time : 22, hop cnt : 3
[2021-12-06 16:05:28,732] client.Client<Client:ae034>:OUTPUT: Result of query for google.ie = 172.217.12.195
[2021-12-06 16:05:28,733] client.Client<Client:ae034>:OUTPUT: website : google.ie, time : 50, hop cnt : 6
[2021-12-06 16:05:28,794] client.Client<Client:ae034>:OUTPUT: Result of query for adexchangeprediction.com = 35.206.66.190
[2021-12-06 16:05:28,795] client.Client<Client:ae034>:OUTPUT: website : adexchangeprediction.com, time : 59, hop cnt : 7
[2021-12-06 16:05:28,837] client.Client<Client:ae034>:OUTPUT: Result of query for hotstar.com = 13.225.229.58
[2021-12-06 16:05:28,838] client.Client<Client:ae034>:OUTPUT: website : hotstar.com, time : 40, hop cnt : 3
[2021-12-06 16:05:28,870] client.Client<Client:ae034>:OUTPUT: Result of query for rarbg.to = 185.37.100.122
[2021-12-06 16:05:28,870] client.Client<Client:ae034>:OUTPUT: website : rarbg.to, time : 29, hop cnt : 4
[2021-12-06 16:05:28,925] client.Client<Client:ae034>:OUTPUT: Result of query for wetransfer.com = 46.51.201.69
[2021-12-06 16:05:28,926] client.Client<Client:ae034>:OUTPUT: website : wetransfer.com, time : 49, hop cnt : 6
[2021-12-06 16:05:28,979] client.Client<Client:ae034>:OUTPUT: Result of query for ign.com = 52.3.55.210
[2021-12-06 16:05:28,980] client.Client<Client:ae034>:OUTPUT: website : ign.com, time : 51, hop cnt : 5
[2021-12-06 16:05:29,010] client.Client<Client:ae034>:OUTPUT: Result of query for doubleclick.net = 172.217.12.174
[2021-12-06 16:05:29,011] client.Client<Client:ae034>:OUTPUT: website : doubleclick.net, time : 27, hop cnt : 4
[2021-12-06 16:05:29,069] client.Client<Client:ae034>:OUTPUT: Result of query for google.hu = 172.217.12.195
[2021-12-06 16:05:29,070] client.Client<Client:ae034>:OUTPUT: website : google.hu, time : 56, hop cnt : 6
[2021-12-06 16:05:29,100] client.Client<Client:ae034>:OUTPUT: Result of query for irctc.co.in = 103.252.142.18
[2021-12-06 16:05:29,100] client.Client<Client:ae034>:OUTPUT: website : irctc.co.in, time : 26, hop cnt : 5
[2021-12-06 16:05:29,126] client.Client<Client:ae034>:OUTPUT: Result of query for foxnews.com = 23.215.185.14
[2021-12-06 16:05:29,127] client.Client<Client:ae034>:OUTPUT: website : foxnews.com, time : 22, hop cnt : 3
[2021-12-06 16:05:29,190] client.Client<Client:ae034>:OUTPUT: Result of query for aol.com = 212.82.100.150
[2021-12-06 16:05:29,191] client.Client<Client:ae034>:OUTPUT: website : aol.com, time : 61, hop cnt : 7
[2021-12-06 16:05:29,217] client.Client<Client:ae034>:OUTPUT: Result of query for google.co.il = 172.217.11.35
[2021-12-06 16:05:29,218] client.Client<Client:ae034>:OUTPUT: website : google.co.il, time : 24, hop cnt : 2
[2021-12-06 16:05:29,266] client.Client<Client:ae034>:OUTPUT: Result of query for archive.org = 207.241.224.2
[2021-12-06 16:05:29,267] client.Client<Client:ae034>:OUTPUT: website : archive.org, time : 41, hop cnt : 4
[2021-12-06 16:05:29,317] client.Client<Client:ae034>:OUTPUT: Result of query for airbnb.com = 52.45.221.244
[2021-12-06 16:05:29,318] client.Client<Client:ae034>:OUTPUT: website : airbnb.com, time : 48, hop cnt : 4
[2021-12-06 16:05:29,362] client.Client<Client:ae034>:OUTPUT: Result of query for allegro.pl = 5.134.213.82
[2021-12-06 16:05:29,363] client.Client<Client:ae034>:OUTPUT: website : allegro.pl, time : 42, hop cnt : 5
[2021-12-06 16:05:29,410] client.Client<Client:ae034>:OUTPUT: Result of query for bestbuy.com = 2.21.42.99
[2021-12-06 16:05:29,411] client.Client<Client:ae034>:OUTPUT: website : bestbuy.com, time : 45, hop cnt : 5
[2021-12-06 16:05:29,481] client.Client<Client:ae034>:OUTPUT: Result of query for amazon.cn = 54.222.60.218
[2021-12-06 16:05:29,482] client.Client<Client:ae034>:OUTPUT: website : amazon.cn, time : 68, hop cnt : 6
[2021-12-06 16:05:29,544] client.Client<Client:ae034>:OUTPUT: Result of query for leboncoin.fr = 35.181.111.82
[2021-12-06 16:05:29,545] client.Client<Client:ae034>:OUTPUT: website : leboncoin.fr, time : 61, hop cnt : 6
[2021-12-06 16:05:29,571] client.Client<Client:ae034>:OUTPUT: Result of query for google.dk = 172.217.11.3
[2021-12-06 16:05:29,572] client.Client<Client:ae034>:OUTPUT: website : google.dk, time : 23, hop cnt : 2
[2021-12-06 16:05:29,617] client.Client<Client:ae034>:OUTPUT: Result of query for cnblogs.com = 101.37.97.51
[2021-12-06 16:05:29,618] client.Client<Client:ae034>:OUTPUT: website : cnblogs.com, time : 42, hop cnt : 5
[2021-12-06 16:05:29,663] client.Client<Client:ae034>:OUTPUT: Result of query for bitauto.com = 59.151.116.98
[2021-12-06 16:05:29,663] client.Client<Client:ae034>:OUTPUT: website : bitauto.com, time : 43, hop cnt : 4
[2021-12-06 16:05:29,717] client.Client<Client:ae034>:OUTPUT: Result of query for dingit.tv = 172.67.189.193
[2021-12-06 16:05:29,718] client.Client<Client:ae034>:OUTPUT: website : dingit.tv, time : 52, hop cnt : 5
[2021-12-06 16:05:29,776] client.Client<Client:ae034>:OUTPUT: Result of query for feedly.com = 104.20.59.241
[2021-12-06 16:05:29,777] client.Client<Client:ae034>:OUTPUT: website : feedly.com, time : 54, hop cnt : 6
[2021-12-06 16:05:29,825] client.Client<Client:ae034>:OUTPUT: Result of query for sumatoad.com = 34.102.136.180
[2021-12-06 16:05:29,826] client.Client<Client:ae034>:OUTPUT: website : sumatoad.com, time : 45, hop cnt : 5
[2021-12-06 16:05:29,876] client.Client<Client:ae034>:OUTPUT: Result of query for amazon.es = 54.239.33.90
[2021-12-06 16:05:29,877] client.Client<Client:ae034>:OUTPUT: website : amazon.es, time : 49, hop cnt : 5
[2021-12-06 16:05:29,919] client.Client<Client:ae034>:OUTPUT: Result of query for freepik.com = 51.81.249.114
[2021-12-06 16:05:29,920] client.Client<Client:ae034>:OUTPUT: website : freepik.com, time : 39, hop cnt : 4
[2021-12-06 16:05:29,965] client.Client<Client:ae034>:OUTPUT: Result of query for shutterstock.com = 99.83.219.164
[2021-12-06 16:05:29,966] client.Client<Client:ae034>:OUTPUT: website : shutterstock.com, time : 42, hop cnt : 6
[2021-12-06 16:05:30,021] client.Client<Client:ae034>:OUTPUT: Result of query for wikimedia.org = 208.80.154.224
[2021-12-06 16:05:30,022] client.Client<Client:ae034>:OUTPUT: website : wikimedia.org, time : 53, hop cnt : 5
[2021-12-06 16:05:30,063] client.Client<Client:ae034>:OUTPUT: Result of query for google.fi = 142.250.80.3
[2021-12-06 16:05:30,064] client.Client<Client:ae034>:OUTPUT: website : google.fi, time : 39, hop cnt : 4
[2021-12-06 16:05:30,109] client.Client<Client:ae034>:OUTPUT: Result of query for huaban.com = 115.231.100.109
[2021-12-06 16:05:30,109] client.Client<Client:ae034>:OUTPUT: website : huaban.com, time : 43, hop cnt : 4
[2021-12-06 16:05:30,163] client.Client<Client:ae034>:OUTPUT: Result of query for skype.com = 40.121.80.200
[2021-12-06 16:05:30,164] client.Client<Client:ae034>:OUTPUT: website : skype.com, time : 51, hop cnt : 6
[2021-12-06 16:05:30,221] client.Client<Client:ae034>:OUTPUT: Result of query for caijing.com.cn = 124.243.192.30
[2021-12-06 16:05:30,221] client.Client<Client:ae034>:OUTPUT: website : caijing.com.cn, time : 55, hop cnt : 5
[2021-12-06 16:05:30,259] client.Client<Client:ae034>:OUTPUT: Result of query for ebay-kleinanzeigen.de = 34.107.128.149
[2021-12-06 16:05:30,260] client.Client<Client:ae034>:OUTPUT: website : ebay-kleinanzeigen.de, time : 35, hop cnt : 4
[2021-12-06 16:05:30,285] client.Client<Client:ae034>:OUTPUT: Result of query for businessinsider.com = 151.101.65.171
[2021-12-06 16:05:30,285] client.Client<Client:ae034>:OUTPUT: website : businessinsider.com, time : 22, hop cnt : 3
[2021-12-06 16:05:30,349] client.Client<Client:ae034>:OUTPUT: Result of query for k618.cn = 123.103.56.42
[2021-12-06 16:05:30,350] client.Client<Client:ae034>:OUTPUT: website : k618.cn, time : 59, hop cnt : 6
[2021-12-06 16:05:30,404] client.Client<Client:ae034>:OUTPUT: Result of query for breitbart.com = 35.241.35.213
[2021-12-06 16:05:30,405] client.Client<Client:ae034>:OUTPUT: website : breitbart.com, time : 52, hop cnt : 5
[2021-12-06 16:05:30,449] client.Client<Client:ae034>:OUTPUT: Result of query for liputan6.com = 18.136.137.12
[2021-12-06 16:05:30,449] client.Client<Client:ae034>:OUTPUT: website : liputan6.com, time : 42, hop cnt : 4
[2021-12-06 16:05:30,508] client.Client<Client:ae034>:OUTPUT: Result of query for kinopoisk.ru = 87.250.251.105
[2021-12-06 16:05:30,509] client.Client<Client:ae034>:OUTPUT: website : kinopoisk.ru, time : 56, hop cnt : 5
[2021-12-06 16:05:30,563] client.Client<Client:ae034>:OUTPUT: Result of query for onlinevideoconverter.com = 94.228.214.149
[2021-12-06 16:05:30,564] client.Client<Client:ae034>:OUTPUT: website : onlinevideoconverter.com, time : 52, hop cnt : 5
[2021-12-06 16:05:30,605] client.Client<Client:ae034>:OUTPUT: Result of query for wordreference.com = 23.111.171.90
[2021-12-06 16:05:30,606] client.Client<Client:ae034>:OUTPUT: website : wordreference.com, time : 39, hop cnt : 5
[2021-12-06 16:05:30,662] client.Client<Client:ae034>:OUTPUT: Result of query for kompas.com = 52.220.50.242
[2021-12-06 16:05:30,663] client.Client<Client:ae034>:OUTPUT: website : kompas.com, time : 54, hop cnt : 5
[2021-12-06 16:05:30,687] client.Client<Client:ae034>:OUTPUT: Result of query for hdzog.com = 172.64.103.16
[2021-12-06 16:05:30,688] client.Client<Client:ae034>:OUTPUT: website : hdzog.com, time : 22, hop cnt : 2
[2021-12-06 16:05:30,744] client.Client<Client:ae034>:OUTPUT: Result of query for chinadaily.com.cn = 111.13.49.147
[2021-12-06 16:05:30,745] client.Client<Client:ae034>:OUTPUT: website : chinadaily.com.cn, time : 55, hop cnt : 7
[2021-12-06 16:05:30,798] client.Client<Client:ae034>:OUTPUT: Result of query for giphy.com = 151.101.1.185
[2021-12-06 16:05:30,799] client.Client<Client:ae034>:OUTPUT: website : giphy.com, time : 51, hop cnt : 5
[2021-12-06 16:05:30,831] client.Client<Client:ae034>:OUTPUT: Result of query for sberbank.ru = 194.54.14.168
[2021-12-06 16:05:30,832] client.Client<Client:ae034>:OUTPUT: website : sberbank.ru, time : 30, hop cnt : 4
[2021-12-06 16:05:30,869] client.Client<Client:ae034>:OUTPUT: Result of query for zippyshare.com = 145.239.9.15
[2021-12-06 16:05:30,870] client.Client<Client:ae034>:OUTPUT: website : zippyshare.com, time : 35, hop cnt : 4
[2021-12-06 16:05:30,905] client.Client<Client:ae034>:OUTPUT: Result of query for rutracker.org = 195.82.146.214
[2021-12-06 16:05:30,906] client.Client<Client:ae034>:OUTPUT: website : rutracker.org, time : 33, hop cnt : 5
[2021-12-06 16:05:30,951] client.Client<Client:ae034>:OUTPUT: Result of query for spankbang.com = 104.19.137.100
[2021-12-06 16:05:30,952] client.Client<Client:ae034>:OUTPUT: website : spankbang.com, time : 43, hop cnt : 5
[2021-12-06 16:05:30,995] client.Client<Client:ae034>:OUTPUT: Result of query for flickr.com = 13.225.221.223
[2021-12-06 16:05:30,996] client.Client<Client:ae034>:OUTPUT: website : flickr.com, time : 40, hop cnt : 5
[2021-12-06 16:05:31,053] client.Client<Client:ae034>:OUTPUT: Result of query for genius.com = 104.18.18.96
[2021-12-06 16:05:31,054] client.Client<Client:ae034>:OUTPUT: website : genius.com, time : 55, hop cnt : 6
[2021-12-06 16:05:31,121] client.Client<Client:ae034>:OUTPUT: Result of query for 2ch.net = 172.67.0.175
[2021-12-06 16:05:31,122] client.Client<Client:ae034>:OUTPUT: website : 2ch.net, time : 65, hop cnt : 7
[2021-12-06 16:05:31,156] client.Client<Client:ae034>:OUTPUT: Result of query for tfetimes.com = 192.124.249.20
[2021-12-06 16:05:31,157] client.Client<Client:ae034>:OUTPUT: website : tfetimes.com, time : 32, hop cnt : 4
[2021-12-06 16:05:31,201] client.Client<Client:ae034>:OUTPUT: Result of query for espncricinfo.com = 52.16.254.202
[2021-12-06 16:05:31,201] client.Client<Client:ae034>:OUTPUT: website : espncricinfo.com, time : 42, hop cnt : 4
[2021-12-06 16:05:31,259] client.Client<Client:ae034>:OUTPUT: Result of query for mediawhirl.net = 103.224.182.251
[2021-12-06 16:05:31,260] client.Client<Client:ae034>:OUTPUT: website : mediawhirl.net, time : 53, hop cnt : 5
[2021-12-06 16:05:31,301] client.Client<Client:ae034>:OUTPUT: Result of query for gamefaqs.com = 151.101.1.188
[2021-12-06 16:05:31,302] client.Client<Client:ae034>:OUTPUT: website : gamefaqs.com, time : 39, hop cnt : 4
[2021-12-06 16:05:31,356] client.Client<Client:ae034>:OUTPUT: Result of query for sourceforge.net = 216.105.38.13
[2021-12-06 16:05:31,357] client.Client<Client:ae034>:OUTPUT: website : sourceforge.net, time : 51, hop cnt : 6
[2021-12-06 16:05:31,391] client.Client<Client:ae034>:OUTPUT: Result of query for scribd.com = 151.101.66.152
[2021-12-06 16:05:31,392] client.Client<Client:ae034>:OUTPUT: website : scribd.com, time : 32, hop cnt : 6
[2021-12-06 16:05:31,423] client.Client<Client:ae034>:OUTPUT: Result of query for telegram.org = 149.154.167.99
[2021-12-06 16:05:31,424] client.Client<Client:ae034>:OUTPUT: website : telegram.org, time : 28, hop cnt : 4
[2021-12-06 16:05:31,461] client.Client<Client:ae034>:OUTPUT: Result of query for researchgate.net = 209.15.209.70
[2021-12-06 16:05:31,462] client.Client<Client:ae034>:OUTPUT: website : researchgate.net, time : 35, hop cnt : 5
[2021-12-06 16:05:31,510] client.Client<Client:ae034>:OUTPUT: Result of query for gismeteo.ru = 185.134.203.245
[2021-12-06 16:05:31,511] client.Client<Client:ae034>:OUTPUT: website : gismeteo.ru, time : 47, hop cnt : 5
[2021-12-06 16:05:31,561] client.Client<Client:ae034>:OUTPUT: Result of query for mailchimp.com = 104.107.30.72
[2021-12-06 16:05:31,562] client.Client<Client:ae034>:OUTPUT: website : mailchimp.com, time : 48, hop cnt : 5
[2021-12-06 16:05:31,586] client.Client<Client:ae034>:OUTPUT: Result of query for accuweather.com = 96.6.22.112
[2021-12-06 16:05:31,587] client.Client<Client:ae034>:OUTPUT: website : accuweather.com, time : 21, hop cnt : 3
[2021-12-06 16:05:31,645] client.Client<Client:ae034>:OUTPUT: Result of query for xfinity.com = 96.114.14.140
[2021-12-06 16:05:31,646] client.Client<Client:ae034>:OUTPUT: website : xfinity.com, time : 57, hop cnt : 6
[2021-12-06 16:05:31,683] client.Client<Client:ae034>:OUTPUT: Result of query for aliyun.com = 140.205.135.3
[2021-12-06 16:05:31,684] client.Client<Client:ae034>:OUTPUT: website : aliyun.com, time : 35, hop cnt : 5
[2021-12-06 16:05:31,722] client.Client<Client:ae034>:OUTPUT: Result of query for homedepot.com = 35.201.95.83
[2021-12-06 16:05:31,723] client.Client<Client:ae034>:OUTPUT: website : homedepot.com, time : 34, hop cnt : 4
[2021-12-06 16:05:31,768] client.Client<Client:ae034>:OUTPUT: Result of query for sabah.com.tr = 194.36.160.15
[2021-12-06 16:05:31,769] client.Client<Client:ae034>:OUTPUT: website : sabah.com.tr, time : 43, hop cnt : 5
[2021-12-06 16:05:31,826] client.Client<Client:ae034>:OUTPUT: Result of query for web.de = 82.165.229.138
[2021-12-06 16:05:31,827] client.Client<Client:ae034>:OUTPUT: website : web.de, time : 55, hop cnt : 5
[2021-12-06 16:05:31,869] client.Client<Client:ae034>:OUTPUT: Result of query for eastday.com = 222.73.244.10
[2021-12-06 16:05:31,870] client.Client<Client:ae034>:OUTPUT: website : eastday.com, time : 39, hop cnt : 6
[2021-12-06 16:05:31,920] client.Client<Client:ae034>:OUTPUT: Result of query for gmx.net = 82.165.229.87
[2021-12-06 16:05:31,921] client.Client<Client:ae034>:OUTPUT: website : gmx.net, time : 46, hop cnt : 6
[2021-12-06 16:05:31,971] client.Client<Client:ae034>:OUTPUT: Result of query for leagueoflegends.com = 100.24.150.101
[2021-12-06 16:05:31,972] client.Client<Client:ae034>:OUTPUT: website : leagueoflegends.com, time : 47, hop cnt : 5
[2021-12-06 16:05:32,029] client.Client<Client:ae034>:OUTPUT: Result of query for rumble.com = 169.44.97.2
[2021-12-06 16:05:32,030] client.Client<Client:ae034>:OUTPUT: website : rumble.com, time : 54, hop cnt : 5
[2021-12-06 16:05:32,073] client.Client<Client:ae034>:OUTPUT: Result of query for asos.com = 23.222.12.65
[2021-12-06 16:05:32,074] client.Client<Client:ae034>:OUTPUT: website : asos.com, time : 41, hop cnt : 5
[2021-12-06 16:05:32,115] client.Client<Client:ae034>:OUTPUT: Result of query for varzesh3.com = 94.182.163.51
[2021-12-06 16:05:32,115] client.Client<Client:ae034>:OUTPUT: website : varzesh3.com, time : 39, hop cnt : 6
[2021-12-06 16:05:32,185] client.Client<Client:ae034>:OUTPUT: Result of query for daum.net = 203.133.167.16
[2021-12-06 16:05:32,186] client.Client<Client:ae034>:OUTPUT: website : daum.net, time : 67, hop cnt : 6
[2021-12-06 16:05:32,234] client.Client<Client:ae034>:OUTPUT: Result of query for google.sk = 172.217.3.99
[2021-12-06 16:05:32,234] client.Client<Client:ae034>:OUTPUT: website : google.sk, time : 45, hop cnt : 5
[2021-12-06 16:05:32,274] client.Client<Client:ae034>:OUTPUT: Result of query for naver.jp = 119.235.235.13
[2021-12-06 16:05:32,275] client.Client<Client:ae034>:OUTPUT: website : naver.jp, time : 37, hop cnt : 4
[2021-12-06 16:05:32,331] client.Client<Client:ae034>:OUTPUT: Result of query for medium.com = 104.16.122.127
[2021-12-06 16:05:32,331] client.Client<Client:ae034>:OUTPUT: website : medium.com, time : 52, hop cnt : 5
[2021-12-06 16:05:32,375] client.Client<Client:ae034>:OUTPUT: Result of query for ouo.io = 172.67.6.151
[2021-12-06 16:05:32,377] client.Client<Client:ae034>:OUTPUT: website : ouo.io, time : 37, hop cnt : 4
[2021-12-06 16:05:32,437] client.Client<Client:ae034>:OUTPUT: Result of query for hola.com = 62.22.171.58
[2021-12-06 16:05:32,437] client.Client<Client:ae034>:OUTPUT: website : hola.com, time : 57, hop cnt : 6
[2021-12-06 16:05:32,490] client.Client<Client:ae034>:OUTPUT: Result of query for thesaurus.com = 151.101.66.133
[2021-12-06 16:05:32,491] client.Client<Client:ae034>:OUTPUT: website : thesaurus.com, time : 50, hop cnt : 7
[2021-12-06 16:05:32,532] client.Client<Client:ae034>:OUTPUT: Result of query for shopify.com = 34.75.184.70
[2021-12-06 16:05:32,533] client.Client<Client:ae034>:OUTPUT: website : shopify.com, time : 38, hop cnt : 3
[2021-12-06 16:05:32,599] client.Client<Client:ae034>:OUTPUT: Result of query for orange.fr = 193.252.133.34
[2021-12-06 16:05:32,600] client.Client<Client:ae034>:OUTPUT: website : orange.fr, time : 61, hop cnt : 5
[2021-12-06 16:05:32,669] client.Client<Client:ae034>:OUTPUT: Result of query for digikala.com = 185.188.105.10
[2021-12-06 16:05:32,670] client.Client<Client:ae034>:OUTPUT: website : digikala.com, time : 67, hop cnt : 7
[2021-12-06 16:05:32,704] client.Client<Client:ae034>:OUTPUT: Result of query for rt.com = 207.244.80.170
[2021-12-06 16:05:32,705] client.Client<Client:ae034>:OUTPUT: website : rt.com, time : 30, hop cnt : 3
[2021-12-06 16:05:32,750] client.Client<Client:ae034>:OUTPUT: Result of query for ndtv.com = 96.6.28.59
[2021-12-06 16:05:32,751] client.Client<Client:ae034>:OUTPUT: website : ndtv.com, time : 39, hop cnt : 5
[2021-12-06 16:05:32,801] client.Client<Client:ae034>:OUTPUT: Result of query for oracle.com = 137.254.120.50
[2021-12-06 16:05:32,802] client.Client<Client:ae034>:OUTPUT: website : oracle.com, time : 47, hop cnt : 5
[2021-12-06 16:05:32,839] client.Client<Client:ae034>:OUTPUT: Result of query for telegraph.co.uk = 13.225.229.40
[2021-12-06 16:05:32,840] client.Client<Client:ae034>:OUTPUT: website : telegraph.co.uk, time : 35, hop cnt : 5
[2021-12-06 16:05:32,865] client.Client<Client:ae034>:OUTPUT: Result of query for wordpress.org = 198.143.164.252
[2021-12-06 16:05:32,866] client.Client<Client:ae034>:OUTPUT: website : wordpress.org, time : 23, hop cnt : 4
[2021-12-06 16:05:32,922] client.Client<Client:ae034>:OUTPUT: Result of query for olx.ua = 13.225.229.19
[2021-12-06 16:05:32,923] client.Client<Client:ae034>:OUTPUT: website : olx.ua, time : 54, hop cnt : 6
[2021-12-06 16:05:32,965] client.Client<Client:ae034>:OUTPUT: Result of query for zendesk.com = 34.225.199.37
[2021-12-06 16:05:32,966] client.Client<Client:ae034>:OUTPUT: website : zendesk.com, time : 40, hop cnt : 4
[2021-12-06 16:05:33,017] client.Client<Client:ae034>:OUTPUT: Result of query for amazon.ca = 54.239.18.172
[2021-12-06 16:05:33,018] client.Client<Client:ae034>:OUTPUT: website : amazon.ca, time : 49, hop cnt : 6
[2021-12-06 16:05:33,058] client.Client<Client:ae034>:OUTPUT: Result of query for samsung.com = 211.45.27.231
[2021-12-06 16:05:33,059] client.Client<Client:ae034>:OUTPUT: website : samsung.com, time : 37, hop cnt : 4
[2021-12-06 16:05:33,095] client.Client<Client:ae034>:OUTPUT: Result of query for icloud.com = 17.253.144.10
[2021-12-06 16:05:33,096] client.Client<Client:ae034>:OUTPUT: website : icloud.com, time : 34, hop cnt : 4
[2021-12-06 16:05:33,149] client.Client<Client:ae034>:OUTPUT: Result of query for cricbuzz.com = 35.200.167.142
[2021-12-06 16:05:33,150] client.Client<Client:ae034>:OUTPUT: website : cricbuzz.com, time : 52, hop cnt : 5
[2021-12-06 16:05:33,203] client.Client<Client:ae034>:OUTPUT: Result of query for gearbest.com = 34.217.151.167
[2021-12-06 16:05:33,204] client.Client<Client:ae034>:OUTPUT: website : gearbest.com, time : 49, hop cnt : 5
[2021-12-06 16:05:33,263] client.Client<Client:ae034>:OUTPUT: Result of query for userapi.com = 87.240.190.64
[2021-12-06 16:05:33,264] client.Client<Client:ae034>:OUTPUT: website : userapi.com, time : 53, hop cnt : 5
[2021-12-06 16:05:33,323] client.Client<Client:ae034>:OUTPUT: Result of query for goodreads.com = 52.94.226.87
[2021-12-06 16:05:33,324] client.Client<Client:ae034>:OUTPUT: website : goodreads.com, time : 57, hop cnt : 5
[2021-12-06 16:05:33,372] client.Client<Client:ae034>:OUTPUT: Result of query for goo.ne.jp = 114.179.184.93
[2021-12-06 16:05:33,373] client.Client<Client:ae034>:OUTPUT: website : goo.ne.jp, time : 43, hop cnt : 5
[2021-12-06 16:05:33,409] client.Client<Client:ae034>:OUTPUT: Result of query for capitalone.com = 204.63.40.34
[2021-12-06 16:05:33,410] client.Client<Client:ae034>:OUTPUT: website : capitalone.com, time : 32, hop cnt : 3
[2021-12-06 16:05:33,460] client.Client<Client:ae034>:OUTPUT: Result of query for bukalapak.com = 34.120.254.97
[2021-12-06 16:05:33,460] client.Client<Client:ae034>:OUTPUT: website : bukalapak.com, time : 48, hop cnt : 5
[2021-12-06 16:05:33,507] client.Client<Client:ae034>:OUTPUT: Result of query for streamable.com = 151.101.65.63
[2021-12-06 16:05:33,508] client.Client<Client:ae034>:OUTPUT: website : streamable.com, time : 44, hop cnt : 5
[2021-12-06 16:05:33,564] client.Client<Client:ae034>:OUTPUT: Result of query for weebly.com = 74.115.50.109
[2021-12-06 16:05:33,565] client.Client<Client:ae034>:OUTPUT: website : weebly.com, time : 55, hop cnt : 6
[2021-12-06 16:05:33,602] client.Client<Client:ae034>:OUTPUT: Result of query for taboola.com = 151.101.2.132
[2021-12-06 16:05:33,603] client.Client<Client:ae034>:OUTPUT: website : taboola.com, time : 35, hop cnt : 3
[2021-12-06 16:05:33,654] client.Client<Client:ae034>:OUTPUT: Result of query for hp.com = 15.72.164.74
[2021-12-06 16:05:33,654] client.Client<Client:ae034>:OUTPUT: website : hp.com, time : 49, hop cnt : 6
[2021-12-06 16:05:33,694] client.Client<Client:ae034>:OUTPUT: Result of query for hulu.com = 23.218.69.247
[2021-12-06 16:05:33,695] client.Client<Client:ae034>:OUTPUT: website : hulu.com, time : 37, hop cnt : 5
[2021-12-06 16:05:33,734] client.Client<Client:ae034>:OUTPUT: Result of query for americanexpress.com = 104.66.111.139
[2021-12-06 16:05:33,735] client.Client<Client:ae034>:OUTPUT: website : americanexpress.com, time : 37, hop cnt : 4
[2021-12-06 16:05:33,795] client.Client<Client:ae034>:OUTPUT: Result of query for google.kz = 172.217.12.132
[2021-12-06 16:05:33,796] client.Client<Client:ae034>:OUTPUT: website : google.kz, time : 57, hop cnt : 6
[2021-12-06 16:05:33,845] client.Client<Client:ae034>:OUTPUT: Result of query for iqoption.com = 185.117.134.130
[2021-12-06 16:05:33,846] client.Client<Client:ae034>:OUTPUT: website : iqoption.com, time : 48, hop cnt : 5
[2021-12-06 16:05:33,898] client.Client<Client:ae034>:OUTPUT: Result of query for target.com = 151.101.2.187
[2021-12-06 16:05:33,899] client.Client<Client:ae034>:OUTPUT: website : target.com, time : 50, hop cnt : 6
[2021-12-06 16:05:33,930] client.Client<Client:ae034>:OUTPUT: Result of query for beeg.com = 192.243.54.98
[2021-12-06 16:05:33,931] client.Client<Client:ae034>:OUTPUT: website : beeg.com, time : 29, hop cnt : 4
[2021-12-06 16:05:33,993] client.Client<Client:ae034>:OUTPUT: Result of query for usps.com = 56.0.134.100
[2021-12-06 16:05:33,994] client.Client<Client:ae034>:OUTPUT: website : usps.com, time : 60, hop cnt : 6
[2021-12-06 16:05:34,030] client.Client<Client:ae034>:OUTPUT: Result of query for ci123.com = 202.102.90.108
[2021-12-06 16:05:34,031] client.Client<Client:ae034>:OUTPUT: website : ci123.com, time : 34, hop cnt : 4
[2021-12-06 16:05:34,073] client.Client<Client:ae034>:OUTPUT: Result of query for kaskus.co.id = 103.6.117.2
[2021-12-06 16:05:34,074] client.Client<Client:ae034>:OUTPUT: website : kaskus.co.id, time : 40, hop cnt : 5
[2021-12-06 16:05:34,122] client.Client<Client:ae034>:OUTPUT: Result of query for weevah2.top = 104.247.82.73
[2021-12-06 16:05:34,123] client.Client<Client:ae034>:OUTPUT: website : weevah2.top, time : 46, hop cnt : 6
[2021-12-06 16:05:34,169] client.Client<Client:ae034>:OUTPUT: Result of query for subscene.com = 104.21.234.74
[2021-12-06 16:05:34,169] client.Client<Client:ae034>:OUTPUT: website : subscene.com, time : 43, hop cnt : 6
[2021-12-06 16:05:34,207] client.Client<Client:ae034>:OUTPUT: Result of query for repubblica.it = 213.92.16.101
[2021-12-06 16:05:34,208] client.Client<Client:ae034>:OUTPUT: website : repubblica.it, time : 34, hop cnt : 3
[2021-12-06 16:05:34,252] client.Client<Client:ae034>:OUTPUT: Result of query for providr.com = 34.102.136.180
[2021-12-06 16:05:34,253] client.Client<Client:ae034>:OUTPUT: website : providr.com, time : 39, hop cnt : 5
[2021-12-06 16:05:34,295] client.Client<Client:ae034>:OUTPUT: Result of query for onet.pl = 213.180.141.140
[2021-12-06 16:05:34,295] client.Client<Client:ae034>:OUTPUT: website : onet.pl, time : 38, hop cnt : 4
[2021-12-06 16:05:34,356] client.Client<Client:ae034>:OUTPUT: Result of query for aparat.com = 185.147.178.11
[2021-12-06 16:05:34,358] client.Client<Client:ae034>:OUTPUT: website : aparat.com, time : 58, hop cnt : 6
[2021-12-06 16:05:34,414] client.Client<Client:ae034>:OUTPUT: Result of query for ups.com = 153.2.228.50
[2021-12-06 16:05:34,414] client.Client<Client:ae034>:OUTPUT: website : ups.com, time : 54, hop cnt : 5
[2021-12-06 16:05:34,448] client.Client<Client:ae034>:OUTPUT: Result of query for youdao.com = 103.72.47.249
[2021-12-06 16:05:34,449] client.Client<Client:ae034>:OUTPUT: website : youdao.com, time : 31, hop cnt : 4
[2021-12-06 16:05:34,502] client.Client<Client:ae034>:OUTPUT: Result of query for evernote.com = 35.190.29.187
[2021-12-06 16:05:34,503] client.Client<Client:ae034>:OUTPUT: website : evernote.com, time : 47, hop cnt : 6
[2021-12-06 16:05:34,569] client.Client<Client:ae034>:OUTPUT: Result of query for independent.co.uk = 151.101.193.184
[2021-12-06 16:05:34,570] client.Client<Client:ae034>:OUTPUT: website : independent.co.uk, time : 62, hop cnt : 5
[2021-12-06 16:05:34,650] client.Client<Client:ae034>:OUTPUT: Result of query for canva.com = 162.159.129.45
[2021-12-06 16:05:34,651] client.Client<Client:ae034>:OUTPUT: website : canva.com, time : 75, hop cnt : 7
[2021-12-06 16:05:34,689] client.Client<Client:ae034>:OUTPUT: Result of query for hatena.ne.jp = 3.115.142.243
[2021-12-06 16:05:34,690] client.Client<Client:ae034>:OUTPUT: website : hatena.ne.jp, time : 34, hop cnt : 4
[2021-12-06 16:05:34,753] client.Client<Client:ae034>:OUTPUT: Result of query for rottentomatoes.com = 104.102.216.224
[2021-12-06 16:05:34,754] client.Client<Client:ae034>:OUTPUT: website : rottentomatoes.com, time : 59, hop cnt : 6
[2021-12-06 16:05:34,802] client.Client<Client:ae034>:OUTPUT: Result of query for nownews.com = 107.167.188.74
[2021-12-06 16:05:34,803] client.Client<Client:ae034>:OUTPUT: website : nownews.com, time : 46, hop cnt : 5
[2021-12-06 16:05:34,859] client.Client<Client:ae034>:OUTPUT: Result of query for hdfcbank.com = 104.16.108.25
[2021-12-06 16:05:34,860] client.Client<Client:ae034>:OUTPUT: website : hdfcbank.com, time : 53, hop cnt : 6
[2021-12-06 16:05:34,901] client.Client<Client:ae034>:OUTPUT: Result of query for wittyfeed.com = 172.67.194.74
[2021-12-06 16:05:34,902] client.Client<Client:ae034>:OUTPUT: website : wittyfeed.com, time : 39, hop cnt : 4
[2021-12-06 16:05:34,958] client.Client<Client:ae034>:OUTPUT: Result of query for spiegel.de = 128.65.210.8
[2021-12-06 16:05:34,959] client.Client<Client:ae034>:OUTPUT: website : spiegel.de, time : 54, hop cnt : 5
[2021-12-06 16:05:35,005] client.Client<Client:ae034>:OUTPUT: Result of query for elpais.com = 104.77.178.166
[2021-12-06 16:05:35,006] client.Client<Client:ae034>:OUTPUT: website : elpais.com, time : 34, hop cnt : 4
[2021-12-06 16:05:35,056] client.Client<Client:ae034>:OUTPUT: Result of query for taleo.net = 68.233.77.233
[2021-12-06 16:05:35,057] client.Client<Client:ae034>:OUTPUT: website : taleo.net, time : 46, hop cnt : 5
[2021-12-06 16:05:35,109] client.Client<Client:ae034>:OUTPUT: Result of query for bet9ja.com = 185.179.62.2
[2021-12-06 16:05:35,109] client.Client<Client:ae034>:OUTPUT: website : bet9ja.com, time : 49, hop cnt : 6
[2021-12-06 16:05:35,162] client.Client<Client:ae034>:OUTPUT: Result of query for ibm.com = 129.42.38.10
[2021-12-06 16:05:35,163] client.Client<Client:ae034>:OUTPUT: website : ibm.com, time : 48, hop cnt : 5
[2021-12-06 16:05:35,205] client.Client<Client:ae034>:OUTPUT: Result of query for yesky.com = 119.3.245.74
[2021-12-06 16:05:35,207] client.Client<Client:ae034>:OUTPUT: website : yesky.com, time : 39, hop cnt : 3
[2021-12-06 16:05:35,267] client.Client<Client:ae034>:OUTPUT: Result of query for boredpanda.com = 34.193.118.149
[2021-12-06 16:05:35,268] client.Client<Client:ae034>:OUTPUT: website : boredpanda.com, time : 54, hop cnt : 6
[2021-12-06 16:05:35,318] client.Client<Client:ae034>:OUTPUT: Result of query for udemy.com = 104.16.66.85
[2021-12-06 16:05:35,319] client.Client<Client:ae034>:OUTPUT: website : udemy.com, time : 46, hop cnt : 5
[2021-12-06 16:05:35,362] client.Client<Client:ae034>:OUTPUT: Result of query for livedoor.jp = 203.104.153.16
[2021-12-06 16:05:35,363] client.Client<Client:ae034>:OUTPUT: website : livedoor.jp, time : 41, hop cnt : 5
[2021-12-06 16:05:35,413] client.Client<Client:ae034>:OUTPUT: Result of query for iqiyi.com = 111.206.13.63
[2021-12-06 16:05:35,414] client.Client<Client:ae034>:OUTPUT: website : iqiyi.com, time : 49, hop cnt : 5
[2021-12-06 16:05:35,465] client.Client<Client:ae034>:OUTPUT: Result of query for duckduckgo.com = 52.149.246.39
[2021-12-06 16:05:35,466] client.Client<Client:ae034>:OUTPUT: website : duckduckgo.com, time : 49, hop cnt : 7
[2021-12-06 16:05:35,492] client.Client<Client:ae034>:OUTPUT: Result of query for hatenablog.com = 13.230.115.161
[2021-12-06 16:05:35,493] client.Client<Client:ae034>:OUTPUT: website : hatenablog.com, time : 22, hop cnt : 2
[2021-12-06 16:05:35,551] client.Client<Client:ae034>:OUTPUT: Result of query for sciencedirect.com = 162.159.129.81
[2021-12-06 16:05:35,552] client.Client<Client:ae034>:OUTPUT: website : sciencedirect.com, time : 51, hop cnt : 4
[2021-12-06 16:05:35,605] client.Client<Client:ae034>:OUTPUT: Result of query for fiverr.com = 104.18.254.23
[2021-12-06 16:05:35,606] client.Client<Client:ae034>:OUTPUT: website : fiverr.com, time : 51, hop cnt : 6
[2021-12-06 16:05:35,660] client.Client<Client:ae034>:OUTPUT: Result of query for wp.pl = 212.77.98.9
[2021-12-06 16:05:35,660] client.Client<Client:ae034>:OUTPUT: website : wp.pl, time : 53, hop cnt : 7
[2021-12-06 16:05:35,698] client.Client<Client:ae034>:OUTPUT: Result of query for mlb.com = 34.102.169.19
[2021-12-06 16:05:35,699] client.Client<Client:ae034>:OUTPUT: website : mlb.com, time : 34, hop cnt : 4
[2021-12-06 16:05:35,743] client.Client<Client:ae034>:OUTPUT: Result of query for mercadolibre.com.ar = 13.225.229.38
[2021-12-06 16:05:35,744] client.Client<Client:ae034>:OUTPUT: website : mercadolibre.com.ar, time : 40, hop cnt : 3
[2021-12-06 16:05:35,771] client.Client<Client:ae034>:OUTPUT: Result of query for go.com = 23.236.60.174
[2021-12-06 16:05:35,771] client.Client<Client:ae034>:OUTPUT: website : go.com, time : 26, hop cnt : 3
[2021-12-06 16:05:35,799] client.Client<Client:ae034>:OUTPUT: Result of query for gyazo.com = 35.186.213.112
[2021-12-06 16:05:35,800] client.Client<Client:ae034>:OUTPUT: website : gyazo.com, time : 25, hop cnt : 3
[2021-12-06 16:05:35,858] client.Client<Client:ae034>:OUTPUT: Result of query for reverso.net = 54.36.69.215
[2021-12-06 16:05:35,858] client.Client<Client:ae034>:OUTPUT: website : reverso.net, time : 52, hop cnt : 5
[2021-12-06 16:05:35,912] client.Client<Client:ae034>:OUTPUT: Result of query for ensonhaber.com = 172.67.4.66
[2021-12-06 16:05:35,912] client.Client<Client:ae034>:OUTPUT: website : ensonhaber.com, time : 51, hop cnt : 5
[2021-12-06 16:05:35,955] client.Client<Client:ae034>:OUTPUT: Result of query for setn.com = 54.238.119.86
[2021-12-06 16:05:35,956] client.Client<Client:ae034>:OUTPUT: website : setn.com, time : 41, hop cnt : 5
[2021-12-06 16:05:36,003] client.Client<Client:ae034>:OUTPUT: Result of query for patreon.com = 104.16.7.49
[2021-12-06 16:05:36,004] client.Client<Client:ae034>:OUTPUT: website : patreon.com, time : 45, hop cnt : 5
[2021-12-06 16:05:36,047] client.Client<Client:ae034>:OUTPUT: Result of query for google.com.kw = 172.217.12.195
[2021-12-06 16:05:36,048] client.Client<Client:ae034>:OUTPUT: website : google.com.kw, time : 41, hop cnt : 5
[2021-12-06 16:05:36,085] client.Client<Client:ae034>:OUTPUT: Result of query for line.me = 203.104.138.138
[2021-12-06 16:05:36,086] client.Client<Client:ae034>:OUTPUT: website : line.me, time : 33, hop cnt : 4
[2021-12-06 16:05:36,115] client.Client<Client:ae034>:OUTPUT: Result of query for jrj.com.cn = 118.186.210.142
[2021-12-06 16:05:36,116] client.Client<Client:ae034>:OUTPUT: website : jrj.com.cn, time : 26, hop cnt : 3
[2021-12-06 16:05:36,137] client.Client<Client:ae034>:OUTPUT: Result of query for myanimelist.net = 13.225.229.79
[2021-12-06 16:05:36,138] client.Client<Client:ae034>:OUTPUT: website : myanimelist.net, time : 15, hop cnt : 2
[2021-12-06 16:05:36,170] client.Client<Client:ae034>:OUTPUT: Result of query for upwork.com = 104.18.89.237
[2021-12-06 16:05:36,171] client.Client<Client:ae034>:OUTPUT: website : upwork.com, time : 30, hop cnt : 3
[2021-12-06 16:05:36,203] client.Client<Client:ae034>:OUTPUT: Result of query for intuit.com = 104.122.150.250
[2021-12-06 16:05:36,204] client.Client<Client:ae034>:OUTPUT: website : intuit.com, time : 30, hop cnt : 3
[2021-12-06 16:05:36,244] client.Client<Client:ae034>:OUTPUT: Result of query for nametests.com = 104.16.51.93
[2021-12-06 16:05:36,245] client.Client<Client:ae034>:OUTPUT: website : nametests.com, time : 37, hop cnt : 5
[2021-12-06 16:05:36,300] client.Client<Client:ae034>:OUTPUT: Result of query for mobileofferplace.site = 104.28.2.186
[2021-12-06 16:05:36,300] client.Client<Client:ae034>:OUTPUT: website : mobileofferplace.site, time : 53, hop cnt : 5
[2021-12-06 16:05:36,362] client.Client<Client:ae034>:OUTPUT: Result of query for seasonvar.ru = 172.67.203.91
[2021-12-06 16:05:36,363] client.Client<Client:ae034>:OUTPUT: website : seasonvar.ru, time : 60, hop cnt : 6
[2021-12-06 16:05:36,399] client.Client<Client:ae034>:OUTPUT: Result of query for dell.com = 143.166.147.101
[2021-12-06 16:05:36,399] client.Client<Client:ae034>:OUTPUT: website : dell.com, time : 33, hop cnt : 4
[2021-12-06 16:05:36,435] client.Client<Client:ae034>:OUTPUT: Result of query for bloomberg.com = 69.191.252.15
[2021-12-06 16:05:36,436] client.Client<Client:ae034>:OUTPUT: website : bloomberg.com, time : 32, hop cnt : 3
[2021-12-06 16:05:36,473] client.Client<Client:ae034>:OUTPUT: Result of query for cerpen.co.id = 172.67.134.100
[2021-12-06 16:05:36,474] client.Client<Client:ae034>:OUTPUT: website : cerpen.co.id, time : 34, hop cnt : 4
[2021-12-06 16:05:36,533] client.Client<Client:ae034>:OUTPUT: Result of query for playstation.com = 209.200.152.199
[2021-12-06 16:05:36,534] client.Client<Client:ae034>:OUTPUT: website : playstation.com, time : 58, hop cnt : 7
[2021-12-06 16:05:36,583] client.Client<Client:ae034>:OUTPUT: Result of query for urbandictionary.com = 151.101.64.207
[2021-12-06 16:05:36,584] client.Client<Client:ae034>:OUTPUT: website : urbandictionary.com, time : 47, hop cnt : 5
[2021-12-06 16:05:36,629] client.Client<Client:ae034>:OUTPUT: Result of query for behance.net = 151.101.193.197
[2021-12-06 16:05:36,630] client.Client<Client:ae034>:OUTPUT: website : behance.net, time : 43, hop cnt : 5
[2021-12-06 16:05:36,692] client.Client<Client:ae034>:OUTPUT: Result of query for fedex.com = 204.135.13.155
[2021-12-06 16:05:36,692] client.Client<Client:ae034>:OUTPUT: website : fedex.com, time : 59, hop cnt : 5
[2021-12-06 16:05:36,751] client.Client<Client:ae034>:OUTPUT: Result of query for groupon.com = 184.87.54.217
[2021-12-06 16:05:36,752] client.Client<Client:ae034>:OUTPUT: website : groupon.com, time : 56, hop cnt : 6
[2021-12-06 16:05:36,801] client.Client<Client:ae034>:OUTPUT: Result of query for qiita.com = 54.250.212.128
[2021-12-06 16:05:36,802] client.Client<Client:ae034>:OUTPUT: website : qiita.com, time : 47, hop cnt : 5
[2021-12-06 16:06:04,658] mainb.Node_<Node_:d8001>:OUTPUT: hash function collison:  0
[2021-12-06 16:06:04,746] mainb.Node_<Node_:d8001>:OUTPUT: Hash values for all the nodes in sorted order:  [612328600267358511, 848708064201028492, 1029043667524369274, 1379493789955401667, 2067244176050972307, 2459368191589516772, 2620986385610913143, 2822085238402630776, 3297588263213135644, 3511381565188467263, 3659386493388771635, 3987397641837318979, 4480863746119889394, 4758136679884164979, 5774520945728501754, 6794654653408934378, 6864999995478543440, 7184839703243480283, 8512433941020951412, 8708304542790727317, 8984825397508246713, 9055148936510736281, 9105375322574154016, 9450939762312642011, 9625515385134129750, 9712503375776487662, 9810747640464917676, 10488606020979959257, 10877291091743265796, 11422770213185597369, 11466683846517659765, 11753534691251874000, 12136342875594127273, 13021082683824201605, 13277267632959350352, 13568332477879852142, 13763430520079731267, 14602624108110337291, 15164435884102097852, 15822698652723322613, 15930947716983247357, 16127977585776791115, 16465543357790369455, 16943843429787846864, 17018383607385839683, 17094324970224083826, 17260129649604290472, 17263840350710583145, 17285344832805058773, 17621464991204541624]
[2021-12-06 16:06:23,464] client.Client<Client:8b034>:OUTPUT: <Client:8b034>  has been started.
[2021-12-06 16:06:23,510] client.Client<Client:8b034>:OUTPUT: Result of query for google.com = 142.250.64.78
[2021-12-06 16:06:23,511] client.Client<Client:8b034>:OUTPUT: website : google.com, time : 46, hop cnt : 4
[2021-12-06 16:06:23,551] client.Client<Client:8b034>:OUTPUT: Result of query for youtube.com = 172.217.12.142
[2021-12-06 16:06:23,551] client.Client<Client:8b034>:OUTPUT: website : youtube.com, time : 38, hop cnt : 3
[2021-12-06 16:06:23,630] client.Client<Client:8b034>:OUTPUT: Result of query for facebook.com = 31.13.71.36
[2021-12-06 16:06:23,631] client.Client<Client:8b034>:OUTPUT: website : facebook.com, time : 76, hop cnt : 6
[2021-12-06 16:06:23,687] client.Client<Client:8b034>:OUTPUT: Result of query for baidu.com = 220.181.38.148
[2021-12-06 16:06:23,688] client.Client<Client:8b034>:OUTPUT: website : baidu.com, time : 55, hop cnt : 4
[2021-12-06 16:06:23,757] client.Client<Client:8b034>:OUTPUT: Result of query for wikipedia.org = 208.80.154.224
[2021-12-06 16:06:23,757] client.Client<Client:8b034>:OUTPUT: website : wikipedia.org, time : 67, hop cnt : 5
[2021-12-06 16:06:23,817] client.Client<Client:8b034>:OUTPUT: Result of query for yahoo.com = 74.6.231.21
[2021-12-06 16:06:23,818] client.Client<Client:8b034>:OUTPUT: website : yahoo.com, time : 55, hop cnt : 4
[2021-12-06 16:06:23,864] client.Client<Client:8b034>:OUTPUT: Result of query for google.co.in = 172.217.12.131
[2021-12-06 16:06:23,865] client.Client<Client:8b034>:OUTPUT: website : google.co.in, time : 44, hop cnt : 4
[2021-12-06 16:06:23,926] client.Client<Client:8b034>:OUTPUT: Result of query for reddit.com = 151.101.1.140
[2021-12-06 16:06:23,927] client.Client<Client:8b034>:OUTPUT: website : reddit.com, time : 59, hop cnt : 6
[2021-12-06 16:06:24,000] client.Client<Client:8b034>:OUTPUT: Result of query for qq.com = 58.250.137.36
[2021-12-06 16:06:24,001] client.Client<Client:8b034>:OUTPUT: website : qq.com, time : 71, hop cnt : 5
[2021-12-06 16:06:24,054] client.Client<Client:8b034>:OUTPUT: Result of query for amazon.com = 205.251.242.103
[2021-12-06 16:06:24,055] client.Client<Client:8b034>:OUTPUT: website : amazon.com, time : 51, hop cnt : 5
[2021-12-06 16:06:24,129] client.Client<Client:8b034>:OUTPUT: Result of query for taobao.com = 140.205.220.96
[2021-12-06 16:06:24,130] client.Client<Client:8b034>:OUTPUT: website : taobao.com, time : 72, hop cnt : 6
[2021-12-06 16:06:24,197] client.Client<Client:8b034>:OUTPUT: Result of query for twitter.com = 104.244.42.193
[2021-12-06 16:06:24,198] client.Client<Client:8b034>:OUTPUT: website : twitter.com, time : 64, hop cnt : 4
[2021-12-06 16:06:24,251] client.Client<Client:8b034>:OUTPUT: Result of query for tmall.com = 140.205.94.193
[2021-12-06 16:06:24,252] client.Client<Client:8b034>:OUTPUT: website : tmall.com, time : 51, hop cnt : 4
[2021-12-06 16:06:24,321] client.Client<Client:8b034>:OUTPUT: Result of query for google.co.jp = 142.250.64.99
[2021-12-06 16:06:24,322] client.Client<Client:8b034>:OUTPUT: website : google.co.jp, time : 67, hop cnt : 6
[2021-12-06 16:06:24,392] client.Client<Client:8b034>:OUTPUT: Result of query for live.com = 204.79.197.212
[2021-12-06 16:06:24,393] client.Client<Client:8b034>:OUTPUT: website : live.com, time : 68, hop cnt : 5
[2021-12-06 16:06:24,430] client.Client<Client:8b034>:OUTPUT: Result of query for vk.com = 93.186.225.208
[2021-12-06 16:06:24,431] client.Client<Client:8b034>:OUTPUT: website : vk.com, time : 35, hop cnt : 5
[2021-12-06 16:06:24,476] client.Client<Client:8b034>:OUTPUT: Result of query for instagram.com = 3.216.253.146
[2021-12-06 16:06:24,477] client.Client<Client:8b034>:OUTPUT: website : instagram.com, time : 41, hop cnt : 4
[2021-12-06 16:06:24,527] client.Client<Client:8b034>:OUTPUT: Result of query for sohu.com = 211.159.191.18
[2021-12-06 16:06:24,527] client.Client<Client:8b034>:OUTPUT: website : sohu.com, time : 47, hop cnt : 4
[2021-12-06 16:06:24,604] client.Client<Client:8b034>:OUTPUT: Result of query for sina.com.cn = 123.126.45.205
[2021-12-06 16:06:24,604] client.Client<Client:8b034>:OUTPUT: website : sina.com.cn, time : 74, hop cnt : 6
[2021-12-06 16:06:24,642] client.Client<Client:8b034>:OUTPUT: Result of query for jd.com = 111.13.149.108
[2021-12-06 16:06:24,643] client.Client<Client:8b034>:OUTPUT: website : jd.com, time : 35, hop cnt : 3
[2021-12-06 16:06:24,694] client.Client<Client:8b034>:OUTPUT: Result of query for weibo.com = 47.254.92.5
[2021-12-06 16:06:24,695] client.Client<Client:8b034>:OUTPUT: website : weibo.com, time : 49, hop cnt : 5
[2021-12-06 16:06:24,751] client.Client<Client:8b034>:OUTPUT: Result of query for 360.cn = 36.99.170.84
[2021-12-06 16:06:24,752] client.Client<Client:8b034>:OUTPUT: website : 360.cn, time : 55, hop cnt : 5
[2021-12-06 16:06:24,844] client.Client<Client:8b034>:OUTPUT: Result of query for google.de = 172.217.165.131
[2021-12-06 16:06:24,845] client.Client<Client:8b034>:OUTPUT: website : google.de, time : 90, hop cnt : 7
[2021-12-06 16:06:24,908] client.Client<Client:8b034>:OUTPUT: Result of query for google.co.uk = 172.217.10.67
[2021-12-06 16:06:24,909] client.Client<Client:8b034>:OUTPUT: website : google.co.uk, time : 60, hop cnt : 6
[2021-12-06 16:06:25,001] client.Client<Client:8b034>:OUTPUT: Result of query for linkedin.com = 108.174.10.10
[2021-12-06 16:06:25,002] client.Client<Client:8b034>:OUTPUT: website : linkedin.com, time : 90, hop cnt : 7
[2021-12-06 16:06:25,041] client.Client<Client:8b034>:OUTPUT: Result of query for google.com.br = 172.217.12.163
[2021-12-06 16:06:25,042] client.Client<Client:8b034>:OUTPUT: website : google.com.br, time : 37, hop cnt : 4
[2021-12-06 16:06:25,084] client.Client<Client:8b034>:OUTPUT: Result of query for google.fr = 172.217.10.131
[2021-12-06 16:06:25,085] client.Client<Client:8b034>:OUTPUT: website : google.fr, time : 39, hop cnt : 4
[2021-12-06 16:06:25,140] client.Client<Client:8b034>:OUTPUT: Result of query for google.ru = 172.217.10.35
[2021-12-06 16:06:25,141] client.Client<Client:8b034>:OUTPUT: website : google.ru, time : 53, hop cnt : 6
[2021-12-06 16:06:25,187] client.Client<Client:8b034>:OUTPUT: Result of query for yandex.ru = 5.255.255.60
[2021-12-06 16:06:25,188] client.Client<Client:8b034>:OUTPUT: website : yandex.ru, time : 42, hop cnt : 4
[2021-12-06 16:06:25,222] client.Client<Client:8b034>:OUTPUT: Result of query for netflix.com = 107.21.29.216
[2021-12-06 16:06:25,223] client.Client<Client:8b034>:OUTPUT: website : netflix.com, time : 32, hop cnt : 3
[2021-12-06 16:06:25,282] client.Client<Client:8b034>:OUTPUT: Result of query for google.com.hk = 172.217.165.131
[2021-12-06 16:06:25,283] client.Client<Client:8b034>:OUTPUT: website : google.com.hk, time : 58, hop cnt : 5
[2021-12-06 16:06:25,351] client.Client<Client:8b034>:OUTPUT: Result of query for yahoo.co.jp = 183.79.135.206
[2021-12-06 16:06:25,351] client.Client<Client:8b034>:OUTPUT: website : yahoo.co.jp, time : 63, hop cnt : 6
[2021-12-06 16:06:25,401] client.Client<Client:8b034>:OUTPUT: Result of query for google.it = 142.250.64.99
[2021-12-06 16:06:25,401] client.Client<Client:8b034>:OUTPUT: website : google.it, time : 48, hop cnt : 4
[2021-12-06 16:06:25,478] client.Client<Client:8b034>:OUTPUT: Result of query for ebay.com = 66.135.195.175
[2021-12-06 16:06:25,479] client.Client<Client:8b034>:OUTPUT: website : ebay.com, time : 74, hop cnt : 6
[2021-12-06 16:06:25,540] client.Client<Client:8b034>:OUTPUT: Result of query for google.es = 172.217.12.131
[2021-12-06 16:06:25,541] client.Client<Client:8b034>:OUTPUT: website : google.es, time : 59, hop cnt : 5
[2021-12-06 16:06:25,587] client.Client<Client:8b034>:OUTPUT: Result of query for pornhub.com = 66.254.114.41
[2021-12-06 16:06:25,588] client.Client<Client:8b034>:OUTPUT: website : pornhub.com, time : 42, hop cnt : 4
[2021-12-06 16:06:25,632] client.Client<Client:8b034>:OUTPUT: Result of query for imgur.com = 151.101.20.193
[2021-12-06 16:06:25,632] client.Client<Client:8b034>:OUTPUT: website : imgur.com, time : 42, hop cnt : 4
[2021-12-06 16:06:25,703] client.Client<Client:8b034>:OUTPUT: Result of query for bing.com = 13.107.21.200
[2021-12-06 16:06:25,704] client.Client<Client:8b034>:OUTPUT: website : bing.com, time : 68, hop cnt : 6
[2021-12-06 16:06:25,783] client.Client<Client:8b034>:OUTPUT: Result of query for msn.com = 13.82.28.61
[2021-12-06 16:06:25,784] client.Client<Client:8b034>:OUTPUT: website : msn.com, time : 77, hop cnt : 6
[2021-12-06 16:06:25,826] client.Client<Client:8b034>:OUTPUT: Result of query for onclkds.com = 139.45.196.76
[2021-12-06 16:06:25,827] client.Client<Client:8b034>:OUTPUT: website : onclkds.com, time : 40, hop cnt : 4
[2021-12-06 16:06:25,875] client.Client<Client:8b034>:OUTPUT: Result of query for twitch.tv = 151.101.194.167
[2021-12-06 16:06:25,876] client.Client<Client:8b034>:OUTPUT: website : twitch.tv, time : 45, hop cnt : 6
[2021-12-06 16:06:25,920] client.Client<Client:8b034>:OUTPUT: Result of query for google.com.mx = 142.250.80.3
[2021-12-06 16:06:25,921] client.Client<Client:8b034>:OUTPUT: website : google.com.mx, time : 42, hop cnt : 4
[2021-12-06 16:06:25,964] client.Client<Client:8b034>:OUTPUT: Result of query for google.ca = 172.217.165.131
[2021-12-06 16:06:25,965] client.Client<Client:8b034>:OUTPUT: website : google.ca, time : 41, hop cnt : 5
[2021-12-06 16:06:26,060] client.Client<Client:8b034>:OUTPUT: Result of query for tumblr.com = 74.114.154.17
[2021-12-06 16:06:26,061] client.Client<Client:8b034>:OUTPUT: website : tumblr.com, time : 92, hop cnt : 6
[2021-12-06 16:06:26,113] client.Client<Client:8b034>:OUTPUT: Result of query for gmw.cn = 123.56.255.157
[2021-12-06 16:06:26,114] client.Client<Client:8b034>:OUTPUT: website : gmw.cn, time : 51, hop cnt : 5
[2021-12-06 16:06:26,156] client.Client<Client:8b034>:OUTPUT: Result of query for alipay.com = 110.75.129.5
[2021-12-06 16:06:26,157] client.Client<Client:8b034>:OUTPUT: website : alipay.com, time : 39, hop cnt : 4
[2021-12-06 16:06:26,231] client.Client<Client:8b034>:OUTPUT: Result of query for livejasmin.com = 109.71.161.200
[2021-12-06 16:06:26,231] client.Client<Client:8b034>:OUTPUT: website : livejasmin.com, time : 68, hop cnt : 5
[2021-12-06 16:06:26,280] client.Client<Client:8b034>:OUTPUT: Result of query for xvideos.com = 185.88.181.7
[2021-12-06 16:06:26,281] client.Client<Client:8b034>:OUTPUT: website : xvideos.com, time : 45, hop cnt : 4
[2021-12-06 16:06:26,307] client.Client<Client:8b034>:OUTPUT: Result of query for mail.ru = 217.69.139.202
[2021-12-06 16:06:26,308] client.Client<Client:8b034>:OUTPUT: website : mail.ru, time : 23, hop cnt : 4
[2021-12-06 16:06:26,344] client.Client<Client:8b034>:OUTPUT: Result of query for microsoft.com = 104.215.148.63
[2021-12-06 16:06:26,344] client.Client<Client:8b034>:OUTPUT: website : microsoft.com, time : 30, hop cnt : 3
[2021-12-06 16:06:26,374] client.Client<Client:8b034>:OUTPUT: Result of query for ok.ru = 217.20.147.1
[2021-12-06 16:06:26,375] client.Client<Client:8b034>:OUTPUT: website : ok.ru, time : 25, hop cnt : 3
[2021-12-06 16:06:26,422] client.Client<Client:8b034>:OUTPUT: Result of query for aliexpress.com = 198.11.132.250
[2021-12-06 16:06:26,422] client.Client<Client:8b034>:OUTPUT: website : aliexpress.com, time : 43, hop cnt : 4
[2021-12-06 16:06:26,462] client.Client<Client:8b034>:OUTPUT: Result of query for wordpress.com = 192.0.78.9
[2021-12-06 16:06:26,463] client.Client<Client:8b034>:OUTPUT: website : wordpress.com, time : 33, hop cnt : 3
[2021-12-06 16:06:26,491] client.Client<Client:8b034>:OUTPUT: Result of query for stackoverflow.com = 151.101.65.69
[2021-12-06 16:06:26,492] client.Client<Client:8b034>:OUTPUT: website : stackoverflow.com, time : 27, hop cnt : 3
[2021-12-06 16:06:26,512] client.Client<Client:8b034>:OUTPUT: Result of query for imdb.com = 52.94.237.74
[2021-12-06 16:06:26,513] client.Client<Client:8b034>:OUTPUT: website : imdb.com, time : 16, hop cnt : 2
[2021-12-06 16:06:26,550] client.Client<Client:8b034>:OUTPUT: Result of query for github.com = 140.82.113.3
[2021-12-06 16:06:26,551] client.Client<Client:8b034>:OUTPUT: website : github.com, time : 34, hop cnt : 3
[2021-12-06 16:06:26,579] client.Client<Client:8b034>:OUTPUT: Result of query for amazon.co.jp = 52.119.164.121
[2021-12-06 16:06:26,580] client.Client<Client:8b034>:OUTPUT: website : amazon.co.jp, time : 26, hop cnt : 3
[2021-12-06 16:06:26,613] client.Client<Client:8b034>:OUTPUT: Result of query for pinterest.com = 151.101.0.84
[2021-12-06 16:06:26,614] client.Client<Client:8b034>:OUTPUT: website : pinterest.com, time : 31, hop cnt : 4
[2021-12-06 16:06:26,635] client.Client<Client:8b034>:OUTPUT: Result of query for csdn.net = 47.95.164.112
[2021-12-06 16:06:26,635] client.Client<Client:8b034>:OUTPUT: website : csdn.net, time : 19, hop cnt : 3
[2021-12-06 16:06:26,669] client.Client<Client:8b034>:OUTPUT: Result of query for wikia.com = 151.101.128.194
[2021-12-06 16:06:26,670] client.Client<Client:8b034>:OUTPUT: website : wikia.com, time : 31, hop cnt : 4
[2021-12-06 16:06:26,707] client.Client<Client:8b034>:OUTPUT: Result of query for apple.com = 17.253.144.10
[2021-12-06 16:06:26,708] client.Client<Client:8b034>:OUTPUT: website : apple.com, time : 35, hop cnt : 4
[2021-12-06 16:06:26,754] client.Client<Client:8b034>:OUTPUT: Result of query for google.com.tr = 142.250.64.99
[2021-12-06 16:06:26,755] client.Client<Client:8b034>:OUTPUT: website : google.com.tr, time : 43, hop cnt : 5
[2021-12-06 16:06:26,818] client.Client<Client:8b034>:OUTPUT: Result of query for popads.net = 216.21.13.12
[2021-12-06 16:06:26,819] client.Client<Client:8b034>:OUTPUT: website : popads.net, time : 61, hop cnt : 6
[2021-12-06 16:06:26,859] client.Client<Client:8b034>:OUTPUT: Result of query for youth.cn = 123.103.5.94
[2021-12-06 16:06:26,860] client.Client<Client:8b034>:OUTPUT: website : youth.cn, time : 38, hop cnt : 4
[2021-12-06 16:06:26,922] client.Client<Client:8b034>:OUTPUT: Result of query for bongacams.com = 104.18.2.244
[2021-12-06 16:06:26,923] client.Client<Client:8b034>:OUTPUT: website : bongacams.com, time : 61, hop cnt : 7
[2021-12-06 16:06:26,967] client.Client<Client:8b034>:OUTPUT: Result of query for paypal.com = 64.4.250.36
[2021-12-06 16:06:26,968] client.Client<Client:8b034>:OUTPUT: website : paypal.com, time : 40, hop cnt : 5
[2021-12-06 16:06:26,987] client.Client<Client:8b034>:OUTPUT: Result of query for microsoftonline.com = 40.84.199.233
[2021-12-06 16:06:26,988] client.Client<Client:8b034>:OUTPUT: website : microsoftonline.com, time : 16, hop cnt : 2
[2021-12-06 16:06:27,036] client.Client<Client:8b034>:OUTPUT: Result of query for google.com.tw = 172.217.11.35
[2021-12-06 16:06:27,037] client.Client<Client:8b034>:OUTPUT: website : google.com.tw, time : 46, hop cnt : 4
[2021-12-06 16:06:27,089] client.Client<Client:8b034>:OUTPUT: Result of query for google.com.au = 142.250.64.99
[2021-12-06 16:06:27,089] client.Client<Client:8b034>:OUTPUT: website : google.com.au, time : 51, hop cnt : 4
[2021-12-06 16:06:27,136] client.Client<Client:8b034>:OUTPUT: Result of query for whatsapp.com = 31.13.66.56
[2021-12-06 16:06:27,137] client.Client<Client:8b034>:OUTPUT: website : whatsapp.com, time : 42, hop cnt : 5
[2021-12-06 16:06:27,186] client.Client<Client:8b034>:OUTPUT: Result of query for google.pl = 172.217.10.67
[2021-12-06 16:06:27,187] client.Client<Client:8b034>:OUTPUT: website : google.pl, time : 47, hop cnt : 4
[2021-12-06 16:06:27,232] client.Client<Client:8b034>:OUTPUT: Result of query for xhamster.com = 104.18.156.3
[2021-12-06 16:06:27,233] client.Client<Client:8b034>:OUTPUT: website : xhamster.com, time : 42, hop cnt : 4
[2021-12-06 16:06:27,292] client.Client<Client:8b034>:OUTPUT: Result of query for diply.com = 151.101.193.131
[2021-12-06 16:06:27,293] client.Client<Client:8b034>:OUTPUT: website : diply.com, time : 57, hop cnt : 4
[2021-12-06 16:06:27,332] client.Client<Client:8b034>:OUTPUT: Result of query for google.co.id = 172.217.10.67
[2021-12-06 16:06:27,333] client.Client<Client:8b034>:OUTPUT: website : google.co.id, time : 38, hop cnt : 5
[2021-12-06 16:06:27,378] client.Client<Client:8b034>:OUTPUT: Result of query for adobe.com = 193.104.215.58
[2021-12-06 16:06:27,378] client.Client<Client:8b034>:OUTPUT: website : adobe.com, time : 43, hop cnt : 4
[2021-12-06 16:06:27,435] client.Client<Client:8b034>:OUTPUT: Result of query for coccoc.com = 123.30.175.29
[2021-12-06 16:06:27,435] client.Client<Client:8b034>:OUTPUT: website : coccoc.com, time : 53, hop cnt : 5
[2021-12-06 16:06:27,493] client.Client<Client:8b034>:OUTPUT: Result of query for craigslist.org = 208.82.237.129
[2021-12-06 16:06:27,494] client.Client<Client:8b034>:OUTPUT: website : craigslist.org, time : 56, hop cnt : 5
[2021-12-06 16:06:27,555] client.Client<Client:8b034>:OUTPUT: Result of query for txxx.com = 172.64.142.14
[2021-12-06 16:06:27,555] client.Client<Client:8b034>:OUTPUT: website : txxx.com, time : 59, hop cnt : 5
[2021-12-06 16:06:27,615] client.Client<Client:8b034>:OUTPUT: Result of query for dropbox.com = 162.125.248.1
[2021-12-06 16:06:27,616] client.Client<Client:8b034>:OUTPUT: website : dropbox.com, time : 58, hop cnt : 6
[2021-12-06 16:06:27,649] client.Client<Client:8b034>:OUTPUT: Result of query for amazon.de = 52.95.120.34
[2021-12-06 16:06:27,650] client.Client<Client:8b034>:OUTPUT: website : amazon.de, time : 31, hop cnt : 3
[2021-12-06 16:06:27,692] client.Client<Client:8b034>:OUTPUT: Result of query for google.com.ar = 172.217.12.195
[2021-12-06 16:06:27,692] client.Client<Client:8b034>:OUTPUT: website : google.com.ar, time : 39, hop cnt : 4
[2021-12-06 16:06:27,749] client.Client<Client:8b034>:OUTPUT: Result of query for amazon.in = 54.239.33.92
[2021-12-06 16:06:27,750] client.Client<Client:8b034>:OUTPUT: website : amazon.in, time : 54, hop cnt : 5
[2021-12-06 16:06:27,815] client.Client<Client:8b034>:OUTPUT: Result of query for google.com.pk = 142.250.80.3
[2021-12-06 16:06:27,816] client.Client<Client:8b034>:OUTPUT: website : google.com.pk, time : 62, hop cnt : 6
[2021-12-06 16:06:27,864] client.Client<Client:8b034>:OUTPUT: Result of query for booking.com = 5.57.16.220
[2021-12-06 16:06:27,865] client.Client<Client:8b034>:OUTPUT: website : booking.com, time : 45, hop cnt : 4
[2021-12-06 16:06:27,917] client.Client<Client:8b034>:OUTPUT: Result of query for google.co.th = 172.217.10.227
[2021-12-06 16:06:27,918] client.Client<Client:8b034>:OUTPUT: website : google.co.th, time : 50, hop cnt : 5
[2021-12-06 16:06:27,954] client.Client<Client:8b034>:OUTPUT: Result of query for tianya.cn = 124.225.65.154
[2021-12-06 16:06:27,955] client.Client<Client:8b034>:OUTPUT: website : tianya.cn, time : 34, hop cnt : 4
[2021-12-06 16:06:28,006] client.Client<Client:8b034>:OUTPUT: Result of query for google.com.eg = 172.217.10.35
[2021-12-06 16:06:28,007] client.Client<Client:8b034>:OUTPUT: website : google.com.eg, time : 46, hop cnt : 5
[2021-12-06 16:06:28,060] client.Client<Client:8b034>:OUTPUT: Result of query for china.com = 103.254.188.41
[2021-12-06 16:06:28,061] client.Client<Client:8b034>:OUTPUT: website : china.com, time : 50, hop cnt : 6
[2021-12-06 16:06:28,101] client.Client<Client:8b034>:OUTPUT: Result of query for bbc.co.uk = 151.101.0.81
[2021-12-06 16:06:28,101] client.Client<Client:8b034>:OUTPUT: website : bbc.co.uk, time : 38, hop cnt : 4
[2021-12-06 16:06:28,152] client.Client<Client:8b034>:OUTPUT: Result of query for google.com.sa = 172.217.12.163
[2021-12-06 16:06:28,153] client.Client<Client:8b034>:OUTPUT: website : google.com.sa, time : 48, hop cnt : 6
[2021-12-06 16:06:28,182] client.Client<Client:8b034>:OUTPUT: Result of query for savefrom.net = 51.159.57.133
[2021-12-06 16:06:28,182] client.Client<Client:8b034>:OUTPUT: website : savefrom.net, time : 27, hop cnt : 4
[2021-12-06 16:06:28,222] client.Client<Client:8b034>:OUTPUT: Result of query for amazon.co.uk = 54.239.34.171
[2021-12-06 16:06:28,223] client.Client<Client:8b034>:OUTPUT: website : amazon.co.uk, time : 38, hop cnt : 4
[2021-12-06 16:06:28,264] client.Client<Client:8b034>:OUTPUT: Result of query for bbc.com = 151.101.0.81
[2021-12-06 16:06:28,264] client.Client<Client:8b034>:OUTPUT: website : bbc.com, time : 37, hop cnt : 4
[2021-12-06 16:06:28,328] client.Client<Client:8b034>:OUTPUT: Result of query for fc2.com = 199.48.210.151
[2021-12-06 16:06:28,329] client.Client<Client:8b034>:OUTPUT: website : fc2.com, time : 61, hop cnt : 6
[2021-12-06 16:06:28,388] client.Client<Client:8b034>:OUTPUT: Result of query for mozilla.org = 44.236.48.31
[2021-12-06 16:06:28,389] client.Client<Client:8b034>:OUTPUT: website : mozilla.org, time : 58, hop cnt : 6
[2021-12-06 16:06:28,428] client.Client<Client:8b034>:OUTPUT: Result of query for rakuten.co.jp = 133.237.16.234
[2021-12-06 16:06:28,429] client.Client<Client:8b034>:OUTPUT: website : rakuten.co.jp, time : 35, hop cnt : 5
[2021-12-06 16:06:28,485] client.Client<Client:8b034>:OUTPUT: Result of query for uptodown.com = 23.54.188.103
[2021-12-06 16:06:28,486] client.Client<Client:8b034>:OUTPUT: website : uptodown.com, time : 54, hop cnt : 6
[2021-12-06 16:06:28,526] client.Client<Client:8b034>:OUTPUT: Result of query for cnn.com = 151.101.129.67
[2021-12-06 16:06:28,527] client.Client<Client:8b034>:OUTPUT: website : cnn.com, time : 38, hop cnt : 4
[2021-12-06 16:06:28,570] client.Client<Client:8b034>:OUTPUT: Result of query for soundcloud.com = 13.225.229.67
[2021-12-06 16:06:28,571] client.Client<Client:8b034>:OUTPUT: website : soundcloud.com, time : 41, hop cnt : 5
[2021-12-06 16:06:28,602] client.Client<Client:8b034>:OUTPUT: Result of query for google.com.ua = 172.217.7.3
[2021-12-06 16:06:28,603] client.Client<Client:8b034>:OUTPUT: website : google.com.ua, time : 29, hop cnt : 5
[2021-12-06 16:06:28,645] client.Client<Client:8b034>:OUTPUT: Result of query for quora.com = 34.237.36.29
[2021-12-06 16:06:28,646] client.Client<Client:8b034>:OUTPUT: website : quora.com, time : 40, hop cnt : 4
[2021-12-06 16:06:28,706] client.Client<Client:8b034>:OUTPUT: Result of query for amazonaws.com = 72.21.210.29
[2021-12-06 16:06:28,707] client.Client<Client:8b034>:OUTPUT: website : amazonaws.com, time : 58, hop cnt : 5
[2021-12-06 16:11:32,505] mainb.Node_<Node_:ff001>:OUTPUT: hash function collison:  0
[2021-12-06 16:11:32,533] mainb.Node_<Node_:ff001>:OUTPUT: Hash values for all the nodes in sorted order:  [288319882348360398, 1029951961018523412, 1265038439750226755, 1779320192405249748, 1942534755235175331, 2057303181991584558, 2078908526450658801, 2642078788101006952, 2818209356564876136, 3532618616770675675, 3695782330715961450, 4568129018170301451, 5050893020825185676, 5261827114856755578, 5314718090979758754, 6052035053273328569, 6257461396266422914, 6534953740991426841, 6810908778357330259, 7012917119411481845, 7278056989108509667, 7648385075885791439, 8206785852715061095, 8268255523310650161, 8590848411558592194, 9339072898652210453, 9548008441214298130, 9801613357864039969, 10357913491542949406, 10883641056906693921, 11204825519135588705, 11861350022811332667, 12070881375119699196, 12088518902125995970, 12672520323673536636, 12715603155244549804, 13625821477449778579, 13780578525128716224, 13946202885973659852, 13968199016368215726, 15378071180112886101, 15679021321317984151, 16026668279581525029, 16482135660770117595, 17524332952420609198, 17773714013488130544, 17822140690817043656, 17851195445268716397, 17990815516592271881, 18416054531206790471]
[2021-12-06 16:11:38,539] client.Client<Client:e0034>:OUTPUT: <Client:e0034>  has been started.
[2021-12-06 16:11:38,573] client.Client<Client:e0034>:OUTPUT: Result of query for google.com = 142.250.64.78
[2021-12-06 16:11:38,573] client.Client<Client:e0034>:OUTPUT: website : google.com, time : 34, hop cnt : 3
[2021-12-06 16:11:38,631] client.Client<Client:e0034>:OUTPUT: Result of query for youtube.com = 172.217.12.142
[2021-12-06 16:11:38,631] client.Client<Client:e0034>:OUTPUT: website : youtube.com, time : 58, hop cnt : 5
[2021-12-06 16:11:38,668] client.Client<Client:e0034>:OUTPUT: Result of query for facebook.com = 31.13.71.36
[2021-12-06 16:11:38,668] client.Client<Client:e0034>:OUTPUT: website : facebook.com, time : 35, hop cnt : 4
[2021-12-06 16:11:38,729] client.Client<Client:e0034>:OUTPUT: Result of query for baidu.com = 220.181.38.148
[2021-12-06 16:11:38,729] client.Client<Client:e0034>:OUTPUT: website : baidu.com, time : 57, hop cnt : 6
[2021-12-06 16:11:38,769] client.Client<Client:e0034>:OUTPUT: Result of query for wikipedia.org = 208.80.154.224
[2021-12-06 16:11:38,769] client.Client<Client:e0034>:OUTPUT: website : wikipedia.org, time : 38, hop cnt : 4
[2021-12-06 16:11:38,817] client.Client<Client:e0034>:OUTPUT: Result of query for yahoo.com = 74.6.231.21
[2021-12-06 16:11:38,818] client.Client<Client:e0034>:OUTPUT: website : yahoo.com, time : 44, hop cnt : 5
[2021-12-06 16:11:38,846] client.Client<Client:e0034>:OUTPUT: Result of query for google.co.in = 172.217.12.131
[2021-12-06 16:11:38,846] client.Client<Client:e0034>:OUTPUT: website : google.co.in, time : 27, hop cnt : 4
[2021-12-06 16:11:38,891] client.Client<Client:e0034>:OUTPUT: Result of query for reddit.com = 151.101.1.140
[2021-12-06 16:11:38,891] client.Client<Client:e0034>:OUTPUT: website : reddit.com, time : 44, hop cnt : 5
[2021-12-06 16:11:38,919] client.Client<Client:e0034>:OUTPUT: Result of query for qq.com = 58.250.137.36
[2021-12-06 16:11:38,920] client.Client<Client:e0034>:OUTPUT: website : qq.com, time : 27, hop cnt : 3
[2021-12-06 16:11:38,971] client.Client<Client:e0034>:OUTPUT: Result of query for amazon.com = 205.251.242.103
[2021-12-06 16:11:38,971] client.Client<Client:e0034>:OUTPUT: website : amazon.com, time : 47, hop cnt : 5
[2021-12-06 16:11:39,017] client.Client<Client:e0034>:OUTPUT: Result of query for taobao.com = 140.205.220.96
[2021-12-06 16:11:39,017] client.Client<Client:e0034>:OUTPUT: website : taobao.com, time : 45, hop cnt : 6
[2021-12-06 16:11:39,048] client.Client<Client:e0034>:OUTPUT: Result of query for twitter.com = 104.244.42.193
[2021-12-06 16:11:39,048] client.Client<Client:e0034>:OUTPUT: website : twitter.com, time : 29, hop cnt : 4
[2021-12-06 16:11:39,081] client.Client<Client:e0034>:OUTPUT: Result of query for tmall.com = 140.205.94.193
[2021-12-06 16:11:39,081] client.Client<Client:e0034>:OUTPUT: website : tmall.com, time : 32, hop cnt : 4
[2021-12-06 16:11:39,114] client.Client<Client:e0034>:OUTPUT: Result of query for google.co.jp = 142.250.64.99
[2021-12-06 16:11:39,114] client.Client<Client:e0034>:OUTPUT: website : google.co.jp, time : 31, hop cnt : 3
[2021-12-06 16:11:39,171] client.Client<Client:e0034>:OUTPUT: Result of query for live.com = 204.79.197.212
[2021-12-06 16:11:39,171] client.Client<Client:e0034>:OUTPUT: website : live.com, time : 57, hop cnt : 5
[2021-12-06 16:11:39,223] client.Client<Client:e0034>:OUTPUT: Result of query for vk.com = 93.186.225.208
[2021-12-06 16:11:39,223] client.Client<Client:e0034>:OUTPUT: website : vk.com, time : 51, hop cnt : 6
[2021-12-06 16:11:39,257] client.Client<Client:e0034>:OUTPUT: Result of query for instagram.com = 3.216.253.146
[2021-12-06 16:11:39,257] client.Client<Client:e0034>:OUTPUT: website : instagram.com, time : 33, hop cnt : 4
[2021-12-06 16:11:39,287] client.Client<Client:e0034>:OUTPUT: Result of query for sohu.com = 211.159.191.18
[2021-12-06 16:11:39,287] client.Client<Client:e0034>:OUTPUT: website : sohu.com, time : 29, hop cnt : 4
[2021-12-06 16:11:39,331] client.Client<Client:e0034>:OUTPUT: Result of query for sina.com.cn = 123.126.45.205
[2021-12-06 16:11:39,331] client.Client<Client:e0034>:OUTPUT: website : sina.com.cn, time : 40, hop cnt : 4
[2021-12-06 16:11:39,365] client.Client<Client:e0034>:OUTPUT: Result of query for jd.com = 111.13.149.108
[2021-12-06 16:11:39,366] client.Client<Client:e0034>:OUTPUT: website : jd.com, time : 33, hop cnt : 3
[2021-12-06 16:11:39,412] client.Client<Client:e0034>:OUTPUT: Result of query for weibo.com = 47.254.92.5
[2021-12-06 16:11:39,413] client.Client<Client:e0034>:OUTPUT: website : weibo.com, time : 45, hop cnt : 6
[2021-12-06 16:11:39,438] client.Client<Client:e0034>:OUTPUT: Result of query for 360.cn = 36.99.170.84
[2021-12-06 16:11:39,438] client.Client<Client:e0034>:OUTPUT: website : 360.cn, time : 24, hop cnt : 3
[2021-12-06 16:11:39,489] client.Client<Client:e0034>:OUTPUT: Result of query for google.de = 172.217.165.131
[2021-12-06 16:11:39,489] client.Client<Client:e0034>:OUTPUT: website : google.de, time : 50, hop cnt : 5
[2021-12-06 16:11:39,527] client.Client<Client:e0034>:OUTPUT: Result of query for google.co.uk = 172.217.10.67
[2021-12-06 16:11:39,527] client.Client<Client:e0034>:OUTPUT: website : google.co.uk, time : 37, hop cnt : 4
[2021-12-06 16:11:39,585] client.Client<Client:e0034>:OUTPUT: Result of query for linkedin.com = 108.174.10.10
[2021-12-06 16:11:39,585] client.Client<Client:e0034>:OUTPUT: website : linkedin.com, time : 56, hop cnt : 7
[2021-12-06 16:11:39,631] client.Client<Client:e0034>:OUTPUT: Result of query for google.com.br = 172.217.12.163
[2021-12-06 16:11:39,632] client.Client<Client:e0034>:OUTPUT: website : google.com.br, time : 42, hop cnt : 5
[2021-12-06 16:11:39,676] client.Client<Client:e0034>:OUTPUT: Result of query for google.fr = 172.217.10.131
[2021-12-06 16:11:39,676] client.Client<Client:e0034>:OUTPUT: website : google.fr, time : 43, hop cnt : 6
[2021-12-06 16:11:39,717] client.Client<Client:e0034>:OUTPUT: Result of query for google.ru = 172.217.10.35
[2021-12-06 16:11:39,717] client.Client<Client:e0034>:OUTPUT: website : google.ru, time : 40, hop cnt : 5
[2021-12-06 16:11:39,741] client.Client<Client:e0034>:OUTPUT: Result of query for yandex.ru = 5.255.255.60
[2021-12-06 16:11:39,741] client.Client<Client:e0034>:OUTPUT: website : yandex.ru, time : 23, hop cnt : 3
[2021-12-06 16:11:39,774] client.Client<Client:e0034>:OUTPUT: Result of query for netflix.com = 107.21.29.216
[2021-12-06 16:11:39,774] client.Client<Client:e0034>:OUTPUT: website : netflix.com, time : 32, hop cnt : 5
[2021-12-06 16:11:39,814] client.Client<Client:e0034>:OUTPUT: Result of query for google.com.hk = 172.217.165.131
[2021-12-06 16:11:39,814] client.Client<Client:e0034>:OUTPUT: website : google.com.hk, time : 39, hop cnt : 5
[2021-12-06 16:11:39,863] client.Client<Client:e0034>:OUTPUT: Result of query for yahoo.co.jp = 183.79.135.206
[2021-12-06 16:11:39,863] client.Client<Client:e0034>:OUTPUT: website : yahoo.co.jp, time : 48, hop cnt : 5
[2021-12-06 16:11:39,889] client.Client<Client:e0034>:OUTPUT: Result of query for google.it = 142.250.64.99
[2021-12-06 16:11:39,889] client.Client<Client:e0034>:OUTPUT: website : google.it, time : 24, hop cnt : 4
[2021-12-06 16:11:39,921] client.Client<Client:e0034>:OUTPUT: Result of query for ebay.com = 66.135.195.175
[2021-12-06 16:11:39,922] client.Client<Client:e0034>:OUTPUT: website : ebay.com, time : 31, hop cnt : 4
[2021-12-06 16:11:39,967] client.Client<Client:e0034>:OUTPUT: Result of query for google.es = 172.217.12.131
[2021-12-06 16:11:39,967] client.Client<Client:e0034>:OUTPUT: website : google.es, time : 44, hop cnt : 5
[2021-12-06 16:11:40,017] client.Client<Client:e0034>:OUTPUT: Result of query for pornhub.com = 66.254.114.41
[2021-12-06 16:11:40,017] client.Client<Client:e0034>:OUTPUT: website : pornhub.com, time : 49, hop cnt : 6
[2021-12-06 16:11:40,069] client.Client<Client:e0034>:OUTPUT: Result of query for imgur.com = 151.101.20.193
[2021-12-06 16:11:40,069] client.Client<Client:e0034>:OUTPUT: website : imgur.com, time : 51, hop cnt : 6
[2021-12-06 16:11:40,133] client.Client<Client:e0034>:OUTPUT: Result of query for bing.com = 13.107.21.200
[2021-12-06 16:11:40,133] client.Client<Client:e0034>:OUTPUT: website : bing.com, time : 63, hop cnt : 7
[2021-12-06 16:11:40,158] client.Client<Client:e0034>:OUTPUT: Result of query for msn.com = 13.82.28.61
[2021-12-06 16:11:40,158] client.Client<Client:e0034>:OUTPUT: website : msn.com, time : 24, hop cnt : 5
[2021-12-06 16:11:40,202] client.Client<Client:e0034>:OUTPUT: Result of query for onclkds.com = 139.45.196.76
[2021-12-06 16:11:40,202] client.Client<Client:e0034>:OUTPUT: website : onclkds.com, time : 43, hop cnt : 5
[2021-12-06 16:11:40,246] client.Client<Client:e0034>:OUTPUT: Result of query for twitch.tv = 151.101.194.167
[2021-12-06 16:11:40,246] client.Client<Client:e0034>:OUTPUT: website : twitch.tv, time : 42, hop cnt : 5
[2021-12-06 16:11:40,271] client.Client<Client:e0034>:OUTPUT: Result of query for google.com.mx = 142.250.80.3
[2021-12-06 16:11:40,271] client.Client<Client:e0034>:OUTPUT: website : google.com.mx, time : 23, hop cnt : 4
[2021-12-06 16:11:40,317] client.Client<Client:e0034>:OUTPUT: Result of query for google.ca = 172.217.165.131
[2021-12-06 16:11:40,317] client.Client<Client:e0034>:OUTPUT: website : google.ca, time : 45, hop cnt : 5
[2021-12-06 16:11:40,361] client.Client<Client:e0034>:OUTPUT: Result of query for tumblr.com = 74.114.154.17
[2021-12-06 16:11:40,361] client.Client<Client:e0034>:OUTPUT: website : tumblr.com, time : 42, hop cnt : 5
[2021-12-06 16:11:40,427] client.Client<Client:e0034>:OUTPUT: Result of query for gmw.cn = 123.56.255.157
[2021-12-06 16:11:40,427] client.Client<Client:e0034>:OUTPUT: website : gmw.cn, time : 66, hop cnt : 6
[2021-12-06 16:11:40,457] client.Client<Client:e0034>:OUTPUT: Result of query for alipay.com = 110.75.129.5
[2021-12-06 16:11:40,457] client.Client<Client:e0034>:OUTPUT: website : alipay.com, time : 29, hop cnt : 4
[2021-12-06 16:11:40,522] client.Client<Client:e0034>:OUTPUT: Result of query for livejasmin.com = 109.71.161.200
[2021-12-06 16:11:40,522] client.Client<Client:e0034>:OUTPUT: website : livejasmin.com, time : 63, hop cnt : 6
[2021-12-06 16:11:40,559] client.Client<Client:e0034>:OUTPUT: Result of query for xvideos.com = 185.88.181.7
[2021-12-06 16:11:40,559] client.Client<Client:e0034>:OUTPUT: website : xvideos.com, time : 36, hop cnt : 5
[2021-12-06 16:11:40,583] client.Client<Client:e0034>:OUTPUT: Result of query for mail.ru = 217.69.139.202
[2021-12-06 16:11:40,583] client.Client<Client:e0034>:OUTPUT: website : mail.ru, time : 23, hop cnt : 2
[2021-12-06 16:11:40,602] client.Client<Client:e0034>:OUTPUT: Result of query for microsoft.com = 104.215.148.63
[2021-12-06 16:11:40,603] client.Client<Client:e0034>:OUTPUT: website : microsoft.com, time : 18, hop cnt : 2
[2021-12-06 16:11:40,643] client.Client<Client:e0034>:OUTPUT: Result of query for ok.ru = 217.20.147.1
[2021-12-06 16:11:40,643] client.Client<Client:e0034>:OUTPUT: website : ok.ru, time : 37, hop cnt : 4
[2021-12-06 16:11:40,689] client.Client<Client:e0034>:OUTPUT: Result of query for aliexpress.com = 198.11.132.250
[2021-12-06 16:11:40,690] client.Client<Client:e0034>:OUTPUT: website : aliexpress.com, time : 45, hop cnt : 4
[2021-12-06 16:11:40,744] client.Client<Client:e0034>:OUTPUT: Result of query for wordpress.com = 192.0.78.9
[2021-12-06 16:11:40,744] client.Client<Client:e0034>:OUTPUT: website : wordpress.com, time : 53, hop cnt : 6
[2021-12-06 16:11:40,784] client.Client<Client:e0034>:OUTPUT: Result of query for stackoverflow.com = 151.101.65.69
[2021-12-06 16:11:40,784] client.Client<Client:e0034>:OUTPUT: website : stackoverflow.com, time : 39, hop cnt : 6
[2021-12-06 16:11:40,830] client.Client<Client:e0034>:OUTPUT: Result of query for imdb.com = 52.94.237.74
[2021-12-06 16:11:40,830] client.Client<Client:e0034>:OUTPUT: website : imdb.com, time : 46, hop cnt : 5
[2021-12-06 16:11:40,863] client.Client<Client:e0034>:OUTPUT: Result of query for github.com = 140.82.113.3
[2021-12-06 16:11:40,863] client.Client<Client:e0034>:OUTPUT: website : github.com, time : 31, hop cnt : 4
[2021-12-06 16:11:40,887] client.Client<Client:e0034>:OUTPUT: Result of query for amazon.co.jp = 52.119.164.121
[2021-12-06 16:11:40,887] client.Client<Client:e0034>:OUTPUT: website : amazon.co.jp, time : 23, hop cnt : 4
[2021-12-06 16:11:40,913] client.Client<Client:e0034>:OUTPUT: Result of query for pinterest.com = 151.101.0.84
[2021-12-06 16:11:40,913] client.Client<Client:e0034>:OUTPUT: website : pinterest.com, time : 25, hop cnt : 3
[2021-12-06 16:11:40,949] client.Client<Client:e0034>:OUTPUT: Result of query for csdn.net = 47.95.164.112
[2021-12-06 16:11:40,949] client.Client<Client:e0034>:OUTPUT: website : csdn.net, time : 34, hop cnt : 6
[2021-12-06 16:11:40,988] client.Client<Client:e0034>:OUTPUT: Result of query for wikia.com = 151.101.128.194
[2021-12-06 16:11:40,988] client.Client<Client:e0034>:OUTPUT: website : wikia.com, time : 38, hop cnt : 4
[2021-12-06 16:11:41,029] client.Client<Client:e0034>:OUTPUT: Result of query for apple.com = 17.253.144.10
[2021-12-06 16:11:41,029] client.Client<Client:e0034>:OUTPUT: website : apple.com, time : 40, hop cnt : 6
[2021-12-06 16:11:41,066] client.Client<Client:e0034>:OUTPUT: Result of query for google.com.tr = 142.250.64.99
[2021-12-06 16:11:41,066] client.Client<Client:e0034>:OUTPUT: website : google.com.tr, time : 36, hop cnt : 3
[2021-12-06 16:11:41,106] client.Client<Client:e0034>:OUTPUT: Result of query for popads.net = 216.21.13.12
[2021-12-06 16:11:41,106] client.Client<Client:e0034>:OUTPUT: website : popads.net, time : 39, hop cnt : 6
[2021-12-06 16:11:41,129] client.Client<Client:e0034>:OUTPUT: Result of query for youth.cn = 123.103.5.94
[2021-12-06 16:11:41,129] client.Client<Client:e0034>:OUTPUT: website : youth.cn, time : 22, hop cnt : 2
[2021-12-06 16:11:41,156] client.Client<Client:e0034>:OUTPUT: Result of query for bongacams.com = 104.18.2.244
[2021-12-06 16:11:41,156] client.Client<Client:e0034>:OUTPUT: website : bongacams.com, time : 27, hop cnt : 4
[2021-12-06 16:11:41,201] client.Client<Client:e0034>:OUTPUT: Result of query for paypal.com = 64.4.250.36
[2021-12-06 16:11:41,201] client.Client<Client:e0034>:OUTPUT: website : paypal.com, time : 44, hop cnt : 6
[2021-12-06 16:11:41,247] client.Client<Client:e0034>:OUTPUT: Result of query for microsoftonline.com = 40.84.199.233
[2021-12-06 16:11:41,247] client.Client<Client:e0034>:OUTPUT: website : microsoftonline.com, time : 45, hop cnt : 6
[2021-12-06 16:11:41,270] client.Client<Client:e0034>:OUTPUT: Result of query for google.com.tw = 172.217.11.35
[2021-12-06 16:11:41,270] client.Client<Client:e0034>:OUTPUT: website : google.com.tw, time : 23, hop cnt : 3
[2021-12-06 16:11:41,322] client.Client<Client:e0034>:OUTPUT: Result of query for google.com.au = 142.250.64.99
[2021-12-06 16:11:41,322] client.Client<Client:e0034>:OUTPUT: website : google.com.au, time : 51, hop cnt : 7
[2021-12-06 16:11:41,344] client.Client<Client:e0034>:OUTPUT: Result of query for whatsapp.com = 31.13.66.56
[2021-12-06 16:11:41,344] client.Client<Client:e0034>:OUTPUT: website : whatsapp.com, time : 20, hop cnt : 3
[2021-12-06 16:11:41,357] client.Client<Client:e0034>:OUTPUT: Result of query for google.pl = 172.217.10.67
[2021-12-06 16:11:41,357] client.Client<Client:e0034>:OUTPUT: website : google.pl, time : 13, hop cnt : 3
[2021-12-06 16:11:41,395] client.Client<Client:e0034>:OUTPUT: Result of query for xhamster.com = 104.18.156.3
[2021-12-06 16:11:41,395] client.Client<Client:e0034>:OUTPUT: website : xhamster.com, time : 36, hop cnt : 6
[2021-12-06 16:11:41,437] client.Client<Client:e0034>:OUTPUT: Result of query for diply.com = 151.101.193.131
[2021-12-06 16:11:41,437] client.Client<Client:e0034>:OUTPUT: website : diply.com, time : 40, hop cnt : 6
[2021-12-06 16:11:41,480] client.Client<Client:e0034>:OUTPUT: Result of query for google.co.id = 172.217.10.67
[2021-12-06 16:11:41,480] client.Client<Client:e0034>:OUTPUT: website : google.co.id, time : 42, hop cnt : 5
[2021-12-06 16:11:41,525] client.Client<Client:e0034>:OUTPUT: Result of query for adobe.com = 193.104.215.58
[2021-12-06 16:11:41,525] client.Client<Client:e0034>:OUTPUT: website : adobe.com, time : 44, hop cnt : 6
[2021-12-06 16:11:41,561] client.Client<Client:e0034>:OUTPUT: Result of query for coccoc.com = 123.30.175.29
[2021-12-06 16:11:41,561] client.Client<Client:e0034>:OUTPUT: website : coccoc.com, time : 35, hop cnt : 5
[2021-12-06 16:11:41,591] client.Client<Client:e0034>:OUTPUT: Result of query for craigslist.org = 208.82.237.129
[2021-12-06 16:11:41,591] client.Client<Client:e0034>:OUTPUT: website : craigslist.org, time : 28, hop cnt : 4
[2021-12-06 16:11:41,614] client.Client<Client:e0034>:OUTPUT: Result of query for txxx.com = 172.64.142.14
[2021-12-06 16:11:41,614] client.Client<Client:e0034>:OUTPUT: website : txxx.com, time : 22, hop cnt : 3
[2021-12-06 16:11:41,643] client.Client<Client:e0034>:OUTPUT: Result of query for dropbox.com = 162.125.248.1
[2021-12-06 16:11:41,643] client.Client<Client:e0034>:OUTPUT: website : dropbox.com, time : 28, hop cnt : 5
[2021-12-06 16:11:41,681] client.Client<Client:e0034>:OUTPUT: Result of query for amazon.de = 52.95.120.34
[2021-12-06 16:11:41,681] client.Client<Client:e0034>:OUTPUT: website : amazon.de, time : 36, hop cnt : 5
[2021-12-06 16:11:41,733] client.Client<Client:e0034>:OUTPUT: Result of query for google.com.ar = 172.217.12.195
[2021-12-06 16:11:41,733] client.Client<Client:e0034>:OUTPUT: website : google.com.ar, time : 51, hop cnt : 5
[2021-12-06 16:11:41,765] client.Client<Client:e0034>:OUTPUT: Result of query for amazon.in = 54.239.33.92
[2021-12-06 16:11:41,765] client.Client<Client:e0034>:OUTPUT: website : amazon.in, time : 31, hop cnt : 5
[2021-12-06 16:11:41,816] client.Client<Client:e0034>:OUTPUT: Result of query for google.com.pk = 142.250.80.3
[2021-12-06 16:11:41,816] client.Client<Client:e0034>:OUTPUT: website : google.com.pk, time : 50, hop cnt : 5
[2021-12-06 16:11:41,854] client.Client<Client:e0034>:OUTPUT: Result of query for booking.com = 5.57.16.220
[2021-12-06 16:11:41,854] client.Client<Client:e0034>:OUTPUT: website : booking.com, time : 36, hop cnt : 5
[2021-12-06 16:11:41,889] client.Client<Client:e0034>:OUTPUT: Result of query for google.co.th = 172.217.10.227
[2021-12-06 16:11:41,889] client.Client<Client:e0034>:OUTPUT: website : google.co.th, time : 28, hop cnt : 5
[2021-12-06 16:11:41,929] client.Client<Client:e0034>:OUTPUT: Result of query for tianya.cn = 124.225.65.154
[2021-12-06 16:11:41,930] client.Client<Client:e0034>:OUTPUT: website : tianya.cn, time : 37, hop cnt : 5
[2021-12-06 16:11:41,968] client.Client<Client:e0034>:OUTPUT: Result of query for google.com.eg = 172.217.10.35
[2021-12-06 16:11:41,969] client.Client<Client:e0034>:OUTPUT: website : google.com.eg, time : 37, hop cnt : 5
[2021-12-06 16:11:42,028] client.Client<Client:e0034>:OUTPUT: Result of query for china.com = 103.254.188.41
[2021-12-06 16:11:42,028] client.Client<Client:e0034>:OUTPUT: website : china.com, time : 58, hop cnt : 7
[2021-12-06 16:11:42,068] client.Client<Client:e0034>:OUTPUT: Result of query for bbc.co.uk = 151.101.0.81
[2021-12-06 16:11:42,068] client.Client<Client:e0034>:OUTPUT: website : bbc.co.uk, time : 39, hop cnt : 6
[2021-12-06 16:11:42,099] client.Client<Client:e0034>:OUTPUT: Result of query for google.com.sa = 172.217.12.163
[2021-12-06 16:11:42,099] client.Client<Client:e0034>:OUTPUT: website : google.com.sa, time : 30, hop cnt : 4
[2021-12-06 16:11:42,150] client.Client<Client:e0034>:OUTPUT: Result of query for savefrom.net = 51.159.57.133
[2021-12-06 16:11:42,150] client.Client<Client:e0034>:OUTPUT: website : savefrom.net, time : 50, hop cnt : 5
[2021-12-06 16:11:42,195] client.Client<Client:e0034>:OUTPUT: Result of query for amazon.co.uk = 54.239.34.171
[2021-12-06 16:11:42,204] client.Client<Client:e0034>:OUTPUT: website : amazon.co.uk, time : 40, hop cnt : 4
[2021-12-06 16:11:42,261] client.Client<Client:e0034>:OUTPUT: Result of query for bbc.com = 151.101.0.81
[2021-12-06 16:11:42,262] client.Client<Client:e0034>:OUTPUT: website : bbc.com, time : 57, hop cnt : 6
[2021-12-06 16:11:42,307] client.Client<Client:e0034>:OUTPUT: Result of query for fc2.com = 199.48.210.151
[2021-12-06 16:11:42,308] client.Client<Client:e0034>:OUTPUT: website : fc2.com, time : 45, hop cnt : 6
[2021-12-06 16:11:42,350] client.Client<Client:e0034>:OUTPUT: Result of query for mozilla.org = 44.236.48.31
[2021-12-06 16:11:42,350] client.Client<Client:e0034>:OUTPUT: website : mozilla.org, time : 42, hop cnt : 6
[2021-12-06 16:11:42,381] client.Client<Client:e0034>:OUTPUT: Result of query for rakuten.co.jp = 133.237.16.234
[2021-12-06 16:11:42,381] client.Client<Client:e0034>:OUTPUT: website : rakuten.co.jp, time : 28, hop cnt : 4
[2021-12-06 16:11:42,415] client.Client<Client:e0034>:OUTPUT: Result of query for uptodown.com = 23.54.188.103
[2021-12-06 16:11:42,416] client.Client<Client:e0034>:OUTPUT: website : uptodown.com, time : 33, hop cnt : 5
[2021-12-06 16:11:42,452] client.Client<Client:e0034>:OUTPUT: Result of query for cnn.com = 151.101.129.67
[2021-12-06 16:11:42,453] client.Client<Client:e0034>:OUTPUT: website : cnn.com, time : 32, hop cnt : 3
[2021-12-06 16:11:42,509] client.Client<Client:e0034>:OUTPUT: Result of query for soundcloud.com = 13.225.229.67
[2021-12-06 16:11:42,509] client.Client<Client:e0034>:OUTPUT: website : soundcloud.com, time : 55, hop cnt : 6
[2021-12-06 16:11:42,551] client.Client<Client:e0034>:OUTPUT: Result of query for google.com.ua = 172.217.7.3
[2021-12-06 16:11:42,551] client.Client<Client:e0034>:OUTPUT: website : google.com.ua, time : 40, hop cnt : 5
[2021-12-06 16:11:42,594] client.Client<Client:e0034>:OUTPUT: Result of query for quora.com = 34.237.36.29
[2021-12-06 16:11:42,594] client.Client<Client:e0034>:OUTPUT: website : quora.com, time : 42, hop cnt : 6
[2021-12-06 16:11:42,625] client.Client<Client:e0034>:OUTPUT: Result of query for amazonaws.com = 72.21.210.29
[2021-12-06 16:11:42,625] client.Client<Client:e0034>:OUTPUT: website : amazonaws.com, time : 30, hop cnt : 4
[2021-12-06 16:11:42,658] client.Client<Client:e0034>:OUTPUT: Result of query for ask.com = 199.232.66.114
[2021-12-06 16:11:42,658] client.Client<Client:e0034>:OUTPUT: website : ask.com, time : 31, hop cnt : 4
[2021-12-06 16:11:42,690] client.Client<Client:e0034>:OUTPUT: Result of query for clicksgear.com = 192.243.59.12
[2021-12-06 16:11:42,690] client.Client<Client:e0034>:OUTPUT: website : clicksgear.com, time : 30, hop cnt : 4
[2021-12-06 16:11:42,738] client.Client<Client:e0034>:OUTPUT: Result of query for xnxx.com = 185.88.181.60
[2021-12-06 16:11:42,738] client.Client<Client:e0034>:OUTPUT: website : xnxx.com, time : 47, hop cnt : 6
[2021-12-06 16:11:42,788] client.Client<Client:e0034>:OUTPUT: Result of query for google.nl = 172.217.11.3
[2021-12-06 16:11:42,788] client.Client<Client:e0034>:OUTPUT: website : google.nl, time : 50, hop cnt : 6
[2021-12-06 16:11:42,839] client.Client<Client:e0034>:OUTPUT: Result of query for nytimes.com = 151.101.65.164
[2021-12-06 16:11:42,840] client.Client<Client:e0034>:OUTPUT: website : nytimes.com, time : 50, hop cnt : 5
[2021-12-06 16:11:42,889] client.Client<Client:e0034>:OUTPUT: Result of query for naver.com = 125.209.222.141
[2021-12-06 16:11:42,889] client.Client<Client:e0034>:OUTPUT: website : naver.com, time : 47, hop cnt : 6
[2021-12-06 16:11:42,939] client.Client<Client:e0034>:OUTPUT: Result of query for ettoday.net = 219.85.79.131
[2021-12-06 16:11:42,939] client.Client<Client:e0034>:OUTPUT: website : ettoday.net, time : 49, hop cnt : 4
[2021-12-06 16:11:42,978] client.Client<Client:e0034>:OUTPUT: Result of query for adf.ly = 104.20.81.199
[2021-12-06 16:11:42,978] client.Client<Client:e0034>:OUTPUT: website : adf.ly, time : 38, hop cnt : 6
[2021-12-06 16:11:43,031] client.Client<Client:e0034>:OUTPUT: Result of query for dailymotion.com = 195.8.215.136
[2021-12-06 16:11:43,031] client.Client<Client:e0034>:OUTPUT: website : dailymotion.com, time : 52, hop cnt : 7
[2021-12-06 16:11:43,064] client.Client<Client:e0034>:OUTPUT: Result of query for google.co.za = 172.217.11.3
[2021-12-06 16:11:43,064] client.Client<Client:e0034>:OUTPUT: website : google.co.za, time : 32, hop cnt : 5
[2021-12-06 16:11:43,107] client.Client<Client:e0034>:OUTPUT: Result of query for steamcommunity.com = 23.192.34.24
[2021-12-06 16:11:43,107] client.Client<Client:e0034>:OUTPUT: website : steamcommunity.com, time : 42, hop cnt : 5
[2021-12-06 16:11:43,147] client.Client<Client:e0034>:OUTPUT: Result of query for google.co.ve = 172.217.11.3
[2021-12-06 16:11:43,147] client.Client<Client:e0034>:OUTPUT: website : google.co.ve, time : 39, hop cnt : 4
[2021-12-06 16:11:43,184] client.Client<Client:e0034>:OUTPUT: Result of query for salesforce.com = 23.1.35.132
[2021-12-06 16:11:43,185] client.Client<Client:e0034>:OUTPUT: website : salesforce.com, time : 36, hop cnt : 4
[2021-12-06 16:11:43,209] client.Client<Client:e0034>:OUTPUT: Result of query for espn.com = 13.225.229.96
[2021-12-06 16:11:43,209] client.Client<Client:e0034>:OUTPUT: website : espn.com, time : 23, hop cnt : 4
[2021-12-06 16:11:43,251] client.Client<Client:e0034>:OUTPUT: Result of query for stackexchange.com = 151.101.193.69
[2021-12-06 16:11:43,251] client.Client<Client:e0034>:OUTPUT: website : stackexchange.com, time : 41, hop cnt : 5
[2021-12-06 16:11:43,288] client.Client<Client:e0034>:OUTPUT: Result of query for blogger.com = 142.250.80.9
[2021-12-06 16:11:43,288] client.Client<Client:e0034>:OUTPUT: website : blogger.com, time : 35, hop cnt : 4
[2021-12-06 16:11:43,311] client.Client<Client:e0034>:OUTPUT: Result of query for chase.com = 159.53.84.126
[2021-12-06 16:11:43,311] client.Client<Client:e0034>:OUTPUT: website : chase.com, time : 22, hop cnt : 3
[2021-12-06 16:11:43,350] client.Client<Client:e0034>:OUTPUT: Result of query for google.co.kr = 142.250.80.3
[2021-12-06 16:11:43,350] client.Client<Client:e0034>:OUTPUT: website : google.co.kr, time : 38, hop cnt : 4
[2021-12-06 16:11:43,387] client.Client<Client:e0034>:OUTPUT: Result of query for ebay.de = 66.135.196.249
[2021-12-06 16:11:43,388] client.Client<Client:e0034>:OUTPUT: website : ebay.de, time : 33, hop cnt : 5
[2021-12-06 16:11:43,425] client.Client<Client:e0034>:OUTPUT: Result of query for vimeo.com = 151.101.192.217
[2021-12-06 16:11:43,425] client.Client<Client:e0034>:OUTPUT: website : vimeo.com, time : 36, hop cnt : 4
[2021-12-06 16:11:43,443] client.Client<Client:e0034>:OUTPUT: Result of query for vice.com = 52.200.45.101
[2021-12-06 16:11:43,444] client.Client<Client:e0034>:OUTPUT: website : vice.com, time : 17, hop cnt : 4
[2021-12-06 16:11:43,498] client.Client<Client:e0034>:OUTPUT: Result of query for theguardian.com = 151.101.1.111
[2021-12-06 16:11:43,498] client.Client<Client:e0034>:OUTPUT: website : theguardian.com, time : 54, hop cnt : 7
[2021-12-06 16:11:43,516] client.Client<Client:e0034>:OUTPUT: Result of query for blastingnews.com = 212.97.32.174
[2021-12-06 16:11:43,516] client.Client<Client:e0034>:OUTPUT: website : blastingnews.com, time : 17, hop cnt : 4
[2021-12-06 16:11:43,548] client.Client<Client:e0034>:OUTPUT: Result of query for tribunnews.com = 113.11.255.30
[2021-12-06 16:11:43,549] client.Client<Client:e0034>:OUTPUT: website : tribunnews.com, time : 26, hop cnt : 6
[2021-12-06 16:11:43,578] client.Client<Client:e0034>:OUTPUT: Result of query for steampowered.com = 23.192.8.254
[2021-12-06 16:11:43,578] client.Client<Client:e0034>:OUTPUT: website : steampowered.com, time : 27, hop cnt : 3
[2021-12-06 16:11:43,614] client.Client<Client:e0034>:OUTPUT: Result of query for chaturbate.com = 104.18.101.40
[2021-12-06 16:11:43,614] client.Client<Client:e0034>:OUTPUT: website : chaturbate.com, time : 34, hop cnt : 5
[2021-12-06 16:11:43,653] client.Client<Client:e0034>:OUTPUT: Result of query for ebay.co.uk = 66.135.196.249
[2021-12-06 16:11:43,653] client.Client<Client:e0034>:OUTPUT: website : ebay.co.uk, time : 38, hop cnt : 6
[2021-12-06 16:11:43,672] client.Client<Client:e0034>:OUTPUT: Result of query for detik.com = 203.190.242.211
[2021-12-06 16:11:43,672] client.Client<Client:e0034>:OUTPUT: website : detik.com, time : 18, hop cnt : 3
[2021-12-06 16:11:43,711] client.Client<Client:e0034>:OUTPUT: Result of query for google.gr = 142.250.64.99
[2021-12-06 16:11:43,711] client.Client<Client:e0034>:OUTPUT: website : google.gr, time : 38, hop cnt : 6
[2021-12-06 16:11:43,741] client.Client<Client:e0034>:OUTPUT: Result of query for google.com.vn = 172.217.10.227
[2021-12-06 16:11:43,741] client.Client<Client:e0034>:OUTPUT: website : google.com.vn, time : 29, hop cnt : 4
[2021-12-06 16:11:43,757] client.Client<Client:e0034>:OUTPUT: Result of query for buzzfeed.com = 13.225.229.101
[2021-12-06 16:11:43,757] client.Client<Client:e0034>:OUTPUT: website : buzzfeed.com, time : 15, hop cnt : 3
[2021-12-06 16:11:43,792] client.Client<Client:e0034>:OUTPUT: Result of query for indeed.com = 18.218.22.89
[2021-12-06 16:11:43,792] client.Client<Client:e0034>:OUTPUT: website : indeed.com, time : 34, hop cnt : 5
[2021-12-06 16:11:43,817] client.Client<Client:e0034>:OUTPUT: Result of query for dailymail.co.uk = 23.41.6.195
[2021-12-06 16:11:43,817] client.Client<Client:e0034>:OUTPUT: website : dailymail.co.uk, time : 24, hop cnt : 6
[2021-12-06 16:11:43,876] client.Client<Client:e0034>:OUTPUT: Result of query for mediafire.com = 104.16.203.237
[2021-12-06 16:11:43,876] client.Client<Client:e0034>:OUTPUT: website : mediafire.com, time : 54, hop cnt : 6
[2021-12-06 16:11:43,914] client.Client<Client:e0034>:OUTPUT: Result of query for avito.ru = 185.89.12.132
[2021-12-06 16:11:43,915] client.Client<Client:e0034>:OUTPUT: website : avito.ru, time : 37, hop cnt : 5
[2021-12-06 16:11:43,945] client.Client<Client:e0034>:OUTPUT: Result of query for cnet.com = 35.190.79.82
[2021-12-06 16:11:43,945] client.Client<Client:e0034>:OUTPUT: website : cnet.com, time : 28, hop cnt : 5
[2021-12-06 16:11:43,971] client.Client<Client:e0034>:OUTPUT: Result of query for google.com.sg = 172.217.165.131
[2021-12-06 16:11:43,971] client.Client<Client:e0034>:OUTPUT: website : google.com.sg, time : 26, hop cnt : 4
[2021-12-06 16:11:44,004] client.Client<Client:e0034>:OUTPUT: Result of query for globo.com = 186.192.90.5
[2021-12-06 16:11:44,004] client.Client<Client:e0034>:OUTPUT: website : globo.com, time : 31, hop cnt : 4
[2021-12-06 16:11:44,052] client.Client<Client:e0034>:OUTPUT: Result of query for xinhuanet.com = 202.108.119.193
[2021-12-06 16:11:44,052] client.Client<Client:e0034>:OUTPUT: website : xinhuanet.com, time : 46, hop cnt : 6
[2021-12-06 16:11:44,086] client.Client<Client:e0034>:OUTPUT: Result of query for spotify.com = 35.186.224.25
[2021-12-06 16:11:44,086] client.Client<Client:e0034>:OUTPUT: website : spotify.com, time : 33, hop cnt : 5
[2021-12-06 16:11:44,127] client.Client<Client:e0034>:OUTPUT: Result of query for flipkart.com = 163.53.76.86
[2021-12-06 16:11:44,127] client.Client<Client:e0034>:OUTPUT: website : flipkart.com, time : 40, hop cnt : 5
[2021-12-06 16:11:44,181] client.Client<Client:e0034>:OUTPUT: Result of query for ladbible.com = 104.17.98.32
[2021-12-06 16:11:44,181] client.Client<Client:e0034>:OUTPUT: website : ladbible.com, time : 53, hop cnt : 7
[2021-12-06 16:11:44,241] client.Client<Client:e0034>:OUTPUT: Result of query for google.com.ph = 172.217.10.35
[2021-12-06 16:11:44,241] client.Client<Client:e0034>:OUTPUT: website : google.com.ph, time : 59, hop cnt : 7
[2021-12-06 16:11:44,296] client.Client<Client:e0034>:OUTPUT: Result of query for google.com.co = 172.217.12.195
[2021-12-06 16:11:44,297] client.Client<Client:e0034>:OUTPUT: website : google.com.co, time : 52, hop cnt : 6
[2021-12-06 16:11:44,334] client.Client<Client:e0034>:OUTPUT: Result of query for popcash.net = 104.27.207.92
[2021-12-06 16:11:44,334] client.Client<Client:e0034>:OUTPUT: website : popcash.net, time : 36, hop cnt : 5
[2021-12-06 16:11:44,383] client.Client<Client:e0034>:OUTPUT: Result of query for google.be = 142.250.64.99
[2021-12-06 16:11:44,383] client.Client<Client:e0034>:OUTPUT: website : google.be, time : 48, hop cnt : 5
[2021-12-06 16:11:44,410] client.Client<Client:e0034>:OUTPUT: Result of query for google.se = 142.250.64.67
[2021-12-06 16:11:44,410] client.Client<Client:e0034>:OUTPUT: website : google.se, time : 23, hop cnt : 4
[2021-12-06 16:11:44,451] client.Client<Client:e0034>:OUTPUT: Result of query for deviantart.com = 99.84.237.60
[2021-12-06 16:11:44,451] client.Client<Client:e0034>:OUTPUT: website : deviantart.com, time : 40, hop cnt : 4
[2021-12-06 16:11:44,503] client.Client<Client:e0034>:OUTPUT: Result of query for zhihu.com = 103.41.167.234
[2021-12-06 16:11:44,503] client.Client<Client:e0034>:OUTPUT: website : zhihu.com, time : 51, hop cnt : 6
[2021-12-06 16:11:44,551] client.Client<Client:e0034>:OUTPUT: Result of query for google.cn = 172.217.7.3
[2021-12-06 16:11:44,551] client.Client<Client:e0034>:OUTPUT: website : google.cn, time : 48, hop cnt : 5
[2021-12-06 16:11:44,590] client.Client<Client:e0034>:OUTPUT: Result of query for roblox.com = 128.116.114.3
[2021-12-06 16:11:44,590] client.Client<Client:e0034>:OUTPUT: website : roblox.com, time : 37, hop cnt : 5
[2021-12-06 16:11:44,625] client.Client<Client:e0034>:OUTPUT: Result of query for walmart.com = 161.170.230.170
[2021-12-06 16:11:44,625] client.Client<Client:e0034>:OUTPUT: website : walmart.com, time : 34, hop cnt : 4
[2021-12-06 16:11:44,671] client.Client<Client:e0034>:OUTPUT: Result of query for google.az = 172.217.10.100
[2021-12-06 16:11:44,671] client.Client<Client:e0034>:OUTPUT: website : google.az, time : 45, hop cnt : 6
[2021-12-06 16:11:44,710] client.Client<Client:e0034>:OUTPUT: Result of query for uol.com.br = 200.147.35.149
[2021-12-06 16:11:44,710] client.Client<Client:e0034>:OUTPUT: website : uol.com.br, time : 38, hop cnt : 5
[2021-12-06 16:11:44,740] client.Client<Client:e0034>:OUTPUT: Result of query for force.com = 23.1.35.132
[2021-12-06 16:11:44,740] client.Client<Client:e0034>:OUTPUT: website : force.com, time : 29, hop cnt : 4
[2021-12-06 16:11:44,792] client.Client<Client:e0034>:OUTPUT: Result of query for upornia.com = 172.64.143.19
[2021-12-06 16:11:44,792] client.Client<Client:e0034>:OUTPUT: website : upornia.com, time : 51, hop cnt : 6
[2021-12-06 16:11:44,821] client.Client<Client:e0034>:OUTPUT: Result of query for wikihow.com = 151.101.66.110
[2021-12-06 16:11:44,821] client.Client<Client:e0034>:OUTPUT: website : wikihow.com, time : 29, hop cnt : 4
[2021-12-06 16:11:44,871] client.Client<Client:e0034>:OUTPUT: Result of query for yelp.com = 199.232.64.116
[2021-12-06 16:11:44,871] client.Client<Client:e0034>:OUTPUT: website : yelp.com, time : 48, hop cnt : 6
[2021-12-06 16:11:44,902] client.Client<Client:e0034>:OUTPUT: Result of query for daikynguyenvn.com = 172.67.147.194
[2021-12-06 16:11:44,902] client.Client<Client:e0034>:OUTPUT: website : daikynguyenvn.com, time : 29, hop cnt : 5
[2021-12-06 16:11:44,938] client.Client<Client:e0034>:OUTPUT: Result of query for w3schools.com = 66.29.212.110
[2021-12-06 16:11:44,938] client.Client<Client:e0034>:OUTPUT: website : w3schools.com, time : 34, hop cnt : 5
[2021-12-06 16:11:44,971] client.Client<Client:e0034>:OUTPUT: Result of query for washingtonpost.com = 104.108.117.10
[2021-12-06 16:11:44,971] client.Client<Client:e0034>:OUTPUT: website : washingtonpost.com, time : 32, hop cnt : 3
[2021-12-06 16:11:44,996] client.Client<Client:e0034>:OUTPUT: Result of query for china.com.cn = 202.130.245.42
[2021-12-06 16:11:44,997] client.Client<Client:e0034>:OUTPUT: website : china.com.cn, time : 23, hop cnt : 4
[2021-12-06 16:11:45,024] client.Client<Client:e0034>:OUTPUT: Result of query for godaddy.com = 208.109.192.70
[2021-12-06 16:11:45,024] client.Client<Client:e0034>:OUTPUT: website : godaddy.com, time : 25, hop cnt : 4
[2021-12-06 16:11:45,044] client.Client<Client:e0034>:OUTPUT: Result of query for etsy.com = 151.101.1.224
[2021-12-06 16:11:45,044] client.Client<Client:e0034>:OUTPUT: website : etsy.com, time : 20, hop cnt : 3
[2021-12-06 16:11:45,078] client.Client<Client:e0034>:OUTPUT: Result of query for rambler.ru = 81.19.82.98
[2021-12-06 16:11:45,078] client.Client<Client:e0034>:OUTPUT: website : rambler.ru, time : 32, hop cnt : 4
[2021-12-06 16:11:45,116] client.Client<Client:e0034>:OUTPUT: Result of query for alibaba.com = 198.11.132.198
[2021-12-06 16:11:45,116] client.Client<Client:e0034>:OUTPUT: website : alibaba.com, time : 37, hop cnt : 5
[2021-12-06 16:11:45,154] client.Client<Client:e0034>:OUTPUT: Result of query for sogou.com = 119.28.109.132
[2021-12-06 16:11:45,154] client.Client<Client:e0034>:OUTPUT: website : sogou.com, time : 34, hop cnt : 5
[2021-12-06 16:11:45,184] client.Client<Client:e0034>:OUTPUT: Result of query for nih.gov = 54.235.145.223
[2021-12-06 16:11:45,184] client.Client<Client:e0034>:OUTPUT: website : nih.gov, time : 29, hop cnt : 4
[2021-12-06 16:11:45,226] client.Client<Client:e0034>:OUTPUT: Result of query for google.at = 172.217.7.3
[2021-12-06 16:11:45,226] client.Client<Client:e0034>:OUTPUT: website : google.at, time : 38, hop cnt : 5
[2021-12-06 16:11:45,255] client.Client<Client:e0034>:OUTPUT: Result of query for hclips.com = 172.64.200.4
[2021-12-06 16:11:45,255] client.Client<Client:e0034>:OUTPUT: website : hclips.com, time : 27, hop cnt : 4
[2021-12-06 16:11:45,300] client.Client<Client:e0034>:OUTPUT: Result of query for softonic.com = 35.227.233.104
[2021-12-06 16:11:45,300] client.Client<Client:e0034>:OUTPUT: website : softonic.com, time : 44, hop cnt : 5
[2021-12-06 16:11:45,343] client.Client<Client:e0034>:OUTPUT: Result of query for redtube.com = 66.254.114.238
[2021-12-06 16:11:45,343] client.Client<Client:e0034>:OUTPUT: website : redtube.com, time : 42, hop cnt : 5
[2021-12-06 16:11:45,389] client.Client<Client:e0034>:OUTPUT: Result of query for google.com.ng = 142.250.64.99
[2021-12-06 16:11:45,389] client.Client<Client:e0034>:OUTPUT: website : google.com.ng, time : 45, hop cnt : 5
[2021-12-06 16:11:45,428] client.Client<Client:e0034>:OUTPUT: Result of query for iwanttodeliver.com = 185.88.180.102
[2021-12-06 16:11:45,428] client.Client<Client:e0034>:OUTPUT: website : iwanttodeliver.com, time : 38, hop cnt : 5
[2021-12-06 16:11:45,486] client.Client<Client:e0034>:OUTPUT: Result of query for 9gag.com = 104.16.104.144
[2021-12-06 16:11:45,486] client.Client<Client:e0034>:OUTPUT: website : 9gag.com, time : 58, hop cnt : 7
[2021-12-06 16:11:45,520] client.Client<Client:e0034>:OUTPUT: Result of query for slack.com = 18.214.242.166
[2021-12-06 16:11:45,521] client.Client<Client:e0034>:OUTPUT: website : slack.com, time : 32, hop cnt : 5
[2021-12-06 16:11:45,548] client.Client<Client:e0034>:OUTPUT: Result of query for google.com.pe = 172.217.3.99
[2021-12-06 16:11:45,548] client.Client<Client:e0034>:OUTPUT: website : google.com.pe, time : 25, hop cnt : 5
[2021-12-06 16:11:45,571] client.Client<Client:e0034>:OUTPUT: Result of query for bankofamerica.com = 171.161.148.150
[2021-12-06 16:11:45,571] client.Client<Client:e0034>:OUTPUT: website : bankofamerica.com, time : 22, hop cnt : 4
[2021-12-06 16:11:45,607] client.Client<Client:e0034>:OUTPUT: Result of query for mercadolivre.com.br = 13.225.229.127
[2021-12-06 16:11:45,608] client.Client<Client:e0034>:OUTPUT: website : mercadolivre.com.br, time : 34, hop cnt : 5
[2021-12-06 16:11:45,649] client.Client<Client:e0034>:OUTPUT: Result of query for 4chan.org = 104.19.128.108
[2021-12-06 16:11:45,649] client.Client<Client:e0034>:OUTPUT: website : 4chan.org, time : 40, hop cnt : 5
[2021-12-06 16:11:45,677] client.Client<Client:e0034>:OUTPUT: Result of query for google.ro = 172.217.10.99
[2021-12-06 16:11:45,677] client.Client<Client:e0034>:OUTPUT: website : google.ro, time : 24, hop cnt : 4
[2021-12-06 16:11:45,711] client.Client<Client:e0034>:OUTPUT: Result of query for cpm10.com = 103.224.182.251
[2021-12-06 16:11:45,711] client.Client<Client:e0034>:OUTPUT: website : cpm10.com, time : 32, hop cnt : 5
[2021-12-06 16:11:45,740] client.Client<Client:e0034>:OUTPUT: Result of query for google.cz = 142.250.80.3
[2021-12-06 16:11:45,741] client.Client<Client:e0034>:OUTPUT: website : google.cz, time : 28, hop cnt : 5
[2021-12-06 16:11:45,794] client.Client<Client:e0034>:OUTPUT: Result of query for google.ch = 172.217.12.131
[2021-12-06 16:11:45,794] client.Client<Client:e0034>:OUTPUT: website : google.ch, time : 51, hop cnt : 5
[2021-12-06 16:11:45,827] client.Client<Client:e0034>:OUTPUT: Result of query for tripadvisor.com = 192.229.162.112
[2021-12-06 16:11:45,827] client.Client<Client:e0034>:OUTPUT: website : tripadvisor.com, time : 32, hop cnt : 4
[2021-12-06 16:11:45,871] client.Client<Client:e0034>:OUTPUT: Result of query for bet365.com = 5.226.176.16
[2021-12-06 16:11:45,872] client.Client<Client:e0034>:OUTPUT: website : bet365.com, time : 43, hop cnt : 6
[2021-12-06 16:11:45,904] client.Client<Client:e0034>:OUTPUT: Result of query for gfycat.com = 13.225.222.216
[2021-12-06 16:11:45,905] client.Client<Client:e0034>:OUTPUT: website : gfycat.com, time : 30, hop cnt : 4
[2021-12-06 16:11:45,957] client.Client<Client:e0034>:OUTPUT: Result of query for amazon.fr = 52.95.120.39
[2021-12-06 16:11:45,958] client.Client<Client:e0034>:OUTPUT: website : amazon.fr, time : 49, hop cnt : 6
[2021-12-06 16:11:45,992] client.Client<Client:e0034>:OUTPUT: Result of query for discordapp.com = 162.159.134.233
[2021-12-06 16:11:45,993] client.Client<Client:e0034>:OUTPUT: website : discordapp.com, time : 33, hop cnt : 6
[2021-12-06 16:11:46,034] client.Client<Client:e0034>:OUTPUT: Result of query for google.cl = 172.217.9.227
[2021-12-06 16:11:46,034] client.Client<Client:e0034>:OUTPUT: website : google.cl, time : 40, hop cnt : 6
[2021-12-06 16:11:46,077] client.Client<Client:e0034>:OUTPUT: Result of query for wellsfargo.com = 159.45.66.143
[2021-12-06 16:11:46,077] client.Client<Client:e0034>:OUTPUT: website : wellsfargo.com, time : 42, hop cnt : 5
[2021-12-06 16:11:46,127] client.Client<Client:e0034>:OUTPUT: Result of query for trello.com = 18.234.32.193
[2021-12-06 16:11:46,127] client.Client<Client:e0034>:OUTPUT: website : trello.com, time : 47, hop cnt : 5
[2021-12-06 16:11:46,155] client.Client<Client:e0034>:OUTPUT: Result of query for amazon.it = 52.95.120.36
[2021-12-06 16:11:46,155] client.Client<Client:e0034>:OUTPUT: website : amazon.it, time : 27, hop cnt : 5
[2021-12-06 16:11:46,179] client.Client<Client:e0034>:OUTPUT: Result of query for indiatimes.com = 23.33.172.134
[2021-12-06 16:11:46,180] client.Client<Client:e0034>:OUTPUT: website : indiatimes.com, time : 23, hop cnt : 4
[2021-12-06 16:11:46,213] client.Client<Client:e0034>:OUTPUT: Result of query for battle.net = 137.221.106.104
[2021-12-06 16:11:46,213] client.Client<Client:e0034>:OUTPUT: website : battle.net, time : 32, hop cnt : 4
[2021-12-06 16:11:46,269] client.Client<Client:e0034>:OUTPUT: Result of query for google.pt = 172.217.6.195
[2021-12-06 16:11:46,269] client.Client<Client:e0034>:OUTPUT: website : google.pt, time : 55, hop cnt : 7
[2021-12-06 16:11:46,302] client.Client<Client:e0034>:OUTPUT: Result of query for zillow.com = 13.225.229.65
[2021-12-06 16:11:46,302] client.Client<Client:e0034>:OUTPUT: website : zillow.com, time : 31, hop cnt : 4
[2021-12-06 16:11:46,345] client.Client<Client:e0034>:OUTPUT: Result of query for google.co.ao = 142.250.64.99
[2021-12-06 16:11:46,345] client.Client<Client:e0034>:OUTPUT: website : google.co.ao, time : 42, hop cnt : 5
[2021-12-06 16:11:46,361] client.Client<Client:e0034>:OUTPUT: Result of query for messenger.com = 31.13.71.1
[2021-12-06 16:11:46,361] client.Client<Client:e0034>:OUTPUT: website : messenger.com, time : 15, hop cnt : 3
[2021-12-06 16:11:46,399] client.Client<Client:e0034>:OUTPUT: Result of query for google.no = 172.217.7.3
[2021-12-06 16:11:46,399] client.Client<Client:e0034>:OUTPUT: website : google.no, time : 37, hop cnt : 6
[2021-12-06 16:11:46,418] client.Client<Client:e0034>:OUTPUT: Result of query for kinogo.club = 75.2.37.224
[2021-12-06 16:11:46,418] client.Client<Client:e0034>:OUTPUT: website : kinogo.club, time : 18, hop cnt : 2
[2021-12-06 16:11:46,461] client.Client<Client:e0034>:OUTPUT: Result of query for mama.cn = 134.175.173.148
[2021-12-06 16:11:46,461] client.Client<Client:e0034>:OUTPUT: website : mama.cn, time : 42, hop cnt : 6
[2021-12-06 16:11:46,494] client.Client<Client:e0034>:OUTPUT: Result of query for gamepedia.com = 104.27.138.186
[2021-12-06 16:11:46,496] client.Client<Client:e0034>:OUTPUT: website : gamepedia.com, time : 32, hop cnt : 4
[2021-12-06 16:11:46,524] client.Client<Client:e0034>:OUTPUT: Result of query for youporn.com = 66.254.114.79
[2021-12-06 16:11:46,524] client.Client<Client:e0034>:OUTPUT: website : youporn.com, time : 25, hop cnt : 4
[2021-12-06 16:11:46,551] client.Client<Client:e0034>:OUTPUT: Result of query for forbes.com = 151.101.130.49
[2021-12-06 16:11:46,551] client.Client<Client:e0034>:OUTPUT: website : forbes.com, time : 24, hop cnt : 4
[2021-12-06 16:11:46,578] client.Client<Client:e0034>:OUTPUT: Result of query for yts.ag = 172.67.202.48
[2021-12-06 16:11:46,579] client.Client<Client:e0034>:OUTPUT: website : yts.ag, time : 26, hop cnt : 5
[2021-12-06 16:11:46,624] client.Client<Client:e0034>:OUTPUT: Result of query for tokopedia.com = 47.74.244.18
[2021-12-06 16:11:46,624] client.Client<Client:e0034>:OUTPUT: website : tokopedia.com, time : 43, hop cnt : 5
[2021-12-06 16:11:46,681] client.Client<Client:e0034>:OUTPUT: Result of query for google.ae = 142.250.64.99
[2021-12-06 16:11:46,681] client.Client<Client:e0034>:OUTPUT: website : google.ae, time : 56, hop cnt : 6
[2021-12-06 16:11:46,709] client.Client<Client:e0034>:OUTPUT: Result of query for abs-cbn.com = 23.63.246.57
[2021-12-06 16:11:46,709] client.Client<Client:e0034>:OUTPUT: website : abs-cbn.com, time : 26, hop cnt : 3
[2021-12-06 16:11:46,741] client.Client<Client:e0034>:OUTPUT: Result of query for youm7.com = 104.18.6.4
[2021-12-06 16:11:46,741] client.Client<Client:e0034>:OUTPUT: website : youm7.com, time : 31, hop cnt : 4
[2021-12-06 16:11:46,783] client.Client<Client:e0034>:OUTPUT: Result of query for pipeschannels.com = 139.45.196.73
[2021-12-06 16:11:46,783] client.Client<Client:e0034>:OUTPUT: website : pipeschannels.com, time : 41, hop cnt : 4
[2021-12-06 16:11:46,795] client.Client<Client:e0034>:OUTPUT: Result of query for weather.com = 104.126.221.252
[2021-12-06 16:11:46,795] client.Client<Client:e0034>:OUTPUT: website : weather.com, time : 11, hop cnt : 2
[2021-12-06 16:11:46,840] client.Client<Client:e0034>:OUTPUT: Result of query for outbrain.com = 192.82.210.254
[2021-12-06 16:11:46,841] client.Client<Client:e0034>:OUTPUT: website : outbrain.com, time : 45, hop cnt : 6
[2021-12-06 16:11:46,881] client.Client<Client:e0034>:OUTPUT: Result of query for ameblo.jp = 151.101.1.83
[2021-12-06 16:11:46,882] client.Client<Client:e0034>:OUTPUT: website : ameblo.jp, time : 37, hop cnt : 5
[2021-12-06 16:11:46,907] client.Client<Client:e0034>:OUTPUT: Result of query for ikea.com = 204.74.99.103
[2021-12-06 16:11:46,908] client.Client<Client:e0034>:OUTPUT: website : ikea.com, time : 24, hop cnt : 3
[2021-12-06 16:11:46,953] client.Client<Client:e0034>:OUTPUT: Result of query for kakaku.com = 103.70.243.165
[2021-12-06 16:11:46,953] client.Client<Client:e0034>:OUTPUT: website : kakaku.com, time : 42, hop cnt : 5
[2021-12-06 16:11:46,998] client.Client<Client:e0034>:OUTPUT: Result of query for trackmedia101.com = 103.224.182.251
[2021-12-06 16:11:46,998] client.Client<Client:e0034>:OUTPUT: website : trackmedia101.com, time : 43, hop cnt : 6
[2021-12-06 16:11:47,044] client.Client<Client:e0034>:OUTPUT: Result of query for mega.nz = 66.203.127.12
[2021-12-06 16:11:47,045] client.Client<Client:e0034>:OUTPUT: website : mega.nz, time : 45, hop cnt : 5
[2021-12-06 16:11:47,082] client.Client<Client:e0034>:OUTPUT: Result of query for 39.net = 211.99.98.109
[2021-12-06 16:11:47,083] client.Client<Client:e0034>:OUTPUT: website : 39.net, time : 36, hop cnt : 6
[2021-12-06 16:11:47,114] client.Client<Client:e0034>:OUTPUT: Result of query for bilibili.com = 110.43.34.66
[2021-12-06 16:11:47,114] client.Client<Client:e0034>:OUTPUT: website : bilibili.com, time : 30, hop cnt : 5
[2021-12-06 16:11:47,140] client.Client<Client:e0034>:OUTPUT: Result of query for google.dz = 172.217.11.3
[2021-12-06 16:11:47,140] client.Client<Client:e0034>:OUTPUT: website : google.dz, time : 21, hop cnt : 3
[2021-12-06 16:11:47,174] client.Client<Client:e0034>:OUTPUT: Result of query for huffingtonpost.com = 98.136.103.23
[2021-12-06 16:11:47,174] client.Client<Client:e0034>:OUTPUT: website : huffingtonpost.com, time : 33, hop cnt : 5
[2021-12-06 16:11:47,198] client.Client<Client:e0034>:OUTPUT: Result of query for hotmovs.com = 172.64.106.9
[2021-12-06 16:11:47,198] client.Client<Client:e0034>:OUTPUT: website : hotmovs.com, time : 24, hop cnt : 2
[2021-12-06 16:11:47,222] client.Client<Client:e0034>:OUTPUT: Result of query for speedtest.net = 151.101.66.219
[2021-12-06 16:11:47,222] client.Client<Client:e0034>:OUTPUT: website : speedtest.net, time : 19, hop cnt : 3
[2021-12-06 16:11:47,256] client.Client<Client:e0034>:OUTPUT: Result of query for livejournal.com = 13.88.179.33
[2021-12-06 16:11:47,256] client.Client<Client:e0034>:OUTPUT: website : livejournal.com, time : 33, hop cnt : 5
[2021-12-06 16:11:47,289] client.Client<Client:e0034>:OUTPUT: Result of query for reimageplus.com = 161.47.7.14
[2021-12-06 16:11:47,289] client.Client<Client:e0034>:OUTPUT: website : reimageplus.com, time : 32, hop cnt : 5
[2021-12-06 16:11:47,327] client.Client<Client:e0034>:OUTPUT: Result of query for google.ie = 172.217.12.195
[2021-12-06 16:11:47,327] client.Client<Client:e0034>:OUTPUT: website : google.ie, time : 36, hop cnt : 5
[2021-12-06 16:11:47,380] client.Client<Client:e0034>:OUTPUT: Result of query for adexchangeprediction.com = 35.206.66.190
[2021-12-06 16:11:47,380] client.Client<Client:e0034>:OUTPUT: website : adexchangeprediction.com, time : 52, hop cnt : 7
[2021-12-06 16:11:47,422] client.Client<Client:e0034>:OUTPUT: Result of query for hotstar.com = 13.225.229.58
[2021-12-06 16:11:47,422] client.Client<Client:e0034>:OUTPUT: website : hotstar.com, time : 41, hop cnt : 6
[2021-12-06 16:11:47,447] client.Client<Client:e0034>:OUTPUT: Result of query for rarbg.to = 185.37.100.122
[2021-12-06 16:11:47,447] client.Client<Client:e0034>:OUTPUT: website : rarbg.to, time : 23, hop cnt : 5
[2021-12-06 16:11:47,482] client.Client<Client:e0034>:OUTPUT: Result of query for wetransfer.com = 46.51.201.69
[2021-12-06 16:11:47,482] client.Client<Client:e0034>:OUTPUT: website : wetransfer.com, time : 34, hop cnt : 5
[2021-12-06 16:11:47,524] client.Client<Client:e0034>:OUTPUT: Result of query for ign.com = 52.3.55.210
[2021-12-06 16:11:47,524] client.Client<Client:e0034>:OUTPUT: website : ign.com, time : 41, hop cnt : 6
[2021-12-06 16:11:47,569] client.Client<Client:e0034>:OUTPUT: Result of query for doubleclick.net = 172.217.12.174
[2021-12-06 16:11:47,570] client.Client<Client:e0034>:OUTPUT: website : doubleclick.net, time : 44, hop cnt : 6
[2021-12-06 16:11:47,610] client.Client<Client:e0034>:OUTPUT: Result of query for google.hu = 172.217.12.195
[2021-12-06 16:11:47,610] client.Client<Client:e0034>:OUTPUT: website : google.hu, time : 39, hop cnt : 6
[2021-12-06 16:11:47,636] client.Client<Client:e0034>:OUTPUT: Result of query for irctc.co.in = 103.252.142.18
[2021-12-06 16:11:47,636] client.Client<Client:e0034>:OUTPUT: website : irctc.co.in, time : 25, hop cnt : 3
[2021-12-06 16:11:47,666] client.Client<Client:e0034>:OUTPUT: Result of query for foxnews.com = 23.215.185.14
[2021-12-06 16:11:47,666] client.Client<Client:e0034>:OUTPUT: website : foxnews.com, time : 27, hop cnt : 4
[2021-12-06 16:11:47,711] client.Client<Client:e0034>:OUTPUT: Result of query for aol.com = 212.82.100.150
[2021-12-06 16:11:47,711] client.Client<Client:e0034>:OUTPUT: website : aol.com, time : 40, hop cnt : 4
[2021-12-06 16:11:47,758] client.Client<Client:e0034>:OUTPUT: Result of query for google.co.il = 172.217.11.35
[2021-12-06 16:11:47,758] client.Client<Client:e0034>:OUTPUT: website : google.co.il, time : 47, hop cnt : 5
[2021-12-06 16:11:47,795] client.Client<Client:e0034>:OUTPUT: Result of query for archive.org = 207.241.224.2
[2021-12-06 16:11:47,795] client.Client<Client:e0034>:OUTPUT: website : archive.org, time : 36, hop cnt : 5
[2021-12-06 16:11:47,834] client.Client<Client:e0034>:OUTPUT: Result of query for airbnb.com = 52.45.221.244
[2021-12-06 16:11:47,834] client.Client<Client:e0034>:OUTPUT: website : airbnb.com, time : 38, hop cnt : 5
[2021-12-06 16:11:47,873] client.Client<Client:e0034>:OUTPUT: Result of query for allegro.pl = 5.134.213.82
[2021-12-06 16:11:47,873] client.Client<Client:e0034>:OUTPUT: website : allegro.pl, time : 38, hop cnt : 4
[2021-12-06 16:11:47,910] client.Client<Client:e0034>:OUTPUT: Result of query for bestbuy.com = 2.21.42.99
[2021-12-06 16:11:47,910] client.Client<Client:e0034>:OUTPUT: website : bestbuy.com, time : 36, hop cnt : 4
[2021-12-06 16:11:47,952] client.Client<Client:e0034>:OUTPUT: Result of query for amazon.cn = 54.222.60.218
[2021-12-06 16:11:47,952] client.Client<Client:e0034>:OUTPUT: website : amazon.cn, time : 41, hop cnt : 6
[2021-12-06 16:11:47,986] client.Client<Client:e0034>:OUTPUT: Result of query for leboncoin.fr = 35.181.111.82
[2021-12-06 16:11:47,986] client.Client<Client:e0034>:OUTPUT: website : leboncoin.fr, time : 32, hop cnt : 5
[2021-12-06 16:11:48,019] client.Client<Client:e0034>:OUTPUT: Result of query for google.dk = 172.217.11.3
[2021-12-06 16:11:48,019] client.Client<Client:e0034>:OUTPUT: website : google.dk, time : 30, hop cnt : 4
[2021-12-06 16:11:48,053] client.Client<Client:e0034>:OUTPUT: Result of query for cnblogs.com = 101.37.97.51
[2021-12-06 16:11:48,053] client.Client<Client:e0034>:OUTPUT: website : cnblogs.com, time : 32, hop cnt : 5
[2021-12-06 16:11:48,088] client.Client<Client:e0034>:OUTPUT: Result of query for bitauto.com = 59.151.116.98
[2021-12-06 16:11:48,088] client.Client<Client:e0034>:OUTPUT: website : bitauto.com, time : 34, hop cnt : 5
[2021-12-06 16:11:48,127] client.Client<Client:e0034>:OUTPUT: Result of query for dingit.tv = 172.67.189.193
[2021-12-06 16:11:48,127] client.Client<Client:e0034>:OUTPUT: website : dingit.tv, time : 38, hop cnt : 6
[2021-12-06 16:11:48,172] client.Client<Client:e0034>:OUTPUT: Result of query for feedly.com = 104.20.59.241
[2021-12-06 16:11:48,172] client.Client<Client:e0034>:OUTPUT: website : feedly.com, time : 44, hop cnt : 6
[2021-12-06 16:11:48,218] client.Client<Client:e0034>:OUTPUT: Result of query for sumatoad.com = 34.102.136.180
[2021-12-06 16:11:48,218] client.Client<Client:e0034>:OUTPUT: website : sumatoad.com, time : 45, hop cnt : 7
[2021-12-06 16:11:48,239] client.Client<Client:e0034>:OUTPUT: Result of query for amazon.es = 54.239.33.90
[2021-12-06 16:11:48,239] client.Client<Client:e0034>:OUTPUT: website : amazon.es, time : 20, hop cnt : 3
[2021-12-06 16:11:48,292] client.Client<Client:e0034>:OUTPUT: Result of query for freepik.com = 51.81.249.114
[2021-12-06 16:11:48,292] client.Client<Client:e0034>:OUTPUT: website : freepik.com, time : 51, hop cnt : 6
[2021-12-06 16:11:48,345] client.Client<Client:e0034>:OUTPUT: Result of query for shutterstock.com = 99.83.219.164
[2021-12-06 16:11:48,345] client.Client<Client:e0034>:OUTPUT: website : shutterstock.com, time : 53, hop cnt : 6
[2021-12-06 16:11:48,395] client.Client<Client:e0034>:OUTPUT: Result of query for wikimedia.org = 208.80.154.224
[2021-12-06 16:11:48,395] client.Client<Client:e0034>:OUTPUT: website : wikimedia.org, time : 49, hop cnt : 5
[2021-12-06 16:11:48,429] client.Client<Client:e0034>:OUTPUT: Result of query for google.fi = 142.250.80.3
[2021-12-06 16:11:48,429] client.Client<Client:e0034>:OUTPUT: website : google.fi, time : 33, hop cnt : 4
[2021-12-06 16:11:48,458] client.Client<Client:e0034>:OUTPUT: Result of query for huaban.com = 115.231.100.109
[2021-12-06 16:11:48,458] client.Client<Client:e0034>:OUTPUT: website : huaban.com, time : 27, hop cnt : 4
[2021-12-06 16:11:48,512] client.Client<Client:e0034>:OUTPUT: Result of query for skype.com = 40.121.80.200
[2021-12-06 16:11:48,512] client.Client<Client:e0034>:OUTPUT: website : skype.com, time : 53, hop cnt : 7
[2021-12-06 16:11:48,557] client.Client<Client:e0034>:OUTPUT: Result of query for caijing.com.cn = 124.243.192.30
[2021-12-06 16:11:48,557] client.Client<Client:e0034>:OUTPUT: website : caijing.com.cn, time : 44, hop cnt : 6
[2021-12-06 16:11:48,593] client.Client<Client:e0034>:OUTPUT: Result of query for ebay-kleinanzeigen.de = 34.107.128.149
[2021-12-06 16:11:48,593] client.Client<Client:e0034>:OUTPUT: website : ebay-kleinanzeigen.de, time : 35, hop cnt : 4
[2021-12-06 16:11:48,639] client.Client<Client:e0034>:OUTPUT: Result of query for businessinsider.com = 151.101.65.171
[2021-12-06 16:11:48,639] client.Client<Client:e0034>:OUTPUT: website : businessinsider.com, time : 45, hop cnt : 7
[2021-12-06 16:11:48,670] client.Client<Client:e0034>:OUTPUT: Result of query for k618.cn = 123.103.56.42
[2021-12-06 16:11:48,670] client.Client<Client:e0034>:OUTPUT: website : k618.cn, time : 30, hop cnt : 4
[2021-12-06 16:11:48,708] client.Client<Client:e0034>:OUTPUT: Result of query for breitbart.com = 35.241.35.213
[2021-12-06 16:11:48,708] client.Client<Client:e0034>:OUTPUT: website : breitbart.com, time : 35, hop cnt : 5
[2021-12-06 16:11:48,742] client.Client<Client:e0034>:OUTPUT: Result of query for liputan6.com = 18.136.137.12
[2021-12-06 16:11:48,742] client.Client<Client:e0034>:OUTPUT: website : liputan6.com, time : 33, hop cnt : 5
[2021-12-06 16:11:48,790] client.Client<Client:e0034>:OUTPUT: Result of query for kinopoisk.ru = 87.250.251.105
[2021-12-06 16:11:48,790] client.Client<Client:e0034>:OUTPUT: website : kinopoisk.ru, time : 47, hop cnt : 6
[2021-12-06 16:11:48,828] client.Client<Client:e0034>:OUTPUT: Result of query for onlinevideoconverter.com = 94.228.214.149
[2021-12-06 16:11:48,828] client.Client<Client:e0034>:OUTPUT: website : onlinevideoconverter.com, time : 37, hop cnt : 4
[2021-12-06 16:11:48,849] client.Client<Client:e0034>:OUTPUT: Result of query for wordreference.com = 23.111.171.90
[2021-12-06 16:11:48,849] client.Client<Client:e0034>:OUTPUT: website : wordreference.com, time : 20, hop cnt : 4
[2021-12-06 16:11:48,899] client.Client<Client:e0034>:OUTPUT: Result of query for kompas.com = 52.220.50.242
[2021-12-06 16:11:48,899] client.Client<Client:e0034>:OUTPUT: website : kompas.com, time : 46, hop cnt : 6
[2021-12-06 16:11:48,945] client.Client<Client:e0034>:OUTPUT: Result of query for hdzog.com = 172.64.103.16
[2021-12-06 16:11:48,945] client.Client<Client:e0034>:OUTPUT: website : hdzog.com, time : 45, hop cnt : 5
[2021-12-06 16:11:48,976] client.Client<Client:e0034>:OUTPUT: Result of query for chinadaily.com.cn = 111.13.49.147
[2021-12-06 16:11:48,976] client.Client<Client:e0034>:OUTPUT: website : chinadaily.com.cn, time : 30, hop cnt : 4
[2021-12-06 16:11:49,007] client.Client<Client:e0034>:OUTPUT: Result of query for giphy.com = 151.101.1.185
[2021-12-06 16:11:49,007] client.Client<Client:e0034>:OUTPUT: website : giphy.com, time : 29, hop cnt : 4
[2021-12-06 16:11:49,049] client.Client<Client:e0034>:OUTPUT: Result of query for sberbank.ru = 194.54.14.168
[2021-12-06 16:11:49,049] client.Client<Client:e0034>:OUTPUT: website : sberbank.ru, time : 41, hop cnt : 5
[2021-12-06 16:11:49,104] client.Client<Client:e0034>:OUTPUT: Result of query for zippyshare.com = 145.239.9.15
[2021-12-06 16:11:49,104] client.Client<Client:e0034>:OUTPUT: website : zippyshare.com, time : 54, hop cnt : 7
[2021-12-06 16:11:49,142] client.Client<Client:e0034>:OUTPUT: Result of query for rutracker.org = 195.82.146.214
[2021-12-06 16:11:49,142] client.Client<Client:e0034>:OUTPUT: website : rutracker.org, time : 37, hop cnt : 6
[2021-12-06 16:11:49,181] client.Client<Client:e0034>:OUTPUT: Result of query for spankbang.com = 104.19.137.100
[2021-12-06 16:11:49,181] client.Client<Client:e0034>:OUTPUT: website : spankbang.com, time : 38, hop cnt : 4
[2021-12-06 16:11:49,208] client.Client<Client:e0034>:OUTPUT: Result of query for flickr.com = 13.225.221.223
[2021-12-06 16:11:49,208] client.Client<Client:e0034>:OUTPUT: website : flickr.com, time : 26, hop cnt : 6
[2021-12-06 16:11:49,229] client.Client<Client:e0034>:OUTPUT: Result of query for genius.com = 104.18.18.96
[2021-12-06 16:11:49,229] client.Client<Client:e0034>:OUTPUT: website : genius.com, time : 20, hop cnt : 3
[2021-12-06 16:11:49,274] client.Client<Client:e0034>:OUTPUT: Result of query for 2ch.net = 172.67.0.175
[2021-12-06 16:11:49,274] client.Client<Client:e0034>:OUTPUT: website : 2ch.net, time : 43, hop cnt : 6
[2021-12-06 16:11:49,298] client.Client<Client:e0034>:OUTPUT: Result of query for tfetimes.com = 192.124.249.20
[2021-12-06 16:11:49,298] client.Client<Client:e0034>:OUTPUT: website : tfetimes.com, time : 22, hop cnt : 3
[2021-12-06 16:11:49,336] client.Client<Client:e0034>:OUTPUT: Result of query for espncricinfo.com = 52.16.254.202
[2021-12-06 16:11:49,336] client.Client<Client:e0034>:OUTPUT: website : espncricinfo.com, time : 33, hop cnt : 5
[2021-12-06 16:11:49,363] client.Client<Client:e0034>:OUTPUT: Result of query for mediawhirl.net = 103.224.182.251
[2021-12-06 16:11:49,363] client.Client<Client:e0034>:OUTPUT: website : mediawhirl.net, time : 25, hop cnt : 4
[2021-12-06 16:11:49,403] client.Client<Client:e0034>:OUTPUT: Result of query for gamefaqs.com = 151.101.1.188
[2021-12-06 16:11:49,403] client.Client<Client:e0034>:OUTPUT: website : gamefaqs.com, time : 34, hop cnt : 4
[2021-12-06 16:11:49,450] client.Client<Client:e0034>:OUTPUT: Result of query for sourceforge.net = 216.105.38.13
[2021-12-06 16:11:49,450] client.Client<Client:e0034>:OUTPUT: website : sourceforge.net, time : 45, hop cnt : 5
[2021-12-06 16:11:49,483] client.Client<Client:e0034>:OUTPUT: Result of query for scribd.com = 151.101.66.152
[2021-12-06 16:11:49,483] client.Client<Client:e0034>:OUTPUT: website : scribd.com, time : 32, hop cnt : 6
[2021-12-06 16:11:49,526] client.Client<Client:e0034>:OUTPUT: Result of query for telegram.org = 149.154.167.99
[2021-12-06 16:11:49,526] client.Client<Client:e0034>:OUTPUT: website : telegram.org, time : 42, hop cnt : 5
[2021-12-06 16:11:49,559] client.Client<Client:e0034>:OUTPUT: Result of query for researchgate.net = 209.15.209.70
[2021-12-06 16:11:49,559] client.Client<Client:e0034>:OUTPUT: website : researchgate.net, time : 32, hop cnt : 5
[2021-12-06 16:11:49,606] client.Client<Client:e0034>:OUTPUT: Result of query for gismeteo.ru = 185.134.203.245
[2021-12-06 16:11:49,606] client.Client<Client:e0034>:OUTPUT: website : gismeteo.ru, time : 46, hop cnt : 5
[2021-12-06 16:11:49,627] client.Client<Client:e0034>:OUTPUT: Result of query for mailchimp.com = 104.107.30.72
[2021-12-06 16:11:49,627] client.Client<Client:e0034>:OUTPUT: website : mailchimp.com, time : 20, hop cnt : 4
[2021-12-06 16:11:49,685] client.Client<Client:e0034>:OUTPUT: Result of query for accuweather.com = 96.6.22.112
[2021-12-06 16:11:49,685] client.Client<Client:e0034>:OUTPUT: website : accuweather.com, time : 57, hop cnt : 6
[2021-12-06 16:11:49,721] client.Client<Client:e0034>:OUTPUT: Result of query for xfinity.com = 96.114.14.140
[2021-12-06 16:11:49,721] client.Client<Client:e0034>:OUTPUT: website : xfinity.com, time : 34, hop cnt : 5
[2021-12-06 16:11:49,759] client.Client<Client:e0034>:OUTPUT: Result of query for aliyun.com = 140.205.135.3
[2021-12-06 16:11:49,759] client.Client<Client:e0034>:OUTPUT: website : aliyun.com, time : 37, hop cnt : 6
[2021-12-06 16:11:49,793] client.Client<Client:e0034>:OUTPUT: Result of query for homedepot.com = 35.201.95.83
[2021-12-06 16:11:49,794] client.Client<Client:e0034>:OUTPUT: website : homedepot.com, time : 33, hop cnt : 5
[2021-12-06 16:11:49,815] client.Client<Client:e0034>:OUTPUT: Result of query for sabah.com.tr = 194.36.160.15
[2021-12-06 16:11:49,815] client.Client<Client:e0034>:OUTPUT: website : sabah.com.tr, time : 19, hop cnt : 3
[2021-12-06 16:11:49,870] client.Client<Client:e0034>:OUTPUT: Result of query for web.de = 82.165.229.138
[2021-12-06 16:11:49,870] client.Client<Client:e0034>:OUTPUT: website : web.de, time : 51, hop cnt : 6
[2021-12-06 16:11:49,898] client.Client<Client:e0034>:OUTPUT: Result of query for eastday.com = 222.73.244.10
[2021-12-06 16:11:49,898] client.Client<Client:e0034>:OUTPUT: website : eastday.com, time : 26, hop cnt : 5
[2021-12-06 16:11:49,937] client.Client<Client:e0034>:OUTPUT: Result of query for gmx.net = 82.165.229.87
[2021-12-06 16:11:49,937] client.Client<Client:e0034>:OUTPUT: website : gmx.net, time : 34, hop cnt : 5
[2021-12-06 16:11:49,968] client.Client<Client:e0034>:OUTPUT: Result of query for leagueoflegends.com = 100.24.150.101
[2021-12-06 16:11:49,969] client.Client<Client:e0034>:OUTPUT: website : leagueoflegends.com, time : 30, hop cnt : 5
[2021-12-06 16:11:49,993] client.Client<Client:e0034>:OUTPUT: Result of query for rumble.com = 169.44.97.2
[2021-12-06 16:11:49,993] client.Client<Client:e0034>:OUTPUT: website : rumble.com, time : 20, hop cnt : 3
[2021-12-06 16:11:50,019] client.Client<Client:e0034>:OUTPUT: Result of query for asos.com = 23.222.12.65
[2021-12-06 16:11:50,019] client.Client<Client:e0034>:OUTPUT: website : asos.com, time : 25, hop cnt : 4
[2021-12-06 16:11:50,050] client.Client<Client:e0034>:OUTPUT: Result of query for varzesh3.com = 94.182.163.51
[2021-12-06 16:11:50,050] client.Client<Client:e0034>:OUTPUT: website : varzesh3.com, time : 29, hop cnt : 5
[2021-12-06 16:11:50,094] client.Client<Client:e0034>:OUTPUT: Result of query for daum.net = 203.133.167.16
[2021-12-06 16:11:50,094] client.Client<Client:e0034>:OUTPUT: website : daum.net, time : 43, hop cnt : 6
[2021-12-06 16:11:50,129] client.Client<Client:e0034>:OUTPUT: Result of query for google.sk = 172.217.3.99
[2021-12-06 16:11:50,129] client.Client<Client:e0034>:OUTPUT: website : google.sk, time : 34, hop cnt : 5
[2021-12-06 16:11:50,152] client.Client<Client:e0034>:OUTPUT: Result of query for naver.jp = 119.235.235.13
[2021-12-06 16:11:50,152] client.Client<Client:e0034>:OUTPUT: website : naver.jp, time : 21, hop cnt : 4
[2021-12-06 16:11:50,192] client.Client<Client:e0034>:OUTPUT: Result of query for medium.com = 104.16.122.127
[2021-12-06 16:11:50,192] client.Client<Client:e0034>:OUTPUT: website : medium.com, time : 39, hop cnt : 5
[2021-12-06 16:11:50,219] client.Client<Client:e0034>:OUTPUT: Result of query for ouo.io = 172.67.6.151
[2021-12-06 16:11:50,220] client.Client<Client:e0034>:OUTPUT: website : ouo.io, time : 26, hop cnt : 4
[2021-12-06 16:11:50,250] client.Client<Client:e0034>:OUTPUT: Result of query for hola.com = 62.22.171.58
[2021-12-06 16:11:50,250] client.Client<Client:e0034>:OUTPUT: website : hola.com, time : 28, hop cnt : 5
[2021-12-06 16:11:50,268] client.Client<Client:e0034>:OUTPUT: Result of query for thesaurus.com = 151.101.66.133
[2021-12-06 16:11:50,268] client.Client<Client:e0034>:OUTPUT: website : thesaurus.com, time : 18, hop cnt : 2
[2021-12-06 16:11:50,289] client.Client<Client:e0034>:OUTPUT: Result of query for shopify.com = 34.75.184.70
[2021-12-06 16:11:50,289] client.Client<Client:e0034>:OUTPUT: website : shopify.com, time : 19, hop cnt : 3
[2021-12-06 16:11:50,343] client.Client<Client:e0034>:OUTPUT: Result of query for orange.fr = 193.252.133.34
[2021-12-06 16:11:50,343] client.Client<Client:e0034>:OUTPUT: website : orange.fr, time : 53, hop cnt : 6
[2021-12-06 16:11:50,369] client.Client<Client:e0034>:OUTPUT: Result of query for digikala.com = 185.188.105.10
[2021-12-06 16:11:50,369] client.Client<Client:e0034>:OUTPUT: website : digikala.com, time : 25, hop cnt : 3
[2021-12-06 16:11:50,392] client.Client<Client:e0034>:OUTPUT: Result of query for rt.com = 207.244.80.170
[2021-12-06 16:11:50,392] client.Client<Client:e0034>:OUTPUT: website : rt.com, time : 20, hop cnt : 3
[2021-12-06 16:11:50,410] client.Client<Client:e0034>:OUTPUT: Result of query for ndtv.com = 96.6.28.59
[2021-12-06 16:11:50,410] client.Client<Client:e0034>:OUTPUT: website : ndtv.com, time : 17, hop cnt : 2
[2021-12-06 16:11:50,442] client.Client<Client:e0034>:OUTPUT: Result of query for oracle.com = 137.254.120.50
[2021-12-06 16:11:50,442] client.Client<Client:e0034>:OUTPUT: website : oracle.com, time : 31, hop cnt : 4
[2021-12-06 16:11:50,475] client.Client<Client:e0034>:OUTPUT: Result of query for telegraph.co.uk = 13.225.229.40
[2021-12-06 16:11:50,475] client.Client<Client:e0034>:OUTPUT: website : telegraph.co.uk, time : 31, hop cnt : 4
[2021-12-06 16:11:50,500] client.Client<Client:e0034>:OUTPUT: Result of query for wordpress.org = 198.143.164.252
[2021-12-06 16:11:50,500] client.Client<Client:e0034>:OUTPUT: website : wordpress.org, time : 23, hop cnt : 4
[2021-12-06 16:11:50,538] client.Client<Client:e0034>:OUTPUT: Result of query for olx.ua = 13.225.229.19
[2021-12-06 16:11:50,538] client.Client<Client:e0034>:OUTPUT: website : olx.ua, time : 36, hop cnt : 5
[2021-12-06 16:11:50,573] client.Client<Client:e0034>:OUTPUT: Result of query for zendesk.com = 34.225.199.37
[2021-12-06 16:11:50,573] client.Client<Client:e0034>:OUTPUT: website : zendesk.com, time : 34, hop cnt : 5
[2021-12-06 16:11:50,615] client.Client<Client:e0034>:OUTPUT: Result of query for amazon.ca = 54.239.18.172
[2021-12-06 16:11:50,615] client.Client<Client:e0034>:OUTPUT: website : amazon.ca, time : 41, hop cnt : 7
[2021-12-06 16:11:50,662] client.Client<Client:e0034>:OUTPUT: Result of query for samsung.com = 211.45.27.231
[2021-12-06 16:11:50,663] client.Client<Client:e0034>:OUTPUT: website : samsung.com, time : 46, hop cnt : 6
[2021-12-06 16:11:50,694] client.Client<Client:e0034>:OUTPUT: Result of query for icloud.com = 17.253.144.10
[2021-12-06 16:11:50,694] client.Client<Client:e0034>:OUTPUT: website : icloud.com, time : 30, hop cnt : 4
[2021-12-06 16:11:50,724] client.Client<Client:e0034>:OUTPUT: Result of query for cricbuzz.com = 35.200.167.142
[2021-12-06 16:11:50,724] client.Client<Client:e0034>:OUTPUT: website : cricbuzz.com, time : 28, hop cnt : 4
[2021-12-06 16:11:50,757] client.Client<Client:e0034>:OUTPUT: Result of query for gearbest.com = 34.217.151.167
[2021-12-06 16:11:50,757] client.Client<Client:e0034>:OUTPUT: website : gearbest.com, time : 32, hop cnt : 4
[2021-12-06 16:11:50,785] client.Client<Client:e0034>:OUTPUT: Result of query for userapi.com = 87.240.190.64
[2021-12-06 16:11:50,785] client.Client<Client:e0034>:OUTPUT: website : userapi.com, time : 27, hop cnt : 4
[2021-12-06 16:11:50,819] client.Client<Client:e0034>:OUTPUT: Result of query for goodreads.com = 52.94.226.87
[2021-12-06 16:11:50,819] client.Client<Client:e0034>:OUTPUT: website : goodreads.com, time : 31, hop cnt : 4
[2021-12-06 16:11:50,850] client.Client<Client:e0034>:OUTPUT: Result of query for goo.ne.jp = 114.179.184.93
[2021-12-06 16:11:50,850] client.Client<Client:e0034>:OUTPUT: website : goo.ne.jp, time : 30, hop cnt : 3
[2021-12-06 16:11:50,897] client.Client<Client:e0034>:OUTPUT: Result of query for capitalone.com = 204.63.40.34
[2021-12-06 16:11:50,897] client.Client<Client:e0034>:OUTPUT: website : capitalone.com, time : 46, hop cnt : 6
[2021-12-06 16:11:50,930] client.Client<Client:e0034>:OUTPUT: Result of query for bukalapak.com = 34.120.254.97
[2021-12-06 16:11:50,930] client.Client<Client:e0034>:OUTPUT: website : bukalapak.com, time : 31, hop cnt : 3
[2021-12-06 16:11:50,971] client.Client<Client:e0034>:OUTPUT: Result of query for streamable.com = 151.101.65.63
[2021-12-06 16:11:50,971] client.Client<Client:e0034>:OUTPUT: website : streamable.com, time : 37, hop cnt : 4
[2021-12-06 16:11:51,018] client.Client<Client:e0034>:OUTPUT: Result of query for weebly.com = 74.115.50.109
[2021-12-06 16:11:51,018] client.Client<Client:e0034>:OUTPUT: website : weebly.com, time : 46, hop cnt : 5
[2021-12-06 16:11:51,064] client.Client<Client:e0034>:OUTPUT: Result of query for taboola.com = 151.101.2.132
[2021-12-06 16:11:51,064] client.Client<Client:e0034>:OUTPUT: website : taboola.com, time : 43, hop cnt : 5
[2021-12-06 16:11:51,092] client.Client<Client:e0034>:OUTPUT: Result of query for hp.com = 15.72.164.74
[2021-12-06 16:11:51,093] client.Client<Client:e0034>:OUTPUT: website : hp.com, time : 26, hop cnt : 5
[2021-12-06 16:11:51,120] client.Client<Client:e0034>:OUTPUT: Result of query for hulu.com = 23.218.69.247
[2021-12-06 16:11:51,120] client.Client<Client:e0034>:OUTPUT: website : hulu.com, time : 26, hop cnt : 5
[2021-12-06 16:11:51,165] client.Client<Client:e0034>:OUTPUT: Result of query for americanexpress.com = 104.66.111.139
[2021-12-06 16:11:51,165] client.Client<Client:e0034>:OUTPUT: website : americanexpress.com, time : 44, hop cnt : 5
[2021-12-06 16:11:51,191] client.Client<Client:e0034>:OUTPUT: Result of query for google.kz = 172.217.12.132
[2021-12-06 16:11:51,191] client.Client<Client:e0034>:OUTPUT: website : google.kz, time : 25, hop cnt : 5
[2021-12-06 16:11:51,223] client.Client<Client:e0034>:OUTPUT: Result of query for iqoption.com = 185.117.134.130
[2021-12-06 16:11:51,223] client.Client<Client:e0034>:OUTPUT: website : iqoption.com, time : 29, hop cnt : 5
[2021-12-06 16:11:51,272] client.Client<Client:e0034>:OUTPUT: Result of query for target.com = 151.101.2.187
[2021-12-06 16:11:51,272] client.Client<Client:e0034>:OUTPUT: website : target.com, time : 49, hop cnt : 5
[2021-12-06 16:11:51,302] client.Client<Client:e0034>:OUTPUT: Result of query for beeg.com = 192.243.54.98
[2021-12-06 16:11:51,303] client.Client<Client:e0034>:OUTPUT: website : beeg.com, time : 27, hop cnt : 4
[2021-12-06 16:11:51,343] client.Client<Client:e0034>:OUTPUT: Result of query for usps.com = 56.0.134.100
[2021-12-06 16:11:51,343] client.Client<Client:e0034>:OUTPUT: website : usps.com, time : 39, hop cnt : 5
[2021-12-06 16:11:51,394] client.Client<Client:e0034>:OUTPUT: Result of query for ci123.com = 202.102.90.108
[2021-12-06 16:11:51,394] client.Client<Client:e0034>:OUTPUT: website : ci123.com, time : 49, hop cnt : 6
[2021-12-06 16:11:51,426] client.Client<Client:e0034>:OUTPUT: Result of query for kaskus.co.id = 103.6.117.2
[2021-12-06 16:11:51,426] client.Client<Client:e0034>:OUTPUT: website : kaskus.co.id, time : 31, hop cnt : 5
[2021-12-06 16:11:51,477] client.Client<Client:e0034>:OUTPUT: Result of query for weevah2.top = 104.247.82.73
[2021-12-06 16:11:51,477] client.Client<Client:e0034>:OUTPUT: website : weevah2.top, time : 50, hop cnt : 6
[2021-12-06 16:11:51,512] client.Client<Client:e0034>:OUTPUT: Result of query for subscene.com = 104.21.234.74
[2021-12-06 16:11:51,512] client.Client<Client:e0034>:OUTPUT: website : subscene.com, time : 34, hop cnt : 5
[2021-12-06 16:11:51,536] client.Client<Client:e0034>:OUTPUT: Result of query for repubblica.it = 213.92.16.101
[2021-12-06 16:11:51,536] client.Client<Client:e0034>:OUTPUT: website : repubblica.it, time : 20, hop cnt : 4
[2021-12-06 16:11:51,573] client.Client<Client:e0034>:OUTPUT: Result of query for providr.com = 34.102.136.180
[2021-12-06 16:11:51,573] client.Client<Client:e0034>:OUTPUT: website : providr.com, time : 35, hop cnt : 4
[2021-12-06 16:11:51,625] client.Client<Client:e0034>:OUTPUT: Result of query for onet.pl = 213.180.141.140
[2021-12-06 16:11:51,625] client.Client<Client:e0034>:OUTPUT: website : onet.pl, time : 52, hop cnt : 6
[2021-12-06 16:11:51,655] client.Client<Client:e0034>:OUTPUT: Result of query for aparat.com = 185.147.178.11
[2021-12-06 16:11:51,655] client.Client<Client:e0034>:OUTPUT: website : aparat.com, time : 28, hop cnt : 3
[2021-12-06 16:11:51,705] client.Client<Client:e0034>:OUTPUT: Result of query for ups.com = 153.2.228.50
[2021-12-06 16:11:51,705] client.Client<Client:e0034>:OUTPUT: website : ups.com, time : 50, hop cnt : 7
[2021-12-06 16:11:51,742] client.Client<Client:e0034>:OUTPUT: Result of query for youdao.com = 103.72.47.249
[2021-12-06 16:11:51,742] client.Client<Client:e0034>:OUTPUT: website : youdao.com, time : 35, hop cnt : 5
[2021-12-06 16:11:51,790] client.Client<Client:e0034>:OUTPUT: Result of query for evernote.com = 35.190.29.187
[2021-12-06 16:11:51,790] client.Client<Client:e0034>:OUTPUT: website : evernote.com, time : 48, hop cnt : 6
[2021-12-06 16:11:51,818] client.Client<Client:e0034>:OUTPUT: Result of query for independent.co.uk = 151.101.193.184
[2021-12-06 16:11:51,818] client.Client<Client:e0034>:OUTPUT: website : independent.co.uk, time : 26, hop cnt : 4
[2021-12-06 16:11:51,855] client.Client<Client:e0034>:OUTPUT: Result of query for canva.com = 162.159.129.45
[2021-12-06 16:11:51,855] client.Client<Client:e0034>:OUTPUT: website : canva.com, time : 36, hop cnt : 5
[2021-12-06 16:11:51,911] client.Client<Client:e0034>:OUTPUT: Result of query for hatena.ne.jp = 3.115.142.243
[2021-12-06 16:11:51,911] client.Client<Client:e0034>:OUTPUT: website : hatena.ne.jp, time : 55, hop cnt : 6
[2021-12-06 16:11:51,937] client.Client<Client:e0034>:OUTPUT: Result of query for rottentomatoes.com = 104.102.216.224
[2021-12-06 16:11:51,937] client.Client<Client:e0034>:OUTPUT: website : rottentomatoes.com, time : 23, hop cnt : 3
[2021-12-06 16:11:51,992] client.Client<Client:e0034>:OUTPUT: Result of query for nownews.com = 107.167.188.74
[2021-12-06 16:11:51,992] client.Client<Client:e0034>:OUTPUT: website : nownews.com, time : 54, hop cnt : 6
[2021-12-06 16:11:52,025] client.Client<Client:e0034>:OUTPUT: Result of query for hdfcbank.com = 104.16.108.25
[2021-12-06 16:11:52,025] client.Client<Client:e0034>:OUTPUT: website : hdfcbank.com, time : 32, hop cnt : 3
[2021-12-06 16:11:52,088] client.Client<Client:e0034>:OUTPUT: Result of query for wittyfeed.com = 172.67.194.74
[2021-12-06 16:11:52,088] client.Client<Client:e0034>:OUTPUT: website : wittyfeed.com, time : 62, hop cnt : 7
[2021-12-06 16:11:52,132] client.Client<Client:e0034>:OUTPUT: Result of query for spiegel.de = 128.65.210.8
[2021-12-06 16:11:52,132] client.Client<Client:e0034>:OUTPUT: website : spiegel.de, time : 43, hop cnt : 5
[2021-12-06 16:11:52,189] client.Client<Client:e0034>:OUTPUT: Result of query for elpais.com = 104.77.178.166
[2021-12-06 16:11:52,190] client.Client<Client:e0034>:OUTPUT: website : elpais.com, time : 55, hop cnt : 6
[2021-12-06 16:11:52,226] client.Client<Client:e0034>:OUTPUT: Result of query for taleo.net = 68.233.77.233
[2021-12-06 16:11:52,226] client.Client<Client:e0034>:OUTPUT: website : taleo.net, time : 35, hop cnt : 4
[2021-12-06 16:11:52,280] client.Client<Client:e0034>:OUTPUT: Result of query for bet9ja.com = 185.179.62.2
[2021-12-06 16:11:52,280] client.Client<Client:e0034>:OUTPUT: website : bet9ja.com, time : 52, hop cnt : 6
[2021-12-06 16:11:52,325] client.Client<Client:e0034>:OUTPUT: Result of query for ibm.com = 129.42.38.10
[2021-12-06 16:11:52,325] client.Client<Client:e0034>:OUTPUT: website : ibm.com, time : 44, hop cnt : 6
[2021-12-06 16:11:52,385] client.Client<Client:e0034>:OUTPUT: Result of query for yesky.com = 119.3.245.74
[2021-12-06 16:11:52,385] client.Client<Client:e0034>:OUTPUT: website : yesky.com, time : 60, hop cnt : 5
[2021-12-06 16:11:52,415] client.Client<Client:e0034>:OUTPUT: Result of query for boredpanda.com = 34.193.118.149
[2021-12-06 16:11:52,415] client.Client<Client:e0034>:OUTPUT: website : boredpanda.com, time : 27, hop cnt : 5
[2021-12-06 16:11:52,444] client.Client<Client:e0034>:OUTPUT: Result of query for udemy.com = 104.16.66.85
[2021-12-06 16:11:52,444] client.Client<Client:e0034>:OUTPUT: website : udemy.com, time : 28, hop cnt : 5
[2021-12-06 16:11:52,474] client.Client<Client:e0034>:OUTPUT: Result of query for livedoor.jp = 203.104.153.16
[2021-12-06 16:11:52,474] client.Client<Client:e0034>:OUTPUT: website : livedoor.jp, time : 29, hop cnt : 6
[2021-12-06 16:11:52,522] client.Client<Client:e0034>:OUTPUT: Result of query for iqiyi.com = 111.206.13.63
[2021-12-06 16:11:52,522] client.Client<Client:e0034>:OUTPUT: website : iqiyi.com, time : 46, hop cnt : 7
[2021-12-06 16:11:52,572] client.Client<Client:e0034>:OUTPUT: Result of query for duckduckgo.com = 52.149.246.39
[2021-12-06 16:11:52,572] client.Client<Client:e0034>:OUTPUT: website : duckduckgo.com, time : 49, hop cnt : 6
[2021-12-06 16:11:52,607] client.Client<Client:e0034>:OUTPUT: Result of query for hatenablog.com = 13.230.115.161
[2021-12-06 16:11:52,607] client.Client<Client:e0034>:OUTPUT: website : hatenablog.com, time : 34, hop cnt : 4
[2021-12-06 16:11:52,646] client.Client<Client:e0034>:OUTPUT: Result of query for sciencedirect.com = 162.159.129.81
[2021-12-06 16:11:52,646] client.Client<Client:e0034>:OUTPUT: website : sciencedirect.com, time : 37, hop cnt : 5
[2021-12-06 16:11:52,708] client.Client<Client:e0034>:OUTPUT: Result of query for fiverr.com = 104.18.254.23
[2021-12-06 16:11:52,708] client.Client<Client:e0034>:OUTPUT: website : fiverr.com, time : 61, hop cnt : 8
[2021-12-06 16:11:52,754] client.Client<Client:e0034>:OUTPUT: Result of query for wp.pl = 212.77.98.9
[2021-12-06 16:11:52,754] client.Client<Client:e0034>:OUTPUT: website : wp.pl, time : 45, hop cnt : 5
[2021-12-06 16:11:52,789] client.Client<Client:e0034>:OUTPUT: Result of query for mlb.com = 34.102.169.19
[2021-12-06 16:11:52,789] client.Client<Client:e0034>:OUTPUT: website : mlb.com, time : 34, hop cnt : 4
[2021-12-06 16:11:52,814] client.Client<Client:e0034>:OUTPUT: Result of query for mercadolibre.com.ar = 13.225.229.38
[2021-12-06 16:11:52,814] client.Client<Client:e0034>:OUTPUT: website : mercadolibre.com.ar, time : 24, hop cnt : 5
[2021-12-06 16:11:52,846] client.Client<Client:e0034>:OUTPUT: Result of query for go.com = 23.236.60.174
[2021-12-06 16:11:52,846] client.Client<Client:e0034>:OUTPUT: website : go.com, time : 28, hop cnt : 5
[2021-12-06 16:11:52,890] client.Client<Client:e0034>:OUTPUT: Result of query for gyazo.com = 35.186.213.112
[2021-12-06 16:11:52,890] client.Client<Client:e0034>:OUTPUT: website : gyazo.com, time : 39, hop cnt : 5
[2021-12-06 16:11:52,928] client.Client<Client:e0034>:OUTPUT: Result of query for reverso.net = 54.36.69.215
[2021-12-06 16:11:52,928] client.Client<Client:e0034>:OUTPUT: website : reverso.net, time : 36, hop cnt : 4
[2021-12-06 16:11:52,973] client.Client<Client:e0034>:OUTPUT: Result of query for ensonhaber.com = 172.67.4.66
[2021-12-06 16:11:52,973] client.Client<Client:e0034>:OUTPUT: website : ensonhaber.com, time : 41, hop cnt : 5
[2021-12-06 16:11:53,006] client.Client<Client:e0034>:OUTPUT: Result of query for setn.com = 54.238.119.86
[2021-12-06 16:11:53,006] client.Client<Client:e0034>:OUTPUT: website : setn.com, time : 32, hop cnt : 4
[2021-12-06 16:11:53,039] client.Client<Client:e0034>:OUTPUT: Result of query for patreon.com = 104.16.7.49
[2021-12-06 16:11:53,039] client.Client<Client:e0034>:OUTPUT: website : patreon.com, time : 31, hop cnt : 4
[2021-12-06 16:11:53,057] client.Client<Client:e0034>:OUTPUT: Result of query for google.com.kw = 172.217.12.195
[2021-12-06 16:11:53,057] client.Client<Client:e0034>:OUTPUT: website : google.com.kw, time : 17, hop cnt : 2
[2021-12-06 16:11:53,102] client.Client<Client:e0034>:OUTPUT: Result of query for line.me = 203.104.138.138
[2021-12-06 16:11:53,102] client.Client<Client:e0034>:OUTPUT: website : line.me, time : 44, hop cnt : 6
[2021-12-06 16:11:53,151] client.Client<Client:e0034>:OUTPUT: Result of query for jrj.com.cn = 118.186.210.142
[2021-12-06 16:11:53,152] client.Client<Client:e0034>:OUTPUT: website : jrj.com.cn, time : 48, hop cnt : 6
[2021-12-06 16:11:53,191] client.Client<Client:e0034>:OUTPUT: Result of query for myanimelist.net = 13.225.229.79
[2021-12-06 16:11:53,191] client.Client<Client:e0034>:OUTPUT: website : myanimelist.net, time : 38, hop cnt : 5
[2021-12-06 16:11:53,251] client.Client<Client:e0034>:OUTPUT: Result of query for upwork.com = 104.18.89.237
[2021-12-06 16:11:53,251] client.Client<Client:e0034>:OUTPUT: website : upwork.com, time : 60, hop cnt : 6
[2021-12-06 16:11:53,290] client.Client<Client:e0034>:OUTPUT: Result of query for intuit.com = 104.122.150.250
[2021-12-06 16:11:53,290] client.Client<Client:e0034>:OUTPUT: website : intuit.com, time : 36, hop cnt : 5
[2021-12-06 16:11:53,361] client.Client<Client:e0034>:OUTPUT: Result of query for nametests.com = 104.16.51.93
[2021-12-06 16:11:53,361] client.Client<Client:e0034>:OUTPUT: website : nametests.com, time : 70, hop cnt : 7
[2021-12-06 16:11:53,393] client.Client<Client:e0034>:OUTPUT: Result of query for mobileofferplace.site = 104.28.2.186
[2021-12-06 16:11:53,393] client.Client<Client:e0034>:OUTPUT: website : mobileofferplace.site, time : 31, hop cnt : 5
[2021-12-06 16:11:53,432] client.Client<Client:e0034>:OUTPUT: Result of query for seasonvar.ru = 172.67.203.91
[2021-12-06 16:11:53,432] client.Client<Client:e0034>:OUTPUT: website : seasonvar.ru, time : 38, hop cnt : 5
[2021-12-06 16:11:53,473] client.Client<Client:e0034>:OUTPUT: Result of query for dell.com = 143.166.147.101
[2021-12-06 16:11:53,474] client.Client<Client:e0034>:OUTPUT: website : dell.com, time : 39, hop cnt : 5
[2021-12-06 16:11:53,500] client.Client<Client:e0034>:OUTPUT: Result of query for bloomberg.com = 69.191.252.15
[2021-12-06 16:11:53,500] client.Client<Client:e0034>:OUTPUT: website : bloomberg.com, time : 25, hop cnt : 4
[2021-12-06 16:11:53,534] client.Client<Client:e0034>:OUTPUT: Result of query for cerpen.co.id = 172.67.134.100
[2021-12-06 16:11:53,534] client.Client<Client:e0034>:OUTPUT: website : cerpen.co.id, time : 33, hop cnt : 4
[2021-12-06 16:11:53,589] client.Client<Client:e0034>:OUTPUT: Result of query for playstation.com = 209.200.152.199
[2021-12-06 16:11:53,589] client.Client<Client:e0034>:OUTPUT: website : playstation.com, time : 54, hop cnt : 6
[2021-12-06 16:11:53,608] client.Client<Client:e0034>:OUTPUT: Result of query for urbandictionary.com = 151.101.64.207
[2021-12-06 16:11:53,608] client.Client<Client:e0034>:OUTPUT: website : urbandictionary.com, time : 18, hop cnt : 3
[2021-12-06 16:11:53,653] client.Client<Client:e0034>:OUTPUT: Result of query for behance.net = 151.101.193.197
[2021-12-06 16:11:53,653] client.Client<Client:e0034>:OUTPUT: website : behance.net, time : 44, hop cnt : 6
[2021-12-06 16:11:53,686] client.Client<Client:e0034>:OUTPUT: Result of query for fedex.com = 204.135.13.155
[2021-12-06 16:11:53,686] client.Client<Client:e0034>:OUTPUT: website : fedex.com, time : 32, hop cnt : 5
[2021-12-06 16:11:53,729] client.Client<Client:e0034>:OUTPUT: Result of query for groupon.com = 184.87.54.217
[2021-12-06 16:11:53,729] client.Client<Client:e0034>:OUTPUT: website : groupon.com, time : 42, hop cnt : 6
[2021-12-06 16:11:53,756] client.Client<Client:e0034>:OUTPUT: Result of query for qiita.com = 54.250.212.128
[2021-12-06 16:11:53,756] client.Client<Client:e0034>:OUTPUT: website : qiita.com, time : 26, hop cnt : 5
[2021-12-06 16:11:53,788] client.Client<Client:e0034>:OUTPUT: Result of query for exoclick.com = 94.23.144.230
[2021-12-06 16:11:53,788] client.Client<Client:e0034>:OUTPUT: website : exoclick.com, time : 29, hop cnt : 4
[2021-12-06 16:11:53,821] client.Client<Client:e0034>:OUTPUT: Result of query for box.com = 107.152.27.201
[2021-12-06 16:11:53,822] client.Client<Client:e0034>:OUTPUT: website : box.com, time : 33, hop cnt : 4
[2021-12-06 16:11:53,852] client.Client<Client:e0034>:OUTPUT: Result of query for scribol.com = 104.24.104.90
[2021-12-06 16:11:53,852] client.Client<Client:e0034>:OUTPUT: website : scribol.com, time : 29, hop cnt : 5
[2021-12-06 16:11:53,889] client.Client<Client:e0034>:OUTPUT: Result of query for doublepimp.com = 192.152.95.129
[2021-12-06 16:11:53,889] client.Client<Client:e0034>:OUTPUT: website : doublepimp.com, time : 35, hop cnt : 5
[2021-12-06 16:11:53,932] client.Client<Client:e0034>:OUTPUT: Result of query for glassdoor.com = 104.17.91.51
[2021-12-06 16:11:53,932] client.Client<Client:e0034>:OUTPUT: website : glassdoor.com, time : 42, hop cnt : 4
[2021-12-06 16:11:53,968] client.Client<Client:e0034>:OUTPUT: Result of query for uidai.gov.in = 103.57.226.101
[2021-12-06 16:11:53,968] client.Client<Client:e0034>:OUTPUT: website : uidai.gov.in, time : 35, hop cnt : 6
[2021-12-06 16:11:53,988] client.Client<Client:e0034>:OUTPUT: Result of query for theverge.com = 151.101.129.52
[2021-12-06 16:11:53,988] client.Client<Client:e0034>:OUTPUT: website : theverge.com, time : 19, hop cnt : 3
[2021-12-06 16:11:53,998] client.Client<Client:e0034>:OUTPUT: Result of query for marca.com = 52.174.157.78
[2021-12-06 16:11:53,999] client.Client<Client:e0034>:OUTPUT: website : marca.com, time : 9, hop cnt : 2
[2021-12-06 16:11:54,058] client.Client<Client:e0034>:OUTPUT: Result of query for coinmarketcap.com = 104.17.137.178
[2021-12-06 16:11:54,058] client.Client<Client:e0034>:OUTPUT: website : coinmarketcap.com, time : 60, hop cnt : 8
[2021-12-06 16:11:54,096] client.Client<Client:e0034>:OUTPUT: Result of query for wix.com = 185.230.63.164
[2021-12-06 16:11:54,096] client.Client<Client:e0034>:OUTPUT: website : wix.com, time : 37, hop cnt : 5
[2021-12-06 16:11:54,117] client.Client<Client:e0034>:OUTPUT: Result of query for slickdeals.net = 104.77.178.172
[2021-12-06 16:11:54,117] client.Client<Client:e0034>:OUTPUT: website : slickdeals.net, time : 19, hop cnt : 4
[2021-12-06 16:11:54,143] client.Client<Client:e0034>:OUTPUT: Result of query for baike.com = 122.14.230.164
[2021-12-06 16:11:54,143] client.Client<Client:e0034>:OUTPUT: website : baike.com, time : 24, hop cnt : 3
[2021-12-06 16:11:54,188] client.Client<Client:e0034>:OUTPUT: Result of query for rediff.com = 88.221.90.136
[2021-12-06 16:11:54,188] client.Client<Client:e0034>:OUTPUT: website : rediff.com, time : 44, hop cnt : 6
[2021-12-06 16:11:54,224] client.Client<Client:e0034>:OUTPUT: Result of query for google.co.nz = 172.217.6.195
[2021-12-06 16:11:54,224] client.Client<Client:e0034>:OUTPUT: website : google.co.nz, time : 34, hop cnt : 4
[2021-12-06 16:11:54,264] client.Client<Client:e0034>:OUTPUT: Result of query for haber7.com = 185.195.231.35
[2021-12-06 16:11:54,264] client.Client<Client:e0034>:OUTPUT: website : haber7.com, time : 39, hop cnt : 5
[2021-12-06 16:11:54,291] client.Client<Client:e0034>:OUTPUT: Result of query for free.fr = 212.27.48.10
[2021-12-06 16:11:54,291] client.Client<Client:e0034>:OUTPUT: website : free.fr, time : 24, hop cnt : 4
[2021-12-06 16:11:54,327] client.Client<Client:e0034>:OUTPUT: Result of query for patch.com = 151.101.129.177
[2021-12-06 16:11:54,327] client.Client<Client:e0034>:OUTPUT: website : patch.com, time : 35, hop cnt : 6
[2021-12-06 16:11:54,346] client.Client<Client:e0034>:OUTPUT: Result of query for ultimate-guitar.com = 178.18.22.152
[2021-12-06 16:11:54,346] client.Client<Client:e0034>:OUTPUT: website : ultimate-guitar.com, time : 18, hop cnt : 4
[2021-12-06 16:11:54,408] client.Client<Client:e0034>:OUTPUT: Result of query for 163.com = 123.58.180.7
[2021-12-06 16:11:54,408] client.Client<Client:e0034>:OUTPUT: website : 163.com, time : 57, hop cnt : 6
[2021-12-06 16:11:54,450] client.Client<Client:e0034>:OUTPUT: Result of query for zoho.com = 204.141.32.155
[2021-12-06 16:11:54,451] client.Client<Client:e0034>:OUTPUT: website : zoho.com, time : 41, hop cnt : 4
[2021-12-06 16:11:54,487] client.Client<Client:e0034>:OUTPUT: Result of query for onedio.com = 104.16.229.51
[2021-12-06 16:11:54,488] client.Client<Client:e0034>:OUTPUT: website : onedio.com, time : 34, hop cnt : 4
[2021-12-06 16:11:54,533] client.Client<Client:e0034>:OUTPUT: Result of query for pandora.com = 208.85.40.158
[2021-12-06 16:11:54,533] client.Client<Client:e0034>:OUTPUT: website : pandora.com, time : 44, hop cnt : 6
[2021-12-06 16:11:54,562] client.Client<Client:e0034>:OUTPUT: Result of query for google.bg = 172.217.9.227
[2021-12-06 16:11:54,562] client.Client<Client:e0034>:OUTPUT: website : google.bg, time : 27, hop cnt : 3
[2021-12-06 16:11:54,596] client.Client<Client:e0034>:OUTPUT: Result of query for taringa.net = 104.16.249.39
[2021-12-06 16:11:54,596] client.Client<Client:e0034>:OUTPUT: website : taringa.net, time : 29, hop cnt : 4
[2021-12-06 16:11:54,624] client.Client<Client:e0034>:OUTPUT: Result of query for sportbible.com = 104.16.93.22
[2021-12-06 16:11:54,624] client.Client<Client:e0034>:OUTPUT: website : sportbible.com, time : 26, hop cnt : 5
[2021-12-06 16:11:54,681] client.Client<Client:e0034>:OUTPUT: Result of query for citi.com = 192.193.102.176
[2021-12-06 16:11:54,681] client.Client<Client:e0034>:OUTPUT: website : citi.com, time : 56, hop cnt : 7
[2021-12-06 16:11:54,704] client.Client<Client:e0034>:OUTPUT: Result of query for kickstarter.com = 151.101.2.217
[2021-12-06 16:11:54,704] client.Client<Client:e0034>:OUTPUT: website : kickstarter.com, time : 22, hop cnt : 3
[2021-12-06 16:11:54,738] client.Client<Client:e0034>:OUTPUT: Result of query for ebay.it = 66.135.195.175
[2021-12-06 16:11:54,738] client.Client<Client:e0034>:OUTPUT: website : ebay.it, time : 32, hop cnt : 4
[2021-12-06 16:11:54,774] client.Client<Client:e0034>:OUTPUT: Result of query for icicibank.com = 203.27.235.25
[2021-12-06 16:11:54,774] client.Client<Client:e0034>:OUTPUT: website : icicibank.com, time : 35, hop cnt : 4
[2021-12-06 16:11:54,823] client.Client<Client:e0034>:OUTPUT: Result of query for seznam.cz = 77.75.75.172
[2021-12-06 16:11:54,823] client.Client<Client:e0034>:OUTPUT: website : seznam.cz, time : 48, hop cnt : 6
[2021-12-06 16:11:54,868] client.Client<Client:e0034>:OUTPUT: Result of query for biobiochile.cl = 143.244.35.157
[2021-12-06 16:11:54,868] client.Client<Client:e0034>:OUTPUT: website : biobiochile.cl, time : 44, hop cnt : 6
[2021-12-06 16:11:54,889] client.Client<Client:e0034>:OUTPUT: Result of query for gizmodo.com = 151.101.194.166
[2021-12-06 16:11:54,889] client.Client<Client:e0034>:OUTPUT: website : gizmodo.com, time : 20, hop cnt : 4
[2021-12-06 16:11:54,925] client.Client<Client:e0034>:OUTPUT: Result of query for wowhead.com = 104.18.31.49
[2021-12-06 16:11:54,925] client.Client<Client:e0034>:OUTPUT: website : wowhead.com, time : 35, hop cnt : 4
[2021-12-06 16:11:54,957] client.Client<Client:e0034>:OUTPUT: Result of query for manoramaonline.com = 104.98.140.7
[2021-12-06 16:11:54,957] client.Client<Client:e0034>:OUTPUT: website : manoramaonline.com, time : 31, hop cnt : 4
[2021-12-06 16:11:54,996] client.Client<Client:e0034>:OUTPUT: Result of query for t-online.de = 62.138.239.100
[2021-12-06 16:11:54,996] client.Client<Client:e0034>:OUTPUT: website : t-online.de, time : 37, hop cnt : 5
[2021-12-06 16:11:55,041] client.Client<Client:e0034>:OUTPUT: Result of query for lifebuzz.com = 13.225.229.84
[2021-12-06 16:11:55,041] client.Client<Client:e0034>:OUTPUT: website : lifebuzz.com, time : 44, hop cnt : 6
[2021-12-06 16:11:55,083] client.Client<Client:e0034>:OUTPUT: Result of query for lazada.co.id = 47.89.92.195
[2021-12-06 16:11:55,083] client.Client<Client:e0034>:OUTPUT: website : lazada.co.id, time : 41, hop cnt : 6
[2021-12-06 16:11:55,116] client.Client<Client:e0034>:OUTPUT: Result of query for cnzz.com = 203.119.169.175
[2021-12-06 16:11:55,117] client.Client<Client:e0034>:OUTPUT: website : cnzz.com, time : 31, hop cnt : 5
[2021-12-06 16:11:55,155] client.Client<Client:e0034>:OUTPUT: Result of query for conservativetribune.com = 104.26.2.6
[2021-12-06 16:11:55,155] client.Client<Client:e0034>:OUTPUT: website : conservativetribune.com, time : 37, hop cnt : 4
[2021-12-06 16:11:55,184] client.Client<Client:e0034>:OUTPUT: Result of query for wattpad.com = 13.225.229.64
[2021-12-06 16:11:55,184] client.Client<Client:e0034>:OUTPUT: website : wattpad.com, time : 27, hop cnt : 4
[2021-12-06 16:11:55,230] client.Client<Client:e0034>:OUTPUT: Result of query for sahibinden.com = 85.111.30.111
[2021-12-06 16:11:55,230] client.Client<Client:e0034>:OUTPUT: website : sahibinden.com, time : 44, hop cnt : 5
[2021-12-06 16:11:55,278] client.Client<Client:e0034>:OUTPUT: Result of query for ebay.com.au = 66.135.195.175
[2021-12-06 16:11:55,278] client.Client<Client:e0034>:OUTPUT: website : ebay.com.au, time : 47, hop cnt : 5
[2021-12-06 16:11:55,333] client.Client<Client:e0034>:OUTPUT: Result of query for pixabay.com = 104.18.21.183
[2021-12-06 16:11:55,333] client.Client<Client:e0034>:OUTPUT: website : pixabay.com, time : 54, hop cnt : 7
[2021-12-06 16:11:55,374] client.Client<Client:e0034>:OUTPUT: Result of query for naukri.com = 54.251.103.25
[2021-12-06 16:11:55,374] client.Client<Client:e0034>:OUTPUT: website : naukri.com, time : 40, hop cnt : 6
[2021-12-06 16:11:55,397] client.Client<Client:e0034>:OUTPUT: Result of query for yandex.ua = 154.47.36.66
[2021-12-06 16:11:55,397] client.Client<Client:e0034>:OUTPUT: website : yandex.ua, time : 22, hop cnt : 3
[2021-12-06 16:11:55,448] client.Client<Client:e0034>:OUTPUT: Result of query for launchpage.org = 109.236.89.110
[2021-12-06 16:11:55,448] client.Client<Client:e0034>:OUTPUT: website : launchpage.org, time : 50, hop cnt : 5
[2021-12-06 16:11:55,488] client.Client<Client:e0034>:OUTPUT: Result of query for umblr.com = 74.114.154.17
[2021-12-06 16:11:55,488] client.Client<Client:e0034>:OUTPUT: website : umblr.com, time : 38, hop cnt : 5
[2021-12-06 16:11:55,525] client.Client<Client:e0034>:OUTPUT: Result of query for webmd.com = 207.231.204.56
[2021-12-06 16:11:55,525] client.Client<Client:e0034>:OUTPUT: website : webmd.com, time : 35, hop cnt : 5
[2021-12-06 16:11:55,563] client.Client<Client:e0034>:OUTPUT: Result of query for goal.com = 185.42.238.89
[2021-12-06 16:11:55,563] client.Client<Client:e0034>:OUTPUT: website : goal.com, time : 37, hop cnt : 4
[2021-12-06 16:11:55,625] client.Client<Client:e0034>:OUTPUT: Result of query for gamer.com.tw = 104.16.182.30
[2021-12-06 16:11:55,625] client.Client<Client:e0034>:OUTPUT: website : gamer.com.tw, time : 59, hop cnt : 5
[2021-12-06 16:11:55,673] client.Client<Client:e0034>:OUTPUT: Result of query for gsmarena.com = 148.251.96.211
[2021-12-06 16:11:55,673] client.Client<Client:e0034>:OUTPUT: website : gsmarena.com, time : 46, hop cnt : 6
[2021-12-06 16:11:55,721] client.Client<Client:e0034>:OUTPUT: Result of query for tutorialspoint.com = 95.217.74.146
[2021-12-06 16:11:55,722] client.Client<Client:e0034>:OUTPUT: website : tutorialspoint.com, time : 48, hop cnt : 6
[2021-12-06 16:11:55,759] client.Client<Client:e0034>:OUTPUT: Result of query for billdesk.com = 210.210.24.66
[2021-12-06 16:11:55,759] client.Client<Client:e0034>:OUTPUT: website : billdesk.com, time : 35, hop cnt : 4
[2021-12-06 16:11:55,774] client.Client<Client:e0034>:OUTPUT: Result of query for libero.it = 213.209.17.209
[2021-12-06 16:11:55,774] client.Client<Client:e0034>:OUTPUT: website : libero.it, time : 15, hop cnt : 3
[2021-12-06 16:11:55,797] client.Client<Client:e0034>:OUTPUT: Result of query for reuters.com = 52.2.61.110
[2021-12-06 16:11:55,798] client.Client<Client:e0034>:OUTPUT: website : reuters.com, time : 23, hop cnt : 6
[2021-12-06 16:11:55,841] client.Client<Client:e0034>:OUTPUT: Result of query for list-manage.com = 205.201.132.96
[2021-12-06 16:11:55,841] client.Client<Client:e0034>:OUTPUT: website : list-manage.com, time : 41, hop cnt : 6
[2021-12-06 16:11:55,879] client.Client<Client:e0034>:OUTPUT: Result of query for mercadolibre.com.mx = 13.225.229.122
[2021-12-06 16:11:55,879] client.Client<Client:e0034>:OUTPUT: website : mercadolibre.com.mx, time : 37, hop cnt : 6
[2021-12-06 16:11:55,943] client.Client<Client:e0034>:OUTPUT: Result of query for poloniex.com = 104.18.216.39
[2021-12-06 16:11:55,943] client.Client<Client:e0034>:OUTPUT: website : poloniex.com, time : 64, hop cnt : 7
[2021-12-06 16:11:55,988] client.Client<Client:e0034>:OUTPUT: Result of query for paytm.com = 35.154.153.141
[2021-12-06 16:11:55,988] client.Client<Client:e0034>:OUTPUT: website : paytm.com, time : 41, hop cnt : 7
[2021-12-06 16:11:56,044] client.Client<Client:e0034>:OUTPUT: Result of query for olx.pl = 13.225.229.21
[2021-12-06 16:11:56,045] client.Client<Client:e0034>:OUTPUT: website : olx.pl, time : 54, hop cnt : 6
[2021-12-06 16:11:56,098] client.Client<Client:e0034>:OUTPUT: Result of query for google.lk = 172.217.12.131
[2021-12-06 16:11:56,098] client.Client<Client:e0034>:OUTPUT: website : google.lk, time : 53, hop cnt : 7
[2021-12-06 16:11:56,125] client.Client<Client:e0034>:OUTPUT: Result of query for bleacherreport.com = 151.101.129.5
[2021-12-06 16:11:56,125] client.Client<Client:e0034>:OUTPUT: website : bleacherreport.com, time : 24, hop cnt : 3
[2021-12-06 16:11:56,164] client.Client<Client:e0034>:OUTPUT: Result of query for google.rs = 172.217.9.227
[2021-12-06 16:11:56,164] client.Client<Client:e0034>:OUTPUT: website : google.rs, time : 37, hop cnt : 4
[2021-12-06 16:11:56,202] client.Client<Client:e0034>:OUTPUT: Result of query for shaparak.ir = 185.167.72.34
[2021-12-06 16:11:56,202] client.Client<Client:e0034>:OUTPUT: website : shaparak.ir, time : 36, hop cnt : 6
[2021-12-06 16:11:56,220] client.Client<Client:e0034>:OUTPUT: Result of query for emol.com = 200.12.26.60
[2021-12-06 16:11:56,220] client.Client<Client:e0034>:OUTPUT: website : emol.com, time : 16, hop cnt : 4
[2021-12-06 16:11:56,273] client.Client<Client:e0034>:OUTPUT: Result of query for tube8.com = 66.254.114.239
[2021-12-06 16:11:56,273] client.Client<Client:e0034>:OUTPUT: website : tube8.com, time : 53, hop cnt : 6
[2021-12-06 16:11:56,288] client.Client<Client:e0034>:OUTPUT: Result of query for blackboard.com = 104.209.183.225
[2021-12-06 16:11:56,288] client.Client<Client:e0034>:OUTPUT: website : blackboard.com, time : 15, hop cnt : 3
[2021-12-06 16:11:56,326] client.Client<Client:e0034>:OUTPUT: Result of query for pantip.com = 139.99.68.204
[2021-12-06 16:11:56,326] client.Client<Client:e0034>:OUTPUT: website : pantip.com, time : 38, hop cnt : 5
[2021-12-06 16:11:56,359] client.Client<Client:e0034>:OUTPUT: Result of query for vporn.com = 172.67.68.12
[2021-12-06 16:11:56,359] client.Client<Client:e0034>:OUTPUT: website : vporn.com, time : 32, hop cnt : 5
[2021-12-06 16:11:56,396] client.Client<Client:e0034>:OUTPUT: Result of query for pikabu.ru = 91.228.152.42
[2021-12-06 16:11:56,396] client.Client<Client:e0034>:OUTPUT: website : pikabu.ru, time : 35, hop cnt : 5
[2021-12-06 16:11:56,424] client.Client<Client:e0034>:OUTPUT: Result of query for expedia.com = 104.102.208.50
[2021-12-06 16:11:56,424] client.Client<Client:e0034>:OUTPUT: website : expedia.com, time : 27, hop cnt : 4
[2021-12-06 16:11:56,464] client.Client<Client:e0034>:OUTPUT: Result of query for filehippo.com = 35.186.241.3
[2021-12-06 16:11:56,464] client.Client<Client:e0034>:OUTPUT: website : filehippo.com, time : 39, hop cnt : 5
[2021-12-06 16:11:56,496] client.Client<Client:e0034>:OUTPUT: Result of query for friv.com = 192.96.201.39
[2021-12-06 16:11:56,496] client.Client<Client:e0034>:OUTPUT: website : friv.com, time : 30, hop cnt : 5
[2021-12-06 16:11:56,521] client.Client<Client:e0034>:OUTPUT: Result of query for usatoday.com = 159.54.242.176
[2021-12-06 16:11:56,521] client.Client<Client:e0034>:OUTPUT: website : usatoday.com, time : 23, hop cnt : 3
[2021-12-06 16:11:56,559] client.Client<Client:e0034>:OUTPUT: Result of query for nur.kz = 91.215.139.234
[2021-12-06 16:11:56,559] client.Client<Client:e0034>:OUTPUT: website : nur.kz, time : 37, hop cnt : 5
[2021-12-06 16:11:56,596] client.Client<Client:e0034>:OUTPUT: Result of query for chatwork.com = 13.225.229.29
[2021-12-06 16:11:56,596] client.Client<Client:e0034>:OUTPUT: website : chatwork.com, time : 36, hop cnt : 5
[2021-12-06 16:11:56,630] client.Client<Client:e0034>:OUTPUT: Result of query for merdeka.com = 34.87.36.195
[2021-12-06 16:11:56,631] client.Client<Client:e0034>:OUTPUT: website : merdeka.com, time : 33, hop cnt : 4
[2021-12-06 16:11:56,680] client.Client<Client:e0034>:OUTPUT: Result of query for xda-developers.com = 104.18.18.88
[2021-12-06 16:11:56,680] client.Client<Client:e0034>:OUTPUT: website : xda-developers.com, time : 48, hop cnt : 5
[2021-12-06 16:11:56,715] client.Client<Client:e0034>:OUTPUT: Result of query for pulseonclick.com = 104.18.26.30
[2021-12-06 16:11:56,716] client.Client<Client:e0034>:OUTPUT: website : pulseonclick.com, time : 34, hop cnt : 5
[2021-12-06 16:11:56,748] client.Client<Client:e0034>:OUTPUT: Result of query for ptt.cc = 140.112.172.4
[2021-12-06 16:11:56,748] client.Client<Client:e0034>:OUTPUT: website : ptt.cc, time : 30, hop cnt : 5
[2021-12-06 16:11:56,803] client.Client<Client:e0034>:OUTPUT: Result of query for vtv.vn = 123.30.151.73
[2021-12-06 16:11:56,803] client.Client<Client:e0034>:OUTPUT: website : vtv.vn, time : 54, hop cnt : 8
[2021-12-06 16:11:56,842] client.Client<Client:e0034>:OUTPUT: Result of query for humblebundle.com = 104.20.35.236
[2021-12-06 16:11:56,842] client.Client<Client:e0034>:OUTPUT: website : humblebundle.com, time : 38, hop cnt : 6
[2021-12-06 16:11:56,887] client.Client<Client:e0034>:OUTPUT: Result of query for instructure.com = 54.191.191.127
[2021-12-06 16:11:56,887] client.Client<Client:e0034>:OUTPUT: website : instructure.com, time : 44, hop cnt : 6
[2021-12-06 16:11:56,925] client.Client<Client:e0034>:OUTPUT: Result of query for ck101.com = 104.16.75.98
[2021-12-06 16:11:56,925] client.Client<Client:e0034>:OUTPUT: website : ck101.com, time : 37, hop cnt : 6
[2021-12-06 16:11:56,955] client.Client<Client:e0034>:OUTPUT: Result of query for dictionary.com = 151.101.66.133
[2021-12-06 16:11:56,955] client.Client<Client:e0034>:OUTPUT: website : dictionary.com, time : 29, hop cnt : 4
[2021-12-06 16:11:56,976] client.Client<Client:e0034>:OUTPUT: Result of query for hilltopads.net = 208.88.225.39
[2021-12-06 16:11:56,976] client.Client<Client:e0034>:OUTPUT: website : hilltopads.net, time : 20, hop cnt : 3
[2021-12-06 16:11:57,018] client.Client<Client:e0034>:OUTPUT: Result of query for wiktionary.org = 208.80.154.224
[2021-12-06 16:11:57,019] client.Client<Client:e0034>:OUTPUT: website : wiktionary.org, time : 37, hop cnt : 5
[2021-12-06 16:11:57,054] client.Client<Client:e0034>:OUTPUT: Result of query for tvbs.com.tw = 13.225.229.2
[2021-12-06 16:11:57,054] client.Client<Client:e0034>:OUTPUT: website : tvbs.com.tw, time : 33, hop cnt : 5
[2021-12-06 16:11:57,094] client.Client<Client:e0034>:OUTPUT: Result of query for nike.com = 13.225.229.71
[2021-12-06 16:11:57,094] client.Client<Client:e0034>:OUTPUT: website : nike.com, time : 38, hop cnt : 4
[2021-12-06 16:11:57,130] client.Client<Client:e0034>:OUTPUT: Result of query for porn.com = 67.22.49.255
[2021-12-06 16:11:57,131] client.Client<Client:e0034>:OUTPUT: website : porn.com, time : 33, hop cnt : 5
[2021-12-06 16:11:57,171] client.Client<Client:e0034>:OUTPUT: Result of query for uploaded.net = 81.171.123.200
[2021-12-06 16:11:57,172] client.Client<Client:e0034>:OUTPUT: website : uploaded.net, time : 39, hop cnt : 5
[2021-12-06 16:11:57,205] client.Client<Client:e0034>:OUTPUT: Result of query for lemonde.fr = 151.101.194.217
[2021-12-06 16:11:57,205] client.Client<Client:e0034>:OUTPUT: website : lemonde.fr, time : 32, hop cnt : 6
[2021-12-06 16:11:57,253] client.Client<Client:e0034>:OUTPUT: Result of query for liftable.com = 104.28.8.3
[2021-12-06 16:11:57,253] client.Client<Client:e0034>:OUTPUT: website : liftable.com, time : 47, hop cnt : 6
[2021-12-06 16:11:57,307] client.Client<Client:e0034>:OUTPUT: Result of query for azlyrics.com = 5.79.76.225
[2021-12-06 16:11:57,307] client.Client<Client:e0034>:OUTPUT: website : azlyrics.com, time : 53, hop cnt : 7
[2021-12-06 16:11:57,341] client.Client<Client:e0034>:OUTPUT: Result of query for google.by = 172.217.12.196
[2021-12-06 16:11:57,341] client.Client<Client:e0034>:OUTPUT: website : google.by, time : 33, hop cnt : 4
[2021-12-06 16:11:57,396] client.Client<Client:e0034>:OUTPUT: Result of query for att.com = 144.160.155.43
[2021-12-06 16:11:57,396] client.Client<Client:e0034>:OUTPUT: website : att.com, time : 55, hop cnt : 6
[2021-12-06 16:11:57,433] client.Client<Client:e0034>:OUTPUT: Result of query for givemesport.com = 13.225.229.97
[2021-12-06 16:11:57,433] client.Client<Client:e0034>:OUTPUT: website : givemesport.com, time : 36, hop cnt : 4
[2021-12-06 16:11:57,468] client.Client<Client:e0034>:OUTPUT: Result of query for hurriyet.com.tr = 34.249.120.252
[2021-12-06 16:11:57,468] client.Client<Client:e0034>:OUTPUT: website : hurriyet.com.tr, time : 32, hop cnt : 5
[2021-12-06 16:11:57,493] client.Client<Client:e0034>:OUTPUT: Result of query for bild.de = 145.243.248.20
[2021-12-06 16:11:57,494] client.Client<Client:e0034>:OUTPUT: website : bild.de, time : 23, hop cnt : 4
[2021-12-06 16:11:57,541] client.Client<Client:e0034>:OUTPUT: Result of query for albawabhnews.com = 104.24.120.1
[2021-12-06 16:11:57,542] client.Client<Client:e0034>:OUTPUT: website : albawabhnews.com, time : 42, hop cnt : 6
[2021-12-06 16:11:57,589] client.Client<Client:e0034>:OUTPUT: Result of query for wsj.com = 13.225.229.22
[2021-12-06 16:11:57,589] client.Client<Client:e0034>:OUTPUT: website : wsj.com, time : 46, hop cnt : 5
[2021-12-06 16:11:57,626] client.Client<Client:e0034>:OUTPUT: Result of query for asana.com = 151.101.193.184
[2021-12-06 16:11:57,626] client.Client<Client:e0034>:OUTPUT: website : asana.com, time : 36, hop cnt : 4
[2021-12-06 16:11:57,672] client.Client<Client:e0034>:OUTPUT: Result of query for tistory.com = 121.53.105.234
[2021-12-06 16:11:57,672] client.Client<Client:e0034>:OUTPUT: website : tistory.com, time : 42, hop cnt : 5
[2021-12-06 16:11:57,694] client.Client<Client:e0034>:OUTPUT: Result of query for souq.com = 52.17.178.165
[2021-12-06 16:11:57,694] client.Client<Client:e0034>:OUTPUT: website : souq.com, time : 22, hop cnt : 3
[2021-12-06 16:11:57,748] client.Client<Client:e0034>:OUTPUT: Result of query for newegg.com = 23.52.165.59
[2021-12-06 16:11:57,748] client.Client<Client:e0034>:OUTPUT: website : newegg.com, time : 50, hop cnt : 5
[2021-12-06 16:11:57,798] client.Client<Client:e0034>:OUTPUT: Result of query for mit.edu = 23.60.36.231
[2021-12-06 16:11:57,798] client.Client<Client:e0034>:OUTPUT: website : mit.edu, time : 48, hop cnt : 5
[2021-12-06 16:11:57,832] client.Client<Client:e0034>:OUTPUT: Result of query for kapanlagi.com = 35.234.206.4
[2021-12-06 16:11:57,832] client.Client<Client:e0034>:OUTPUT: website : kapanlagi.com, time : 33, hop cnt : 5
[2021-12-06 16:11:57,863] client.Client<Client:e0034>:OUTPUT: Result of query for coinbase.com = 104.16.9.251
[2021-12-06 16:11:57,863] client.Client<Client:e0034>:OUTPUT: website : coinbase.com, time : 29, hop cnt : 4
[2021-12-06 16:11:57,899] client.Client<Client:e0034>:OUTPUT: Result of query for hubspot.com = 104.19.154.83
[2021-12-06 16:11:57,900] client.Client<Client:e0034>:OUTPUT: website : hubspot.com, time : 34, hop cnt : 4
[2021-12-06 16:11:57,926] client.Client<Client:e0034>:OUTPUT: Result of query for flirt4free.com = 204.8.234.144
[2021-12-06 16:11:57,926] client.Client<Client:e0034>:OUTPUT: website : flirt4free.com, time : 25, hop cnt : 4
[2021-12-06 16:11:57,962] client.Client<Client:e0034>:OUTPUT: Result of query for hm.com = 96.6.22.127
[2021-12-06 16:11:57,962] client.Client<Client:e0034>:OUTPUT: website : hm.com, time : 30, hop cnt : 4
[2021-12-06 16:11:58,001] client.Client<Client:e0034>:OUTPUT: Result of query for 104.com.tw = 122.147.53.67
[2021-12-06 16:11:58,002] client.Client<Client:e0034>:OUTPUT: website : 104.com.tw, time : 38, hop cnt : 5
[2021-12-06 16:11:58,056] client.Client<Client:e0034>:OUTPUT: Result of query for drom.ru = 185.44.0.36
[2021-12-06 16:11:58,056] client.Client<Client:e0034>:OUTPUT: website : drom.ru, time : 53, hop cnt : 7
[2021-12-06 16:11:58,100] client.Client<Client:e0034>:OUTPUT: Result of query for sabq.org = 104.16.44.64
[2021-12-06 16:11:58,100] client.Client<Client:e0034>:OUTPUT: website : sabq.org, time : 43, hop cnt : 5
[2021-12-06 16:11:58,132] client.Client<Client:e0034>:OUTPUT: Result of query for google.com.do = 172.217.10.227
[2021-12-06 16:11:58,132] client.Client<Client:e0034>:OUTPUT: website : google.com.do, time : 30, hop cnt : 5
[2021-12-06 16:11:58,154] client.Client<Client:e0034>:OUTPUT: Result of query for chip.de = 104.77.150.162
[2021-12-06 16:11:58,154] client.Client<Client:e0034>:OUTPUT: website : chip.de, time : 21, hop cnt : 3
[2021-12-06 16:11:58,178] client.Client<Client:e0034>:OUTPUT: Result of query for asus.com = 103.10.4.216
[2021-12-06 16:11:58,178] client.Client<Client:e0034>:OUTPUT: website : asus.com, time : 22, hop cnt : 4
[2021-12-06 16:11:58,210] client.Client<Client:e0034>:OUTPUT: Result of query for wiley.com = 63.97.118.67
[2021-12-06 16:11:58,210] client.Client<Client:e0034>:OUTPUT: website : wiley.com, time : 28, hop cnt : 3
[2021-12-06 16:11:58,252] client.Client<Client:e0034>:OUTPUT: Result of query for elmundo.es = 40.68.3.51
[2021-12-06 16:11:58,252] client.Client<Client:e0034>:OUTPUT: website : elmundo.es, time : 37, hop cnt : 4
[2021-12-06 16:11:58,270] client.Client<Client:e0034>:OUTPUT: Result of query for kijiji.ca = 34.98.91.248
[2021-12-06 16:11:58,270] client.Client<Client:e0034>:OUTPUT: website : kijiji.ca, time : 18, hop cnt : 5
[2021-12-06 16:11:58,309] client.Client<Client:e0034>:OUTPUT: Result of query for hespress.com = 104.22.47.167
[2021-12-06 16:11:58,310] client.Client<Client:e0034>:OUTPUT: website : hespress.com, time : 38, hop cnt : 4
[2021-12-06 16:11:58,346] client.Client<Client:e0034>:OUTPUT: Result of query for inquirer.net = 104.20.232.107
[2021-12-06 16:11:58,347] client.Client<Client:e0034>:OUTPUT: website : inquirer.net, time : 33, hop cnt : 5
[2021-12-06 16:11:58,377] client.Client<Client:e0034>:OUTPUT: Result of query for tabelog.com = 219.100.44.30
[2021-12-06 16:11:58,377] client.Client<Client:e0034>:OUTPUT: website : tabelog.com, time : 30, hop cnt : 4
[2021-12-06 16:11:58,433] client.Client<Client:e0034>:OUTPUT: Result of query for jabong.com = 23.36.249.11
[2021-12-06 16:11:58,433] client.Client<Client:e0034>:OUTPUT: website : jabong.com, time : 52, hop cnt : 6
[2021-12-06 16:11:58,468] client.Client<Client:e0034>:OUTPUT: Result of query for 17ok.com = 120.133.17.148
[2021-12-06 16:11:58,468] client.Client<Client:e0034>:OUTPUT: website : 17ok.com, time : 34, hop cnt : 5
[2021-12-06 16:11:58,498] client.Client<Client:e0034>:OUTPUT: Result of query for hotels.com = 23.222.119.113
[2021-12-06 16:11:58,498] client.Client<Client:e0034>:OUTPUT: website : hotels.com, time : 28, hop cnt : 3
[2021-12-06 16:11:58,550] client.Client<Client:e0034>:OUTPUT: Result of query for engadget.com = 98.136.103.23
[2021-12-06 16:11:58,550] client.Client<Client:e0034>:OUTPUT: website : engadget.com, time : 52, hop cnt : 6
[2021-12-06 16:11:58,589] client.Client<Client:e0034>:OUTPUT: Result of query for gogoanime.io = 103.194.169.99
[2021-12-06 16:11:58,589] client.Client<Client:e0034>:OUTPUT: website : gogoanime.io, time : 38, hop cnt : 5
[2021-12-06 16:11:58,623] client.Client<Client:e0034>:OUTPUT: Result of query for banggood.com = 148.153.55.244
[2021-12-06 16:11:58,623] client.Client<Client:e0034>:OUTPUT: website : banggood.com, time : 32, hop cnt : 4
[2021-12-06 16:11:58,653] client.Client<Client:e0034>:OUTPUT: Result of query for thefreedictionary.com = 209.160.67.6
[2021-12-06 16:11:58,653] client.Client<Client:e0034>:OUTPUT: website : thefreedictionary.com, time : 29, hop cnt : 6
[2021-12-06 16:11:58,701] client.Client<Client:e0034>:OUTPUT: Result of query for okta.com = 18.204.109.174
[2021-12-06 16:11:58,701] client.Client<Client:e0034>:OUTPUT: website : okta.com, time : 47, hop cnt : 6
[2021-12-06 16:11:58,751] client.Client<Client:e0034>:OUTPUT: Result of query for 4shared.com = 204.155.149.43
[2021-12-06 16:11:58,751] client.Client<Client:e0034>:OUTPUT: website : 4shared.com, time : 49, hop cnt : 6
[2021-12-06 16:11:58,773] client.Client<Client:e0034>:OUTPUT: Result of query for npr.org = 216.35.221.76
[2021-12-06 16:11:58,773] client.Client<Client:e0034>:OUTPUT: website : npr.org, time : 22, hop cnt : 3
[2021-12-06 16:11:58,820] client.Client<Client:e0034>:OUTPUT: Result of query for comcast.net = 69.252.80.75
[2021-12-06 16:11:58,820] client.Client<Client:e0034>:OUTPUT: website : comcast.net, time : 46, hop cnt : 5
[2021-12-06 16:11:58,856] client.Client<Client:e0034>:OUTPUT: Result of query for okdiario.com = 104.22.14.99
[2021-12-06 16:11:58,856] client.Client<Client:e0034>:OUTPUT: website : okdiario.com, time : 35, hop cnt : 5
[2021-12-06 16:11:58,882] client.Client<Client:e0034>:OUTPUT: Result of query for ouedkniss.com = 51.38.63.232
[2021-12-06 16:11:58,882] client.Client<Client:e0034>:OUTPUT: website : ouedkniss.com, time : 24, hop cnt : 2
[2021-12-06 16:11:58,914] client.Client<Client:e0034>:OUTPUT: Result of query for cambridge.org = 204.74.99.103
[2021-12-06 16:11:58,914] client.Client<Client:e0034>:OUTPUT: website : cambridge.org, time : 31, hop cnt : 4
[2021-12-06 16:11:58,959] client.Client<Client:e0034>:OUTPUT: Result of query for kooora.com = 45.60.63.37
[2021-12-06 16:11:58,959] client.Client<Client:e0034>:OUTPUT: website : kooora.com, time : 44, hop cnt : 6
[2021-12-06 16:11:59,002] client.Client<Client:e0034>:OUTPUT: Result of query for ria.ru = 178.248.233.32
[2021-12-06 16:11:59,003] client.Client<Client:e0034>:OUTPUT: website : ria.ru, time : 39, hop cnt : 5
[2021-12-06 16:11:59,034] client.Client<Client:e0034>:OUTPUT: Result of query for dmm.co.jp = 13.248.196.236
[2021-12-06 16:11:59,034] client.Client<Client:e0034>:OUTPUT: website : dmm.co.jp, time : 30, hop cnt : 4
[2021-12-06 16:11:59,064] client.Client<Client:e0034>:OUTPUT: Result of query for wunderground.com = 184.29.129.181
[2021-12-06 16:11:59,064] client.Client<Client:e0034>:OUTPUT: website : wunderground.com, time : 29, hop cnt : 4
[2021-12-06 16:11:59,098] client.Client<Client:e0034>:OUTPUT: Result of query for getpocket.com = 54.209.230.187
[2021-12-06 16:11:59,098] client.Client<Client:e0034>:OUTPUT: website : getpocket.com, time : 32, hop cnt : 3
[2021-12-06 16:11:59,136] client.Client<Client:e0034>:OUTPUT: Result of query for youjizz.com = 66.254.114.242
[2021-12-06 16:11:59,136] client.Client<Client:e0034>:OUTPUT: website : youjizz.com, time : 38, hop cnt : 4
[2021-12-06 16:11:59,180] client.Client<Client:e0034>:OUTPUT: Result of query for discogs.com = 216.151.17.150
[2021-12-06 16:11:59,180] client.Client<Client:e0034>:OUTPUT: website : discogs.com, time : 43, hop cnt : 6
[2021-12-06 16:11:59,211] client.Client<Client:e0034>:OUTPUT: Result of query for adp.com = 170.146.93.56
[2021-12-06 16:11:59,211] client.Client<Client:e0034>:OUTPUT: website : adp.com, time : 29, hop cnt : 5
[2021-12-06 16:11:59,245] client.Client<Client:e0034>:OUTPUT: Result of query for bandcamp.com = 151.101.129.28
[2021-12-06 16:11:59,245] client.Client<Client:e0034>:OUTPUT: website : bandcamp.com, time : 32, hop cnt : 5
[2021-12-06 16:11:59,285] client.Client<Client:e0034>:OUTPUT: Result of query for weblio.jp = 210.236.244.76
[2021-12-06 16:11:59,285] client.Client<Client:e0034>:OUTPUT: website : weblio.jp, time : 39, hop cnt : 5
[2021-12-06 16:11:59,326] client.Client<Client:e0034>:OUTPUT: Result of query for wish.com = 52.53.75.216
[2021-12-06 16:11:59,326] client.Client<Client:e0034>:OUTPUT: website : wish.com, time : 40, hop cnt : 6
[2021-12-06 16:11:59,376] client.Client<Client:e0034>:OUTPUT: Result of query for 51sole.com = 150.109.68.232
[2021-12-06 16:11:59,376] client.Client<Client:e0034>:OUTPUT: website : 51sole.com, time : 49, hop cnt : 6
[2021-12-06 16:11:59,430] client.Client<Client:e0034>:OUTPUT: Result of query for animeflv.net = 172.67.70.233
[2021-12-06 16:11:59,430] client.Client<Client:e0034>:OUTPUT: website : animeflv.net, time : 51, hop cnt : 6
[2021-12-06 16:11:59,470] client.Client<Client:e0034>:OUTPUT: Result of query for squarespace.com = 198.49.23.141
[2021-12-06 16:11:59,470] client.Client<Client:e0034>:OUTPUT: website : squarespace.com, time : 39, hop cnt : 5
[2021-12-06 16:11:59,524] client.Client<Client:e0034>:OUTPUT: Result of query for ctitv.com.tw = 123.51.209.204
[2021-12-06 16:11:59,524] client.Client<Client:e0034>:OUTPUT: website : ctitv.com.tw, time : 53, hop cnt : 6
[2021-12-06 16:11:59,565] client.Client<Client:e0034>:OUTPUT: Result of query for gamespot.com = 151.101.1.188
[2021-12-06 16:11:59,565] client.Client<Client:e0034>:OUTPUT: website : gamespot.com, time : 40, hop cnt : 5
[2021-12-06 16:11:59,611] client.Client<Client:e0034>:OUTPUT: Result of query for lolsided.com = 172.67.68.62
[2021-12-06 16:11:59,611] client.Client<Client:e0034>:OUTPUT: website : lolsided.com, time : 45, hop cnt : 5
[2021-12-06 16:11:59,642] client.Client<Client:e0034>:OUTPUT: Result of query for sex.com = 15.223.125.50
[2021-12-06 16:11:59,642] client.Client<Client:e0034>:OUTPUT: website : sex.com, time : 30, hop cnt : 6
[2021-12-06 16:11:59,676] client.Client<Client:e0034>:OUTPUT: Result of query for olx.com.br = 13.225.229.22
[2021-12-06 16:11:59,676] client.Client<Client:e0034>:OUTPUT: website : olx.com.br, time : 30, hop cnt : 4
[2021-12-06 16:11:59,730] client.Client<Client:e0034>:OUTPUT: Result of query for xe.com = 13.225.229.12
[2021-12-06 16:11:59,730] client.Client<Client:e0034>:OUTPUT: website : xe.com, time : 51, hop cnt : 6
[2021-12-06 16:11:59,774] client.Client<Client:e0034>:OUTPUT: Result of query for corriere.it = 185.53.36.36
[2021-12-06 16:11:59,774] client.Client<Client:e0034>:OUTPUT: website : corriere.it, time : 41, hop cnt : 5
[2021-12-06 16:11:59,823] client.Client<Client:e0034>:OUTPUT: Result of query for techcrunch.com = 152.195.50.33
[2021-12-06 16:11:59,823] client.Client<Client:e0034>:OUTPUT: website : techcrunch.com, time : 48, hop cnt : 6
[2021-12-06 16:11:59,855] client.Client<Client:e0034>:OUTPUT: Result of query for verizonwireless.com = 162.115.16.90
[2021-12-06 16:11:59,856] client.Client<Client:e0034>:OUTPUT: website : verizonwireless.com, time : 30, hop cnt : 5
[2021-12-06 16:11:59,911] client.Client<Client:e0034>:OUTPUT: Result of query for youboy.com = 14.17.126.223
[2021-12-06 16:11:59,911] client.Client<Client:e0034>:OUTPUT: website : youboy.com, time : 55, hop cnt : 7
[2021-12-06 16:11:59,959] client.Client<Client:e0034>:OUTPUT: Result of query for milliyet.com.tr = 34.249.120.252
[2021-12-06 16:11:59,959] client.Client<Client:e0034>:OUTPUT: website : milliyet.com.tr, time : 46, hop cnt : 7
[2021-12-06 16:11:59,998] client.Client<Client:e0034>:OUTPUT: Result of query for jianshu.com = 107.150.101.156
[2021-12-06 16:11:59,998] client.Client<Client:e0034>:OUTPUT: website : jianshu.com, time : 38, hop cnt : 5
[2021-12-06 16:12:00,040] client.Client<Client:e0034>:OUTPUT: Result of query for terraclicks.com = 192.243.59.13
[2021-12-06 16:12:00,040] client.Client<Client:e0034>:OUTPUT: website : terraclicks.com, time : 40, hop cnt : 5
[2021-12-06 16:12:00,076] client.Client<Client:e0034>:OUTPUT: Result of query for jeuxvideo.com = 185.12.49.10
[2021-12-06 16:12:00,076] client.Client<Client:e0034>:OUTPUT: website : jeuxvideo.com, time : 34, hop cnt : 5
[2021-12-06 16:12:00,106] client.Client<Client:e0034>:OUTPUT: Result of query for webex.com = 64.68.121.205
[2021-12-06 16:12:00,106] client.Client<Client:e0034>:OUTPUT: website : webex.com, time : 29, hop cnt : 5
[2021-12-06 16:12:00,117] client.Client<Client:e0034>:OUTPUT: Result of query for drtuber.com = 188.72.207.210
[2021-12-06 16:12:00,118] client.Client<Client:e0034>:OUTPUT: website : drtuber.com, time : 10, hop cnt : 2
[2021-12-06 16:12:00,133] client.Client<Client:e0034>:OUTPUT: Result of query for okcupid.com = 198.41.209.131
[2021-12-06 16:12:00,134] client.Client<Client:e0034>:OUTPUT: website : okcupid.com, time : 16, hop cnt : 2
[2021-12-06 16:12:00,167] client.Client<Client:e0034>:OUTPUT: Result of query for mbc.net = 52.4.5.236
[2021-12-06 16:12:00,167] client.Client<Client:e0034>:OUTPUT: website : mbc.net, time : 32, hop cnt : 4
[2021-12-06 16:12:00,201] client.Client<Client:e0034>:OUTPUT: Result of query for badoo.com = 31.222.77.244
[2021-12-06 16:12:00,201] client.Client<Client:e0034>:OUTPUT: website : badoo.com, time : 30, hop cnt : 5
[2021-12-06 16:12:00,244] client.Client<Client:e0034>:OUTPUT: Result of query for google.hr = 142.250.80.3
[2021-12-06 16:12:00,245] client.Client<Client:e0034>:OUTPUT: website : google.hr, time : 42, hop cnt : 4
[2021-12-06 16:12:00,274] client.Client<Client:e0034>:OUTPUT: Result of query for drive2.ru = 146.255.192.82
[2021-12-06 16:12:00,275] client.Client<Client:e0034>:OUTPUT: website : drive2.ru, time : 27, hop cnt : 4
[2021-12-06 16:12:00,307] client.Client<Client:e0034>:OUTPUT: Result of query for meetup.com = 151.101.66.217
[2021-12-06 16:12:00,307] client.Client<Client:e0034>:OUTPUT: website : meetup.com, time : 32, hop cnt : 5
[2021-12-06 16:12:00,371] client.Client<Client:e0034>:OUTPUT: Result of query for nikkei.com = 76.223.28.162
[2021-12-06 16:12:00,371] client.Client<Client:e0034>:OUTPUT: website : nikkei.com, time : 64, hop cnt : 8
[2021-12-06 16:12:00,412] client.Client<Client:e0034>:OUTPUT: Result of query for discuss.com.hk = 104.18.8.152
[2021-12-06 16:12:00,412] client.Client<Client:e0034>:OUTPUT: website : discuss.com.hk, time : 40, hop cnt : 5
[2021-12-06 16:12:00,447] client.Client<Client:e0034>:OUTPUT: Result of query for chinaz.com = 117.25.139.120
[2021-12-06 16:12:00,447] client.Client<Client:e0034>:OUTPUT: website : chinaz.com, time : 33, hop cnt : 7
[2021-12-06 16:12:00,473] client.Client<Client:e0034>:OUTPUT: Result of query for mywatchseries.to = 104.247.81.72
[2021-12-06 16:12:00,474] client.Client<Client:e0034>:OUTPUT: website : mywatchseries.to, time : 25, hop cnt : 4
[2021-12-06 16:12:00,518] client.Client<Client:e0034>:OUTPUT: Result of query for lapatilla.com = 172.67.218.76
[2021-12-06 16:12:00,519] client.Client<Client:e0034>:OUTPUT: website : lapatilla.com, time : 43, hop cnt : 6
[2021-12-06 16:12:00,567] client.Client<Client:e0034>:OUTPUT: Result of query for quizlet.com = 104.16.16.221
[2021-12-06 16:12:00,567] client.Client<Client:e0034>:OUTPUT: website : quizlet.com, time : 47, hop cnt : 6
[2021-12-06 16:12:00,623] client.Client<Client:e0034>:OUTPUT: Result of query for bitbucket.org = 104.192.141.1
[2021-12-06 16:12:00,623] client.Client<Client:e0034>:OUTPUT: website : bitbucket.org, time : 55, hop cnt : 8
[2021-12-06 16:12:00,647] client.Client<Client:e0034>:OUTPUT: Result of query for douban.com = 162.14.6.67
[2021-12-06 16:12:00,647] client.Client<Client:e0034>:OUTPUT: website : douban.com, time : 23, hop cnt : 3
[2021-12-06 16:12:00,712] client.Client<Client:e0034>:OUTPUT: Result of query for mundo.com = 34.212.123.176
[2021-12-06 16:12:00,713] client.Client<Client:e0034>:OUTPUT: website : mundo.com, time : 63, hop cnt : 7
[2021-12-06 16:12:00,743] client.Client<Client:e0034>:OUTPUT: Result of query for linkshrink.net = 104.27.174.178
[2021-12-06 16:12:00,744] client.Client<Client:e0034>:OUTPUT: website : linkshrink.net, time : 29, hop cnt : 4
[2021-12-06 16:12:00,786] client.Client<Client:e0034>:OUTPUT: Result of query for thekitchn.com = 151.101.130.49
[2021-12-06 16:12:00,787] client.Client<Client:e0034>:OUTPUT: website : thekitchn.com, time : 40, hop cnt : 5
[2021-12-06 16:12:00,800] client.Client<Client:e0034>:OUTPUT: Result of query for norton.com = 155.64.16.51
[2021-12-06 16:12:00,801] client.Client<Client:e0034>:OUTPUT: website : norton.com, time : 14, hop cnt : 3
[2021-12-06 16:12:00,833] client.Client<Client:e0034>:OUTPUT: Result of query for reallifecam.com = 185.80.221.89
[2021-12-06 16:12:00,834] client.Client<Client:e0034>:OUTPUT: website : reallifecam.com, time : 31, hop cnt : 6
[2021-12-06 16:12:00,859] client.Client<Client:e0034>:OUTPUT: Result of query for surveymonkey.com = 13.225.62.20
[2021-12-06 16:12:00,860] client.Client<Client:e0034>:OUTPUT: website : surveymonkey.com, time : 25, hop cnt : 4
[2021-12-06 16:12:00,898] client.Client<Client:e0034>:OUTPUT: Result of query for springer.com = 195.128.8.134
[2021-12-06 16:12:00,898] client.Client<Client:e0034>:OUTPUT: website : springer.com, time : 36, hop cnt : 4
[2021-12-06 16:12:00,944] client.Client<Client:e0034>:OUTPUT: Result of query for google.com.ly = 172.217.12.131
[2021-12-06 16:12:00,945] client.Client<Client:e0034>:OUTPUT: website : google.com.ly, time : 45, hop cnt : 5
[2021-12-06 16:12:00,986] client.Client<Client:e0034>:OUTPUT: Result of query for blogfa.com = 104.24.111.96
[2021-12-06 16:12:00,986] client.Client<Client:e0034>:OUTPUT: website : blogfa.com, time : 40, hop cnt : 4
[2021-12-06 16:12:01,018] client.Client<Client:e0034>:OUTPUT: Result of query for mercadolibre.com.ve = 13.225.229.29
[2021-12-06 16:12:01,018] client.Client<Client:e0034>:OUTPUT: website : mercadolibre.com.ve, time : 31, hop cnt : 4
[2021-12-06 16:12:01,067] client.Client<Client:e0034>:OUTPUT: Result of query for lifehacker.com = 151.101.194.166
[2021-12-06 16:12:01,067] client.Client<Client:e0034>:OUTPUT: website : lifehacker.com, time : 48, hop cnt : 5
[2021-12-06 16:12:01,097] client.Client<Client:e0034>:OUTPUT: Result of query for thevideo.me = 104.18.58.233
[2021-12-06 16:12:01,097] client.Client<Client:e0034>:OUTPUT: website : thevideo.me, time : 28, hop cnt : 4
[2021-12-06 16:12:01,139] client.Client<Client:e0034>:OUTPUT: Result of query for suning.com = 218.2.112.234
[2021-12-06 16:12:01,139] client.Client<Client:e0034>:OUTPUT: website : suning.com, time : 42, hop cnt : 5
[2021-12-06 16:12:01,178] client.Client<Client:e0034>:OUTPUT: Result of query for neobux.com = 104.16.40.15
[2021-12-06 16:12:01,179] client.Client<Client:e0034>:OUTPUT: website : neobux.com, time : 36, hop cnt : 6
[2021-12-06 16:12:01,213] client.Client<Client:e0034>:OUTPUT: Result of query for brilio.net = 35.229.226.215
[2021-12-06 16:12:01,213] client.Client<Client:e0034>:OUTPUT: website : brilio.net, time : 33, hop cnt : 4
[2021-12-06 16:12:01,249] client.Client<Client:e0034>:OUTPUT: Result of query for coursera.org = 13.225.229.26
[2021-12-06 16:12:01,249] client.Client<Client:e0034>:OUTPUT: website : coursera.org, time : 35, hop cnt : 5
[2021-12-06 16:12:01,294] client.Client<Client:e0034>:OUTPUT: Result of query for lowes.com = 173.223.236.217
[2021-12-06 16:12:01,294] client.Client<Client:e0034>:OUTPUT: website : lowes.com, time : 43, hop cnt : 6
[2021-12-06 16:12:01,336] client.Client<Client:e0034>:OUTPUT: Result of query for eksisozluk.com = 176.53.43.9
[2021-12-06 16:12:01,336] client.Client<Client:e0034>:OUTPUT: website : eksisozluk.com, time : 41, hop cnt : 5
[2021-12-06 16:12:01,361] client.Client<Client:e0034>:OUTPUT: Result of query for lefigaro.fr = 23.33.238.88
[2021-12-06 16:12:01,361] client.Client<Client:e0034>:OUTPUT: website : lefigaro.fr, time : 23, hop cnt : 3
[2021-12-06 16:12:01,391] client.Client<Client:e0034>:OUTPUT: Result of query for ebay.in = 66.135.195.175
[2021-12-06 16:12:01,392] client.Client<Client:e0034>:OUTPUT: website : ebay.in, time : 29, hop cnt : 6
[2021-12-06 16:12:01,436] client.Client<Client:e0034>:OUTPUT: Result of query for drudgereport.com = 104.22.4.207
[2021-12-06 16:12:01,436] client.Client<Client:e0034>:OUTPUT: website : drudgereport.com, time : 43, hop cnt : 6
[2021-12-06 16:12:01,464] client.Client<Client:e0034>:OUTPUT: Result of query for kotaku.com = 151.101.2.166
[2021-12-06 16:12:01,464] client.Client<Client:e0034>:OUTPUT: website : kotaku.com, time : 27, hop cnt : 3
[2021-12-06 16:12:01,495] client.Client<Client:e0034>:OUTPUT: Result of query for lenta.ru = 81.19.72.32
[2021-12-06 16:12:01,495] client.Client<Client:e0034>:OUTPUT: website : lenta.ru, time : 30, hop cnt : 4
[2021-12-06 16:12:01,546] client.Client<Client:e0034>:OUTPUT: Result of query for ask.fm = 193.138.77.145
[2021-12-06 16:12:01,546] client.Client<Client:e0034>:OUTPUT: website : ask.fm, time : 49, hop cnt : 6
[2021-12-06 16:12:01,582] client.Client<Client:e0034>:OUTPUT: Result of query for buyma.com = 210.152.134.247
[2021-12-06 16:12:01,582] client.Client<Client:e0034>:OUTPUT: website : buyma.com, time : 35, hop cnt : 5
[2021-12-06 16:12:01,614] client.Client<Client:e0034>:OUTPUT: Result of query for myfreecams.com = 207.229.73.117
[2021-12-06 16:12:01,615] client.Client<Client:e0034>:OUTPUT: website : myfreecams.com, time : 31, hop cnt : 6
[2021-12-06 16:12:01,667] client.Client<Client:e0034>:OUTPUT: Result of query for ccm.net = 23.78.211.79
[2021-12-06 16:12:01,667] client.Client<Client:e0034>:OUTPUT: website : ccm.net, time : 51, hop cnt : 5
[2021-12-06 16:12:01,678] client.Client<Client:e0034>:OUTPUT: Result of query for uptobox.com = 104.22.53.218
[2021-12-06 16:12:01,679] client.Client<Client:e0034>:OUTPUT: website : uptobox.com, time : 10, hop cnt : 3
[2021-12-06 16:12:01,713] client.Client<Client:e0034>:OUTPUT: Result of query for beytoote.com = 159.69.163.174
[2021-12-06 16:12:01,713] client.Client<Client:e0034>:OUTPUT: website : beytoote.com, time : 34, hop cnt : 5
[2021-12-06 16:12:01,756] client.Client<Client:e0034>:OUTPUT: Result of query for cnbc.com = 144.121.138.33
[2021-12-06 16:12:01,757] client.Client<Client:e0034>:OUTPUT: website : cnbc.com, time : 43, hop cnt : 5
[2021-12-06 16:12:01,829] client.Client<Client:e0034>:OUTPUT: Result of query for prezi.com = 75.2.83.248
[2021-12-06 16:12:01,829] client.Client<Client:e0034>:OUTPUT: website : prezi.com, time : 70, hop cnt : 7
[2021-12-06 16:12:01,875] client.Client<Client:e0034>:OUTPUT: Result of query for motherless.com = 46.166.188.37
[2021-12-06 16:12:01,875] client.Client<Client:e0034>:OUTPUT: website : motherless.com, time : 45, hop cnt : 5
[2021-12-06 16:12:01,911] client.Client<Client:e0034>:OUTPUT: Result of query for newtabtv.com = 108.59.81.209
[2021-12-06 16:12:01,911] client.Client<Client:e0034>:OUTPUT: website : newtabtv.com, time : 35, hop cnt : 4
[2021-12-06 16:12:01,948] client.Client<Client:e0034>:OUTPUT: Result of query for eskimi.com = 92.62.130.180
[2021-12-06 16:12:01,948] client.Client<Client:e0034>:OUTPUT: website : eskimi.com, time : 36, hop cnt : 6
[2021-12-06 16:12:01,967] client.Client<Client:e0034>:OUTPUT: Result of query for google.tn = 172.217.7.3
[2021-12-06 16:12:01,967] client.Client<Client:e0034>:OUTPUT: website : google.tn, time : 19, hop cnt : 4
[2021-12-06 16:12:01,997] client.Client<Client:e0034>:OUTPUT: Result of query for realtor.com = 206.131.180.21
[2021-12-06 16:12:01,997] client.Client<Client:e0034>:OUTPUT: website : realtor.com, time : 28, hop cnt : 5
[2021-12-06 16:12:02,058] client.Client<Client:e0034>:OUTPUT: Result of query for avg.com = 185.189.92.41
[2021-12-06 16:12:02,058] client.Client<Client:e0034>:OUTPUT: website : avg.com, time : 59, hop cnt : 7
[2021-12-06 16:12:02,092] client.Client<Client:e0034>:OUTPUT: Result of query for investopedia.com = 151.101.2.137
[2021-12-06 16:12:02,093] client.Client<Client:e0034>:OUTPUT: website : investopedia.com, time : 32, hop cnt : 6
[2021-12-06 16:12:02,144] client.Client<Client:e0034>:OUTPUT: Result of query for ca.gov = 13.87.221.220
[2021-12-06 16:12:02,144] client.Client<Client:e0034>:OUTPUT: website : ca.gov, time : 50, hop cnt : 6
[2021-12-06 16:12:02,157] client.Client<Client:e0034>:OUTPUT: Result of query for nypost.com = 192.0.66.32
[2021-12-06 16:12:02,157] client.Client<Client:e0034>:OUTPUT: website : nypost.com, time : 13, hop cnt : 3
[2021-12-06 16:12:02,196] client.Client<Client:e0034>:OUTPUT: Result of query for ntd.tv = 104.22.64.127
[2021-12-06 16:12:02,196] client.Client<Client:e0034>:OUTPUT: website : ntd.tv, time : 36, hop cnt : 4
[2021-12-06 16:12:02,229] client.Client<Client:e0034>:OUTPUT: Result of query for discover.com = 23.33.222.95
[2021-12-06 16:12:02,229] client.Client<Client:e0034>:OUTPUT: website : discover.com, time : 31, hop cnt : 4
[2021-12-06 16:12:02,260] client.Client<Client:e0034>:OUTPUT: Result of query for rapidgator.net = 195.211.222.116
[2021-12-06 16:12:02,260] client.Client<Client:e0034>:OUTPUT: website : rapidgator.net, time : 30, hop cnt : 4
[2021-12-06 16:12:02,285] client.Client<Client:e0034>:OUTPUT: Result of query for mobilemonetize.me = 103.224.182.246
[2021-12-06 16:12:02,285] client.Client<Client:e0034>:OUTPUT: website : mobilemonetize.me, time : 24, hop cnt : 4
[2021-12-06 16:12:02,313] client.Client<Client:e0034>:OUTPUT: Result of query for mirror.co.uk = 34.246.217.217
[2021-12-06 16:12:02,313] client.Client<Client:e0034>:OUTPUT: website : mirror.co.uk, time : 26, hop cnt : 4
[2021-12-06 16:12:02,344] client.Client<Client:e0034>:OUTPUT: Result of query for infusionsoft.com = 104.18.14.116
[2021-12-06 16:12:02,344] client.Client<Client:e0034>:OUTPUT: website : infusionsoft.com, time : 29, hop cnt : 6
[2021-12-06 16:12:02,386] client.Client<Client:e0034>:OUTPUT: Result of query for kinokrad.co = 94.198.242.19
[2021-12-06 16:12:02,386] client.Client<Client:e0034>:OUTPUT: website : kinokrad.co, time : 41, hop cnt : 4
[2021-12-06 16:12:02,416] client.Client<Client:e0034>:OUTPUT: Result of query for appledaily.com.tw = 104.116.0.41
[2021-12-06 16:12:02,416] client.Client<Client:e0034>:OUTPUT: website : appledaily.com.tw, time : 28, hop cnt : 4
[2021-12-06 16:12:02,446] client.Client<Client:e0034>:OUTPUT: Result of query for academia.edu = 13.225.229.30
[2021-12-06 16:12:02,446] client.Client<Client:e0034>:OUTPUT: website : academia.edu, time : 28, hop cnt : 3
[2021-12-06 16:12:02,479] client.Client<Client:e0034>:OUTPUT: Result of query for voc.com.cn = 124.232.151.209
[2021-12-06 16:12:02,479] client.Client<Client:e0034>:OUTPUT: website : voc.com.cn, time : 31, hop cnt : 4
[2021-12-06 16:12:02,498] client.Client<Client:e0034>:OUTPUT: Result of query for cdiscount.com = 185.94.140.30
[2021-12-06 16:12:02,498] client.Client<Client:e0034>:OUTPUT: website : cdiscount.com, time : 18, hop cnt : 3
[2021-12-06 16:12:02,527] client.Client<Client:e0034>:OUTPUT: Result of query for lenovo.com = 23.78.201.78
[2021-12-06 16:12:02,527] client.Client<Client:e0034>:OUTPUT: website : lenovo.com, time : 28, hop cnt : 6
[2021-12-06 16:12:02,560] client.Client<Client:e0034>:OUTPUT: Result of query for nba.com = 54.68.182.72
[2021-12-06 16:12:02,560] client.Client<Client:e0034>:OUTPUT: website : nba.com, time : 32, hop cnt : 5
[2021-12-06 16:12:02,602] client.Client<Client:e0034>:OUTPUT: Result of query for gmarket.co.kr = 183.111.134.78
[2021-12-06 16:12:02,602] client.Client<Client:e0034>:OUTPUT: website : gmarket.co.kr, time : 41, hop cnt : 5
[2021-12-06 16:12:02,645] client.Client<Client:e0034>:OUTPUT: Result of query for southwest.com = 66.150.1.229
[2021-12-06 16:12:02,645] client.Client<Client:e0034>:OUTPUT: website : southwest.com, time : 42, hop cnt : 7
[2021-12-06 16:12:02,670] client.Client<Client:e0034>:OUTPUT: Result of query for stockstar.com = 212.129.158.120
[2021-12-06 16:12:02,670] client.Client<Client:e0034>:OUTPUT: website : stockstar.com, time : 23, hop cnt : 5
[2021-12-06 16:12:02,701] client.Client<Client:e0034>:OUTPUT: Result of query for dafont.com = 51.91.129.67
[2021-12-06 16:12:02,701] client.Client<Client:e0034>:OUTPUT: website : dafont.com, time : 30, hop cnt : 4
[2021-12-06 16:12:02,750] client.Client<Client:e0034>:OUTPUT: Result of query for crunchyroll.com = 104.18.23.9
[2021-12-06 16:12:02,750] client.Client<Client:e0034>:OUTPUT: website : crunchyroll.com, time : 48, hop cnt : 5
[2021-12-06 16:12:02,794] client.Client<Client:e0034>:OUTPUT: Result of query for macys.com = 23.54.48.189
[2021-12-06 16:12:02,794] client.Client<Client:e0034>:OUTPUT: website : macys.com, time : 43, hop cnt : 6
[2021-12-06 16:12:02,837] client.Client<Client:e0034>:OUTPUT: Result of query for moneycontrol.com = 23.200.0.184
[2021-12-06 16:12:02,837] client.Client<Client:e0034>:OUTPUT: website : moneycontrol.com, time : 42, hop cnt : 5
[2021-12-06 16:12:02,859] client.Client<Client:e0034>:OUTPUT: Result of query for sakura.ne.jp = 163.43.24.70
[2021-12-06 16:12:02,859] client.Client<Client:e0034>:OUTPUT: website : sakura.ne.jp, time : 21, hop cnt : 3
[2021-12-06 16:12:02,892] client.Client<Client:e0034>:OUTPUT: Result of query for subito.it = 23.52.161.153
[2021-12-06 16:12:02,892] client.Client<Client:e0034>:OUTPUT: website : subito.it, time : 29, hop cnt : 4
[2021-12-06 16:12:02,939] client.Client<Client:e0034>:OUTPUT: Result of query for g2a.com = 104.27.189.140
[2021-12-06 16:12:02,939] client.Client<Client:e0034>:OUTPUT: website : g2a.com, time : 43, hop cnt : 5
[2021-12-06 16:12:02,969] client.Client<Client:e0034>:OUTPUT: Result of query for grid.id = 52.220.192.192
[2021-12-06 16:12:02,969] client.Client<Client:e0034>:OUTPUT: website : grid.id, time : 29, hop cnt : 4
[2021-12-06 16:12:03,000] client.Client<Client:e0034>:OUTPUT: Result of query for kayak.com = 151.101.1.29
[2021-12-06 16:12:03,000] client.Client<Client:e0034>:OUTPUT: website : kayak.com, time : 29, hop cnt : 4
[2021-12-06 16:12:03,044] client.Client<Client:e0034>:OUTPUT: Result of query for bodybuilding.com = 44.226.149.111
[2021-12-06 16:12:03,044] client.Client<Client:e0034>:OUTPUT: website : bodybuilding.com, time : 43, hop cnt : 5
[2021-12-06 16:12:03,088] client.Client<Client:e0034>:OUTPUT: Result of query for urdupoint.com = 104.17.14.38
[2021-12-06 16:12:03,089] client.Client<Client:e0034>:OUTPUT: website : urdupoint.com, time : 43, hop cnt : 5
[2021-12-06 16:12:03,119] client.Client<Client:e0034>:OUTPUT: Result of query for fanfiction.net = 173.205.184.7
[2021-12-06 16:12:03,119] client.Client<Client:e0034>:OUTPUT: website : fanfiction.net, time : 29, hop cnt : 4
[2021-12-06 16:12:03,150] client.Client<Client:e0034>:OUTPUT: Result of query for camdolls.com = 204.8.234.250
[2021-12-06 16:12:03,150] client.Client<Client:e0034>:OUTPUT: website : camdolls.com, time : 30, hop cnt : 5
[2021-12-06 16:12:03,188] client.Client<Client:e0034>:OUTPUT: Result of query for udn.com = 23.78.202.108
[2021-12-06 16:12:03,188] client.Client<Client:e0034>:OUTPUT: website : udn.com, time : 37, hop cnt : 6
[2021-12-06 16:12:03,224] client.Client<Client:e0034>:OUTPUT: Result of query for bitly.com = 67.199.248.15
[2021-12-06 16:12:03,224] client.Client<Client:e0034>:OUTPUT: website : bitly.com, time : 35, hop cnt : 4
[2021-12-06 16:12:03,248] client.Client<Client:e0034>:OUTPUT: Result of query for secureserver.net = 208.109.192.71
[2021-12-06 16:12:03,248] client.Client<Client:e0034>:OUTPUT: website : secureserver.net, time : 22, hop cnt : 4
[2021-12-06 16:12:03,279] client.Client<Client:e0034>:OUTPUT: Result of query for divar.ir = 79.175.141.110
[2021-12-06 16:12:03,279] client.Client<Client:e0034>:OUTPUT: website : divar.ir, time : 30, hop cnt : 3
[2021-12-06 16:12:03,316] client.Client<Client:e0034>:OUTPUT: Result of query for thesun.co.uk = 192.0.66.2
[2021-12-06 16:12:03,316] client.Client<Client:e0034>:OUTPUT: website : thesun.co.uk, time : 35, hop cnt : 3
[2021-12-06 16:12:03,336] client.Client<Client:e0034>:OUTPUT: Result of query for autodesk.com = 23.21.189.113
[2021-12-06 16:12:03,336] client.Client<Client:e0034>:OUTPUT: website : autodesk.com, time : 18, hop cnt : 4
[2021-12-06 16:12:03,376] client.Client<Client:e0034>:OUTPUT: Result of query for vnexpress.net = 111.65.250.2
[2021-12-06 16:12:03,376] client.Client<Client:e0034>:OUTPUT: website : vnexpress.net, time : 39, hop cnt : 4
[2021-12-06 16:12:03,396] client.Client<Client:e0034>:OUTPUT: Result of query for fwbntw.com = 95.128.124.135
[2021-12-06 16:12:03,396] client.Client<Client:e0034>:OUTPUT: website : fwbntw.com, time : 20, hop cnt : 3
[2021-12-06 16:12:03,441] client.Client<Client:e0034>:OUTPUT: Result of query for trulia.com = 13.225.229.61
[2021-12-06 16:12:03,441] client.Client<Client:e0034>:OUTPUT: website : trulia.com, time : 43, hop cnt : 5
[2021-12-06 16:12:03,476] client.Client<Client:e0034>:OUTPUT: Result of query for eventbrite.com = 34.205.126.7
[2021-12-06 16:12:03,476] client.Client<Client:e0034>:OUTPUT: website : eventbrite.com, time : 34, hop cnt : 5
[2021-12-06 16:12:03,528] client.Client<Client:e0034>:OUTPUT: Result of query for fatosdesconhecidos.com.br = 104.26.13.91
[2021-12-06 16:12:03,528] client.Client<Client:e0034>:OUTPUT: website : fatosdesconhecidos.com.br, time : 51, hop cnt : 7
[2021-12-06 16:12:03,560] client.Client<Client:e0034>:OUTPUT: Result of query for rbc.ru = 80.68.253.13
[2021-12-06 16:12:03,560] client.Client<Client:e0034>:OUTPUT: website : rbc.ru, time : 30, hop cnt : 5
[2021-12-06 16:12:03,605] client.Client<Client:e0034>:OUTPUT: Result of query for addthis.com = 23.62.26.12
[2021-12-06 16:12:03,605] client.Client<Client:e0034>:OUTPUT: website : addthis.com, time : 44, hop cnt : 6
[2021-12-06 16:12:03,645] client.Client<Client:e0034>:OUTPUT: Result of query for unity3d.com = 23.52.160.97
[2021-12-06 16:12:03,645] client.Client<Client:e0034>:OUTPUT: website : unity3d.com, time : 39, hop cnt : 4
[2021-12-06 16:12:03,686] client.Client<Client:e0034>:OUTPUT: Result of query for caliente.mx = 134.213.233.164
[2021-12-06 16:12:03,686] client.Client<Client:e0034>:OUTPUT: website : caliente.mx, time : 40, hop cnt : 6
[2021-12-06 16:12:03,729] client.Client<Client:e0034>:OUTPUT: Result of query for xtube.com = 66.254.114.138
[2021-12-06 16:12:03,729] client.Client<Client:e0034>:OUTPUT: website : xtube.com, time : 42, hop cnt : 5
[2021-12-06 16:12:03,744] client.Client<Client:e0034>:OUTPUT: Result of query for howtogeek.com = 151.101.2.217
[2021-12-06 16:12:03,744] client.Client<Client:e0034>:OUTPUT: website : howtogeek.com, time : 14, hop cnt : 2
[2021-12-06 16:12:03,806] client.Client<Client:e0034>:OUTPUT: Result of query for android.com = 172.217.10.36
[2021-12-06 16:12:03,806] client.Client<Client:e0034>:OUTPUT: website : android.com, time : 61, hop cnt : 6
[2021-12-06 16:12:03,857] client.Client<Client:e0034>:OUTPUT: Result of query for gotporn.com = 104.26.0.144
[2021-12-06 16:12:03,857] client.Client<Client:e0034>:OUTPUT: website : gotporn.com, time : 47, hop cnt : 6
[2021-12-06 16:12:03,894] client.Client<Client:e0034>:OUTPUT: Result of query for snapdeal.com = 103.194.153.149
[2021-12-06 16:12:03,894] client.Client<Client:e0034>:OUTPUT: website : snapdeal.com, time : 36, hop cnt : 4
[2021-12-06 16:12:03,943] client.Client<Client:e0034>:OUTPUT: Result of query for wp.com = 192.0.78.24
[2021-12-06 16:12:03,943] client.Client<Client:e0034>:OUTPUT: website : wp.com, time : 47, hop cnt : 5
[2021-12-06 16:12:03,982] client.Client<Client:e0034>:OUTPUT: Result of query for ecosia.org = 99.79.87.141
[2021-12-06 16:12:03,982] client.Client<Client:e0034>:OUTPUT: website : ecosia.org, time : 38, hop cnt : 6
[2021-12-06 16:12:04,015] client.Client<Client:e0034>:OUTPUT: Result of query for westernjournalism.com = 104.31.69.99
[2021-12-06 16:12:04,015] client.Client<Client:e0034>:OUTPUT: website : westernjournalism.com, time : 32, hop cnt : 4
[2021-12-06 16:12:04,061] client.Client<Client:e0034>:OUTPUT: Result of query for investing.com = 185.94.84.100
[2021-12-06 16:12:04,061] client.Client<Client:e0034>:OUTPUT: website : investing.com, time : 45, hop cnt : 5
[2021-12-06 16:12:04,101] client.Client<Client:e0034>:OUTPUT: Result of query for cisco.com = 72.163.4.185
[2021-12-06 16:12:04,101] client.Client<Client:e0034>:OUTPUT: website : cisco.com, time : 40, hop cnt : 6
[2021-12-06 16:12:04,130] client.Client<Client:e0034>:OUTPUT: Result of query for interia.pl = 217.74.65.23
[2021-12-06 16:12:04,130] client.Client<Client:e0034>:OUTPUT: website : interia.pl, time : 28, hop cnt : 4
[2021-12-06 16:12:04,166] client.Client<Client:e0034>:OUTPUT: Result of query for thebalance.com = 151.101.2.137
[2021-12-06 16:12:04,166] client.Client<Client:e0034>:OUTPUT: website : thebalance.com, time : 33, hop cnt : 4
[2021-12-06 16:12:04,202] client.Client<Client:e0034>:OUTPUT: Result of query for elbalad.news = 104.26.10.149
[2021-12-06 16:12:04,202] client.Client<Client:e0034>:OUTPUT: website : elbalad.news, time : 35, hop cnt : 5
[2021-12-06 16:12:04,233] client.Client<Client:e0034>:OUTPUT: Result of query for elmogaz.com = 104.28.13.91
[2021-12-06 16:12:04,233] client.Client<Client:e0034>:OUTPUT: website : elmogaz.com, time : 29, hop cnt : 5
[2021-12-06 16:12:04,266] client.Client<Client:e0034>:OUTPUT: Result of query for commentcamarche.net = 194.169.240.16
[2021-12-06 16:12:04,266] client.Client<Client:e0034>:OUTPUT: website : commentcamarche.net, time : 31, hop cnt : 5
[2021-12-06 16:12:04,301] client.Client<Client:e0034>:OUTPUT: Result of query for tomshardware.com = 185.113.25.55
[2021-12-06 16:12:04,301] client.Client<Client:e0034>:OUTPUT: website : tomshardware.com, time : 34, hop cnt : 4
[2021-12-06 16:12:04,334] client.Client<Client:e0034>:OUTPUT: Result of query for el-nacional.com = 104.27.187.87
[2021-12-06 16:12:04,334] client.Client<Client:e0034>:OUTPUT: website : el-nacional.com, time : 32, hop cnt : 4
[2021-12-06 16:12:04,378] client.Client<Client:e0034>:OUTPUT: Result of query for google.com.ec = 172.217.10.35
[2021-12-06 16:12:04,378] client.Client<Client:e0034>:OUTPUT: website : google.com.ec, time : 43, hop cnt : 5
[2021-12-06 16:12:04,400] client.Client<Client:e0034>:OUTPUT: Result of query for fidelity.com = 155.199.32.138
[2021-12-06 16:12:04,400] client.Client<Client:e0034>:OUTPUT: website : fidelity.com, time : 21, hop cnt : 4
[2021-12-06 16:12:04,436] client.Client<Client:e0034>:OUTPUT: Result of query for 4pda.ru = 104.20.41.23
[2021-12-06 16:12:04,437] client.Client<Client:e0034>:OUTPUT: website : 4pda.ru, time : 34, hop cnt : 4
[2021-12-06 16:12:04,475] client.Client<Client:e0034>:OUTPUT: Result of query for express.co.uk = 13.225.229.89
[2021-12-06 16:12:04,475] client.Client<Client:e0034>:OUTPUT: website : express.co.uk, time : 36, hop cnt : 5
[2021-12-06 16:12:04,537] client.Client<Client:e0034>:OUTPUT: Result of query for viva.co.id = 172.67.18.44
[2021-12-06 16:12:04,537] client.Client<Client:e0034>:OUTPUT: website : viva.co.id, time : 61, hop cnt : 6
[2021-12-06 16:12:04,565] client.Client<Client:e0034>:OUTPUT: Result of query for duolingo.com = 184.72.124.184
[2021-12-06 16:12:04,565] client.Client<Client:e0034>:OUTPUT: website : duolingo.com, time : 26, hop cnt : 4
[2021-12-06 16:12:04,607] client.Client<Client:e0034>:OUTPUT: Result of query for php.net = 185.85.0.29
[2021-12-06 16:12:04,608] client.Client<Client:e0034>:OUTPUT: website : php.net, time : 41, hop cnt : 5
[2021-12-06 16:12:04,653] client.Client<Client:e0034>:OUTPUT: Result of query for prothom-alo.com = 23.50.53.194
[2021-12-06 16:12:04,653] client.Client<Client:e0034>:OUTPUT: website : prothom-alo.com, time : 43, hop cnt : 5
[2021-12-06 16:12:04,692] client.Client<Client:e0034>:OUTPUT: Result of query for hamariweb.com = 172.67.15.64
[2021-12-06 16:12:04,692] client.Client<Client:e0034>:OUTPUT: website : hamariweb.com, time : 38, hop cnt : 6
[2021-12-06 16:12:04,731] client.Client<Client:e0034>:OUTPUT: Result of query for europa.eu = 147.67.210.45
[2021-12-06 16:12:04,731] client.Client<Client:e0034>:OUTPUT: website : europa.eu, time : 38, hop cnt : 5
[2021-12-06 16:12:04,765] client.Client<Client:e0034>:OUTPUT: Result of query for jimdo.com = 151.101.2.2
[2021-12-06 16:12:04,765] client.Client<Client:e0034>:OUTPUT: website : jimdo.com, time : 32, hop cnt : 6
[2021-12-06 16:12:04,786] client.Client<Client:e0034>:OUTPUT: Result of query for indianexpress.com = 23.64.100.177
[2021-12-06 16:12:04,786] client.Client<Client:e0034>:OUTPUT: website : indianexpress.com, time : 19, hop cnt : 2
[2021-12-06 16:12:04,843] client.Client<Client:e0034>:OUTPUT: Result of query for cpmofferconvert.com = 199.80.54.51
[2021-12-06 16:12:04,843] client.Client<Client:e0034>:OUTPUT: website : cpmofferconvert.com, time : 56, hop cnt : 6
[2021-12-06 16:12:04,856] client.Client<Client:e0034>:OUTPUT: Result of query for telewebion.com = 148.251.202.74
[2021-12-06 16:12:04,856] client.Client<Client:e0034>:OUTPUT: website : telewebion.com, time : 12, hop cnt : 2
[2021-12-06 16:12:04,881] client.Client<Client:e0034>:OUTPUT: Result of query for latimes.com = 54.203.39.209
[2021-12-06 16:12:04,881] client.Client<Client:e0034>:OUTPUT: website : latimes.com, time : 25, hop cnt : 3
[2021-12-06 16:12:04,915] client.Client<Client:e0034>:OUTPUT: Result of query for how01.com = 104.27.187.207
[2021-12-06 16:12:04,915] client.Client<Client:e0034>:OUTPUT: website : how01.com, time : 33, hop cnt : 5
[2021-12-06 16:12:04,966] client.Client<Client:e0034>:OUTPUT: Result of query for techradar.com = 185.113.25.56
[2021-12-06 16:12:04,966] client.Client<Client:e0034>:OUTPUT: website : techradar.com, time : 50, hop cnt : 6
[2021-12-06 16:12:05,014] client.Client<Client:e0034>:OUTPUT: Result of query for timeanddate.com = 64.130.3.227
[2021-12-06 16:12:05,014] client.Client<Client:e0034>:OUTPUT: website : timeanddate.com, time : 46, hop cnt : 5
[2021-12-06 16:12:05,037] client.Client<Client:e0034>:OUTPUT: Result of query for zone-telechargement.ws = 104.18.35.80
[2021-12-06 16:12:05,037] client.Client<Client:e0034>:OUTPUT: website : zone-telechargement.ws, time : 17, hop cnt : 3
[2021-12-06 16:12:05,089] client.Client<Client:e0034>:OUTPUT: Result of query for voyeurhit.com = 172.64.106.12
[2021-12-06 16:12:05,089] client.Client<Client:e0034>:OUTPUT: website : voyeurhit.com, time : 52, hop cnt : 6
[2021-12-06 16:12:05,142] client.Client<Client:e0034>:OUTPUT: Result of query for fanpage.gr = 46.4.100.237
[2021-12-06 16:12:05,142] client.Client<Client:e0034>:OUTPUT: website : fanpage.gr, time : 48, hop cnt : 6
[2021-12-06 16:12:05,169] client.Client<Client:e0034>:OUTPUT: Result of query for pchome.com.tw = 210.59.230.39
[2021-12-06 16:12:05,169] client.Client<Client:e0034>:OUTPUT: website : pchome.com.tw, time : 24, hop cnt : 4
[2021-12-06 16:12:05,224] client.Client<Client:e0034>:OUTPUT: Result of query for okezone.com = 202.80.220.218
[2021-12-06 16:12:05,224] client.Client<Client:e0034>:OUTPUT: website : okezone.com, time : 54, hop cnt : 6
[2021-12-06 16:12:05,268] client.Client<Client:e0034>:OUTPUT: Result of query for intel.com = 13.91.95.74
[2021-12-06 16:12:05,269] client.Client<Client:e0034>:OUTPUT: website : intel.com, time : 42, hop cnt : 5
[2021-12-06 16:12:05,294] client.Client<Client:e0034>:OUTPUT: Result of query for bhphotovideo.com = 104.18.24.211
[2021-12-06 16:12:05,294] client.Client<Client:e0034>:OUTPUT: website : bhphotovideo.com, time : 25, hop cnt : 4
[2021-12-06 16:12:05,330] client.Client<Client:e0034>:OUTPUT: Result of query for gazetaexpress.com = 104.27.163.159
[2021-12-06 16:12:05,330] client.Client<Client:e0034>:OUTPUT: website : gazetaexpress.com, time : 35, hop cnt : 5
[2021-12-06 16:12:05,369] client.Client<Client:e0034>:OUTPUT: Result of query for uber.com = 104.36.195.150
[2021-12-06 16:12:05,369] client.Client<Client:e0034>:OUTPUT: website : uber.com, time : 38, hop cnt : 6
[2021-12-06 16:12:05,386] client.Client<Client:e0034>:OUTPUT: Result of query for disqus.com = 151.101.128.134
[2021-12-06 16:12:05,386] client.Client<Client:e0034>:OUTPUT: website : disqus.com, time : 16, hop cnt : 3
[2021-12-06 16:12:05,427] client.Client<Client:e0034>:OUTPUT: Result of query for google.lt = 172.217.11.3
[2021-12-06 16:12:05,427] client.Client<Client:e0034>:OUTPUT: website : google.lt, time : 40, hop cnt : 6
[2021-12-06 16:12:05,438] client.Client<Client:e0034>:OUTPUT: Result of query for kizlarsoruyor.com = 176.53.93.6
[2021-12-06 16:12:05,438] client.Client<Client:e0034>:OUTPUT: website : kizlarsoruyor.com, time : 10, hop cnt : 3
[2021-12-06 16:12:05,471] client.Client<Client:e0034>:OUTPUT: Result of query for grammarly.com = 107.22.123.252
[2021-12-06 16:12:05,471] client.Client<Client:e0034>:OUTPUT: website : grammarly.com, time : 32, hop cnt : 4
[2021-12-06 16:12:05,509] client.Client<Client:e0034>:OUTPUT: Result of query for kissasian.com = 72.47.244.105
[2021-12-06 16:12:05,509] client.Client<Client:e0034>:OUTPUT: website : kissasian.com, time : 37, hop cnt : 5
[2021-12-06 16:12:05,542] client.Client<Client:e0034>:OUTPUT: Result of query for hootsuite.com = 52.200.29.168
[2021-12-06 16:12:05,542] client.Client<Client:e0034>:OUTPUT: website : hootsuite.com, time : 32, hop cnt : 5
[2021-12-06 16:12:05,576] client.Client<Client:e0034>:OUTPUT: Result of query for khanacademy.org = 13.225.229.43
[2021-12-06 16:12:05,576] client.Client<Client:e0034>:OUTPUT: website : khanacademy.org, time : 33, hop cnt : 6
[2021-12-06 16:12:05,610] client.Client<Client:e0034>:OUTPUT: Result of query for qoolquiz.com = 104.26.9.108
[2021-12-06 16:12:05,610] client.Client<Client:e0034>:OUTPUT: website : qoolquiz.com, time : 31, hop cnt : 4
[2021-12-06 16:12:05,643] client.Client<Client:e0034>:OUTPUT: Result of query for zara.com = 23.33.180.196
[2021-12-06 16:12:05,643] client.Client<Client:e0034>:OUTPUT: website : zara.com, time : 31, hop cnt : 3
[2021-12-06 16:12:05,663] client.Client<Client:e0034>:OUTPUT: Result of query for nordstrom.com = 173.223.237.217
[2021-12-06 16:12:05,663] client.Client<Client:e0034>:OUTPUT: website : nordstrom.com, time : 19, hop cnt : 3
[2021-12-06 16:12:05,703] client.Client<Client:e0034>:OUTPUT: Result of query for google.iq = 172.217.10.131
[2021-12-06 16:12:05,703] client.Client<Client:e0034>:OUTPUT: website : google.iq, time : 39, hop cnt : 5
[2021-12-06 16:12:05,738] client.Client<Client:e0034>:OUTPUT: Result of query for ieee.org = 140.98.193.152
[2021-12-06 16:12:05,738] client.Client<Client:e0034>:OUTPUT: website : ieee.org, time : 33, hop cnt : 5
[2021-12-06 16:12:05,777] client.Client<Client:e0034>:OUTPUT: Result of query for pof.com = 104.18.17.5
[2021-12-06 16:12:05,777] client.Client<Client:e0034>:OUTPUT: website : pof.com, time : 38, hop cnt : 6
[2021-12-06 16:12:05,817] client.Client<Client:e0034>:OUTPUT: Result of query for ebay.fr = 66.135.196.249
[2021-12-06 16:12:05,817] client.Client<Client:e0034>:OUTPUT: website : ebay.fr, time : 39, hop cnt : 4
[2021-12-06 16:12:05,849] client.Client<Client:e0034>:OUTPUT: Result of query for mobile01.com = 35.201.234.200
[2021-12-06 16:12:05,849] client.Client<Client:e0034>:OUTPUT: website : mobile01.com, time : 31, hop cnt : 4
[2021-12-06 16:12:05,894] client.Client<Client:e0034>:OUTPUT: Result of query for zing.vn = 118.102.1.119
[2021-12-06 16:12:05,894] client.Client<Client:e0034>:OUTPUT: website : zing.vn, time : 44, hop cnt : 5
[2021-12-06 16:12:05,922] client.Client<Client:e0034>:OUTPUT: Result of query for lifewire.com = 151.101.2.137
[2021-12-06 16:12:05,923] client.Client<Client:e0034>:OUTPUT: website : lifewire.com, time : 27, hop cnt : 4
[2021-12-06 16:12:05,958] client.Client<Client:e0034>:OUTPUT: Result of query for instructables.com = 151.101.129.105
[2021-12-06 16:12:05,958] client.Client<Client:e0034>:OUTPUT: website : instructables.com, time : 30, hop cnt : 4
[2021-12-06 16:12:05,981] client.Client<Client:e0034>:OUTPUT: Result of query for wykop.pl = 51.83.238.216
[2021-12-06 16:12:05,981] client.Client<Client:e0034>:OUTPUT: website : wykop.pl, time : 21, hop cnt : 3
[2021-12-06 16:12:06,014] client.Client<Client:e0034>:OUTPUT: Result of query for my-hit.org = 195.138.242.59
[2021-12-06 16:12:06,015] client.Client<Client:e0034>:OUTPUT: website : my-hit.org, time : 32, hop cnt : 4
[2021-12-06 16:12:06,067] client.Client<Client:e0034>:OUTPUT: Result of query for chinaso.com = 111.13.9.85
[2021-12-06 16:12:06,067] client.Client<Client:e0034>:OUTPUT: website : chinaso.com, time : 51, hop cnt : 7
[2021-12-06 16:12:06,099] client.Client<Client:e0034>:OUTPUT: Result of query for kinoprofi.org = 67.227.226.240
[2021-12-06 16:12:06,099] client.Client<Client:e0034>:OUTPUT: website : kinoprofi.org, time : 30, hop cnt : 5
[2021-12-06 16:12:06,148] client.Client<Client:e0034>:OUTPUT: Result of query for deviantart.net = 35.163.165.36
[2021-12-06 16:12:06,148] client.Client<Client:e0034>:OUTPUT: website : deviantart.net, time : 48, hop cnt : 6
[2021-12-06 16:12:06,166] client.Client<Client:e0034>:OUTPUT: Result of query for intoday.in = 52.74.32.52
[2021-12-06 16:12:06,166] client.Client<Client:e0034>:OUTPUT: website : intoday.in, time : 17, hop cnt : 3
[2021-12-06 16:12:06,206] client.Client<Client:e0034>:OUTPUT: Result of query for jw.org = 23.217.153.150
[2021-12-06 16:12:06,206] client.Client<Client:e0034>:OUTPUT: website : jw.org, time : 39, hop cnt : 6
[2021-12-06 16:12:06,258] client.Client<Client:e0034>:OUTPUT: Result of query for vidzi.tv = 69.16.230.42
[2021-12-06 16:12:06,258] client.Client<Client:e0034>:OUTPUT: website : vidzi.tv, time : 51, hop cnt : 5
[2021-12-06 16:12:06,298] client.Client<Client:e0034>:OUTPUT: Result of query for gazeta.pl = 80.252.0.145
[2021-12-06 16:12:06,298] client.Client<Client:e0034>:OUTPUT: website : gazeta.pl, time : 39, hop cnt : 5
[2021-12-06 16:12:06,350] client.Client<Client:e0034>:OUTPUT: Result of query for thehill.com = 151.101.66.217
[2021-12-06 16:12:06,350] client.Client<Client:e0034>:OUTPUT: website : thehill.com, time : 51, hop cnt : 5
[2021-12-06 16:12:06,366] client.Client<Client:e0034>:OUTPUT: Result of query for google.com.mm = 172.217.9.228
[2021-12-06 16:12:06,367] client.Client<Client:e0034>:OUTPUT: website : google.com.mm, time : 15, hop cnt : 3
[2021-12-06 16:12:06,384] client.Client<Client:e0034>:OUTPUT: Result of query for delta.com = 204.74.99.103
[2021-12-06 16:12:06,384] client.Client<Client:e0034>:OUTPUT: website : delta.com, time : 17, hop cnt : 4
[2021-12-06 16:12:06,411] client.Client<Client:e0034>:OUTPUT: Result of query for prnt.sc = 104.26.14.80
[2021-12-06 16:12:06,411] client.Client<Client:e0034>:OUTPUT: website : prnt.sc, time : 24, hop cnt : 3
[2021-12-06 16:12:06,444] client.Client<Client:e0034>:OUTPUT: Result of query for olx.in = 204.74.99.100
[2021-12-06 16:12:06,444] client.Client<Client:e0034>:OUTPUT: website : olx.in, time : 31, hop cnt : 4
[2021-12-06 16:12:06,483] client.Client<Client:e0034>:OUTPUT: Result of query for faithtap.com = 104.27.134.194
[2021-12-06 16:12:06,483] client.Client<Client:e0034>:OUTPUT: website : faithtap.com, time : 37, hop cnt : 4
[2021-12-06 16:12:06,522] client.Client<Client:e0034>:OUTPUT: Result of query for mobile.de = 194.50.69.124
[2021-12-06 16:12:06,523] client.Client<Client:e0034>:OUTPUT: website : mobile.de, time : 38, hop cnt : 6
[2021-12-06 16:12:06,554] client.Client<Client:e0034>:OUTPUT: Result of query for yenisafak.com = 52.174.3.80
[2021-12-06 16:12:06,554] client.Client<Client:e0034>:OUTPUT: website : yenisafak.com, time : 30, hop cnt : 5
[2021-12-06 16:12:06,588] client.Client<Client:e0034>:OUTPUT: Result of query for gongchang.com = 129.204.138.37
[2021-12-06 16:12:06,589] client.Client<Client:e0034>:OUTPUT: website : gongchang.com, time : 33, hop cnt : 5
[2021-12-06 16:12:06,625] client.Client<Client:e0034>:OUTPUT: Result of query for time.com = 13.32.207.106
[2021-12-06 16:12:06,626] client.Client<Client:e0034>:OUTPUT: website : time.com, time : 33, hop cnt : 4
[2021-12-06 16:12:06,677] client.Client<Client:e0034>:OUTPUT: Result of query for yaplakal.com = 5.187.1.122
[2021-12-06 16:12:06,678] client.Client<Client:e0034>:OUTPUT: website : yaplakal.com, time : 51, hop cnt : 5
[2021-12-06 16:12:06,718] client.Client<Client:e0034>:OUTPUT: Result of query for y8.com = 67.205.142.78
[2021-12-06 16:12:06,718] client.Client<Client:e0034>:OUTPUT: website : y8.com, time : 39, hop cnt : 7
[2021-12-06 16:12:06,760] client.Client<Client:e0034>:OUTPUT: Result of query for 58.com = 115.159.231.173
[2021-12-06 16:12:06,760] client.Client<Client:e0034>:OUTPUT: website : 58.com, time : 41, hop cnt : 6
[2021-12-06 16:12:06,807] client.Client<Client:e0034>:OUTPUT: Result of query for allrecipes.com = 13.93.202.50
[2021-12-06 16:12:06,807] client.Client<Client:e0034>:OUTPUT: website : allrecipes.com, time : 45, hop cnt : 5
[2021-12-06 16:12:06,837] client.Client<Client:e0034>:OUTPUT: Result of query for sinoptik.ua = 212.42.76.150
[2021-12-06 16:12:06,837] client.Client<Client:e0034>:OUTPUT: website : sinoptik.ua, time : 29, hop cnt : 3
[2021-12-06 16:12:06,876] client.Client<Client:e0034>:OUTPUT: Result of query for eyny.com = 172.241.24.65
[2021-12-06 16:12:06,876] client.Client<Client:e0034>:OUTPUT: website : eyny.com, time : 35, hop cnt : 6
[2021-12-06 16:12:06,916] client.Client<Client:e0034>:OUTPUT: Result of query for donga.com = 210.115.155.100
[2021-12-06 16:12:06,916] client.Client<Client:e0034>:OUTPUT: website : donga.com, time : 39, hop cnt : 5
[2021-12-06 16:12:06,956] client.Client<Client:e0034>:OUTPUT: Result of query for sapo.pt = 213.13.146.142
[2021-12-06 16:12:06,956] client.Client<Client:e0034>:OUTPUT: website : sapo.pt, time : 39, hop cnt : 6
[2021-12-06 16:12:07,011] client.Client<Client:e0034>:OUTPUT: Result of query for merriam-webster.com = 13.225.229.123
[2021-12-06 16:12:07,011] client.Client<Client:e0034>:OUTPUT: website : merriam-webster.com, time : 55, hop cnt : 6
[2021-12-06 16:12:07,048] client.Client<Client:e0034>:OUTPUT: Result of query for python.org = 45.55.99.72
[2021-12-06 16:12:07,048] client.Client<Client:e0034>:OUTPUT: website : python.org, time : 36, hop cnt : 5
[2021-12-06 16:12:07,085] client.Client<Client:e0034>:OUTPUT: Result of query for sarkariresult.com = 104.18.18.133
[2021-12-06 16:12:07,085] client.Client<Client:e0034>:OUTPUT: website : sarkariresult.com, time : 35, hop cnt : 4
[2021-12-06 16:12:07,126] client.Client<Client:e0034>:OUTPUT: Result of query for popmyads.com = 104.24.127.152
[2021-12-06 16:12:07,126] client.Client<Client:e0034>:OUTPUT: website : popmyads.com, time : 40, hop cnt : 5
[2021-12-06 16:12:07,166] client.Client<Client:e0034>:OUTPUT: Result of query for cam4.com = 199.59.88.246
[2021-12-06 16:12:07,166] client.Client<Client:e0034>:OUTPUT: website : cam4.com, time : 39, hop cnt : 4
[2021-12-06 16:12:07,194] client.Client<Client:e0034>:OUTPUT: Result of query for 52pk.com = 117.50.36.70
[2021-12-06 16:12:07,195] client.Client<Client:e0034>:OUTPUT: website : 52pk.com, time : 27, hop cnt : 5
[2021-12-06 16:12:07,239] client.Client<Client:e0034>:OUTPUT: Result of query for usnews.com = 96.6.30.174
[2021-12-06 16:12:07,239] client.Client<Client:e0034>:OUTPUT: website : usnews.com, time : 43, hop cnt : 6
[2021-12-06 16:12:07,276] client.Client<Client:e0034>:OUTPUT: Result of query for stanford.edu = 171.67.215.200
[2021-12-06 16:12:07,276] client.Client<Client:e0034>:OUTPUT: website : stanford.edu, time : 36, hop cnt : 6
[2021-12-06 16:12:07,317] client.Client<Client:e0034>:OUTPUT: Result of query for sporx.com = 35.210.142.220
[2021-12-06 16:12:07,317] client.Client<Client:e0034>:OUTPUT: website : sporx.com, time : 40, hop cnt : 5
[2021-12-06 16:12:07,338] client.Client<Client:e0034>:OUTPUT: Result of query for cbsnews.com = 54.237.69.111
[2021-12-06 16:12:07,338] client.Client<Client:e0034>:OUTPUT: website : cbsnews.com, time : 20, hop cnt : 3
[2021-12-06 16:12:07,370] client.Client<Client:e0034>:OUTPUT: Result of query for mangafox.me = 104.21.234.234
[2021-12-06 16:12:07,370] client.Client<Client:e0034>:OUTPUT: website : mangafox.me, time : 26, hop cnt : 4
[2021-12-06 16:12:07,390] client.Client<Client:e0034>:OUTPUT: Result of query for eltrack.pro = 199.59.242.153
[2021-12-06 16:12:07,391] client.Client<Client:e0034>:OUTPUT: website : eltrack.pro, time : 19, hop cnt : 2
[2021-12-06 16:12:07,426] client.Client<Client:e0034>:OUTPUT: Result of query for myntra.com = 104.123.201.31
[2021-12-06 16:12:07,426] client.Client<Client:e0034>:OUTPUT: website : myntra.com, time : 32, hop cnt : 5
[2021-12-06 16:12:07,449] client.Client<Client:e0034>:OUTPUT: Result of query for cqnews.net = 219.153.58.101
[2021-12-06 16:12:07,449] client.Client<Client:e0034>:OUTPUT: website : cqnews.net, time : 22, hop cnt : 4
[2021-12-06 16:12:07,487] client.Client<Client:e0034>:OUTPUT: Result of query for tebyan.net = 185.78.20.130
[2021-12-06 16:12:07,487] client.Client<Client:e0034>:OUTPUT: website : tebyan.net, time : 37, hop cnt : 4
[2021-12-06 16:12:07,510] client.Client<Client:e0034>:OUTPUT: Result of query for dailypakistan.com.pk = 95.217.230.36
[2021-12-06 16:12:07,511] client.Client<Client:e0034>:OUTPUT: website : dailypakistan.com.pk, time : 21, hop cnt : 4
[2021-12-06 16:12:07,548] client.Client<Client:e0034>:OUTPUT: Result of query for ukr.net = 212.42.76.252
[2021-12-06 16:12:07,549] client.Client<Client:e0034>:OUTPUT: website : ukr.net, time : 36, hop cnt : 6
[2021-12-06 16:12:07,594] client.Client<Client:e0034>:OUTPUT: Result of query for issuu.com = 54.205.112.221
[2021-12-06 16:12:07,594] client.Client<Client:e0034>:OUTPUT: website : issuu.com, time : 43, hop cnt : 6
[2021-12-06 16:12:07,638] client.Client<Client:e0034>:OUTPUT: Result of query for caixa.gov.br = 200.201.166.253
[2021-12-06 16:12:07,638] client.Client<Client:e0034>:OUTPUT: website : caixa.gov.br, time : 44, hop cnt : 6
[2021-12-06 16:12:07,663] client.Client<Client:e0034>:OUTPUT: Result of query for state.gov = 34.233.79.178
[2021-12-06 16:12:07,663] client.Client<Client:e0034>:OUTPUT: website : state.gov, time : 23, hop cnt : 3
[2021-12-06 16:12:07,699] client.Client<Client:e0034>:OUTPUT: Result of query for justdial.com = 23.3.123.21
[2021-12-06 16:12:07,699] client.Client<Client:e0034>:OUTPUT: website : justdial.com, time : 35, hop cnt : 4
[2021-12-06 16:12:07,741] client.Client<Client:e0034>:OUTPUT: Result of query for sputniknews.com = 178.248.233.26
[2021-12-06 16:12:07,741] client.Client<Client:e0034>:OUTPUT: website : sputniknews.com, time : 40, hop cnt : 5
[2021-12-06 16:12:07,767] client.Client<Client:e0034>:OUTPUT: Result of query for myfitnesspal.com = 13.225.229.32
[2021-12-06 16:12:07,767] client.Client<Client:e0034>:OUTPUT: website : myfitnesspal.com, time : 24, hop cnt : 5
[2021-12-06 16:12:07,812] client.Client<Client:e0034>:OUTPUT: Result of query for ticketmaster.com = 151.101.2.87
[2021-12-06 16:12:07,812] client.Client<Client:e0034>:OUTPUT: website : ticketmaster.com, time : 44, hop cnt : 6
[2021-12-06 16:12:07,850] client.Client<Client:e0034>:OUTPUT: Result of query for bittrex.com = 104.17.153.108
[2021-12-06 16:12:07,850] client.Client<Client:e0034>:OUTPUT: website : bittrex.com, time : 36, hop cnt : 4
[2021-12-06 16:12:07,907] client.Client<Client:e0034>:OUTPUT: Result of query for zoom.us = 52.202.62.206
[2021-12-06 16:12:07,907] client.Client<Client:e0034>:OUTPUT: website : zoom.us, time : 56, hop cnt : 6
[2021-12-06 16:12:07,934] client.Client<Client:e0034>:OUTPUT: Result of query for wtoip.com = 118.178.113.110
[2021-12-06 16:12:07,934] client.Client<Client:e0034>:OUTPUT: website : wtoip.com, time : 26, hop cnt : 3
[2021-12-06 16:12:07,974] client.Client<Client:e0034>:OUTPUT: Result of query for xbox.com = 40.113.200.201
[2021-12-06 16:12:07,974] client.Client<Client:e0034>:OUTPUT: website : xbox.com, time : 39, hop cnt : 4
[2021-12-06 16:12:08,009] client.Client<Client:e0034>:OUTPUT: Result of query for google.com.gt = 172.217.3.99
[2021-12-06 16:12:08,009] client.Client<Client:e0034>:OUTPUT: website : google.com.gt, time : 32, hop cnt : 5
[2021-12-06 16:12:08,043] client.Client<Client:e0034>:OUTPUT: Result of query for comicbook.com = 151.101.66.133
[2021-12-06 16:12:08,043] client.Client<Client:e0034>:OUTPUT: website : comicbook.com, time : 32, hop cnt : 6
[2021-12-06 16:12:08,072] client.Client<Client:e0034>:OUTPUT: Result of query for asahi.com = 23.5.229.59
[2021-12-06 16:12:08,072] client.Client<Client:e0034>:OUTPUT: website : asahi.com, time : 28, hop cnt : 4
[2021-12-06 16:12:08,111] client.Client<Client:e0034>:OUTPUT: Result of query for codepen.io = 104.17.14.48
[2021-12-06 16:12:08,111] client.Client<Client:e0034>:OUTPUT: website : codepen.io, time : 34, hop cnt : 4
[2021-12-06 16:12:08,150] client.Client<Client:e0034>:OUTPUT: Result of query for makemytrip.com = 52.66.37.181
[2021-12-06 16:12:08,150] client.Client<Client:e0034>:OUTPUT: website : makemytrip.com, time : 37, hop cnt : 5
[2021-12-06 16:12:08,190] client.Client<Client:e0034>:OUTPUT: Result of query for tnctrx.com = 103.224.182.246
[2021-12-06 16:12:08,191] client.Client<Client:e0034>:OUTPUT: website : tnctrx.com, time : 39, hop cnt : 5
[2021-12-06 16:12:08,229] client.Client<Client:e0034>:OUTPUT: Result of query for metropoles.com = 104.18.24.118
[2021-12-06 16:12:08,230] client.Client<Client:e0034>:OUTPUT: website : metropoles.com, time : 37, hop cnt : 6
[2021-12-06 16:12:08,257] client.Client<Client:e0034>:OUTPUT: Result of query for idnes.cz = 185.17.117.32
[2021-12-06 16:12:08,258] client.Client<Client:e0034>:OUTPUT: website : idnes.cz, time : 26, hop cnt : 3
[2021-12-06 16:12:08,274] client.Client<Client:e0034>:OUTPUT: Result of query for nature.com = 195.128.8.101
[2021-12-06 16:12:08,275] client.Client<Client:e0034>:OUTPUT: website : nature.com, time : 15, hop cnt : 4
[2021-12-06 16:12:08,316] client.Client<Client:e0034>:OUTPUT: Result of query for dianping.com = 203.76.216.1
[2021-12-06 16:12:08,316] client.Client<Client:e0034>:OUTPUT: website : dianping.com, time : 39, hop cnt : 6
[2021-12-06 16:12:08,365] client.Client<Client:e0034>:OUTPUT: Result of query for nikkeibp.co.jp = 218.216.25.22
[2021-12-06 16:12:08,365] client.Client<Client:e0034>:OUTPUT: website : nikkeibp.co.jp, time : 48, hop cnt : 6
[2021-12-06 16:12:08,402] client.Client<Client:e0034>:OUTPUT: Result of query for dict.cc = 136.243.87.217
[2021-12-06 16:12:08,402] client.Client<Client:e0034>:OUTPUT: website : dict.cc, time : 36, hop cnt : 4
[2021-12-06 16:12:08,438] client.Client<Client:e0034>:OUTPUT: Result of query for redfin.com = 216.211.130.168
[2021-12-06 16:12:08,438] client.Client<Client:e0034>:OUTPUT: website : redfin.com, time : 34, hop cnt : 5
[2021-12-06 16:12:08,478] client.Client<Client:e0034>:OUTPUT: Result of query for costco.com = 23.5.175.156
[2021-12-06 16:12:08,478] client.Client<Client:e0034>:OUTPUT: website : costco.com, time : 39, hop cnt : 5
[2021-12-06 16:12:08,526] client.Client<Client:e0034>:OUTPUT: Result of query for nbcnews.com = 52.10.191.40
[2021-12-06 16:12:08,526] client.Client<Client:e0034>:OUTPUT: website : nbcnews.com, time : 47, hop cnt : 6
[2021-12-06 16:12:08,579] client.Client<Client:e0034>:OUTPUT: Result of query for agoda.com = 103.6.182.20
[2021-12-06 16:12:08,579] client.Client<Client:e0034>:OUTPUT: website : agoda.com, time : 52, hop cnt : 6
[2021-12-06 16:12:08,633] client.Client<Client:e0034>:OUTPUT: Result of query for lazada.com.my = 47.89.88.80
[2021-12-06 16:12:08,633] client.Client<Client:e0034>:OUTPUT: website : lazada.com.my, time : 51, hop cnt : 6
[2021-12-06 16:12:08,688] client.Client<Client:e0034>:OUTPUT: Result of query for bankmellat.ir = 176.56.156.136
[2021-12-06 16:12:08,688] client.Client<Client:e0034>:OUTPUT: website : bankmellat.ir, time : 53, hop cnt : 6
[2021-12-06 16:12:08,740] client.Client<Client:e0034>:OUTPUT: Result of query for huawei.com = 121.37.49.12
[2021-12-06 16:12:08,740] client.Client<Client:e0034>:OUTPUT: website : huawei.com, time : 51, hop cnt : 6
[2021-12-06 16:12:08,768] client.Client<Client:e0034>:OUTPUT: Result of query for allocine.fr = 185.129.44.22
[2021-12-06 16:12:08,768] client.Client<Client:e0034>:OUTPUT: website : allocine.fr, time : 27, hop cnt : 4
[2021-12-06 16:12:08,819] client.Client<Client:e0034>:OUTPUT: Result of query for usaa.com = 23.3.123.229
[2021-12-06 16:12:08,820] client.Client<Client:e0034>:OUTPUT: website : usaa.com, time : 50, hop cnt : 6
[2021-12-06 16:12:08,834] client.Client<Client:e0034>:OUTPUT: Result of query for admarketplace.net = 104.218.72.17
[2021-12-06 16:12:08,835] client.Client<Client:e0034>:OUTPUT: website : admarketplace.net, time : 14, hop cnt : 3
[2021-12-06 16:12:08,852] client.Client<Client:e0034>:OUTPUT: Result of query for strava.com = 34.204.56.92
[2021-12-06 16:12:08,852] client.Client<Client:e0034>:OUTPUT: website : strava.com, time : 16, hop cnt : 3
[2021-12-06 16:12:08,883] client.Client<Client:e0034>:OUTPUT: Result of query for qingdaonews.com = 61.133.84.135
[2021-12-06 16:12:08,883] client.Client<Client:e0034>:OUTPUT: website : qingdaonews.com, time : 30, hop cnt : 3
[2021-12-06 16:12:08,924] client.Client<Client:e0034>:OUTPUT: Result of query for plarium.com = 104.16.21.18
[2021-12-06 16:12:08,924] client.Client<Client:e0034>:OUTPUT: website : plarium.com, time : 40, hop cnt : 5
[2021-12-06 16:12:08,953] client.Client<Client:e0034>:OUTPUT: Result of query for tellonym.de = 104.27.156.135
[2021-12-06 16:12:08,953] client.Client<Client:e0034>:OUTPUT: website : tellonym.de, time : 28, hop cnt : 5
[2021-12-06 16:12:09,006] client.Client<Client:e0034>:OUTPUT: Result of query for idntimes.com = 163.53.193.44
[2021-12-06 16:12:09,006] client.Client<Client:e0034>:OUTPUT: website : idntimes.com, time : 47, hop cnt : 6
[2021-12-06 16:12:09,042] client.Client<Client:e0034>:OUTPUT: Result of query for google.si = 172.217.10.227
[2021-12-06 16:12:09,042] client.Client<Client:e0034>:OUTPUT: website : google.si, time : 35, hop cnt : 4
[2021-12-06 16:12:09,092] client.Client<Client:e0034>:OUTPUT: Result of query for op.gg = 1.201.138.254
[2021-12-06 16:12:09,093] client.Client<Client:e0034>:OUTPUT: website : op.gg, time : 49, hop cnt : 6
[2021-12-06 16:12:09,130] client.Client<Client:e0034>:OUTPUT: Result of query for mashable.com = 23.12.144.198
[2021-12-06 16:12:09,130] client.Client<Client:e0034>:OUTPUT: website : mashable.com, time : 36, hop cnt : 5
[2021-12-06 16:12:09,168] client.Client<Client:e0034>:OUTPUT: Result of query for ruten.com.tw = 60.199.140.65
[2021-12-06 16:12:09,168] client.Client<Client:e0034>:OUTPUT: website : ruten.com.tw, time : 36, hop cnt : 5
[2021-12-06 16:12:09,177] client.Client<Client:e0034>:OUTPUT: Result of query for zomato.com = 54.179.203.195
[2021-12-06 16:12:09,177] client.Client<Client:e0034>:OUTPUT: website : zomato.com, time : 8, hop cnt : 2
[2021-12-06 16:12:09,185] client.Client<Client:e0034>:OUTPUT: Result of query for brazzers.com = 66.254.114.234
[2021-12-06 16:12:09,185] client.Client<Client:e0034>:OUTPUT: website : brazzers.com, time : 8, hop cnt : 2
[2021-12-06 16:12:09,218] client.Client<Client:e0034>:OUTPUT: Result of query for clipconverter.cc = 145.239.154.176
[2021-12-06 16:12:09,218] client.Client<Client:e0034>:OUTPUT: website : clipconverter.cc, time : 31, hop cnt : 5
[2021-12-06 16:12:09,252] client.Client<Client:e0034>:OUTPUT: Result of query for andhrajyothy.com = 104.26.3.6
[2021-12-06 16:12:09,252] client.Client<Client:e0034>:OUTPUT: website : andhrajyothy.com, time : 32, hop cnt : 6
[2021-12-06 16:12:09,285] client.Client<Client:e0034>:OUTPUT: Result of query for labanquepostale.fr = 185.16.252.161
[2021-12-06 16:12:09,285] client.Client<Client:e0034>:OUTPUT: website : labanquepostale.fr, time : 31, hop cnt : 6
[2021-12-06 16:12:09,299] client.Client<Client:e0034>:OUTPUT: Result of query for chron.com = 98.129.228.59
[2021-12-06 16:12:09,299] client.Client<Client:e0034>:OUTPUT: website : chron.com, time : 13, hop cnt : 3
[2021-12-06 16:12:09,329] client.Client<Client:e0034>:OUTPUT: Result of query for politico.com = 54.84.228.234
[2021-12-06 16:12:09,329] client.Client<Client:e0034>:OUTPUT: website : politico.com, time : 29, hop cnt : 4
[2021-12-06 16:12:09,360] client.Client<Client:e0034>:OUTPUT: Result of query for cbc.ca = 23.14.157.242
[2021-12-06 16:12:09,360] client.Client<Client:e0034>:OUTPUT: website : cbc.ca, time : 28, hop cnt : 4
[2021-12-06 16:12:09,401] client.Client<Client:e0034>:OUTPUT: Result of query for gutefrage.net = 213.95.206.42
[2021-12-06 16:12:09,401] client.Client<Client:e0034>:OUTPUT: website : gutefrage.net, time : 40, hop cnt : 5
[2021-12-06 16:12:09,439] client.Client<Client:e0034>:OUTPUT: Result of query for torrentproject.se = 103.224.182.253
[2021-12-06 16:12:09,439] client.Client<Client:e0034>:OUTPUT: website : torrentproject.se, time : 36, hop cnt : 4
[2021-12-06 16:12:09,490] client.Client<Client:e0034>:OUTPUT: Result of query for uzone.id = 36.86.63.186
[2021-12-06 16:12:09,490] client.Client<Client:e0034>:OUTPUT: website : uzone.id, time : 51, hop cnt : 6
[2021-12-06 16:12:09,514] client.Client<Client:e0034>:OUTPUT: Result of query for focus.de = 104.77.150.181
[2021-12-06 16:12:09,514] client.Client<Client:e0034>:OUTPUT: website : focus.de, time : 21, hop cnt : 4
[2021-12-06 16:12:09,563] client.Client<Client:e0034>:OUTPUT: Result of query for google.tm = 172.217.10.4
[2021-12-06 16:12:09,563] client.Client<Client:e0034>:OUTPUT: website : google.tm, time : 49, hop cnt : 5
[2021-12-06 16:12:09,607] client.Client<Client:e0034>:OUTPUT: Result of query for united.com = 23.60.32.163
[2021-12-06 16:12:09,608] client.Client<Client:e0034>:OUTPUT: website : united.com, time : 43, hop cnt : 5
[2021-12-06 16:12:09,643] client.Client<Client:e0034>:OUTPUT: Result of query for segmentfault.com = 47.94.236.96
[2021-12-06 16:12:09,643] client.Client<Client:e0034>:OUTPUT: website : segmentfault.com, time : 32, hop cnt : 4
[2021-12-06 16:12:09,668] client.Client<Client:e0034>:OUTPUT: Result of query for welt.de = 195.50.178.200
[2021-12-06 16:12:09,669] client.Client<Client:e0034>:OUTPUT: website : welt.de, time : 23, hop cnt : 4
[2021-12-06 16:12:09,705] client.Client<Client:e0034>:OUTPUT: Result of query for yandex.com.tr = 87.250.255.11
[2021-12-06 16:12:09,705] client.Client<Client:e0034>:OUTPUT: website : yandex.com.tr, time : 35, hop cnt : 4
[2021-12-06 16:12:09,716] client.Client<Client:e0034>:OUTPUT: Result of query for likemag.com = 46.253.113.170
[2021-12-06 16:12:09,716] client.Client<Client:e0034>:OUTPUT: website : likemag.com, time : 10, hop cnt : 3
[2021-12-06 16:12:09,758] client.Client<Client:e0034>:OUTPUT: Result of query for primevideo.com = 13.225.229.84
[2021-12-06 16:12:09,758] client.Client<Client:e0034>:OUTPUT: website : primevideo.com, time : 41, hop cnt : 6
[2021-12-06 16:12:09,783] client.Client<Client:e0034>:OUTPUT: Result of query for turbobit.net = 91.235.142.174
[2021-12-06 16:12:09,783] client.Client<Client:e0034>:OUTPUT: website : turbobit.net, time : 24, hop cnt : 4
[2021-12-06 16:12:09,827] client.Client<Client:e0034>:OUTPUT: Result of query for chouftv.ma = 104.22.62.192
[2021-12-06 16:12:09,827] client.Client<Client:e0034>:OUTPUT: website : chouftv.ma, time : 43, hop cnt : 5
[2021-12-06 16:12:09,870] client.Client<Client:e0034>:OUTPUT: Result of query for freejobalert.com = 172.67.69.27
[2021-12-06 16:12:09,870] client.Client<Client:e0034>:OUTPUT: website : freejobalert.com, time : 42, hop cnt : 6
[2021-12-06 16:12:09,900] client.Client<Client:e0034>:OUTPUT: Result of query for gazzetta.it = 34.90.183.102
[2021-12-06 16:12:09,901] client.Client<Client:e0034>:OUTPUT: website : gazzetta.it, time : 27, hop cnt : 3
[2021-12-06 16:12:09,932] client.Client<Client:e0034>:OUTPUT: Result of query for perfectgirls.net = 104.22.6.84
[2021-12-06 16:12:09,932] client.Client<Client:e0034>:OUTPUT: website : perfectgirls.net, time : 29, hop cnt : 5
[2021-12-06 16:12:09,949] client.Client<Client:e0034>:OUTPUT: Result of query for lazada.com.ph = 47.89.88.80
[2021-12-06 16:12:09,950] client.Client<Client:e0034>:OUTPUT: website : lazada.com.ph, time : 17, hop cnt : 4
[2021-12-06 16:12:09,987] client.Client<Client:e0034>:OUTPUT: Result of query for tnaflix.com = 77.247.179.176
[2021-12-06 16:12:09,988] client.Client<Client:e0034>:OUTPUT: website : tnaflix.com, time : 35, hop cnt : 6
[2021-12-06 16:12:10,008] client.Client<Client:e0034>:OUTPUT: Result of query for worldstarhiphop.com = 52.13.46.21
[2021-12-06 16:12:10,008] client.Client<Client:e0034>:OUTPUT: website : worldstarhiphop.com, time : 20, hop cnt : 3
[2021-12-06 16:12:10,056] client.Client<Client:e0034>:OUTPUT: Result of query for ero-advertising.com = 217.22.19.212
[2021-12-06 16:12:10,056] client.Client<Client:e0034>:OUTPUT: website : ero-advertising.com, time : 47, hop cnt : 6
[2021-12-06 16:12:10,071] client.Client<Client:e0034>:OUTPUT: Result of query for liveinternet.ru = 88.212.202.50
[2021-12-06 16:12:10,071] client.Client<Client:e0034>:OUTPUT: website : liveinternet.ru, time : 15, hop cnt : 3
[2021-12-06 16:12:10,090] client.Client<Client:e0034>:OUTPUT: Result of query for dostor.org = 172.67.160.77
[2021-12-06 16:12:10,091] client.Client<Client:e0034>:OUTPUT: website : dostor.org, time : 17, hop cnt : 4
[2021-12-06 16:12:10,124] client.Client<Client:e0034>:OUTPUT: Result of query for vetogate.com = 172.67.161.200
[2021-12-06 16:12:10,124] client.Client<Client:e0034>:OUTPUT: website : vetogate.com, time : 32, hop cnt : 5
[2021-12-06 16:12:10,163] client.Client<Client:e0034>:OUTPUT: Result of query for digitalprivacyalert.org = 172.67.157.7
[2021-12-06 16:12:10,163] client.Client<Client:e0034>:OUTPUT: website : digitalprivacyalert.org, time : 38, hop cnt : 5
[2021-12-06 16:12:10,200] client.Client<Client:e0034>:OUTPUT: Result of query for secure-surf.net = 198.105.208.119
[2021-12-06 16:12:10,200] client.Client<Client:e0034>:OUTPUT: website : secure-surf.net, time : 36, hop cnt : 5
[2021-12-06 16:12:10,255] client.Client<Client:e0034>:OUTPUT: Result of query for 11st.co.kr = 113.217.247.90
[2021-12-06 16:12:10,255] client.Client<Client:e0034>:OUTPUT: website : 11st.co.kr, time : 54, hop cnt : 6
[2021-12-06 16:12:10,295] client.Client<Client:e0034>:OUTPUT: Result of query for dribbble.com = 192.229.210.197
[2021-12-06 16:12:10,296] client.Client<Client:e0034>:OUTPUT: website : dribbble.com, time : 39, hop cnt : 5
[2021-12-06 16:12:10,336] client.Client<Client:e0034>:OUTPUT: Result of query for webtretho.com = 123.30.128.200
[2021-12-06 16:12:10,337] client.Client<Client:e0034>:OUTPUT: website : webtretho.com, time : 39, hop cnt : 5
[2021-12-06 16:12:10,379] client.Client<Client:e0034>:OUTPUT: Result of query for tomsguide.com = 185.113.25.56
[2021-12-06 16:12:10,379] client.Client<Client:e0034>:OUTPUT: website : tomsguide.com, time : 41, hop cnt : 5
[2021-12-06 16:12:10,423] client.Client<Client:e0034>:OUTPUT: Result of query for imagetwist.com = 172.64.110.13
[2021-12-06 16:12:10,423] client.Client<Client:e0034>:OUTPUT: website : imagetwist.com, time : 42, hop cnt : 5
[2021-12-06 16:12:10,468] client.Client<Client:e0034>:OUTPUT: Result of query for lun.com = 190.96.78.13
[2021-12-06 16:12:10,468] client.Client<Client:e0034>:OUTPUT: website : lun.com, time : 44, hop cnt : 4
[2021-12-06 16:12:10,512] client.Client<Client:e0034>:OUTPUT: Result of query for bookmyshow.com = 104.16.124.37
[2021-12-06 16:12:10,512] client.Client<Client:e0034>:OUTPUT: website : bookmyshow.com, time : 43, hop cnt : 5
[2021-12-06 16:12:10,540] client.Client<Client:e0034>:OUTPUT: Result of query for ancestry.com = 45.60.63.104
[2021-12-06 16:12:10,540] client.Client<Client:e0034>:OUTPUT: website : ancestry.com, time : 28, hop cnt : 5
[2021-12-06 16:12:10,575] client.Client<Client:e0034>:OUTPUT: Result of query for ea.com = 96.6.28.15
[2021-12-06 16:12:10,575] client.Client<Client:e0034>:OUTPUT: website : ea.com, time : 34, hop cnt : 4
[2021-12-06 16:12:10,619] client.Client<Client:e0034>:OUTPUT: Result of query for artstation.com = 104.18.153.26
[2021-12-06 16:12:10,619] client.Client<Client:e0034>:OUTPUT: website : artstation.com, time : 43, hop cnt : 5
[2021-12-06 16:12:10,663] client.Client<Client:e0034>:OUTPUT: Result of query for livestrong.com = 23.78.176.126
[2021-12-06 16:12:10,663] client.Client<Client:e0034>:OUTPUT: website : livestrong.com, time : 43, hop cnt : 6
[2021-12-06 16:12:10,713] client.Client<Client:e0034>:OUTPUT: Result of query for piriform.com = 151.101.64.64
[2021-12-06 16:12:10,713] client.Client<Client:e0034>:OUTPUT: website : piriform.com, time : 49, hop cnt : 6
[2021-12-06 16:12:10,747] client.Client<Client:e0034>:OUTPUT: Result of query for nulltheme.net = 104.247.82.11
[2021-12-06 16:12:10,747] client.Client<Client:e0034>:OUTPUT: website : nulltheme.net, time : 33, hop cnt : 5
[2021-12-06 16:12:10,784] client.Client<Client:e0034>:OUTPUT: Result of query for wayfair.com = 162.208.32.80
[2021-12-06 16:12:10,784] client.Client<Client:e0034>:OUTPUT: website : wayfair.com, time : 36, hop cnt : 5
[2021-12-06 16:12:10,816] client.Client<Client:e0034>:OUTPUT: Result of query for theatlantic.com = 151.101.66.133
[2021-12-06 16:12:10,817] client.Client<Client:e0034>:OUTPUT: website : theatlantic.com, time : 31, hop cnt : 6
[2021-12-06 16:12:10,845] client.Client<Client:e0034>:OUTPUT: Result of query for apache.org = 40.79.78.1
[2021-12-06 16:12:10,846] client.Client<Client:e0034>:OUTPUT: website : apache.org, time : 26, hop cnt : 6
[2021-12-06 16:12:10,879] client.Client<Client:e0034>:OUTPUT: Result of query for liveleak.com = 199.80.59.186
[2021-12-06 16:12:10,880] client.Client<Client:e0034>:OUTPUT: website : liveleak.com, time : 33, hop cnt : 5
[2021-12-06 16:12:10,896] client.Client<Client:e0034>:OUTPUT: Result of query for skysports.com = 90.216.129.62
[2021-12-06 16:12:10,897] client.Client<Client:e0034>:OUTPUT: website : skysports.com, time : 15, hop cnt : 2
[2021-12-06 16:12:10,921] client.Client<Client:e0034>:OUTPUT: Result of query for polygon.com = 151.101.129.52
[2021-12-06 16:12:10,921] client.Client<Client:e0034>:OUTPUT: website : polygon.com, time : 24, hop cnt : 4
[2021-12-06 16:12:10,967] client.Client<Client:e0034>:OUTPUT: Result of query for td.com = 192.229.162.193
[2021-12-06 16:12:10,967] client.Client<Client:e0034>:OUTPUT: website : td.com, time : 42, hop cnt : 6
[2021-12-06 16:12:11,015] client.Client<Client:e0034>:OUTPUT: Result of query for pcgamer.com = 185.113.25.55
[2021-12-06 16:12:11,016] client.Client<Client:e0034>:OUTPUT: website : pcgamer.com, time : 46, hop cnt : 6
[2021-12-06 16:12:11,055] client.Client<Client:e0034>:OUTPUT: Result of query for internetdownloadmanager.com = 169.60.186.153
[2021-12-06 16:12:11,055] client.Client<Client:e0034>:OUTPUT: website : internetdownloadmanager.com, time : 38, hop cnt : 4
[2021-12-06 16:12:11,080] client.Client<Client:e0034>:OUTPUT: Result of query for lazada.co.th = 47.89.75.205
[2021-12-06 16:12:11,080] client.Client<Client:e0034>:OUTPUT: website : lazada.co.th, time : 24, hop cnt : 4
[2021-12-06 16:12:11,108] client.Client<Client:e0034>:OUTPUT: Result of query for dmv.org = 3.214.71.201
[2021-12-06 16:12:11,108] client.Client<Client:e0034>:OUTPUT: website : dmv.org, time : 26, hop cnt : 5
[2021-12-06 16:12:11,144] client.Client<Client:e0034>:OUTPUT: Result of query for elvenar.com = 212.48.98.22
[2021-12-06 16:12:11,144] client.Client<Client:e0034>:OUTPUT: website : elvenar.com, time : 34, hop cnt : 4
[2021-12-06 16:12:11,172] client.Client<Client:e0034>:OUTPUT: Result of query for avira.com = 52.58.28.12
[2021-12-06 16:12:11,172] client.Client<Client:e0034>:OUTPUT: website : avira.com, time : 27, hop cnt : 5
[2021-12-06 16:12:11,191] client.Client<Client:e0034>:OUTPUT: Result of query for vjav.com = 172.64.142.27
[2021-12-06 16:12:11,191] client.Client<Client:e0034>:OUTPUT: website : vjav.com, time : 18, hop cnt : 4
[2021-12-06 16:12:11,227] client.Client<Client:e0034>:OUTPUT: Result of query for photobucket.com = 13.224.119.54
[2021-12-06 16:12:11,227] client.Client<Client:e0034>:OUTPUT: website : photobucket.com, time : 35, hop cnt : 5
[2021-12-06 16:12:11,259] client.Client<Client:e0034>:OUTPUT: Result of query for ryanair.com = 216.146.46.11
[2021-12-06 16:12:11,259] client.Client<Client:e0034>:OUTPUT: website : ryanair.com, time : 31, hop cnt : 5
[2021-12-06 16:12:11,302] client.Client<Client:e0034>:OUTPUT: Result of query for datumglobal.com = 67.227.226.241
[2021-12-06 16:12:11,302] client.Client<Client:e0034>:OUTPUT: website : datumglobal.com, time : 40, hop cnt : 6
[2021-12-06 16:12:11,337] client.Client<Client:e0034>:OUTPUT: Result of query for pastebin.com = 104.23.98.190
[2021-12-06 16:12:11,337] client.Client<Client:e0034>:OUTPUT: website : pastebin.com, time : 31, hop cnt : 4
[2021-12-06 16:12:11,387] client.Client<Client:e0034>:OUTPUT: Result of query for namasha.com = 77.238.123.22
[2021-12-06 16:12:11,387] client.Client<Client:e0034>:OUTPUT: website : namasha.com, time : 49, hop cnt : 6
[2021-12-06 16:12:11,437] client.Client<Client:e0034>:OUTPUT: Result of query for friendsheart.com = 67.227.226.240
[2021-12-06 16:12:11,437] client.Client<Client:e0034>:OUTPUT: website : friendsheart.com, time : 49, hop cnt : 5
[2021-12-06 16:12:11,477] client.Client<Client:e0034>:OUTPUT: Result of query for aa.com = 104.116.253.72
[2021-12-06 16:12:11,477] client.Client<Client:e0034>:OUTPUT: website : aa.com, time : 39, hop cnt : 4
[2021-12-06 16:12:11,521] client.Client<Client:e0034>:OUTPUT: Result of query for google.com.af = 172.217.12.196
[2021-12-06 16:12:11,521] client.Client<Client:e0034>:OUTPUT: website : google.com.af, time : 43, hop cnt : 6
[2021-12-06 16:12:11,551] client.Client<Client:e0034>:OUTPUT: Result of query for n11.com = 176.41.133.10
[2021-12-06 16:12:11,551] client.Client<Client:e0034>:OUTPUT: website : n11.com, time : 29, hop cnt : 4
[2021-12-06 16:12:11,573] client.Client<Client:e0034>:OUTPUT: Result of query for yjc.ir = 94.182.146.12
[2021-12-06 16:12:11,574] client.Client<Client:e0034>:OUTPUT: website : yjc.ir, time : 21, hop cnt : 4
[2021-12-06 16:12:11,614] client.Client<Client:e0034>:OUTPUT: Result of query for vesti.ru = 80.247.32.208
[2021-12-06 16:12:11,614] client.Client<Client:e0034>:OUTPUT: website : vesti.ru, time : 37, hop cnt : 6
[2021-12-06 16:12:11,656] client.Client<Client:e0034>:OUTPUT: Result of query for guancha.cn = 129.226.102.49
[2021-12-06 16:12:11,656] client.Client<Client:e0034>:OUTPUT: website : guancha.cn, time : 41, hop cnt : 5
[2021-12-06 16:12:11,699] client.Client<Client:e0034>:OUTPUT: Result of query for custhelp.com = 74.117.206.70
[2021-12-06 16:12:11,699] client.Client<Client:e0034>:OUTPUT: website : custhelp.com, time : 42, hop cnt : 5
[2021-12-06 16:12:11,738] client.Client<Client:e0034>:OUTPUT: Result of query for avast.com = 104.104.77.218
[2021-12-06 16:12:11,739] client.Client<Client:e0034>:OUTPUT: website : avast.com, time : 38, hop cnt : 5
[2021-12-06 16:12:11,763] client.Client<Client:e0034>:OUTPUT: Result of query for hepsiburada.com = 193.28.225.200
[2021-12-06 16:12:11,764] client.Client<Client:e0034>:OUTPUT: website : hepsiburada.com, time : 23, hop cnt : 4
[2021-12-06 16:12:11,796] client.Client<Client:e0034>:OUTPUT: Result of query for almasryalyoum.com = 172.67.19.53
[2021-12-06 16:12:11,797] client.Client<Client:e0034>:OUTPUT: website : almasryalyoum.com, time : 31, hop cnt : 6
[2021-12-06 16:12:11,830] client.Client<Client:e0034>:OUTPUT: Result of query for elfagr.org = 104.27.160.160
[2021-12-06 16:12:11,830] client.Client<Client:e0034>:OUTPUT: website : elfagr.org, time : 31, hop cnt : 5
[2021-12-06 16:12:11,870] client.Client<Client:e0034>:OUTPUT: Result of query for eol.cn = 202.205.109.2
[2021-12-06 16:12:11,871] client.Client<Client:e0034>:OUTPUT: website : eol.cn, time : 38, hop cnt : 5
[2021-12-06 16:12:11,916] client.Client<Client:e0034>:OUTPUT: Result of query for elwatannews.com = 104.22.42.113
[2021-12-06 16:12:11,917] client.Client<Client:e0034>:OUTPUT: website : elwatannews.com, time : 45, hop cnt : 5
[2021-12-06 16:12:11,948] client.Client<Client:e0034>:OUTPUT: Result of query for yandex.kz = 5.255.255.5
[2021-12-06 16:12:11,950] client.Client<Client:e0034>:OUTPUT: website : yandex.kz, time : 29, hop cnt : 6
[2021-12-06 16:12:11,971] client.Client<Client:e0034>:OUTPUT: Result of query for itmedia.co.jp = 18.180.234.132
[2021-12-06 16:12:11,971] client.Client<Client:e0034>:OUTPUT: website : itmedia.co.jp, time : 20, hop cnt : 3
[2021-12-06 16:12:12,019] client.Client<Client:e0034>:OUTPUT: Result of query for alwafd.org = 172.67.137.18
[2021-12-06 16:12:12,020] client.Client<Client:e0034>:OUTPUT: website : alwafd.org, time : 47, hop cnt : 6
[2021-12-06 16:12:12,063] client.Client<Client:e0034>:OUTPUT: Result of query for usbank.com = 170.135.184.254
[2021-12-06 16:12:12,063] client.Client<Client:e0034>:OUTPUT: website : usbank.com, time : 41, hop cnt : 6
[2021-12-06 16:12:12,100] client.Client<Client:e0034>:OUTPUT: Result of query for dream.co.id = 35.247.151.249
[2021-12-06 16:12:12,101] client.Client<Client:e0034>:OUTPUT: website : dream.co.id, time : 36, hop cnt : 5
[2021-12-06 16:12:12,131] client.Client<Client:e0034>:OUTPUT: Result of query for creditkarma.com = 23.207.212.242
[2021-12-06 16:12:12,131] client.Client<Client:e0034>:OUTPUT: website : creditkarma.com, time : 29, hop cnt : 4
[2021-12-06 16:12:12,177] client.Client<Client:e0034>:OUTPUT: Result of query for gmanetwork.com = 13.251.82.77
[2021-12-06 16:12:12,177] client.Client<Client:e0034>:OUTPUT: website : gmanetwork.com, time : 45, hop cnt : 5
[2021-12-06 16:12:12,217] client.Client<Client:e0034>:OUTPUT: Result of query for teepr.com = 104.22.10.248
[2021-12-06 16:12:12,218] client.Client<Client:e0034>:OUTPUT: website : teepr.com, time : 40, hop cnt : 6
[2021-12-06 16:12:12,271] client.Client<Client:e0034>:OUTPUT: Result of query for junbi-tracker.com = 95.128.201.171
[2021-12-06 16:12:12,272] client.Client<Client:e0034>:OUTPUT: website : junbi-tracker.com, time : 52, hop cnt : 6
[2021-12-06 16:12:12,299] client.Client<Client:e0034>:OUTPUT: Result of query for ipetgroup.com = 172.67.149.9
[2021-12-06 16:12:12,300] client.Client<Client:e0034>:OUTPUT: website : ipetgroup.com, time : 26, hop cnt : 5
[2021-12-06 16:12:12,333] client.Client<Client:e0034>:OUTPUT: Result of query for mileroticos.com = 185.206.63.13
[2021-12-06 16:12:12,334] client.Client<Client:e0034>:OUTPUT: website : mileroticos.com, time : 32, hop cnt : 6
[2021-12-06 16:12:12,358] client.Client<Client:e0034>:OUTPUT: Result of query for mynavi.jp = 13.225.229.117
[2021-12-06 16:12:12,359] client.Client<Client:e0034>:OUTPUT: website : mynavi.jp, time : 22, hop cnt : 4
[2021-12-06 16:12:12,402] client.Client<Client:e0034>:OUTPUT: Result of query for kknews.cc = 172.67.26.195
[2021-12-06 16:12:12,403] client.Client<Client:e0034>:OUTPUT: website : kknews.cc, time : 42, hop cnt : 5
[2021-12-06 16:12:12,440] client.Client<Client:e0034>:OUTPUT: Result of query for rightmove.co.uk = 185.220.161.23
[2021-12-06 16:12:12,441] client.Client<Client:e0034>:OUTPUT: website : rightmove.co.uk, time : 36, hop cnt : 5
[2021-12-06 16:12:12,478] client.Client<Client:e0034>:OUTPUT: Result of query for tmz.com = 54.174.189.230
[2021-12-06 16:12:12,478] client.Client<Client:e0034>:OUTPUT: website : tmz.com, time : 36, hop cnt : 5
[2021-12-06 16:12:12,531] client.Client<Client:e0034>:OUTPUT: Result of query for adme.ru = 168.119.201.14
[2021-12-06 16:12:12,531] client.Client<Client:e0034>:OUTPUT: website : adme.ru, time : 52, hop cnt : 6
[2021-12-06 16:12:12,566] client.Client<Client:e0034>:OUTPUT: Result of query for icy-veins.com = 87.98.161.106
[2021-12-06 16:12:12,567] client.Client<Client:e0034>:OUTPUT: website : icy-veins.com, time : 34, hop cnt : 5
[2021-12-06 16:12:12,596] client.Client<Client:e0034>:OUTPUT: Result of query for google.com.my = 172.217.10.99
[2021-12-06 16:12:12,597] client.Client<Client:e0034>:OUTPUT: website : google.com.my, time : 28, hop cnt : 5
[2021-12-06 16:12:12,619] client.Client<Client:e0034>:OUTPUT: Result of query for dcard.tw = 104.16.105.87
[2021-12-06 16:12:12,620] client.Client<Client:e0034>:OUTPUT: website : dcard.tw, time : 22, hop cnt : 5
[2021-12-06 16:12:12,646] client.Client<Client:e0034>:OUTPUT: Result of query for 1tv.ru = 178.248.233.188
[2021-12-06 16:12:12,646] client.Client<Client:e0034>:OUTPUT: website : 1tv.ru, time : 22, hop cnt : 4
[2021-12-06 16:12:12,696] client.Client<Client:e0034>:OUTPUT: Result of query for alodokter.com = 104.22.72.213
[2021-12-06 16:12:12,697] client.Client<Client:e0034>:OUTPUT: website : alodokter.com, time : 49, hop cnt : 6
[2021-12-06 16:12:12,733] client.Client<Client:e0034>:OUTPUT: Result of query for wuxiaworld.com = 172.67.74.57
[2021-12-06 16:12:12,733] client.Client<Client:e0034>:OUTPUT: website : wuxiaworld.com, time : 36, hop cnt : 5
[2021-12-06 16:12:12,765] client.Client<Client:e0034>:OUTPUT: Result of query for dawn.com = 104.27.186.174
[2021-12-06 16:12:12,766] client.Client<Client:e0034>:OUTPUT: website : dawn.com, time : 30, hop cnt : 4
[2021-12-06 16:12:12,790] client.Client<Client:e0034>:OUTPUT: Result of query for jiameng.com = 127.0.0.1
[2021-12-06 16:12:12,790] client.Client<Client:e0034>:OUTPUT: website : jiameng.com, time : 21, hop cnt : 4
[2021-12-06 16:12:12,817] client.Client<Client:e0034>:OUTPUT: Result of query for nextdoor.com = 13.225.229.41
[2021-12-06 16:12:12,818] client.Client<Client:e0034>:OUTPUT: website : nextdoor.com, time : 26, hop cnt : 3
[2021-12-06 16:12:12,845] client.Client<Client:e0034>:OUTPUT: Result of query for harvard.edu = 23.185.0.1
[2021-12-06 16:12:12,845] client.Client<Client:e0034>:OUTPUT: website : harvard.edu, time : 26, hop cnt : 5
[2021-12-06 16:12:12,896] client.Client<Client:e0034>:OUTPUT: Result of query for deezer.com = 78.40.123.183
[2021-12-06 16:12:12,896] client.Client<Client:e0034>:OUTPUT: website : deezer.com, time : 50, hop cnt : 6
[2021-12-06 16:12:12,919] client.Client<Client:e0034>:OUTPUT: Result of query for debate.com.mx = 104.22.3.205
[2021-12-06 16:12:12,919] client.Client<Client:e0034>:OUTPUT: website : debate.com.mx, time : 21, hop cnt : 3
[2021-12-06 16:12:12,949] client.Client<Client:e0034>:OUTPUT: Result of query for repelis.tv = 103.224.182.238
[2021-12-06 16:12:12,949] client.Client<Client:e0034>:OUTPUT: website : repelis.tv, time : 24, hop cnt : 4
[2021-12-06 16:12:13,000] client.Client<Client:e0034>:OUTPUT: Result of query for sanjesh.org = 92.242.195.4
[2021-12-06 16:12:13,000] client.Client<Client:e0034>:OUTPUT: website : sanjesh.org, time : 49, hop cnt : 5
[2021-12-06 16:12:13,021] client.Client<Client:e0034>:OUTPUT: Result of query for biblegateway.com = 13.225.229.39
[2021-12-06 16:12:13,021] client.Client<Client:e0034>:OUTPUT: website : biblegateway.com, time : 20, hop cnt : 3
[2021-12-06 16:12:13,067] client.Client<Client:e0034>:OUTPUT: Result of query for nasa.gov = 23.22.39.120
[2021-12-06 16:12:13,067] client.Client<Client:e0034>:OUTPUT: website : nasa.gov, time : 45, hop cnt : 5
[2021-12-06 16:12:13,110] client.Client<Client:e0034>:OUTPUT: Result of query for cbssports.com = 151.101.1.188
[2021-12-06 16:12:13,110] client.Client<Client:e0034>:OUTPUT: website : cbssports.com, time : 42, hop cnt : 6
[2021-12-06 16:12:13,146] client.Client<Client:e0034>:OUTPUT: Result of query for keepvid.com = 159.253.144.83
[2021-12-06 16:12:13,146] client.Client<Client:e0034>:OUTPUT: website : keepvid.com, time : 34, hop cnt : 4
[2021-12-06 16:12:13,200] client.Client<Client:e0034>:OUTPUT: Result of query for knowyourmeme.com = 208.115.103.34
[2021-12-06 16:12:13,200] client.Client<Client:e0034>:OUTPUT: website : knowyourmeme.com, time : 53, hop cnt : 6
[2021-12-06 16:12:13,258] client.Client<Client:e0034>:OUTPUT: Result of query for pexels.com = 104.17.209.102
[2021-12-06 16:12:13,258] client.Client<Client:e0034>:OUTPUT: website : pexels.com, time : 58, hop cnt : 6
[2021-12-06 16:12:13,287] client.Client<Client:e0034>:OUTPUT: Result of query for chess.com = 198.8.89.138
[2021-12-06 16:12:13,287] client.Client<Client:e0034>:OUTPUT: website : chess.com, time : 27, hop cnt : 4
[2021-12-06 16:12:13,343] client.Client<Client:e0034>:OUTPUT: Result of query for elevenia.co.id = 103.103.30.100
[2021-12-06 16:12:13,343] client.Client<Client:e0034>:OUTPUT: website : elevenia.co.id, time : 53, hop cnt : 7
[2021-12-06 16:12:13,392] client.Client<Client:e0034>:OUTPUT: Result of query for news.com.au = 23.52.161.28
[2021-12-06 16:12:13,392] client.Client<Client:e0034>:OUTPUT: website : news.com.au, time : 47, hop cnt : 5
[2021-12-06 16:12:13,435] client.Client<Client:e0034>:OUTPUT: Result of query for hh.ru = 94.124.206.1
[2021-12-06 16:12:13,435] client.Client<Client:e0034>:OUTPUT: website : hh.ru, time : 43, hop cnt : 5
[2021-12-06 16:12:13,466] client.Client<Client:e0034>:OUTPUT: Result of query for nmisr.com = 172.67.217.111
[2021-12-06 16:12:13,466] client.Client<Client:e0034>:OUTPUT: website : nmisr.com, time : 29, hop cnt : 5
[2021-12-06 16:12:13,502] client.Client<Client:e0034>:OUTPUT: Result of query for smallpdf.com = 13.225.221.77
[2021-12-06 16:12:13,502] client.Client<Client:e0034>:OUTPUT: website : smallpdf.com, time : 35, hop cnt : 4
[2021-12-06 16:12:13,545] client.Client<Client:e0034>:OUTPUT: Result of query for pcmag.com = 52.201.108.115
[2021-12-06 16:12:13,545] client.Client<Client:e0034>:OUTPUT: website : pcmag.com, time : 38, hop cnt : 5
[2021-12-06 16:12:13,579] client.Client<Client:e0034>:OUTPUT: Result of query for eporner.com = 82.192.65.65
[2021-12-06 16:12:13,579] client.Client<Client:e0034>:OUTPUT: website : eporner.com, time : 33, hop cnt : 4
[2021-12-06 16:12:13,604] client.Client<Client:e0034>:OUTPUT: Result of query for wired.com = 151.101.66.194
[2021-12-06 16:12:13,604] client.Client<Client:e0034>:OUTPUT: website : wired.com, time : 24, hop cnt : 4
[2021-12-06 16:12:13,638] client.Client<Client:e0034>:OUTPUT: Result of query for fishki.net = 172.67.73.48
[2021-12-06 16:12:13,638] client.Client<Client:e0034>:OUTPUT: website : fishki.net, time : 33, hop cnt : 5
[2021-12-06 16:12:13,659] client.Client<Client:e0034>:OUTPUT: Result of query for ted.com = 34.194.114.8
[2021-12-06 16:12:13,659] client.Client<Client:e0034>:OUTPUT: website : ted.com, time : 20, hop cnt : 3
[2021-12-06 16:12:13,693] client.Client<Client:e0034>:OUTPUT: Result of query for india.com = 54.173.62.149
[2021-12-06 16:12:13,693] client.Client<Client:e0034>:OUTPUT: website : india.com, time : 33, hop cnt : 5
[2021-12-06 16:12:13,727] client.Client<Client:e0034>:OUTPUT: Result of query for mobafire.com = 104.18.20.108
[2021-12-06 16:12:13,727] client.Client<Client:e0034>:OUTPUT: website : mobafire.com, time : 33, hop cnt : 5
[2021-12-06 16:12:13,756] client.Client<Client:e0034>:OUTPUT: Result of query for gumtree.com = 91.211.73.249
[2021-12-06 16:12:13,756] client.Client<Client:e0034>:OUTPUT: website : gumtree.com, time : 27, hop cnt : 4
[2021-12-06 16:12:13,778] client.Client<Client:e0034>:OUTPUT: Result of query for socialblade.com = 172.67.73.48
[2021-12-06 16:12:13,778] client.Client<Client:e0034>:OUTPUT: website : socialblade.com, time : 21, hop cnt : 2
[2021-12-06 16:12:13,829] client.Client<Client:e0034>:OUTPUT: Result of query for thepennyhoarder.com = 104.17.83.11
[2021-12-06 16:12:13,829] client.Client<Client:e0034>:OUTPUT: website : thepennyhoarder.com, time : 50, hop cnt : 6
[2021-12-06 16:12:13,872] client.Client<Client:e0034>:OUTPUT: Result of query for rutube.ru = 185.165.123.77
[2021-12-06 16:12:13,872] client.Client<Client:e0034>:OUTPUT: website : rutube.ru, time : 42, hop cnt : 4
[2021-12-06 16:12:13,900] client.Client<Client:e0034>:OUTPUT: Result of query for abril.com.br = 192.0.66.160
[2021-12-06 16:12:13,900] client.Client<Client:e0034>:OUTPUT: website : abril.com.br, time : 27, hop cnt : 4
[2021-12-06 16:12:13,932] client.Client<Client:e0034>:OUTPUT: Result of query for zhaopin.com = 39.96.126.126
[2021-12-06 16:12:13,932] client.Client<Client:e0034>:OUTPUT: website : zhaopin.com, time : 30, hop cnt : 4
[2021-12-06 16:12:13,980] client.Client<Client:e0034>:OUTPUT: Result of query for oneindia.com = 107.6.113.219
[2021-12-06 16:12:13,980] client.Client<Client:e0034>:OUTPUT: website : oneindia.com, time : 47, hop cnt : 6
[2021-12-06 16:12:14,035] client.Client<Client:e0034>:OUTPUT: Result of query for ebc.net.tw = 13.225.229.108
[2021-12-06 16:12:14,035] client.Client<Client:e0034>:OUTPUT: website : ebc.net.tw, time : 55, hop cnt : 6
[2021-12-06 16:12:14,076] client.Client<Client:e0034>:OUTPUT: Result of query for mejortorrent.com = 176.119.28.2
[2021-12-06 16:12:14,076] client.Client<Client:e0034>:OUTPUT: website : mejortorrent.com, time : 40, hop cnt : 6
[2021-12-06 16:12:14,104] client.Client<Client:e0034>:OUTPUT: Result of query for rarbg.is = 185.37.100.123
[2021-12-06 16:12:14,104] client.Client<Client:e0034>:OUTPUT: website : rarbg.is, time : 25, hop cnt : 6
[2021-12-06 16:12:14,144] client.Client<Client:e0034>:OUTPUT: Result of query for gap.com = 72.246.33.247
[2021-12-06 16:12:14,144] client.Client<Client:e0034>:OUTPUT: website : gap.com, time : 39, hop cnt : 5
[2021-12-06 16:12:14,172] client.Client<Client:e0034>:OUTPUT: Result of query for tim.it = 156.54.0.80
[2021-12-06 16:12:14,172] client.Client<Client:e0034>:OUTPUT: website : tim.it, time : 26, hop cnt : 3
[2021-12-06 16:12:14,208] client.Client<Client:e0034>:OUTPUT: Result of query for voluumtrk.com = 52.216.130.186
[2021-12-06 16:12:14,208] client.Client<Client:e0034>:OUTPUT: website : voluumtrk.com, time : 34, hop cnt : 5
[2021-12-06 16:12:14,254] client.Client<Client:e0034>:OUTPUT: Result of query for w3school.com.cn = 120.55.40.41
[2021-12-06 16:12:14,254] client.Client<Client:e0034>:OUTPUT: website : w3school.com.cn, time : 45, hop cnt : 6
[2021-12-06 16:12:14,288] client.Client<Client:e0034>:OUTPUT: Result of query for istockphoto.com = 13.225.229.3
[2021-12-06 16:12:14,288] client.Client<Client:e0034>:OUTPUT: website : istockphoto.com, time : 33, hop cnt : 5
[2021-12-06 16:12:14,321] client.Client<Client:e0034>:OUTPUT: Result of query for infobae.com = 184.50.232.8
[2021-12-06 16:12:14,321] client.Client<Client:e0034>:OUTPUT: website : infobae.com, time : 30, hop cnt : 4
[2021-12-06 16:12:14,349] client.Client<Client:e0034>:OUTPUT: Result of query for extratorrent.ag = 104.28.22.13
[2021-12-06 16:12:14,349] client.Client<Client:e0034>:OUTPUT: website : extratorrent.ag, time : 27, hop cnt : 4
[2021-12-06 16:12:14,367] client.Client<Client:e0034>:OUTPUT: Result of query for francetvinfo.fr = 193.57.129.9
[2021-12-06 16:12:14,367] client.Client<Client:e0034>:OUTPUT: website : francetvinfo.fr, time : 17, hop cnt : 3
[2021-12-06 16:12:14,414] client.Client<Client:e0034>:OUTPUT: Result of query for mysearch.com = 34.102.244.163
[2021-12-06 16:12:14,414] client.Client<Client:e0034>:OUTPUT: website : mysearch.com, time : 46, hop cnt : 5
[2021-12-06 16:12:14,442] client.Client<Client:e0034>:OUTPUT: Result of query for att.net = 144.160.155.69
[2021-12-06 16:12:14,442] client.Client<Client:e0034>:OUTPUT: website : att.net, time : 27, hop cnt : 5
[2021-12-06 16:12:14,481] client.Client<Client:e0034>:OUTPUT: Result of query for auction.co.kr = 183.111.131.60
[2021-12-06 16:12:14,481] client.Client<Client:e0034>:OUTPUT: website : auction.co.kr, time : 37, hop cnt : 6
[2021-12-06 16:12:14,520] client.Client<Client:e0034>:OUTPUT: Result of query for wetter.com = 18.200.117.225
[2021-12-06 16:12:14,521] client.Client<Client:e0034>:OUTPUT: website : wetter.com, time : 37, hop cnt : 6
[2021-12-06 16:12:14,557] client.Client<Client:e0034>:OUTPUT: Result of query for sfr.fr = 80.125.163.172
[2021-12-06 16:12:14,558] client.Client<Client:e0034>:OUTPUT: website : sfr.fr, time : 34, hop cnt : 4
[2021-12-06 16:12:14,583] client.Client<Client:e0034>:OUTPUT: Result of query for tamilrockers.nu = 103.224.182.250
[2021-12-06 16:12:14,583] client.Client<Client:e0034>:OUTPUT: website : tamilrockers.nu, time : 24, hop cnt : 6
[2021-12-06 16:12:14,634] client.Client<Client:e0034>:OUTPUT: Result of query for wenxuecity.com = 35.190.31.60
[2021-12-06 16:12:14,635] client.Client<Client:e0034>:OUTPUT: website : wenxuecity.com, time : 49, hop cnt : 5
[2021-12-06 16:12:14,664] client.Client<Client:e0034>:OUTPUT: Result of query for edx.org = 13.225.229.18
[2021-12-06 16:12:14,665] client.Client<Client:e0034>:OUTPUT: website : edx.org, time : 28, hop cnt : 5
[2021-12-06 16:12:14,706] client.Client<Client:e0034>:OUTPUT: Result of query for kohls.com = 173.223.236.212
[2021-12-06 16:12:14,706] client.Client<Client:e0034>:OUTPUT: website : kohls.com, time : 40, hop cnt : 6
[2021-12-06 16:12:14,733] client.Client<Client:e0034>:OUTPUT: Result of query for ifeng.com = 123.103.122.24
[2021-12-06 16:12:14,733] client.Client<Client:e0034>:OUTPUT: website : ifeng.com, time : 25, hop cnt : 3
[2021-12-06 16:12:14,771] client.Client<Client:e0034>:OUTPUT: Result of query for ebay.ca = 66.135.196.249
[2021-12-06 16:12:14,771] client.Client<Client:e0034>:OUTPUT: website : ebay.ca, time : 37, hop cnt : 5
[2021-12-06 16:12:14,805] client.Client<Client:e0034>:OUTPUT: Result of query for sfgate.com = 98.129.228.59
[2021-12-06 16:12:14,805] client.Client<Client:e0034>:OUTPUT: website : sfgate.com, time : 33, hop cnt : 5
[2021-12-06 16:12:14,843] client.Client<Client:e0034>:OUTPUT: Result of query for ebates.com = 52.32.23.103
[2021-12-06 16:12:14,843] client.Client<Client:e0034>:OUTPUT: website : ebates.com, time : 37, hop cnt : 4
[2021-12-06 16:12:14,893] client.Client<Client:e0034>:OUTPUT: Result of query for metro.co.uk = 192.0.66.24
[2021-12-06 16:12:14,893] client.Client<Client:e0034>:OUTPUT: website : metro.co.uk, time : 49, hop cnt : 5
[2021-12-06 16:12:14,936] client.Client<Client:e0034>:OUTPUT: Result of query for argaam.com = 34.247.43.140
[2021-12-06 16:12:14,936] client.Client<Client:e0034>:OUTPUT: website : argaam.com, time : 42, hop cnt : 5
[2021-12-06 16:12:14,985] client.Client<Client:e0034>:OUTPUT: Result of query for searchalgo.com = 172.67.208.99
[2021-12-06 16:12:14,986] client.Client<Client:e0034>:OUTPUT: website : searchalgo.com, time : 48, hop cnt : 6
[2021-12-06 16:12:15,011] client.Client<Client:e0034>:OUTPUT: Result of query for jumia.com.ng = 104.17.98.5
[2021-12-06 16:12:15,012] client.Client<Client:e0034>:OUTPUT: website : jumia.com.ng, time : 24, hop cnt : 4
[2021-12-06 16:12:15,059] client.Client<Client:e0034>:OUTPUT: Result of query for eroterest.net = 34.102.136.180
[2021-12-06 16:12:15,059] client.Client<Client:e0034>:OUTPUT: website : eroterest.net, time : 46, hop cnt : 5
[2021-12-06 16:12:15,079] client.Client<Client:e0034>:OUTPUT: Result of query for twoo.com = 77.73.177.139
[2021-12-06 16:12:15,080] client.Client<Client:e0034>:OUTPUT: website : twoo.com, time : 20, hop cnt : 4
[2021-12-06 16:12:15,121] client.Client<Client:e0034>:OUTPUT: Result of query for myanmarload.com = 104.28.25.165
[2021-12-06 16:12:15,121] client.Client<Client:e0034>:OUTPUT: website : myanmarload.com, time : 40, hop cnt : 5
[2021-12-06 16:12:15,159] client.Client<Client:e0034>:OUTPUT: Result of query for aljazeera.net = 13.48.167.20
[2021-12-06 16:12:15,159] client.Client<Client:e0034>:OUTPUT: website : aljazeera.net, time : 36, hop cnt : 4
[2021-12-06 16:12:15,207] client.Client<Client:e0034>:OUTPUT: Result of query for rozetka.com.ua = 78.27.198.40
[2021-12-06 16:12:15,207] client.Client<Client:e0034>:OUTPUT: website : rozetka.com.ua, time : 48, hop cnt : 6
[2021-12-06 16:12:15,234] client.Client<Client:e0034>:OUTPUT: Result of query for dhgate.com = 220.242.169.3
[2021-12-06 16:12:15,234] client.Client<Client:e0034>:OUTPUT: website : dhgate.com, time : 25, hop cnt : 4
[2021-12-06 16:12:15,275] client.Client<Client:e0034>:OUTPUT: Result of query for absoluteclickscom.com = 103.224.212.220
[2021-12-06 16:12:15,275] client.Client<Client:e0034>:OUTPUT: website : absoluteclickscom.com, time : 35, hop cnt : 3
[2021-12-06 16:12:15,322] client.Client<Client:e0034>:OUTPUT: Result of query for 123rf.com = 13.225.229.119
[2021-12-06 16:12:15,323] client.Client<Client:e0034>:OUTPUT: website : 123rf.com, time : 47, hop cnt : 6
[2021-12-06 16:12:15,361] client.Client<Client:e0034>:OUTPUT: Result of query for slate.com = 151.101.2.133
[2021-12-06 16:12:15,361] client.Client<Client:e0034>:OUTPUT: website : slate.com, time : 36, hop cnt : 5
[2021-12-06 16:12:15,387] client.Client<Client:e0034>:OUTPUT: Result of query for skyscanner.net = 13.248.155.102
[2021-12-06 16:12:15,387] client.Client<Client:e0034>:OUTPUT: website : skyscanner.net, time : 25, hop cnt : 5
[2021-12-06 16:12:15,434] client.Client<Client:e0034>:OUTPUT: Result of query for gosuslugi.ru = 109.207.1.97
[2021-12-06 16:12:15,434] client.Client<Client:e0034>:OUTPUT: website : gosuslugi.ru, time : 47, hop cnt : 5
[2021-12-06 16:12:15,461] client.Client<Client:e0034>:OUTPUT: Result of query for filmweb.pl = 193.200.227.13
[2021-12-06 16:12:15,461] client.Client<Client:e0034>:OUTPUT: website : filmweb.pl, time : 25, hop cnt : 4
[2021-12-06 16:12:15,494] client.Client<Client:e0034>:OUTPUT: Result of query for cookpad.com = 151.101.66.2
[2021-12-06 16:12:15,494] client.Client<Client:e0034>:OUTPUT: website : cookpad.com, time : 32, hop cnt : 4
[2021-12-06 16:12:15,517] client.Client<Client:e0034>:OUTPUT: Result of query for tripadvisor.co.uk = 192.229.189.15
[2021-12-06 16:12:15,517] client.Client<Client:e0034>:OUTPUT: website : tripadvisor.co.uk, time : 22, hop cnt : 4
[2021-12-06 16:12:15,578] client.Client<Client:e0034>:OUTPUT: Result of query for opensubtitles.org = 104.26.8.126
[2021-12-06 16:12:15,578] client.Client<Client:e0034>:OUTPUT: website : opensubtitles.org, time : 55, hop cnt : 6
[2021-12-06 16:12:15,620] client.Client<Client:e0034>:OUTPUT: Result of query for efrable.info = 103.224.212.219
[2021-12-06 16:12:15,620] client.Client<Client:e0034>:OUTPUT: website : efrable.info, time : 41, hop cnt : 5
[2021-12-06 16:12:15,666] client.Client<Client:e0034>:OUTPUT: Result of query for gittigidiyor.com = 93.187.67.10
[2021-12-06 16:12:15,666] client.Client<Client:e0034>:OUTPUT: website : gittigidiyor.com, time : 45, hop cnt : 6
[2021-12-06 16:12:15,691] client.Client<Client:e0034>:OUTPUT: Result of query for pelisplus.tv = 162.213.253.83
[2021-12-06 16:12:15,691] client.Client<Client:e0034>:OUTPUT: website : pelisplus.tv, time : 24, hop cnt : 3
[2021-12-06 16:12:15,722] client.Client<Client:e0034>:OUTPUT: Result of query for onclickads.net = 194.187.98.144
[2021-12-06 16:12:15,722] client.Client<Client:e0034>:OUTPUT: website : onclickads.net, time : 30, hop cnt : 4
[2021-12-06 16:12:15,764] client.Client<Client:e0034>:OUTPUT: Result of query for bomb01.com = 104.28.2.61
[2021-12-06 16:12:15,764] client.Client<Client:e0034>:OUTPUT: website : bomb01.com, time : 39, hop cnt : 5
[2021-12-06 16:12:15,791] client.Client<Client:e0034>:OUTPUT: Result of query for nuvid.com = 88.208.39.131
[2021-12-06 16:12:15,792] client.Client<Client:e0034>:OUTPUT: website : nuvid.com, time : 25, hop cnt : 5
[2021-12-06 16:12:15,809] client.Client<Client:e0034>:OUTPUT: Result of query for change.org = 104.17.89.51
[2021-12-06 16:12:15,810] client.Client<Client:e0034>:OUTPUT: website : change.org, time : 17, hop cnt : 3
[2021-12-06 16:12:15,840] client.Client<Client:e0034>:OUTPUT: Result of query for gazeta.ru = 81.19.72.0
[2021-12-06 16:12:15,840] client.Client<Client:e0034>:OUTPUT: website : gazeta.ru, time : 29, hop cnt : 5
[2021-12-06 16:12:15,881] client.Client<Client:e0034>:OUTPUT: Result of query for fotostrana.ru = 185.5.72.32
[2021-12-06 16:12:15,881] client.Client<Client:e0034>:OUTPUT: website : fotostrana.ru, time : 40, hop cnt : 5
[2021-12-06 16:12:15,934] client.Client<Client:e0034>:OUTPUT: Result of query for 1fichier.com = 5.39.224.140
[2021-12-06 16:12:15,935] client.Client<Client:e0034>:OUTPUT: website : 1fichier.com, time : 53, hop cnt : 5
[2021-12-06 16:12:15,961] client.Client<Client:e0034>:OUTPUT: Result of query for icims.com = 52.207.139.125
[2021-12-06 16:12:15,962] client.Client<Client:e0034>:OUTPUT: website : icims.com, time : 24, hop cnt : 4
[2021-12-06 16:21:44,371] main.Node_<Node_:fa001>:OUTPUT: hash function collison:  0
[2021-12-06 16:21:44,399] main.Node_<Node_:fa001>:OUTPUT: Hash values for all the nodes in sorted order:  [31856460516281305, 109916715781325746, 219662353839328116, 654834948328131767, 1034176483097711626, 1243779835218176202, 1301584000229083043, 2033245677863729758, 3088071045036177375, 3100522967056118113, 3524643901015041226, 3628232412350412304, 4456913355779494409, 4987261913054015884, 5063434492754554105, 5099127318403808077, 5179225947617491183, 5413833102673877354, 5739737196447085573, 6522508726345048582, 7991204040676527329, 8511413161466809498, 8650035552464317253, 8734819360751808166, 9159665080688908811, 9856217810421639441, 10847587934738496821, 10937350530607736258, 11942977510476618302, 12004488972659827884, 12067157297650379806, 12228810339722394362, 12273846745060406154, 12437572448255533329, 12511472905704754746, 12674800902698830277, 12703305966549687365, 13055841433581424251, 13557930011936505910, 13758514924258158630, 15125777432609880155, 15948694838748846049, 16141104871053619707, 16668353049598634920, 16918874293495440271, 17340287361272380293, 17371409917380378139, 17859736493628198943, 17912134133435362496, 17914645926218549829]
[2021-12-06 16:21:50,344] client.Client<Client:16034>:OUTPUT: <Client:16034>  has been started.
[2021-12-06 16:21:50,391] client.Client<Client:16034>:OUTPUT: Result of query for google.com = 142.250.64.78
[2021-12-06 16:21:50,391] client.Client<Client:16034>:OUTPUT: website : google.com, time : 45, hop cnt : 6
[2021-12-06 16:21:50,430] client.Client<Client:16034>:OUTPUT: Result of query for youtube.com = 172.217.12.142
[2021-12-06 16:21:50,431] client.Client<Client:16034>:OUTPUT: website : youtube.com, time : 38, hop cnt : 5
[2021-12-06 16:21:50,463] client.Client<Client:16034>:OUTPUT: Result of query for facebook.com = 31.13.71.36
[2021-12-06 16:21:50,463] client.Client<Client:16034>:OUTPUT: website : facebook.com, time : 31, hop cnt : 5
[2021-12-06 16:21:50,518] client.Client<Client:16034>:OUTPUT: Result of query for baidu.com = 220.181.38.148
[2021-12-06 16:21:50,519] client.Client<Client:16034>:OUTPUT: website : baidu.com, time : 54, hop cnt : 5
[2021-12-06 16:21:50,571] client.Client<Client:16034>:OUTPUT: Result of query for wikipedia.org = 208.80.154.224
[2021-12-06 16:21:50,572] client.Client<Client:16034>:OUTPUT: website : wikipedia.org, time : 52, hop cnt : 5
[2021-12-06 16:21:50,633] client.Client<Client:16034>:OUTPUT: Result of query for yahoo.com = 74.6.231.21
[2021-12-06 16:21:50,633] client.Client<Client:16034>:OUTPUT: website : yahoo.com, time : 60, hop cnt : 5
[2021-12-06 16:21:50,684] client.Client<Client:16034>:OUTPUT: Result of query for google.co.in = 172.217.12.131
[2021-12-06 16:21:50,684] client.Client<Client:16034>:OUTPUT: website : google.co.in, time : 49, hop cnt : 6
[2021-12-06 16:21:50,729] client.Client<Client:16034>:OUTPUT: Result of query for reddit.com = 151.101.1.140
[2021-12-06 16:21:50,729] client.Client<Client:16034>:OUTPUT: website : reddit.com, time : 45, hop cnt : 6
[2021-12-06 16:21:50,765] client.Client<Client:16034>:OUTPUT: Result of query for qq.com = 58.250.137.36
[2021-12-06 16:21:50,765] client.Client<Client:16034>:OUTPUT: website : qq.com, time : 34, hop cnt : 4
[2021-12-06 16:21:50,829] client.Client<Client:16034>:OUTPUT: Result of query for amazon.com = 205.251.242.103
[2021-12-06 16:21:50,830] client.Client<Client:16034>:OUTPUT: website : amazon.com, time : 61, hop cnt : 6
[2021-12-06 16:21:50,879] client.Client<Client:16034>:OUTPUT: Result of query for taobao.com = 140.205.220.96
[2021-12-06 16:21:50,880] client.Client<Client:16034>:OUTPUT: website : taobao.com, time : 48, hop cnt : 5
[2021-12-06 16:21:50,923] client.Client<Client:16034>:OUTPUT: Result of query for twitter.com = 104.244.42.193
[2021-12-06 16:21:50,923] client.Client<Client:16034>:OUTPUT: website : twitter.com, time : 42, hop cnt : 4
[2021-12-06 16:21:50,975] client.Client<Client:16034>:OUTPUT: Result of query for tmall.com = 140.205.94.193
[2021-12-06 16:21:50,975] client.Client<Client:16034>:OUTPUT: website : tmall.com, time : 51, hop cnt : 6
[2021-12-06 16:21:51,017] client.Client<Client:16034>:OUTPUT: Result of query for google.co.jp = 142.250.64.99
[2021-12-06 16:21:51,018] client.Client<Client:16034>:OUTPUT: website : google.co.jp, time : 41, hop cnt : 6
[2021-12-06 16:21:51,045] client.Client<Client:16034>:OUTPUT: Result of query for live.com = 204.79.197.212
[2021-12-06 16:21:51,045] client.Client<Client:16034>:OUTPUT: website : live.com, time : 25, hop cnt : 3
[2021-12-06 16:21:51,078] client.Client<Client:16034>:OUTPUT: Result of query for vk.com = 93.186.225.208
[2021-12-06 16:21:51,079] client.Client<Client:16034>:OUTPUT: website : vk.com, time : 32, hop cnt : 4
[2021-12-06 16:21:51,116] client.Client<Client:16034>:OUTPUT: Result of query for instagram.com = 3.216.253.146
[2021-12-06 16:21:51,117] client.Client<Client:16034>:OUTPUT: website : instagram.com, time : 36, hop cnt : 5
[2021-12-06 16:21:51,140] client.Client<Client:16034>:OUTPUT: Result of query for sohu.com = 211.159.191.18
[2021-12-06 16:21:51,141] client.Client<Client:16034>:OUTPUT: website : sohu.com, time : 23, hop cnt : 3
[2021-12-06 16:21:51,198] client.Client<Client:16034>:OUTPUT: Result of query for sina.com.cn = 123.126.45.205
[2021-12-06 16:21:51,198] client.Client<Client:16034>:OUTPUT: website : sina.com.cn, time : 56, hop cnt : 6
[2021-12-06 16:21:51,221] client.Client<Client:16034>:OUTPUT: Result of query for jd.com = 111.13.149.108
[2021-12-06 16:21:51,221] client.Client<Client:16034>:OUTPUT: website : jd.com, time : 22, hop cnt : 3
[2021-12-06 16:21:51,262] client.Client<Client:16034>:OUTPUT: Result of query for weibo.com = 47.254.92.5
[2021-12-06 16:21:51,262] client.Client<Client:16034>:OUTPUT: website : weibo.com, time : 40, hop cnt : 4
[2021-12-06 16:21:51,297] client.Client<Client:16034>:OUTPUT: Result of query for 360.cn = 36.99.170.84
[2021-12-06 16:21:51,297] client.Client<Client:16034>:OUTPUT: website : 360.cn, time : 33, hop cnt : 5
[2021-12-06 16:21:51,339] client.Client<Client:16034>:OUTPUT: Result of query for google.de = 172.217.165.131
[2021-12-06 16:21:51,339] client.Client<Client:16034>:OUTPUT: website : google.de, time : 41, hop cnt : 5
[2021-12-06 16:21:51,379] client.Client<Client:16034>:OUTPUT: Result of query for google.co.uk = 172.217.10.67
[2021-12-06 16:21:51,379] client.Client<Client:16034>:OUTPUT: website : google.co.uk, time : 39, hop cnt : 4
[2021-12-06 16:21:51,415] client.Client<Client:16034>:OUTPUT: Result of query for linkedin.com = 108.174.10.10
[2021-12-06 16:21:51,415] client.Client<Client:16034>:OUTPUT: website : linkedin.com, time : 34, hop cnt : 4
[2021-12-06 16:21:51,464] client.Client<Client:16034>:OUTPUT: Result of query for google.com.br = 172.217.12.163
[2021-12-06 16:21:51,464] client.Client<Client:16034>:OUTPUT: website : google.com.br, time : 44, hop cnt : 5
[2021-12-06 16:21:51,496] client.Client<Client:16034>:OUTPUT: Result of query for google.fr = 172.217.10.131
[2021-12-06 16:21:51,496] client.Client<Client:16034>:OUTPUT: website : google.fr, time : 31, hop cnt : 3
[2021-12-06 16:21:51,540] client.Client<Client:16034>:OUTPUT: Result of query for google.ru = 172.217.10.35
[2021-12-06 16:21:51,540] client.Client<Client:16034>:OUTPUT: website : google.ru, time : 43, hop cnt : 5
[2021-12-06 16:21:51,603] client.Client<Client:16034>:OUTPUT: Result of query for yandex.ru = 5.255.255.60
[2021-12-06 16:21:51,603] client.Client<Client:16034>:OUTPUT: website : yandex.ru, time : 61, hop cnt : 6
[2021-12-06 16:21:51,650] client.Client<Client:16034>:OUTPUT: Result of query for netflix.com = 107.21.29.216
[2021-12-06 16:21:51,651] client.Client<Client:16034>:OUTPUT: website : netflix.com, time : 46, hop cnt : 6
[2021-12-06 16:21:51,682] client.Client<Client:16034>:OUTPUT: Result of query for google.com.hk = 172.217.165.131
[2021-12-06 16:21:51,683] client.Client<Client:16034>:OUTPUT: website : google.com.hk, time : 30, hop cnt : 4
[2021-12-06 16:21:51,717] client.Client<Client:16034>:OUTPUT: Result of query for yahoo.co.jp = 183.79.135.206
[2021-12-06 16:21:51,717] client.Client<Client:16034>:OUTPUT: website : yahoo.co.jp, time : 33, hop cnt : 4
[2021-12-06 16:21:51,756] client.Client<Client:16034>:OUTPUT: Result of query for google.it = 142.250.64.99
[2021-12-06 16:21:51,757] client.Client<Client:16034>:OUTPUT: website : google.it, time : 37, hop cnt : 6
[2021-12-06 16:21:51,781] client.Client<Client:16034>:OUTPUT: Result of query for ebay.com = 66.135.195.175
[2021-12-06 16:21:51,782] client.Client<Client:16034>:OUTPUT: website : ebay.com, time : 23, hop cnt : 3
[2021-12-06 16:21:51,805] client.Client<Client:16034>:OUTPUT: Result of query for google.es = 172.217.12.131
[2021-12-06 16:21:51,805] client.Client<Client:16034>:OUTPUT: website : google.es, time : 18, hop cnt : 4
[2021-12-06 16:21:51,860] client.Client<Client:16034>:OUTPUT: Result of query for pornhub.com = 66.254.114.41
[2021-12-06 16:21:51,860] client.Client<Client:16034>:OUTPUT: website : pornhub.com, time : 55, hop cnt : 6
[2021-12-06 16:21:51,895] client.Client<Client:16034>:OUTPUT: Result of query for imgur.com = 151.101.20.193
[2021-12-06 16:21:51,895] client.Client<Client:16034>:OUTPUT: website : imgur.com, time : 34, hop cnt : 5
[2021-12-06 16:21:51,944] client.Client<Client:16034>:OUTPUT: Result of query for bing.com = 13.107.21.200
[2021-12-06 16:21:51,944] client.Client<Client:16034>:OUTPUT: website : bing.com, time : 48, hop cnt : 5
[2021-12-06 16:21:51,984] client.Client<Client:16034>:OUTPUT: Result of query for msn.com = 13.82.28.61
[2021-12-06 16:21:51,984] client.Client<Client:16034>:OUTPUT: website : msn.com, time : 38, hop cnt : 4
[2021-12-06 16:21:52,045] client.Client<Client:16034>:OUTPUT: Result of query for onclkds.com = 139.45.196.76
[2021-12-06 16:21:52,045] client.Client<Client:16034>:OUTPUT: website : onclkds.com, time : 59, hop cnt : 6
[2021-12-06 16:21:52,091] client.Client<Client:16034>:OUTPUT: Result of query for twitch.tv = 151.101.194.167
[2021-12-06 16:21:52,092] client.Client<Client:16034>:OUTPUT: website : twitch.tv, time : 45, hop cnt : 5
[2021-12-06 16:21:52,131] client.Client<Client:16034>:OUTPUT: Result of query for google.com.mx = 142.250.80.3
[2021-12-06 16:21:52,131] client.Client<Client:16034>:OUTPUT: website : google.com.mx, time : 38, hop cnt : 6
[2021-12-06 16:21:52,154] client.Client<Client:16034>:OUTPUT: Result of query for google.ca = 172.217.165.131
[2021-12-06 16:21:52,155] client.Client<Client:16034>:OUTPUT: website : google.ca, time : 20, hop cnt : 3
[2021-12-06 16:21:52,180] client.Client<Client:16034>:OUTPUT: Result of query for tumblr.com = 74.114.154.17
[2021-12-06 16:21:52,180] client.Client<Client:16034>:OUTPUT: website : tumblr.com, time : 23, hop cnt : 3
[2021-12-06 16:21:52,207] client.Client<Client:16034>:OUTPUT: Result of query for gmw.cn = 123.56.255.157
[2021-12-06 16:21:52,207] client.Client<Client:16034>:OUTPUT: website : gmw.cn, time : 26, hop cnt : 5
[2021-12-06 16:21:52,262] client.Client<Client:16034>:OUTPUT: Result of query for alipay.com = 110.75.129.5
[2021-12-06 16:21:52,262] client.Client<Client:16034>:OUTPUT: website : alipay.com, time : 54, hop cnt : 6
[2021-12-06 16:21:52,317] client.Client<Client:16034>:OUTPUT: Result of query for livejasmin.com = 109.71.161.200
[2021-12-06 16:21:52,317] client.Client<Client:16034>:OUTPUT: website : livejasmin.com, time : 55, hop cnt : 6
[2021-12-06 16:21:52,337] client.Client<Client:16034>:OUTPUT: Result of query for xvideos.com = 185.88.181.7
[2021-12-06 16:21:52,337] client.Client<Client:16034>:OUTPUT: website : xvideos.com, time : 18, hop cnt : 3
[2021-12-06 16:21:52,372] client.Client<Client:16034>:OUTPUT: Result of query for mail.ru = 217.69.139.202
[2021-12-06 16:21:52,372] client.Client<Client:16034>:OUTPUT: website : mail.ru, time : 34, hop cnt : 4
[2021-12-06 16:21:52,434] client.Client<Client:16034>:OUTPUT: Result of query for microsoft.com = 104.215.148.63
[2021-12-06 16:21:52,434] client.Client<Client:16034>:OUTPUT: website : microsoft.com, time : 61, hop cnt : 6
[2021-12-06 16:21:52,477] client.Client<Client:16034>:OUTPUT: Result of query for ok.ru = 217.20.147.1
[2021-12-06 16:21:52,477] client.Client<Client:16034>:OUTPUT: website : ok.ru, time : 42, hop cnt : 4
[2021-12-06 16:21:52,495] client.Client<Client:16034>:OUTPUT: Result of query for aliexpress.com = 198.11.132.250
[2021-12-06 16:21:52,496] client.Client<Client:16034>:OUTPUT: website : aliexpress.com, time : 17, hop cnt : 3
[2021-12-06 16:21:52,519] client.Client<Client:16034>:OUTPUT: Result of query for wordpress.com = 192.0.78.9
[2021-12-06 16:21:52,519] client.Client<Client:16034>:OUTPUT: website : wordpress.com, time : 22, hop cnt : 3
[2021-12-06 16:21:52,567] client.Client<Client:16034>:OUTPUT: Result of query for stackoverflow.com = 151.101.65.69
[2021-12-06 16:21:52,568] client.Client<Client:16034>:OUTPUT: website : stackoverflow.com, time : 47, hop cnt : 6
[2021-12-06 16:21:52,620] client.Client<Client:16034>:OUTPUT: Result of query for imdb.com = 52.94.237.74
[2021-12-06 16:21:52,620] client.Client<Client:16034>:OUTPUT: website : imdb.com, time : 51, hop cnt : 6
[2021-12-06 16:21:52,661] client.Client<Client:16034>:OUTPUT: Result of query for github.com = 140.82.113.3
[2021-12-06 16:21:52,662] client.Client<Client:16034>:OUTPUT: website : github.com, time : 41, hop cnt : 4
[2021-12-06 16:21:52,702] client.Client<Client:16034>:OUTPUT: Result of query for amazon.co.jp = 52.119.164.121
[2021-12-06 16:21:52,702] client.Client<Client:16034>:OUTPUT: website : amazon.co.jp, time : 39, hop cnt : 5
[2021-12-06 16:21:52,741] client.Client<Client:16034>:OUTPUT: Result of query for pinterest.com = 151.101.0.84
[2021-12-06 16:21:52,741] client.Client<Client:16034>:OUTPUT: website : pinterest.com, time : 38, hop cnt : 5
[2021-12-06 16:21:52,786] client.Client<Client:16034>:OUTPUT: Result of query for csdn.net = 47.95.164.112
[2021-12-06 16:21:52,786] client.Client<Client:16034>:OUTPUT: website : csdn.net, time : 44, hop cnt : 5
[2021-12-06 16:21:52,825] client.Client<Client:16034>:OUTPUT: Result of query for wikia.com = 151.101.128.194
[2021-12-06 16:21:52,825] client.Client<Client:16034>:OUTPUT: website : wikia.com, time : 38, hop cnt : 5
[2021-12-06 16:21:52,859] client.Client<Client:16034>:OUTPUT: Result of query for apple.com = 17.253.144.10
[2021-12-06 16:21:52,859] client.Client<Client:16034>:OUTPUT: website : apple.com, time : 32, hop cnt : 4
[2021-12-06 16:21:52,902] client.Client<Client:16034>:OUTPUT: Result of query for google.com.tr = 142.250.64.99
[2021-12-06 16:21:52,902] client.Client<Client:16034>:OUTPUT: website : google.com.tr, time : 42, hop cnt : 5
[2021-12-06 16:21:52,962] client.Client<Client:16034>:OUTPUT: Result of query for popads.net = 216.21.13.12
[2021-12-06 16:21:52,962] client.Client<Client:16034>:OUTPUT: website : popads.net, time : 60, hop cnt : 6
[2021-12-06 16:21:53,006] client.Client<Client:16034>:OUTPUT: Result of query for youth.cn = 123.103.5.94
[2021-12-06 16:21:53,006] client.Client<Client:16034>:OUTPUT: website : youth.cn, time : 43, hop cnt : 5
[2021-12-06 16:21:53,066] client.Client<Client:16034>:OUTPUT: Result of query for bongacams.com = 104.18.2.244
[2021-12-06 16:21:53,066] client.Client<Client:16034>:OUTPUT: website : bongacams.com, time : 59, hop cnt : 6
[2021-12-06 16:21:53,105] client.Client<Client:16034>:OUTPUT: Result of query for paypal.com = 64.4.250.36
[2021-12-06 16:21:53,105] client.Client<Client:16034>:OUTPUT: website : paypal.com, time : 38, hop cnt : 4
[2021-12-06 16:21:53,153] client.Client<Client:16034>:OUTPUT: Result of query for microsoftonline.com = 40.84.199.233
[2021-12-06 16:21:53,153] client.Client<Client:16034>:OUTPUT: website : microsoftonline.com, time : 48, hop cnt : 6
[2021-12-06 16:21:53,188] client.Client<Client:16034>:OUTPUT: Result of query for google.com.tw = 172.217.11.35
[2021-12-06 16:21:53,188] client.Client<Client:16034>:OUTPUT: website : google.com.tw, time : 33, hop cnt : 4
[2021-12-06 16:21:53,222] client.Client<Client:16034>:OUTPUT: Result of query for google.com.au = 142.250.64.99
[2021-12-06 16:21:53,222] client.Client<Client:16034>:OUTPUT: website : google.com.au, time : 33, hop cnt : 4
[2021-12-06 16:21:53,257] client.Client<Client:16034>:OUTPUT: Result of query for whatsapp.com = 31.13.66.56
[2021-12-06 16:21:53,257] client.Client<Client:16034>:OUTPUT: website : whatsapp.com, time : 34, hop cnt : 4
[2021-12-06 16:21:53,289] client.Client<Client:16034>:OUTPUT: Result of query for google.pl = 172.217.10.67
[2021-12-06 16:21:53,289] client.Client<Client:16034>:OUTPUT: website : google.pl, time : 31, hop cnt : 4
[2021-12-06 16:21:53,344] client.Client<Client:16034>:OUTPUT: Result of query for xhamster.com = 104.18.156.3
[2021-12-06 16:21:53,344] client.Client<Client:16034>:OUTPUT: website : xhamster.com, time : 54, hop cnt : 5
[2021-12-06 16:21:53,406] client.Client<Client:16034>:OUTPUT: Result of query for diply.com = 151.101.193.131
[2021-12-06 16:21:53,406] client.Client<Client:16034>:OUTPUT: website : diply.com, time : 61, hop cnt : 7
[2021-12-06 16:21:53,458] client.Client<Client:16034>:OUTPUT: Result of query for google.co.id = 172.217.10.67
[2021-12-06 16:21:53,458] client.Client<Client:16034>:OUTPUT: website : google.co.id, time : 51, hop cnt : 6
[2021-12-06 16:21:53,509] client.Client<Client:16034>:OUTPUT: Result of query for adobe.com = 193.104.215.58
[2021-12-06 16:21:53,509] client.Client<Client:16034>:OUTPUT: website : adobe.com, time : 50, hop cnt : 5
[2021-12-06 16:21:53,529] client.Client<Client:16034>:OUTPUT: Result of query for coccoc.com = 123.30.175.29
[2021-12-06 16:21:53,529] client.Client<Client:16034>:OUTPUT: website : coccoc.com, time : 19, hop cnt : 3
[2021-12-06 16:21:53,562] client.Client<Client:16034>:OUTPUT: Result of query for craigslist.org = 208.82.237.129
[2021-12-06 16:21:53,562] client.Client<Client:16034>:OUTPUT: website : craigslist.org, time : 31, hop cnt : 5
[2021-12-06 16:21:53,607] client.Client<Client:16034>:OUTPUT: Result of query for txxx.com = 172.64.142.14
[2021-12-06 16:21:53,607] client.Client<Client:16034>:OUTPUT: website : txxx.com, time : 43, hop cnt : 5
[2021-12-06 16:21:53,662] client.Client<Client:16034>:OUTPUT: Result of query for dropbox.com = 162.125.248.1
[2021-12-06 16:21:53,662] client.Client<Client:16034>:OUTPUT: website : dropbox.com, time : 55, hop cnt : 7
[2021-12-06 16:21:53,698] client.Client<Client:16034>:OUTPUT: Result of query for amazon.de = 52.95.120.34
[2021-12-06 16:21:53,698] client.Client<Client:16034>:OUTPUT: website : amazon.de, time : 34, hop cnt : 5
[2021-12-06 16:21:53,735] client.Client<Client:16034>:OUTPUT: Result of query for google.com.ar = 172.217.12.195
[2021-12-06 16:21:53,735] client.Client<Client:16034>:OUTPUT: website : google.com.ar, time : 36, hop cnt : 4
[2021-12-06 16:21:53,770] client.Client<Client:16034>:OUTPUT: Result of query for amazon.in = 54.239.33.92
[2021-12-06 16:21:53,770] client.Client<Client:16034>:OUTPUT: website : amazon.in, time : 34, hop cnt : 5
[2021-12-06 16:21:53,806] client.Client<Client:16034>:OUTPUT: Result of query for google.com.pk = 142.250.80.3
[2021-12-06 16:21:53,806] client.Client<Client:16034>:OUTPUT: website : google.com.pk, time : 34, hop cnt : 5
[2021-12-06 16:21:53,833] client.Client<Client:16034>:OUTPUT: Result of query for booking.com = 5.57.16.220
[2021-12-06 16:21:53,833] client.Client<Client:16034>:OUTPUT: website : booking.com, time : 26, hop cnt : 4
[2021-12-06 16:21:53,877] client.Client<Client:16034>:OUTPUT: Result of query for google.co.th = 172.217.10.227
[2021-12-06 16:21:53,877] client.Client<Client:16034>:OUTPUT: website : google.co.th, time : 43, hop cnt : 5
[2021-12-06 16:21:53,911] client.Client<Client:16034>:OUTPUT: Result of query for tianya.cn = 124.225.65.154
[2021-12-06 16:21:53,911] client.Client<Client:16034>:OUTPUT: website : tianya.cn, time : 33, hop cnt : 5
[2021-12-06 16:21:53,937] client.Client<Client:16034>:OUTPUT: Result of query for google.com.eg = 172.217.10.35
[2021-12-06 16:21:53,937] client.Client<Client:16034>:OUTPUT: website : google.com.eg, time : 24, hop cnt : 5
[2021-12-06 16:21:53,975] client.Client<Client:16034>:OUTPUT: Result of query for china.com = 103.254.188.41
[2021-12-06 16:21:53,975] client.Client<Client:16034>:OUTPUT: website : china.com, time : 37, hop cnt : 7
[2021-12-06 16:21:54,014] client.Client<Client:16034>:OUTPUT: Result of query for bbc.co.uk = 151.101.0.81
[2021-12-06 16:21:54,014] client.Client<Client:16034>:OUTPUT: website : bbc.co.uk, time : 38, hop cnt : 5
[2021-12-06 16:21:54,054] client.Client<Client:16034>:OUTPUT: Result of query for google.com.sa = 172.217.12.163
[2021-12-06 16:21:54,054] client.Client<Client:16034>:OUTPUT: website : google.com.sa, time : 36, hop cnt : 5
[2021-12-06 16:21:54,098] client.Client<Client:16034>:OUTPUT: Result of query for savefrom.net = 51.159.57.133
[2021-12-06 16:21:54,098] client.Client<Client:16034>:OUTPUT: website : savefrom.net, time : 43, hop cnt : 6
[2021-12-06 16:21:54,151] client.Client<Client:16034>:OUTPUT: Result of query for amazon.co.uk = 54.239.34.171
[2021-12-06 16:21:54,151] client.Client<Client:16034>:OUTPUT: website : amazon.co.uk, time : 52, hop cnt : 6
[2021-12-06 16:21:54,193] client.Client<Client:16034>:OUTPUT: Result of query for bbc.com = 151.101.0.81
[2021-12-06 16:21:54,194] client.Client<Client:16034>:OUTPUT: website : bbc.com, time : 41, hop cnt : 6
[2021-12-06 16:21:54,231] client.Client<Client:16034>:OUTPUT: Result of query for fc2.com = 199.48.210.151
[2021-12-06 16:21:54,231] client.Client<Client:16034>:OUTPUT: website : fc2.com, time : 36, hop cnt : 4
[2021-12-06 16:21:54,250] client.Client<Client:16034>:OUTPUT: Result of query for mozilla.org = 44.236.48.31
[2021-12-06 16:21:54,251] client.Client<Client:16034>:OUTPUT: website : mozilla.org, time : 19, hop cnt : 3
[2021-12-06 16:21:54,296] client.Client<Client:16034>:OUTPUT: Result of query for rakuten.co.jp = 133.237.16.234
[2021-12-06 16:21:54,296] client.Client<Client:16034>:OUTPUT: website : rakuten.co.jp, time : 44, hop cnt : 5
[2021-12-06 16:21:54,345] client.Client<Client:16034>:OUTPUT: Result of query for uptodown.com = 23.54.188.103
[2021-12-06 16:21:54,345] client.Client<Client:16034>:OUTPUT: website : uptodown.com, time : 45, hop cnt : 5
[2021-12-06 16:21:54,385] client.Client<Client:16034>:OUTPUT: Result of query for cnn.com = 151.101.129.67
[2021-12-06 16:21:54,385] client.Client<Client:16034>:OUTPUT: website : cnn.com, time : 39, hop cnt : 5
[2021-12-06 16:21:54,407] client.Client<Client:16034>:OUTPUT: Result of query for soundcloud.com = 13.225.229.67
[2021-12-06 16:21:54,407] client.Client<Client:16034>:OUTPUT: website : soundcloud.com, time : 21, hop cnt : 4
[2021-12-06 16:21:54,461] client.Client<Client:16034>:OUTPUT: Result of query for google.com.ua = 172.217.7.3
[2021-12-06 16:21:54,461] client.Client<Client:16034>:OUTPUT: website : google.com.ua, time : 53, hop cnt : 7
[2021-12-06 16:21:54,498] client.Client<Client:16034>:OUTPUT: Result of query for quora.com = 34.237.36.29
[2021-12-06 16:21:54,498] client.Client<Client:16034>:OUTPUT: website : quora.com, time : 36, hop cnt : 5
[2021-12-06 16:21:54,529] client.Client<Client:16034>:OUTPUT: Result of query for amazonaws.com = 72.21.210.29
[2021-12-06 16:21:54,529] client.Client<Client:16034>:OUTPUT: website : amazonaws.com, time : 29, hop cnt : 4
[2021-12-06 16:21:54,567] client.Client<Client:16034>:OUTPUT: Result of query for ask.com = 199.232.66.114
[2021-12-06 16:21:54,567] client.Client<Client:16034>:OUTPUT: website : ask.com, time : 37, hop cnt : 5
[2021-12-06 16:21:54,607] client.Client<Client:16034>:OUTPUT: Result of query for clicksgear.com = 192.243.59.12
[2021-12-06 16:21:54,607] client.Client<Client:16034>:OUTPUT: website : clicksgear.com, time : 39, hop cnt : 5
[2021-12-06 16:21:54,647] client.Client<Client:16034>:OUTPUT: Result of query for xnxx.com = 185.88.181.60
[2021-12-06 16:21:54,647] client.Client<Client:16034>:OUTPUT: website : xnxx.com, time : 39, hop cnt : 5
[2021-12-06 16:21:54,697] client.Client<Client:16034>:OUTPUT: Result of query for google.nl = 172.217.11.3
[2021-12-06 16:21:54,697] client.Client<Client:16034>:OUTPUT: website : google.nl, time : 49, hop cnt : 5
[2021-12-06 16:21:54,737] client.Client<Client:16034>:OUTPUT: Result of query for nytimes.com = 151.101.65.164
[2021-12-06 16:21:54,737] client.Client<Client:16034>:OUTPUT: website : nytimes.com, time : 39, hop cnt : 4
[2021-12-06 16:21:54,775] client.Client<Client:16034>:OUTPUT: Result of query for naver.com = 125.209.222.141
[2021-12-06 16:21:54,775] client.Client<Client:16034>:OUTPUT: website : naver.com, time : 37, hop cnt : 5
[2021-12-06 16:21:54,816] client.Client<Client:16034>:OUTPUT: Result of query for ettoday.net = 219.85.79.131
[2021-12-06 16:21:54,816] client.Client<Client:16034>:OUTPUT: website : ettoday.net, time : 40, hop cnt : 6
[2021-12-06 16:21:54,860] client.Client<Client:16034>:OUTPUT: Result of query for adf.ly = 104.20.81.199
[2021-12-06 16:21:54,860] client.Client<Client:16034>:OUTPUT: website : adf.ly, time : 43, hop cnt : 6
[2021-12-06 16:21:54,887] client.Client<Client:16034>:OUTPUT: Result of query for dailymotion.com = 195.8.215.136
[2021-12-06 16:21:54,887] client.Client<Client:16034>:OUTPUT: website : dailymotion.com, time : 26, hop cnt : 4
[2021-12-06 16:21:54,938] client.Client<Client:16034>:OUTPUT: Result of query for google.co.za = 172.217.11.3
[2021-12-06 16:21:54,938] client.Client<Client:16034>:OUTPUT: website : google.co.za, time : 50, hop cnt : 6
[2021-12-06 16:21:54,979] client.Client<Client:16034>:OUTPUT: Result of query for steamcommunity.com = 23.192.34.24
[2021-12-06 16:21:54,979] client.Client<Client:16034>:OUTPUT: website : steamcommunity.com, time : 40, hop cnt : 5
[2021-12-06 16:21:55,018] client.Client<Client:16034>:OUTPUT: Result of query for google.co.ve = 172.217.11.3
[2021-12-06 16:21:55,018] client.Client<Client:16034>:OUTPUT: website : google.co.ve, time : 35, hop cnt : 4
[2021-12-06 16:21:55,052] client.Client<Client:16034>:OUTPUT: Result of query for salesforce.com = 23.1.35.132
[2021-12-06 16:21:55,052] client.Client<Client:16034>:OUTPUT: website : salesforce.com, time : 32, hop cnt : 5
[2021-12-06 16:21:55,082] client.Client<Client:16034>:OUTPUT: Result of query for espn.com = 13.225.229.96
[2021-12-06 16:21:55,082] client.Client<Client:16034>:OUTPUT: website : espn.com, time : 29, hop cnt : 3
[2021-12-06 16:21:55,132] client.Client<Client:16034>:OUTPUT: Result of query for stackexchange.com = 151.101.193.69
[2021-12-06 16:21:55,132] client.Client<Client:16034>:OUTPUT: website : stackexchange.com, time : 49, hop cnt : 6
[2021-12-06 16:21:55,162] client.Client<Client:16034>:OUTPUT: Result of query for blogger.com = 142.250.80.9
[2021-12-06 16:21:55,162] client.Client<Client:16034>:OUTPUT: website : blogger.com, time : 29, hop cnt : 3
[2021-12-06 16:21:55,203] client.Client<Client:16034>:OUTPUT: Result of query for chase.com = 159.53.84.126
[2021-12-06 16:21:55,203] client.Client<Client:16034>:OUTPUT: website : chase.com, time : 40, hop cnt : 4
[2021-12-06 16:21:55,242] client.Client<Client:16034>:OUTPUT: Result of query for google.co.kr = 142.250.80.3
[2021-12-06 16:21:55,242] client.Client<Client:16034>:OUTPUT: website : google.co.kr, time : 38, hop cnt : 5
[2021-12-06 16:21:55,269] client.Client<Client:16034>:OUTPUT: Result of query for ebay.de = 66.135.196.249
[2021-12-06 16:21:55,269] client.Client<Client:16034>:OUTPUT: website : ebay.de, time : 26, hop cnt : 5
[2021-12-06 16:21:55,308] client.Client<Client:16034>:OUTPUT: Result of query for vimeo.com = 151.101.192.217
[2021-12-06 16:21:55,308] client.Client<Client:16034>:OUTPUT: website : vimeo.com, time : 38, hop cnt : 4
[2021-12-06 16:21:55,347] client.Client<Client:16034>:OUTPUT: Result of query for vice.com = 52.200.45.101
[2021-12-06 16:21:55,347] client.Client<Client:16034>:OUTPUT: website : vice.com, time : 38, hop cnt : 4
[2021-12-06 16:21:55,391] client.Client<Client:16034>:OUTPUT: Result of query for theguardian.com = 151.101.1.111
[2021-12-06 16:21:55,391] client.Client<Client:16034>:OUTPUT: website : theguardian.com, time : 42, hop cnt : 5
[2021-12-06 16:21:55,418] client.Client<Client:16034>:OUTPUT: Result of query for blastingnews.com = 212.97.32.174
[2021-12-06 16:21:55,418] client.Client<Client:16034>:OUTPUT: website : blastingnews.com, time : 26, hop cnt : 4
[2021-12-06 16:21:55,442] client.Client<Client:16034>:OUTPUT: Result of query for tribunnews.com = 113.11.255.30
[2021-12-06 16:21:55,442] client.Client<Client:16034>:OUTPUT: website : tribunnews.com, time : 23, hop cnt : 3
[2021-12-06 16:21:55,470] client.Client<Client:16034>:OUTPUT: Result of query for steampowered.com = 23.192.8.254
[2021-12-06 16:21:55,470] client.Client<Client:16034>:OUTPUT: website : steampowered.com, time : 26, hop cnt : 4
[2021-12-06 16:21:55,507] client.Client<Client:16034>:OUTPUT: Result of query for chaturbate.com = 104.18.101.40
[2021-12-06 16:21:55,507] client.Client<Client:16034>:OUTPUT: website : chaturbate.com, time : 36, hop cnt : 3
[2021-12-06 16:21:55,545] client.Client<Client:16034>:OUTPUT: Result of query for ebay.co.uk = 66.135.196.249
[2021-12-06 16:21:55,545] client.Client<Client:16034>:OUTPUT: website : ebay.co.uk, time : 37, hop cnt : 6
[2021-12-06 16:21:55,580] client.Client<Client:16034>:OUTPUT: Result of query for detik.com = 203.190.242.211
[2021-12-06 16:21:55,580] client.Client<Client:16034>:OUTPUT: website : detik.com, time : 34, hop cnt : 5
[2021-12-06 16:21:55,642] client.Client<Client:16034>:OUTPUT: Result of query for google.gr = 142.250.64.99
[2021-12-06 16:21:55,642] client.Client<Client:16034>:OUTPUT: website : google.gr, time : 60, hop cnt : 6
[2021-12-06 16:21:55,676] client.Client<Client:16034>:OUTPUT: Result of query for google.com.vn = 172.217.10.227
[2021-12-06 16:21:55,676] client.Client<Client:16034>:OUTPUT: website : google.com.vn, time : 33, hop cnt : 5
[2021-12-06 16:21:55,701] client.Client<Client:16034>:OUTPUT: Result of query for buzzfeed.com = 13.225.229.101
[2021-12-06 16:21:55,701] client.Client<Client:16034>:OUTPUT: website : buzzfeed.com, time : 23, hop cnt : 5
[2021-12-06 16:21:55,744] client.Client<Client:16034>:OUTPUT: Result of query for indeed.com = 18.218.22.89
[2021-12-06 16:21:55,744] client.Client<Client:16034>:OUTPUT: website : indeed.com, time : 42, hop cnt : 5
[2021-12-06 16:21:55,765] client.Client<Client:16034>:OUTPUT: Result of query for dailymail.co.uk = 23.41.6.195
[2021-12-06 16:21:55,766] client.Client<Client:16034>:OUTPUT: website : dailymail.co.uk, time : 20, hop cnt : 3
[2021-12-06 16:21:55,791] client.Client<Client:16034>:OUTPUT: Result of query for mediafire.com = 104.16.203.237
[2021-12-06 16:21:55,791] client.Client<Client:16034>:OUTPUT: website : mediafire.com, time : 25, hop cnt : 5
[2021-12-06 16:21:55,830] client.Client<Client:16034>:OUTPUT: Result of query for avito.ru = 185.89.12.132
[2021-12-06 16:21:55,830] client.Client<Client:16034>:OUTPUT: website : avito.ru, time : 38, hop cnt : 4
[2021-12-06 16:21:55,872] client.Client<Client:16034>:OUTPUT: Result of query for cnet.com = 35.190.79.82
[2021-12-06 16:21:55,872] client.Client<Client:16034>:OUTPUT: website : cnet.com, time : 39, hop cnt : 4
[2021-12-06 16:21:55,910] client.Client<Client:16034>:OUTPUT: Result of query for google.com.sg = 172.217.165.131
[2021-12-06 16:21:55,910] client.Client<Client:16034>:OUTPUT: website : google.com.sg, time : 37, hop cnt : 5
[2021-12-06 16:21:55,951] client.Client<Client:16034>:OUTPUT: Result of query for globo.com = 186.192.90.5
[2021-12-06 16:21:55,951] client.Client<Client:16034>:OUTPUT: website : globo.com, time : 40, hop cnt : 6
[2021-12-06 16:21:55,969] client.Client<Client:16034>:OUTPUT: Result of query for xinhuanet.com = 202.108.119.193
[2021-12-06 16:21:55,969] client.Client<Client:16034>:OUTPUT: website : xinhuanet.com, time : 18, hop cnt : 4
[2021-12-06 16:21:56,019] client.Client<Client:16034>:OUTPUT: Result of query for spotify.com = 35.186.224.25
[2021-12-06 16:21:56,019] client.Client<Client:16034>:OUTPUT: website : spotify.com, time : 49, hop cnt : 6
[2021-12-06 16:21:56,046] client.Client<Client:16034>:OUTPUT: Result of query for flipkart.com = 163.53.76.86
[2021-12-06 16:21:56,046] client.Client<Client:16034>:OUTPUT: website : flipkart.com, time : 26, hop cnt : 4
[2021-12-06 16:21:56,084] client.Client<Client:16034>:OUTPUT: Result of query for ladbible.com = 104.17.98.32
[2021-12-06 16:21:56,085] client.Client<Client:16034>:OUTPUT: website : ladbible.com, time : 32, hop cnt : 5
[2021-12-06 16:21:56,124] client.Client<Client:16034>:OUTPUT: Result of query for google.com.ph = 172.217.10.35
[2021-12-06 16:21:56,124] client.Client<Client:16034>:OUTPUT: website : google.com.ph, time : 38, hop cnt : 5
[2021-12-06 16:21:56,150] client.Client<Client:16034>:OUTPUT: Result of query for google.com.co = 172.217.12.195
[2021-12-06 16:21:56,150] client.Client<Client:16034>:OUTPUT: website : google.com.co, time : 25, hop cnt : 4
[2021-12-06 16:21:56,190] client.Client<Client:16034>:OUTPUT: Result of query for popcash.net = 104.27.207.92
[2021-12-06 16:21:56,190] client.Client<Client:16034>:OUTPUT: website : popcash.net, time : 39, hop cnt : 4
[2021-12-06 16:21:56,238] client.Client<Client:16034>:OUTPUT: Result of query for google.be = 142.250.64.99
[2021-12-06 16:21:56,238] client.Client<Client:16034>:OUTPUT: website : google.be, time : 47, hop cnt : 5
[2021-12-06 16:21:56,289] client.Client<Client:16034>:OUTPUT: Result of query for google.se = 142.250.64.67
[2021-12-06 16:21:56,289] client.Client<Client:16034>:OUTPUT: website : google.se, time : 51, hop cnt : 6
[2021-12-06 16:21:56,332] client.Client<Client:16034>:OUTPUT: Result of query for deviantart.com = 99.84.237.60
[2021-12-06 16:21:56,332] client.Client<Client:16034>:OUTPUT: website : deviantart.com, time : 42, hop cnt : 5
[2021-12-06 16:21:56,376] client.Client<Client:16034>:OUTPUT: Result of query for zhihu.com = 103.41.167.234
[2021-12-06 16:21:56,376] client.Client<Client:16034>:OUTPUT: website : zhihu.com, time : 42, hop cnt : 5
[2021-12-06 16:21:56,412] client.Client<Client:16034>:OUTPUT: Result of query for google.cn = 172.217.7.3
[2021-12-06 16:21:56,412] client.Client<Client:16034>:OUTPUT: website : google.cn, time : 35, hop cnt : 5
[2021-12-06 16:21:56,468] client.Client<Client:16034>:OUTPUT: Result of query for roblox.com = 128.116.114.3
[2021-12-06 16:21:56,468] client.Client<Client:16034>:OUTPUT: website : roblox.com, time : 52, hop cnt : 6
[2021-12-06 16:21:56,496] client.Client<Client:16034>:OUTPUT: Result of query for walmart.com = 161.170.230.170
[2021-12-06 16:21:56,496] client.Client<Client:16034>:OUTPUT: website : walmart.com, time : 27, hop cnt : 4
[2021-12-06 16:21:56,533] client.Client<Client:16034>:OUTPUT: Result of query for google.az = 172.217.10.100
[2021-12-06 16:21:56,533] client.Client<Client:16034>:OUTPUT: website : google.az, time : 32, hop cnt : 5
[2021-12-06 16:21:56,565] client.Client<Client:16034>:OUTPUT: Result of query for uol.com.br = 200.147.35.149
[2021-12-06 16:21:56,565] client.Client<Client:16034>:OUTPUT: website : uol.com.br, time : 30, hop cnt : 7
[2021-12-06 16:21:56,591] client.Client<Client:16034>:OUTPUT: Result of query for force.com = 23.1.35.132
[2021-12-06 16:21:56,591] client.Client<Client:16034>:OUTPUT: website : force.com, time : 25, hop cnt : 4
[2021-12-06 16:21:56,622] client.Client<Client:16034>:OUTPUT: Result of query for upornia.com = 172.64.143.19
[2021-12-06 16:21:56,622] client.Client<Client:16034>:OUTPUT: website : upornia.com, time : 30, hop cnt : 5
[2021-12-06 16:21:56,655] client.Client<Client:16034>:OUTPUT: Result of query for wikihow.com = 151.101.66.110
[2021-12-06 16:21:56,655] client.Client<Client:16034>:OUTPUT: website : wikihow.com, time : 32, hop cnt : 5
[2021-12-06 16:21:56,692] client.Client<Client:16034>:OUTPUT: Result of query for yelp.com = 199.232.64.116
[2021-12-06 16:21:56,692] client.Client<Client:16034>:OUTPUT: website : yelp.com, time : 35, hop cnt : 5
[2021-12-06 16:21:56,749] client.Client<Client:16034>:OUTPUT: Result of query for daikynguyenvn.com = 172.67.147.194
[2021-12-06 16:21:56,749] client.Client<Client:16034>:OUTPUT: website : daikynguyenvn.com, time : 57, hop cnt : 6
[2021-12-06 16:21:56,801] client.Client<Client:16034>:OUTPUT: Result of query for w3schools.com = 66.29.212.110
[2021-12-06 16:21:56,801] client.Client<Client:16034>:OUTPUT: website : w3schools.com, time : 50, hop cnt : 5
[2021-12-06 16:21:56,833] client.Client<Client:16034>:OUTPUT: Result of query for washingtonpost.com = 104.108.117.10
[2021-12-06 16:21:56,833] client.Client<Client:16034>:OUTPUT: website : washingtonpost.com, time : 31, hop cnt : 4
[2021-12-06 16:21:56,878] client.Client<Client:16034>:OUTPUT: Result of query for china.com.cn = 202.130.245.42
[2021-12-06 16:21:56,878] client.Client<Client:16034>:OUTPUT: website : china.com.cn, time : 44, hop cnt : 5
[2021-12-06 16:21:56,916] client.Client<Client:16034>:OUTPUT: Result of query for godaddy.com = 208.109.192.70
[2021-12-06 16:21:56,916] client.Client<Client:16034>:OUTPUT: website : godaddy.com, time : 37, hop cnt : 5
[2021-12-06 16:21:56,964] client.Client<Client:16034>:OUTPUT: Result of query for etsy.com = 151.101.1.224
[2021-12-06 16:21:56,964] client.Client<Client:16034>:OUTPUT: website : etsy.com, time : 47, hop cnt : 6
[2021-12-06 16:21:57,012] client.Client<Client:16034>:OUTPUT: Result of query for rambler.ru = 81.19.82.98
[2021-12-06 16:21:57,012] client.Client<Client:16034>:OUTPUT: website : rambler.ru, time : 47, hop cnt : 6
[2021-12-06 16:21:57,058] client.Client<Client:16034>:OUTPUT: Result of query for alibaba.com = 198.11.132.198
[2021-12-06 16:21:57,058] client.Client<Client:16034>:OUTPUT: website : alibaba.com, time : 42, hop cnt : 6
[2021-12-06 16:21:57,096] client.Client<Client:16034>:OUTPUT: Result of query for sogou.com = 119.28.109.132
[2021-12-06 16:21:57,096] client.Client<Client:16034>:OUTPUT: website : sogou.com, time : 38, hop cnt : 4
[2021-12-06 16:21:57,138] client.Client<Client:16034>:OUTPUT: Result of query for nih.gov = 54.235.145.223
[2021-12-06 16:21:57,138] client.Client<Client:16034>:OUTPUT: website : nih.gov, time : 40, hop cnt : 5
[2021-12-06 16:21:57,184] client.Client<Client:16034>:OUTPUT: Result of query for google.at = 172.217.7.3
[2021-12-06 16:21:57,184] client.Client<Client:16034>:OUTPUT: website : google.at, time : 45, hop cnt : 6
[2021-12-06 16:21:57,219] client.Client<Client:16034>:OUTPUT: Result of query for hclips.com = 172.64.200.4
[2021-12-06 16:21:57,219] client.Client<Client:16034>:OUTPUT: website : hclips.com, time : 34, hop cnt : 6
[2021-12-06 16:21:57,268] client.Client<Client:16034>:OUTPUT: Result of query for softonic.com = 35.227.233.104
[2021-12-06 16:21:57,269] client.Client<Client:16034>:OUTPUT: website : softonic.com, time : 48, hop cnt : 5
[2021-12-06 16:21:57,287] client.Client<Client:16034>:OUTPUT: Result of query for redtube.com = 66.254.114.238
[2021-12-06 16:21:57,287] client.Client<Client:16034>:OUTPUT: website : redtube.com, time : 17, hop cnt : 3
[2021-12-06 16:21:57,305] client.Client<Client:16034>:OUTPUT: Result of query for google.com.ng = 142.250.64.99
[2021-12-06 16:21:57,305] client.Client<Client:16034>:OUTPUT: website : google.com.ng, time : 18, hop cnt : 3
[2021-12-06 16:21:57,337] client.Client<Client:16034>:OUTPUT: Result of query for iwanttodeliver.com = 185.88.180.102
[2021-12-06 16:21:57,337] client.Client<Client:16034>:OUTPUT: website : iwanttodeliver.com, time : 31, hop cnt : 5
[2021-12-06 16:21:57,376] client.Client<Client:16034>:OUTPUT: Result of query for 9gag.com = 104.16.104.144
[2021-12-06 16:21:57,376] client.Client<Client:16034>:OUTPUT: website : 9gag.com, time : 37, hop cnt : 6
[2021-12-06 16:21:57,401] client.Client<Client:16034>:OUTPUT: Result of query for slack.com = 18.214.242.166
[2021-12-06 16:21:57,401] client.Client<Client:16034>:OUTPUT: website : slack.com, time : 24, hop cnt : 4
[2021-12-06 16:21:57,455] client.Client<Client:16034>:OUTPUT: Result of query for google.com.pe = 172.217.3.99
[2021-12-06 16:21:57,455] client.Client<Client:16034>:OUTPUT: website : google.com.pe, time : 53, hop cnt : 7
[2021-12-06 16:21:57,485] client.Client<Client:16034>:OUTPUT: Result of query for bankofamerica.com = 171.161.148.150
[2021-12-06 16:21:57,485] client.Client<Client:16034>:OUTPUT: website : bankofamerica.com, time : 29, hop cnt : 4
[2021-12-06 16:21:57,513] client.Client<Client:16034>:OUTPUT: Result of query for mercadolivre.com.br = 13.225.229.127
[2021-12-06 16:21:57,513] client.Client<Client:16034>:OUTPUT: website : mercadolivre.com.br, time : 26, hop cnt : 4
[2021-12-06 16:21:57,545] client.Client<Client:16034>:OUTPUT: Result of query for 4chan.org = 104.19.128.108
[2021-12-06 16:21:57,545] client.Client<Client:16034>:OUTPUT: website : 4chan.org, time : 27, hop cnt : 4
[2021-12-06 16:21:57,581] client.Client<Client:16034>:OUTPUT: Result of query for google.ro = 172.217.10.99
[2021-12-06 16:21:57,581] client.Client<Client:16034>:OUTPUT: website : google.ro, time : 32, hop cnt : 5
[2021-12-06 16:21:57,615] client.Client<Client:16034>:OUTPUT: Result of query for cpm10.com = 103.224.182.251
[2021-12-06 16:21:57,615] client.Client<Client:16034>:OUTPUT: website : cpm10.com, time : 33, hop cnt : 5
[2021-12-06 16:21:57,654] client.Client<Client:16034>:OUTPUT: Result of query for google.cz = 142.250.80.3
[2021-12-06 16:21:57,654] client.Client<Client:16034>:OUTPUT: website : google.cz, time : 38, hop cnt : 4
[2021-12-06 16:21:57,681] client.Client<Client:16034>:OUTPUT: Result of query for google.ch = 172.217.12.131
[2021-12-06 16:21:57,681] client.Client<Client:16034>:OUTPUT: website : google.ch, time : 26, hop cnt : 4
[2021-12-06 16:21:57,705] client.Client<Client:16034>:OUTPUT: Result of query for tripadvisor.com = 192.229.162.112
[2021-12-06 16:21:57,705] client.Client<Client:16034>:OUTPUT: website : tripadvisor.com, time : 23, hop cnt : 3
[2021-12-06 16:21:57,743] client.Client<Client:16034>:OUTPUT: Result of query for bet365.com = 5.226.176.16
[2021-12-06 16:21:57,743] client.Client<Client:16034>:OUTPUT: website : bet365.com, time : 36, hop cnt : 6
[2021-12-06 16:21:57,789] client.Client<Client:16034>:OUTPUT: Result of query for gfycat.com = 13.225.222.216
[2021-12-06 16:21:57,789] client.Client<Client:16034>:OUTPUT: website : gfycat.com, time : 45, hop cnt : 6
[2021-12-06 16:21:57,830] client.Client<Client:16034>:OUTPUT: Result of query for amazon.fr = 52.95.120.39
[2021-12-06 16:21:57,830] client.Client<Client:16034>:OUTPUT: website : amazon.fr, time : 40, hop cnt : 5
[2021-12-06 16:21:57,876] client.Client<Client:16034>:OUTPUT: Result of query for discordapp.com = 162.159.134.233
[2021-12-06 16:21:57,876] client.Client<Client:16034>:OUTPUT: website : discordapp.com, time : 45, hop cnt : 6
[2021-12-06 16:21:57,908] client.Client<Client:16034>:OUTPUT: Result of query for google.cl = 172.217.9.227
[2021-12-06 16:21:57,908] client.Client<Client:16034>:OUTPUT: website : google.cl, time : 31, hop cnt : 4
[2021-12-06 16:21:57,938] client.Client<Client:16034>:OUTPUT: Result of query for wellsfargo.com = 159.45.66.143
[2021-12-06 16:21:57,938] client.Client<Client:16034>:OUTPUT: website : wellsfargo.com, time : 28, hop cnt : 6
[2021-12-06 16:21:57,996] client.Client<Client:16034>:OUTPUT: Result of query for trello.com = 18.234.32.193
[2021-12-06 16:21:57,997] client.Client<Client:16034>:OUTPUT: website : trello.com, time : 58, hop cnt : 7
[2021-12-06 16:21:58,033] client.Client<Client:16034>:OUTPUT: Result of query for amazon.it = 52.95.120.36
[2021-12-06 16:21:58,033] client.Client<Client:16034>:OUTPUT: website : amazon.it, time : 35, hop cnt : 4
[2021-12-06 16:21:58,060] client.Client<Client:16034>:OUTPUT: Result of query for indiatimes.com = 23.33.172.134
[2021-12-06 16:21:58,060] client.Client<Client:16034>:OUTPUT: website : indiatimes.com, time : 25, hop cnt : 4
[2021-12-06 16:21:58,096] client.Client<Client:16034>:OUTPUT: Result of query for battle.net = 137.221.106.104
[2021-12-06 16:21:58,096] client.Client<Client:16034>:OUTPUT: website : battle.net, time : 35, hop cnt : 4
[2021-12-06 16:21:58,140] client.Client<Client:16034>:OUTPUT: Result of query for google.pt = 172.217.6.195
[2021-12-06 16:21:58,140] client.Client<Client:16034>:OUTPUT: website : google.pt, time : 43, hop cnt : 5
[2021-12-06 16:21:58,181] client.Client<Client:16034>:OUTPUT: Result of query for zillow.com = 13.225.229.65
[2021-12-06 16:21:58,181] client.Client<Client:16034>:OUTPUT: website : zillow.com, time : 39, hop cnt : 5
[2021-12-06 16:21:58,202] client.Client<Client:16034>:OUTPUT: Result of query for google.co.ao = 142.250.64.99
[2021-12-06 16:21:58,202] client.Client<Client:16034>:OUTPUT: website : google.co.ao, time : 21, hop cnt : 4
[2021-12-06 16:21:58,226] client.Client<Client:16034>:OUTPUT: Result of query for messenger.com = 31.13.71.1
[2021-12-06 16:21:58,226] client.Client<Client:16034>:OUTPUT: website : messenger.com, time : 22, hop cnt : 5
[2021-12-06 16:21:58,266] client.Client<Client:16034>:OUTPUT: Result of query for google.no = 172.217.7.3
[2021-12-06 16:21:58,266] client.Client<Client:16034>:OUTPUT: website : google.no, time : 38, hop cnt : 5
[2021-12-06 16:21:58,318] client.Client<Client:16034>:OUTPUT: Result of query for kinogo.club = 75.2.37.224
[2021-12-06 16:21:58,318] client.Client<Client:16034>:OUTPUT: website : kinogo.club, time : 51, hop cnt : 6
[2021-12-06 16:21:58,351] client.Client<Client:16034>:OUTPUT: Result of query for mama.cn = 134.175.173.148
[2021-12-06 16:21:58,351] client.Client<Client:16034>:OUTPUT: website : mama.cn, time : 32, hop cnt : 4
[2021-12-06 16:21:58,377] client.Client<Client:16034>:OUTPUT: Result of query for gamepedia.com = 104.27.138.186
[2021-12-06 16:21:58,377] client.Client<Client:16034>:OUTPUT: website : gamepedia.com, time : 24, hop cnt : 3
[2021-12-06 16:21:58,406] client.Client<Client:16034>:OUTPUT: Result of query for youporn.com = 66.254.114.79
[2021-12-06 16:21:58,406] client.Client<Client:16034>:OUTPUT: website : youporn.com, time : 28, hop cnt : 3
[2021-12-06 16:21:58,422] client.Client<Client:16034>:OUTPUT: Result of query for forbes.com = 151.101.130.49
[2021-12-06 16:21:58,422] client.Client<Client:16034>:OUTPUT: website : forbes.com, time : 16, hop cnt : 3
[2021-12-06 16:21:58,460] client.Client<Client:16034>:OUTPUT: Result of query for yts.ag = 172.67.202.48
[2021-12-06 16:21:58,460] client.Client<Client:16034>:OUTPUT: website : yts.ag, time : 36, hop cnt : 5
[2021-12-06 16:21:58,492] client.Client<Client:16034>:OUTPUT: Result of query for tokopedia.com = 47.74.244.18
[2021-12-06 16:21:58,492] client.Client<Client:16034>:OUTPUT: website : tokopedia.com, time : 31, hop cnt : 5
[2021-12-06 16:21:58,532] client.Client<Client:16034>:OUTPUT: Result of query for google.ae = 142.250.64.99
[2021-12-06 16:21:58,532] client.Client<Client:16034>:OUTPUT: website : google.ae, time : 39, hop cnt : 4
[2021-12-06 16:21:58,571] client.Client<Client:16034>:OUTPUT: Result of query for abs-cbn.com = 23.63.246.57
[2021-12-06 16:21:58,571] client.Client<Client:16034>:OUTPUT: website : abs-cbn.com, time : 38, hop cnt : 5
[2021-12-06 16:21:58,602] client.Client<Client:16034>:OUTPUT: Result of query for youm7.com = 104.18.6.4
[2021-12-06 16:21:58,602] client.Client<Client:16034>:OUTPUT: website : youm7.com, time : 30, hop cnt : 3
[2021-12-06 16:21:58,647] client.Client<Client:16034>:OUTPUT: Result of query for pipeschannels.com = 139.45.196.73
[2021-12-06 16:21:58,647] client.Client<Client:16034>:OUTPUT: website : pipeschannels.com, time : 44, hop cnt : 6
[2021-12-06 16:21:58,675] client.Client<Client:16034>:OUTPUT: Result of query for weather.com = 104.126.221.252
[2021-12-06 16:21:58,675] client.Client<Client:16034>:OUTPUT: website : weather.com, time : 27, hop cnt : 3
[2021-12-06 16:21:58,726] client.Client<Client:16034>:OUTPUT: Result of query for outbrain.com = 192.82.210.254
[2021-12-06 16:21:58,726] client.Client<Client:16034>:OUTPUT: website : outbrain.com, time : 50, hop cnt : 5
[2021-12-06 16:21:58,783] client.Client<Client:16034>:OUTPUT: Result of query for ameblo.jp = 151.101.1.83
[2021-12-06 16:21:58,783] client.Client<Client:16034>:OUTPUT: website : ameblo.jp, time : 56, hop cnt : 7
[2021-12-06 16:21:58,833] client.Client<Client:16034>:OUTPUT: Result of query for ikea.com = 204.74.99.103
[2021-12-06 16:21:58,833] client.Client<Client:16034>:OUTPUT: website : ikea.com, time : 49, hop cnt : 7
[2021-12-06 16:21:58,866] client.Client<Client:16034>:OUTPUT: Result of query for kakaku.com = 103.70.243.165
[2021-12-06 16:21:58,866] client.Client<Client:16034>:OUTPUT: website : kakaku.com, time : 32, hop cnt : 6
[2021-12-06 16:21:58,909] client.Client<Client:16034>:OUTPUT: Result of query for trackmedia101.com = 103.224.182.251
[2021-12-06 16:21:58,909] client.Client<Client:16034>:OUTPUT: website : trackmedia101.com, time : 42, hop cnt : 5
[2021-12-06 16:21:58,959] client.Client<Client:16034>:OUTPUT: Result of query for mega.nz = 66.203.127.12
[2021-12-06 16:21:58,959] client.Client<Client:16034>:OUTPUT: website : mega.nz, time : 50, hop cnt : 6
[2021-12-06 16:21:59,005] client.Client<Client:16034>:OUTPUT: Result of query for 39.net = 211.99.98.109
[2021-12-06 16:21:59,005] client.Client<Client:16034>:OUTPUT: website : 39.net, time : 45, hop cnt : 5
[2021-12-06 16:21:59,046] client.Client<Client:16034>:OUTPUT: Result of query for bilibili.com = 110.43.34.66
[2021-12-06 16:21:59,046] client.Client<Client:16034>:OUTPUT: website : bilibili.com, time : 40, hop cnt : 5
[2021-12-06 16:21:59,088] client.Client<Client:16034>:OUTPUT: Result of query for google.dz = 172.217.11.3
[2021-12-06 16:21:59,088] client.Client<Client:16034>:OUTPUT: website : google.dz, time : 41, hop cnt : 4
[2021-12-06 16:21:59,121] client.Client<Client:16034>:OUTPUT: Result of query for huffingtonpost.com = 98.136.103.23
[2021-12-06 16:21:59,121] client.Client<Client:16034>:OUTPUT: website : huffingtonpost.com, time : 31, hop cnt : 4
[2021-12-06 16:21:59,145] client.Client<Client:16034>:OUTPUT: Result of query for hotmovs.com = 172.64.106.9
[2021-12-06 16:21:59,145] client.Client<Client:16034>:OUTPUT: website : hotmovs.com, time : 23, hop cnt : 5
[2021-12-06 16:21:59,178] client.Client<Client:16034>:OUTPUT: Result of query for speedtest.net = 151.101.66.219
[2021-12-06 16:21:59,178] client.Client<Client:16034>:OUTPUT: website : speedtest.net, time : 28, hop cnt : 3
[2021-12-06 16:21:59,209] client.Client<Client:16034>:OUTPUT: Result of query for livejournal.com = 13.88.179.33
[2021-12-06 16:21:59,209] client.Client<Client:16034>:OUTPUT: website : livejournal.com, time : 30, hop cnt : 5
[2021-12-06 16:21:59,232] client.Client<Client:16034>:OUTPUT: Result of query for reimageplus.com = 161.47.7.14
[2021-12-06 16:21:59,232] client.Client<Client:16034>:OUTPUT: website : reimageplus.com, time : 22, hop cnt : 3
[2021-12-06 16:21:59,259] client.Client<Client:16034>:OUTPUT: Result of query for google.ie = 172.217.12.195
[2021-12-06 16:21:59,259] client.Client<Client:16034>:OUTPUT: website : google.ie, time : 26, hop cnt : 3
[2021-12-06 16:21:59,299] client.Client<Client:16034>:OUTPUT: Result of query for adexchangeprediction.com = 35.206.66.190
[2021-12-06 16:21:59,299] client.Client<Client:16034>:OUTPUT: website : adexchangeprediction.com, time : 39, hop cnt : 5
[2021-12-06 16:21:59,334] client.Client<Client:16034>:OUTPUT: Result of query for hotstar.com = 13.225.229.58
[2021-12-06 16:21:59,334] client.Client<Client:16034>:OUTPUT: website : hotstar.com, time : 34, hop cnt : 5
[2021-12-06 16:21:59,367] client.Client<Client:16034>:OUTPUT: Result of query for rarbg.to = 185.37.100.122
[2021-12-06 16:21:59,367] client.Client<Client:16034>:OUTPUT: website : rarbg.to, time : 32, hop cnt : 5
[2021-12-06 16:21:59,416] client.Client<Client:16034>:OUTPUT: Result of query for wetransfer.com = 46.51.201.69
[2021-12-06 16:21:59,416] client.Client<Client:16034>:OUTPUT: website : wetransfer.com, time : 48, hop cnt : 7
[2021-12-06 16:21:59,439] client.Client<Client:16034>:OUTPUT: Result of query for ign.com = 52.3.55.210
[2021-12-06 16:21:59,439] client.Client<Client:16034>:OUTPUT: website : ign.com, time : 21, hop cnt : 3
[2021-12-06 16:21:59,469] client.Client<Client:16034>:OUTPUT: Result of query for doubleclick.net = 172.217.12.174
[2021-12-06 16:21:59,469] client.Client<Client:16034>:OUTPUT: website : doubleclick.net, time : 29, hop cnt : 4
[2021-12-06 16:21:59,515] client.Client<Client:16034>:OUTPUT: Result of query for google.hu = 172.217.12.195
[2021-12-06 16:21:59,516] client.Client<Client:16034>:OUTPUT: website : google.hu, time : 45, hop cnt : 7
[2021-12-06 16:21:59,539] client.Client<Client:16034>:OUTPUT: Result of query for irctc.co.in = 103.252.142.18
[2021-12-06 16:21:59,540] client.Client<Client:16034>:OUTPUT: website : irctc.co.in, time : 22, hop cnt : 4
[2021-12-06 16:21:59,581] client.Client<Client:16034>:OUTPUT: Result of query for foxnews.com = 23.215.185.14
[2021-12-06 16:21:59,581] client.Client<Client:16034>:OUTPUT: website : foxnews.com, time : 40, hop cnt : 6
[2021-12-06 16:21:59,608] client.Client<Client:16034>:OUTPUT: Result of query for aol.com = 212.82.100.150
[2021-12-06 16:21:59,608] client.Client<Client:16034>:OUTPUT: website : aol.com, time : 25, hop cnt : 5
[2021-12-06 16:21:59,635] client.Client<Client:16034>:OUTPUT: Result of query for google.co.il = 172.217.11.35
[2021-12-06 16:21:59,635] client.Client<Client:16034>:OUTPUT: website : google.co.il, time : 26, hop cnt : 3
[2021-12-06 16:21:59,691] client.Client<Client:16034>:OUTPUT: Result of query for archive.org = 207.241.224.2
[2021-12-06 16:21:59,691] client.Client<Client:16034>:OUTPUT: website : archive.org, time : 56, hop cnt : 7
[2021-12-06 16:21:59,720] client.Client<Client:16034>:OUTPUT: Result of query for airbnb.com = 52.45.221.244
[2021-12-06 16:21:59,720] client.Client<Client:16034>:OUTPUT: website : airbnb.com, time : 27, hop cnt : 4
[2021-12-06 16:21:59,773] client.Client<Client:16034>:OUTPUT: Result of query for allegro.pl = 5.134.213.82
[2021-12-06 16:21:59,773] client.Client<Client:16034>:OUTPUT: website : allegro.pl, time : 52, hop cnt : 5
[2021-12-06 16:21:59,824] client.Client<Client:16034>:OUTPUT: Result of query for bestbuy.com = 2.21.42.99
[2021-12-06 16:21:59,824] client.Client<Client:16034>:OUTPUT: website : bestbuy.com, time : 51, hop cnt : 6
[2021-12-06 16:21:59,861] client.Client<Client:16034>:OUTPUT: Result of query for amazon.cn = 54.222.60.218
[2021-12-06 16:21:59,862] client.Client<Client:16034>:OUTPUT: website : amazon.cn, time : 35, hop cnt : 5
[2021-12-06 16:21:59,919] client.Client<Client:16034>:OUTPUT: Result of query for leboncoin.fr = 35.181.111.82
[2021-12-06 16:21:59,919] client.Client<Client:16034>:OUTPUT: website : leboncoin.fr, time : 57, hop cnt : 7
[2021-12-06 16:21:59,937] client.Client<Client:16034>:OUTPUT: Result of query for google.dk = 172.217.11.3
[2021-12-06 16:21:59,938] client.Client<Client:16034>:OUTPUT: website : google.dk, time : 17, hop cnt : 3
[2021-12-06 16:21:59,964] client.Client<Client:16034>:OUTPUT: Result of query for cnblogs.com = 101.37.97.51
[2021-12-06 16:21:59,965] client.Client<Client:16034>:OUTPUT: website : cnblogs.com, time : 25, hop cnt : 3
[2021-12-06 16:21:59,994] client.Client<Client:16034>:OUTPUT: Result of query for bitauto.com = 59.151.116.98
[2021-12-06 16:21:59,994] client.Client<Client:16034>:OUTPUT: website : bitauto.com, time : 28, hop cnt : 4
[2021-12-06 16:22:00,035] client.Client<Client:16034>:OUTPUT: Result of query for dingit.tv = 172.67.189.193
[2021-12-06 16:22:00,035] client.Client<Client:16034>:OUTPUT: website : dingit.tv, time : 38, hop cnt : 5
[2021-12-06 16:22:00,076] client.Client<Client:16034>:OUTPUT: Result of query for feedly.com = 104.20.59.241
[2021-12-06 16:22:00,076] client.Client<Client:16034>:OUTPUT: website : feedly.com, time : 40, hop cnt : 5
[2021-12-06 16:22:00,135] client.Client<Client:16034>:OUTPUT: Result of query for sumatoad.com = 34.102.136.180
[2021-12-06 16:22:00,135] client.Client<Client:16034>:OUTPUT: website : sumatoad.com, time : 59, hop cnt : 6
[2021-12-06 16:22:00,169] client.Client<Client:16034>:OUTPUT: Result of query for amazon.es = 54.239.33.90
[2021-12-06 16:22:00,169] client.Client<Client:16034>:OUTPUT: website : amazon.es, time : 33, hop cnt : 5
[2021-12-06 16:22:00,201] client.Client<Client:16034>:OUTPUT: Result of query for freepik.com = 51.81.249.114
[2021-12-06 16:22:00,201] client.Client<Client:16034>:OUTPUT: website : freepik.com, time : 31, hop cnt : 5
[2021-12-06 16:22:00,228] client.Client<Client:16034>:OUTPUT: Result of query for shutterstock.com = 99.83.219.164
[2021-12-06 16:22:00,228] client.Client<Client:16034>:OUTPUT: website : shutterstock.com, time : 26, hop cnt : 3
[2021-12-06 16:22:00,263] client.Client<Client:16034>:OUTPUT: Result of query for wikimedia.org = 208.80.154.224
[2021-12-06 16:22:00,263] client.Client<Client:16034>:OUTPUT: website : wikimedia.org, time : 30, hop cnt : 5
[2021-12-06 16:22:00,306] client.Client<Client:16034>:OUTPUT: Result of query for google.fi = 142.250.80.3
[2021-12-06 16:22:00,306] client.Client<Client:16034>:OUTPUT: website : google.fi, time : 42, hop cnt : 5
[2021-12-06 16:22:00,328] client.Client<Client:16034>:OUTPUT: Result of query for huaban.com = 115.231.100.109
[2021-12-06 16:22:00,329] client.Client<Client:16034>:OUTPUT: website : huaban.com, time : 21, hop cnt : 2
[2021-12-06 16:22:00,374] client.Client<Client:16034>:OUTPUT: Result of query for skype.com = 40.121.80.200
[2021-12-06 16:22:00,374] client.Client<Client:16034>:OUTPUT: website : skype.com, time : 40, hop cnt : 4
[2021-12-06 16:22:00,408] client.Client<Client:16034>:OUTPUT: Result of query for caijing.com.cn = 124.243.192.30
[2021-12-06 16:22:00,408] client.Client<Client:16034>:OUTPUT: website : caijing.com.cn, time : 33, hop cnt : 5
[2021-12-06 16:22:00,443] client.Client<Client:16034>:OUTPUT: Result of query for ebay-kleinanzeigen.de = 34.107.128.149
[2021-12-06 16:22:00,443] client.Client<Client:16034>:OUTPUT: website : ebay-kleinanzeigen.de, time : 33, hop cnt : 4
[2021-12-06 16:22:00,483] client.Client<Client:16034>:OUTPUT: Result of query for businessinsider.com = 151.101.65.171
[2021-12-06 16:22:00,483] client.Client<Client:16034>:OUTPUT: website : businessinsider.com, time : 39, hop cnt : 5
[2021-12-06 16:22:00,507] client.Client<Client:16034>:OUTPUT: Result of query for k618.cn = 123.103.56.42
[2021-12-06 16:22:00,507] client.Client<Client:16034>:OUTPUT: website : k618.cn, time : 23, hop cnt : 3
[2021-12-06 16:22:00,536] client.Client<Client:16034>:OUTPUT: Result of query for breitbart.com = 35.241.35.213
[2021-12-06 16:22:00,536] client.Client<Client:16034>:OUTPUT: website : breitbart.com, time : 27, hop cnt : 5
[2021-12-06 16:22:00,568] client.Client<Client:16034>:OUTPUT: Result of query for liputan6.com = 18.136.137.12
[2021-12-06 16:22:00,568] client.Client<Client:16034>:OUTPUT: website : liputan6.com, time : 31, hop cnt : 6
[2021-12-06 16:22:00,606] client.Client<Client:16034>:OUTPUT: Result of query for kinopoisk.ru = 87.250.251.105
[2021-12-06 16:22:00,606] client.Client<Client:16034>:OUTPUT: website : kinopoisk.ru, time : 37, hop cnt : 4
[2021-12-06 16:22:00,645] client.Client<Client:16034>:OUTPUT: Result of query for onlinevideoconverter.com = 94.228.214.149
[2021-12-06 16:22:00,645] client.Client<Client:16034>:OUTPUT: website : onlinevideoconverter.com, time : 38, hop cnt : 4
[2021-12-06 16:22:00,688] client.Client<Client:16034>:OUTPUT: Result of query for wordreference.com = 23.111.171.90
[2021-12-06 16:22:00,688] client.Client<Client:16034>:OUTPUT: website : wordreference.com, time : 42, hop cnt : 4
[2021-12-06 16:22:00,728] client.Client<Client:16034>:OUTPUT: Result of query for kompas.com = 52.220.50.242
[2021-12-06 16:22:00,728] client.Client<Client:16034>:OUTPUT: website : kompas.com, time : 39, hop cnt : 6
[2021-12-06 16:22:00,765] client.Client<Client:16034>:OUTPUT: Result of query for hdzog.com = 172.64.103.16
[2021-12-06 16:22:00,765] client.Client<Client:16034>:OUTPUT: website : hdzog.com, time : 36, hop cnt : 5
[2021-12-06 16:22:00,787] client.Client<Client:16034>:OUTPUT: Result of query for chinadaily.com.cn = 111.13.49.147
[2021-12-06 16:22:00,787] client.Client<Client:16034>:OUTPUT: website : chinadaily.com.cn, time : 20, hop cnt : 4
[2021-12-06 16:22:00,834] client.Client<Client:16034>:OUTPUT: Result of query for giphy.com = 151.101.1.185
[2021-12-06 16:22:00,834] client.Client<Client:16034>:OUTPUT: website : giphy.com, time : 46, hop cnt : 7
[2021-12-06 16:22:00,871] client.Client<Client:16034>:OUTPUT: Result of query for sberbank.ru = 194.54.14.168
[2021-12-06 16:22:00,871] client.Client<Client:16034>:OUTPUT: website : sberbank.ru, time : 35, hop cnt : 3
[2021-12-06 16:22:00,916] client.Client<Client:16034>:OUTPUT: Result of query for zippyshare.com = 145.239.9.15
[2021-12-06 16:22:00,916] client.Client<Client:16034>:OUTPUT: website : zippyshare.com, time : 43, hop cnt : 5
[2021-12-06 16:22:00,953] client.Client<Client:16034>:OUTPUT: Result of query for rutracker.org = 195.82.146.214
[2021-12-06 16:22:00,953] client.Client<Client:16034>:OUTPUT: website : rutracker.org, time : 36, hop cnt : 4
[2021-12-06 16:22:00,999] client.Client<Client:16034>:OUTPUT: Result of query for spankbang.com = 104.19.137.100
[2021-12-06 16:22:01,000] client.Client<Client:16034>:OUTPUT: website : spankbang.com, time : 45, hop cnt : 6
[2021-12-06 16:22:01,046] client.Client<Client:16034>:OUTPUT: Result of query for flickr.com = 13.225.221.223
[2021-12-06 16:22:01,046] client.Client<Client:16034>:OUTPUT: website : flickr.com, time : 45, hop cnt : 5
[2021-12-06 16:22:01,087] client.Client<Client:16034>:OUTPUT: Result of query for genius.com = 104.18.18.96
[2021-12-06 16:22:01,088] client.Client<Client:16034>:OUTPUT: website : genius.com, time : 40, hop cnt : 6
[2021-12-06 16:22:01,132] client.Client<Client:16034>:OUTPUT: Result of query for 2ch.net = 172.67.0.175
[2021-12-06 16:22:01,132] client.Client<Client:16034>:OUTPUT: website : 2ch.net, time : 43, hop cnt : 6
[2021-12-06 16:22:01,169] client.Client<Client:16034>:OUTPUT: Result of query for tfetimes.com = 192.124.249.20
[2021-12-06 16:22:01,169] client.Client<Client:16034>:OUTPUT: website : tfetimes.com, time : 36, hop cnt : 6
[2021-12-06 16:22:01,202] client.Client<Client:16034>:OUTPUT: Result of query for espncricinfo.com = 52.16.254.202
[2021-12-06 16:22:01,202] client.Client<Client:16034>:OUTPUT: website : espncricinfo.com, time : 32, hop cnt : 4
[2021-12-06 16:22:01,250] client.Client<Client:16034>:OUTPUT: Result of query for mediawhirl.net = 103.224.182.251
[2021-12-06 16:22:01,250] client.Client<Client:16034>:OUTPUT: website : mediawhirl.net, time : 47, hop cnt : 6
[2021-12-06 16:22:01,281] client.Client<Client:16034>:OUTPUT: Result of query for gamefaqs.com = 151.101.1.188
[2021-12-06 16:22:01,282] client.Client<Client:16034>:OUTPUT: website : gamefaqs.com, time : 30, hop cnt : 6
[2021-12-06 16:22:01,331] client.Client<Client:16034>:OUTPUT: Result of query for sourceforge.net = 216.105.38.13
[2021-12-06 16:22:01,331] client.Client<Client:16034>:OUTPUT: website : sourceforge.net, time : 48, hop cnt : 7
[2021-12-06 16:22:01,365] client.Client<Client:16034>:OUTPUT: Result of query for scribd.com = 151.101.66.152
[2021-12-06 16:22:01,365] client.Client<Client:16034>:OUTPUT: website : scribd.com, time : 32, hop cnt : 4
[2021-12-06 16:22:01,418] client.Client<Client:16034>:OUTPUT: Result of query for telegram.org = 149.154.167.99
[2021-12-06 16:22:01,418] client.Client<Client:16034>:OUTPUT: website : telegram.org, time : 52, hop cnt : 5
[2021-12-06 16:22:01,475] client.Client<Client:16034>:OUTPUT: Result of query for researchgate.net = 209.15.209.70
[2021-12-06 16:22:01,475] client.Client<Client:16034>:OUTPUT: website : researchgate.net, time : 56, hop cnt : 6
[2021-12-06 16:22:01,515] client.Client<Client:16034>:OUTPUT: Result of query for gismeteo.ru = 185.134.203.245
[2021-12-06 16:22:01,515] client.Client<Client:16034>:OUTPUT: website : gismeteo.ru, time : 39, hop cnt : 5
[2021-12-06 16:22:01,555] client.Client<Client:16034>:OUTPUT: Result of query for mailchimp.com = 104.107.30.72
[2021-12-06 16:22:01,555] client.Client<Client:16034>:OUTPUT: website : mailchimp.com, time : 39, hop cnt : 6
[2021-12-06 16:22:01,615] client.Client<Client:16034>:OUTPUT: Result of query for accuweather.com = 96.6.22.112
[2021-12-06 16:22:01,615] client.Client<Client:16034>:OUTPUT: website : accuweather.com, time : 60, hop cnt : 7
[2021-12-06 16:22:01,653] client.Client<Client:16034>:OUTPUT: Result of query for xfinity.com = 96.114.14.140
[2021-12-06 16:22:01,653] client.Client<Client:16034>:OUTPUT: website : xfinity.com, time : 36, hop cnt : 5
[2021-12-06 16:22:01,697] client.Client<Client:16034>:OUTPUT: Result of query for aliyun.com = 140.205.135.3
[2021-12-06 16:22:01,697] client.Client<Client:16034>:OUTPUT: website : aliyun.com, time : 44, hop cnt : 6
[2021-12-06 16:22:01,749] client.Client<Client:16034>:OUTPUT: Result of query for homedepot.com = 35.201.95.83
[2021-12-06 16:22:01,749] client.Client<Client:16034>:OUTPUT: website : homedepot.com, time : 51, hop cnt : 6
[2021-12-06 16:22:01,783] client.Client<Client:16034>:OUTPUT: Result of query for sabah.com.tr = 194.36.160.15
[2021-12-06 16:22:01,783] client.Client<Client:16034>:OUTPUT: website : sabah.com.tr, time : 33, hop cnt : 6
[2021-12-06 16:22:01,840] client.Client<Client:16034>:OUTPUT: Result of query for web.de = 82.165.229.138
[2021-12-06 16:22:01,840] client.Client<Client:16034>:OUTPUT: website : web.de, time : 56, hop cnt : 7
[2021-12-06 16:22:01,863] client.Client<Client:16034>:OUTPUT: Result of query for eastday.com = 222.73.244.10
[2021-12-06 16:22:01,864] client.Client<Client:16034>:OUTPUT: website : eastday.com, time : 21, hop cnt : 3
[2021-12-06 16:22:01,907] client.Client<Client:16034>:OUTPUT: Result of query for gmx.net = 82.165.229.87
[2021-12-06 16:22:01,907] client.Client<Client:16034>:OUTPUT: website : gmx.net, time : 42, hop cnt : 5
[2021-12-06 16:22:01,930] client.Client<Client:16034>:OUTPUT: Result of query for leagueoflegends.com = 100.24.150.101
[2021-12-06 16:22:01,931] client.Client<Client:16034>:OUTPUT: website : leagueoflegends.com, time : 22, hop cnt : 4
[2021-12-06 16:22:01,948] client.Client<Client:16034>:OUTPUT: Result of query for rumble.com = 169.44.97.2
[2021-12-06 16:22:01,948] client.Client<Client:16034>:OUTPUT: website : rumble.com, time : 17, hop cnt : 3
[2021-12-06 16:22:01,979] client.Client<Client:16034>:OUTPUT: Result of query for asos.com = 23.222.12.65
[2021-12-06 16:22:01,979] client.Client<Client:16034>:OUTPUT: website : asos.com, time : 29, hop cnt : 4
[2021-12-06 16:22:02,013] client.Client<Client:16034>:OUTPUT: Result of query for varzesh3.com = 94.182.163.51
[2021-12-06 16:22:02,013] client.Client<Client:16034>:OUTPUT: website : varzesh3.com, time : 33, hop cnt : 5
[2021-12-06 16:22:02,038] client.Client<Client:16034>:OUTPUT: Result of query for daum.net = 203.133.167.16
[2021-12-06 16:22:02,038] client.Client<Client:16034>:OUTPUT: website : daum.net, time : 24, hop cnt : 4
[2021-12-06 16:22:02,071] client.Client<Client:16034>:OUTPUT: Result of query for google.sk = 172.217.3.99
[2021-12-06 16:22:02,071] client.Client<Client:16034>:OUTPUT: website : google.sk, time : 32, hop cnt : 4
[2021-12-06 16:22:02,090] client.Client<Client:16034>:OUTPUT: Result of query for naver.jp = 119.235.235.13
[2021-12-06 16:22:02,091] client.Client<Client:16034>:OUTPUT: website : naver.jp, time : 18, hop cnt : 4
[2021-12-06 16:22:02,141] client.Client<Client:16034>:OUTPUT: Result of query for medium.com = 104.16.122.127
[2021-12-06 16:22:02,141] client.Client<Client:16034>:OUTPUT: website : medium.com, time : 49, hop cnt : 6
[2021-12-06 16:22:02,167] client.Client<Client:16034>:OUTPUT: Result of query for ouo.io = 172.67.6.151
[2021-12-06 16:22:02,167] client.Client<Client:16034>:OUTPUT: website : ouo.io, time : 25, hop cnt : 4
[2021-12-06 16:22:02,207] client.Client<Client:16034>:OUTPUT: Result of query for hola.com = 62.22.171.58
[2021-12-06 16:22:02,207] client.Client<Client:16034>:OUTPUT: website : hola.com, time : 39, hop cnt : 5
[2021-12-06 16:22:02,235] client.Client<Client:16034>:OUTPUT: Result of query for thesaurus.com = 151.101.66.133
[2021-12-06 16:22:02,235] client.Client<Client:16034>:OUTPUT: website : thesaurus.com, time : 27, hop cnt : 5
[2021-12-06 16:22:02,285] client.Client<Client:16034>:OUTPUT: Result of query for shopify.com = 34.75.184.70
[2021-12-06 16:22:02,285] client.Client<Client:16034>:OUTPUT: website : shopify.com, time : 49, hop cnt : 5
[2021-12-06 16:22:02,329] client.Client<Client:16034>:OUTPUT: Result of query for orange.fr = 193.252.133.34
[2021-12-06 16:22:02,329] client.Client<Client:16034>:OUTPUT: website : orange.fr, time : 43, hop cnt : 6
[2021-12-06 16:22:02,355] client.Client<Client:16034>:OUTPUT: Result of query for digikala.com = 185.188.105.10
[2021-12-06 16:22:02,355] client.Client<Client:16034>:OUTPUT: website : digikala.com, time : 24, hop cnt : 4
[2021-12-06 16:22:02,387] client.Client<Client:16034>:OUTPUT: Result of query for rt.com = 207.244.80.170
[2021-12-06 16:22:02,387] client.Client<Client:16034>:OUTPUT: website : rt.com, time : 30, hop cnt : 5
[2021-12-06 16:22:02,431] client.Client<Client:16034>:OUTPUT: Result of query for ndtv.com = 96.6.28.59
[2021-12-06 16:22:02,431] client.Client<Client:16034>:OUTPUT: website : ndtv.com, time : 43, hop cnt : 6
[2021-12-06 16:22:02,464] client.Client<Client:16034>:OUTPUT: Result of query for oracle.com = 137.254.120.50
[2021-12-06 16:22:02,464] client.Client<Client:16034>:OUTPUT: website : oracle.com, time : 32, hop cnt : 5
[2021-12-06 16:22:02,494] client.Client<Client:16034>:OUTPUT: Result of query for telegraph.co.uk = 13.225.229.40
[2021-12-06 16:22:02,494] client.Client<Client:16034>:OUTPUT: website : telegraph.co.uk, time : 29, hop cnt : 3
[2021-12-06 16:22:02,517] client.Client<Client:16034>:OUTPUT: Result of query for wordpress.org = 198.143.164.252
[2021-12-06 16:22:02,518] client.Client<Client:16034>:OUTPUT: website : wordpress.org, time : 21, hop cnt : 3
[2021-12-06 16:22:02,566] client.Client<Client:16034>:OUTPUT: Result of query for olx.ua = 13.225.229.19
[2021-12-06 16:22:02,566] client.Client<Client:16034>:OUTPUT: website : olx.ua, time : 47, hop cnt : 5
[2021-12-06 16:22:02,605] client.Client<Client:16034>:OUTPUT: Result of query for zendesk.com = 34.225.199.37
[2021-12-06 16:22:02,605] client.Client<Client:16034>:OUTPUT: website : zendesk.com, time : 38, hop cnt : 6
[2021-12-06 16:22:02,635] client.Client<Client:16034>:OUTPUT: Result of query for amazon.ca = 54.239.18.172
[2021-12-06 16:22:02,635] client.Client<Client:16034>:OUTPUT: website : amazon.ca, time : 29, hop cnt : 4
[2021-12-06 16:22:02,667] client.Client<Client:16034>:OUTPUT: Result of query for samsung.com = 211.45.27.231
[2021-12-06 16:22:02,667] client.Client<Client:16034>:OUTPUT: website : samsung.com, time : 30, hop cnt : 3
[2021-12-06 16:22:02,682] client.Client<Client:16034>:OUTPUT: Result of query for icloud.com = 17.253.144.10
[2021-12-06 16:22:02,682] client.Client<Client:16034>:OUTPUT: website : icloud.com, time : 15, hop cnt : 3
[2021-12-06 16:22:02,712] client.Client<Client:16034>:OUTPUT: Result of query for cricbuzz.com = 35.200.167.142
[2021-12-06 16:22:02,712] client.Client<Client:16034>:OUTPUT: website : cricbuzz.com, time : 28, hop cnt : 4
[2021-12-06 16:22:02,739] client.Client<Client:16034>:OUTPUT: Result of query for gearbest.com = 34.217.151.167
[2021-12-06 16:22:02,739] client.Client<Client:16034>:OUTPUT: website : gearbest.com, time : 26, hop cnt : 4
[2021-12-06 16:22:02,774] client.Client<Client:16034>:OUTPUT: Result of query for userapi.com = 87.240.190.64
[2021-12-06 16:22:02,774] client.Client<Client:16034>:OUTPUT: website : userapi.com, time : 34, hop cnt : 5
[2021-12-06 16:22:02,803] client.Client<Client:16034>:OUTPUT: Result of query for goodreads.com = 52.94.226.87
[2021-12-06 16:22:02,803] client.Client<Client:16034>:OUTPUT: website : goodreads.com, time : 28, hop cnt : 5
[2021-12-06 16:22:02,835] client.Client<Client:16034>:OUTPUT: Result of query for goo.ne.jp = 114.179.184.93
[2021-12-06 16:22:02,835] client.Client<Client:16034>:OUTPUT: website : goo.ne.jp, time : 30, hop cnt : 5
[2021-12-06 16:22:02,875] client.Client<Client:16034>:OUTPUT: Result of query for capitalone.com = 204.63.40.34
[2021-12-06 16:22:02,875] client.Client<Client:16034>:OUTPUT: website : capitalone.com, time : 38, hop cnt : 5
[2021-12-06 16:22:02,904] client.Client<Client:16034>:OUTPUT: Result of query for bukalapak.com = 34.120.254.97
[2021-12-06 16:22:02,904] client.Client<Client:16034>:OUTPUT: website : bukalapak.com, time : 28, hop cnt : 4
[2021-12-06 16:22:02,943] client.Client<Client:16034>:OUTPUT: Result of query for streamable.com = 151.101.65.63
[2021-12-06 16:22:02,943] client.Client<Client:16034>:OUTPUT: website : streamable.com, time : 38, hop cnt : 5
[2021-12-06 16:22:02,969] client.Client<Client:16034>:OUTPUT: Result of query for weebly.com = 74.115.50.109
[2021-12-06 16:22:02,969] client.Client<Client:16034>:OUTPUT: website : weebly.com, time : 25, hop cnt : 5
[2021-12-06 16:22:03,024] client.Client<Client:16034>:OUTPUT: Result of query for taboola.com = 151.101.2.132
[2021-12-06 16:22:03,024] client.Client<Client:16034>:OUTPUT: website : taboola.com, time : 54, hop cnt : 5
[2021-12-06 16:22:03,064] client.Client<Client:16034>:OUTPUT: Result of query for hp.com = 15.72.164.74
[2021-12-06 16:22:03,064] client.Client<Client:16034>:OUTPUT: website : hp.com, time : 39, hop cnt : 5
[2021-12-06 16:22:03,083] client.Client<Client:16034>:OUTPUT: Result of query for hulu.com = 23.218.69.247
[2021-12-06 16:22:03,084] client.Client<Client:16034>:OUTPUT: website : hulu.com, time : 18, hop cnt : 3
[2021-12-06 16:22:03,114] client.Client<Client:16034>:OUTPUT: Result of query for americanexpress.com = 104.66.111.139
[2021-12-06 16:22:03,114] client.Client<Client:16034>:OUTPUT: website : americanexpress.com, time : 29, hop cnt : 4
[2021-12-06 16:22:03,154] client.Client<Client:16034>:OUTPUT: Result of query for google.kz = 172.217.12.132
[2021-12-06 16:22:03,154] client.Client<Client:16034>:OUTPUT: website : google.kz, time : 39, hop cnt : 6
[2021-12-06 16:22:03,184] client.Client<Client:16034>:OUTPUT: Result of query for iqoption.com = 185.117.134.130
[2021-12-06 16:22:03,184] client.Client<Client:16034>:OUTPUT: website : iqoption.com, time : 28, hop cnt : 3
[2021-12-06 16:22:03,212] client.Client<Client:16034>:OUTPUT: Result of query for target.com = 151.101.2.187
[2021-12-06 16:22:03,212] client.Client<Client:16034>:OUTPUT: website : target.com, time : 27, hop cnt : 3
[2021-12-06 16:22:03,277] client.Client<Client:16034>:OUTPUT: Result of query for beeg.com = 192.243.54.98
[2021-12-06 16:22:03,278] client.Client<Client:16034>:OUTPUT: website : beeg.com, time : 64, hop cnt : 7
[2021-12-06 16:22:03,306] client.Client<Client:16034>:OUTPUT: Result of query for usps.com = 56.0.134.100
[2021-12-06 16:22:03,307] client.Client<Client:16034>:OUTPUT: website : usps.com, time : 27, hop cnt : 3
[2021-12-06 16:22:03,333] client.Client<Client:16034>:OUTPUT: Result of query for ci123.com = 202.102.90.108
[2021-12-06 16:22:03,334] client.Client<Client:16034>:OUTPUT: website : ci123.com, time : 25, hop cnt : 4
[2021-12-06 16:22:03,364] client.Client<Client:16034>:OUTPUT: Result of query for kaskus.co.id = 103.6.117.2
[2021-12-06 16:22:03,365] client.Client<Client:16034>:OUTPUT: website : kaskus.co.id, time : 28, hop cnt : 6
[2021-12-06 16:22:03,397] client.Client<Client:16034>:OUTPUT: Result of query for weevah2.top = 104.247.82.73
[2021-12-06 16:22:03,397] client.Client<Client:16034>:OUTPUT: website : weevah2.top, time : 31, hop cnt : 3
[2021-12-06 16:22:03,433] client.Client<Client:16034>:OUTPUT: Result of query for subscene.com = 104.21.234.74
[2021-12-06 16:22:03,433] client.Client<Client:16034>:OUTPUT: website : subscene.com, time : 35, hop cnt : 5
[2021-12-06 16:22:03,459] client.Client<Client:16034>:OUTPUT: Result of query for repubblica.it = 213.92.16.101
[2021-12-06 16:22:03,459] client.Client<Client:16034>:OUTPUT: website : repubblica.it, time : 25, hop cnt : 4
[2021-12-06 16:22:03,492] client.Client<Client:16034>:OUTPUT: Result of query for providr.com = 34.102.136.180
[2021-12-06 16:22:03,492] client.Client<Client:16034>:OUTPUT: website : providr.com, time : 27, hop cnt : 5
[2021-12-06 16:22:03,531] client.Client<Client:16034>:OUTPUT: Result of query for onet.pl = 213.180.141.140
[2021-12-06 16:22:03,531] client.Client<Client:16034>:OUTPUT: website : onet.pl, time : 35, hop cnt : 5
[2021-12-06 16:22:03,559] client.Client<Client:16034>:OUTPUT: Result of query for aparat.com = 185.147.178.11
[2021-12-06 16:22:03,559] client.Client<Client:16034>:OUTPUT: website : aparat.com, time : 27, hop cnt : 4
[2021-12-06 16:22:03,593] client.Client<Client:16034>:OUTPUT: Result of query for ups.com = 153.2.228.50
[2021-12-06 16:22:03,593] client.Client<Client:16034>:OUTPUT: website : ups.com, time : 28, hop cnt : 5
[2021-12-06 16:22:03,640] client.Client<Client:16034>:OUTPUT: Result of query for youdao.com = 103.72.47.249
[2021-12-06 16:22:03,640] client.Client<Client:16034>:OUTPUT: website : youdao.com, time : 47, hop cnt : 5
[2021-12-06 16:22:03,670] client.Client<Client:16034>:OUTPUT: Result of query for evernote.com = 35.190.29.187
[2021-12-06 16:22:03,670] client.Client<Client:16034>:OUTPUT: website : evernote.com, time : 28, hop cnt : 3
[2021-12-06 16:22:03,701] client.Client<Client:16034>:OUTPUT: Result of query for independent.co.uk = 151.101.193.184
[2021-12-06 16:22:03,701] client.Client<Client:16034>:OUTPUT: website : independent.co.uk, time : 30, hop cnt : 4
[2021-12-06 16:22:03,728] client.Client<Client:16034>:OUTPUT: Result of query for canva.com = 162.159.129.45
[2021-12-06 16:22:03,728] client.Client<Client:16034>:OUTPUT: website : canva.com, time : 26, hop cnt : 3
[2021-12-06 16:22:03,754] client.Client<Client:16034>:OUTPUT: Result of query for hatena.ne.jp = 3.115.142.243
[2021-12-06 16:22:03,754] client.Client<Client:16034>:OUTPUT: website : hatena.ne.jp, time : 25, hop cnt : 5
[2021-12-06 16:22:03,789] client.Client<Client:16034>:OUTPUT: Result of query for rottentomatoes.com = 104.102.216.224
[2021-12-06 16:22:03,789] client.Client<Client:16034>:OUTPUT: website : rottentomatoes.com, time : 33, hop cnt : 5
[2021-12-06 16:22:03,824] client.Client<Client:16034>:OUTPUT: Result of query for nownews.com = 107.167.188.74
[2021-12-06 16:22:03,824] client.Client<Client:16034>:OUTPUT: website : nownews.com, time : 34, hop cnt : 4
[2021-12-06 16:22:03,867] client.Client<Client:16034>:OUTPUT: Result of query for hdfcbank.com = 104.16.108.25
[2021-12-06 16:22:03,867] client.Client<Client:16034>:OUTPUT: website : hdfcbank.com, time : 42, hop cnt : 5
[2021-12-06 16:22:03,893] client.Client<Client:16034>:OUTPUT: Result of query for wittyfeed.com = 172.67.194.74
[2021-12-06 16:22:03,893] client.Client<Client:16034>:OUTPUT: website : wittyfeed.com, time : 25, hop cnt : 3
[2021-12-06 16:22:03,921] client.Client<Client:16034>:OUTPUT: Result of query for spiegel.de = 128.65.210.8
[2021-12-06 16:22:03,921] client.Client<Client:16034>:OUTPUT: website : spiegel.de, time : 23, hop cnt : 4
[2021-12-06 16:22:03,952] client.Client<Client:16034>:OUTPUT: Result of query for elpais.com = 104.77.178.166
[2021-12-06 16:22:03,952] client.Client<Client:16034>:OUTPUT: website : elpais.com, time : 29, hop cnt : 4
[2021-12-06 16:22:03,971] client.Client<Client:16034>:OUTPUT: Result of query for taleo.net = 68.233.77.233
[2021-12-06 16:22:03,971] client.Client<Client:16034>:OUTPUT: website : taleo.net, time : 18, hop cnt : 3
[2021-12-06 16:22:04,010] client.Client<Client:16034>:OUTPUT: Result of query for bet9ja.com = 185.179.62.2
[2021-12-06 16:22:04,010] client.Client<Client:16034>:OUTPUT: website : bet9ja.com, time : 38, hop cnt : 4
[2021-12-06 16:22:04,052] client.Client<Client:16034>:OUTPUT: Result of query for ibm.com = 129.42.38.10
[2021-12-06 16:22:04,052] client.Client<Client:16034>:OUTPUT: website : ibm.com, time : 41, hop cnt : 5
[2021-12-06 16:22:04,087] client.Client<Client:16034>:OUTPUT: Result of query for yesky.com = 119.3.245.74
[2021-12-06 16:22:04,087] client.Client<Client:16034>:OUTPUT: website : yesky.com, time : 32, hop cnt : 5
[2021-12-06 16:22:04,126] client.Client<Client:16034>:OUTPUT: Result of query for boredpanda.com = 34.193.118.149
[2021-12-06 16:22:04,126] client.Client<Client:16034>:OUTPUT: website : boredpanda.com, time : 38, hop cnt : 4
[2021-12-06 16:22:04,160] client.Client<Client:16034>:OUTPUT: Result of query for udemy.com = 104.16.66.85
[2021-12-06 16:22:04,160] client.Client<Client:16034>:OUTPUT: website : udemy.com, time : 30, hop cnt : 4
[2021-12-06 16:22:04,182] client.Client<Client:16034>:OUTPUT: Result of query for livedoor.jp = 203.104.153.16
[2021-12-06 16:22:04,182] client.Client<Client:16034>:OUTPUT: website : livedoor.jp, time : 22, hop cnt : 4
[2021-12-06 16:22:04,216] client.Client<Client:16034>:OUTPUT: Result of query for iqiyi.com = 111.206.13.63
[2021-12-06 16:22:04,216] client.Client<Client:16034>:OUTPUT: website : iqiyi.com, time : 32, hop cnt : 3
[2021-12-06 16:22:04,240] client.Client<Client:16034>:OUTPUT: Result of query for duckduckgo.com = 52.149.246.39
[2021-12-06 16:22:04,240] client.Client<Client:16034>:OUTPUT: website : duckduckgo.com, time : 22, hop cnt : 4
[2021-12-06 16:22:04,301] client.Client<Client:16034>:OUTPUT: Result of query for hatenablog.com = 13.230.115.161
[2021-12-06 16:22:04,301] client.Client<Client:16034>:OUTPUT: website : hatenablog.com, time : 60, hop cnt : 6
[2021-12-06 16:22:04,342] client.Client<Client:16034>:OUTPUT: Result of query for sciencedirect.com = 162.159.129.81
[2021-12-06 16:22:04,342] client.Client<Client:16034>:OUTPUT: website : sciencedirect.com, time : 41, hop cnt : 5
[2021-12-06 16:22:04,371] client.Client<Client:16034>:OUTPUT: Result of query for fiverr.com = 104.18.254.23
[2021-12-06 16:22:04,371] client.Client<Client:16034>:OUTPUT: website : fiverr.com, time : 25, hop cnt : 5
[2021-12-06 16:22:04,414] client.Client<Client:16034>:OUTPUT: Result of query for wp.pl = 212.77.98.9
[2021-12-06 16:22:04,414] client.Client<Client:16034>:OUTPUT: website : wp.pl, time : 41, hop cnt : 6
[2021-12-06 16:22:04,464] client.Client<Client:16034>:OUTPUT: Result of query for mlb.com = 34.102.169.19
[2021-12-06 16:22:04,464] client.Client<Client:16034>:OUTPUT: website : mlb.com, time : 50, hop cnt : 5
[2021-12-06 16:22:04,508] client.Client<Client:16034>:OUTPUT: Result of query for mercadolibre.com.ar = 13.225.229.38
[2021-12-06 16:22:04,508] client.Client<Client:16034>:OUTPUT: website : mercadolibre.com.ar, time : 42, hop cnt : 5
[2021-12-06 16:22:04,541] client.Client<Client:16034>:OUTPUT: Result of query for go.com = 23.236.60.174
[2021-12-06 16:22:04,541] client.Client<Client:16034>:OUTPUT: website : go.com, time : 31, hop cnt : 4
[2021-12-06 16:22:04,576] client.Client<Client:16034>:OUTPUT: Result of query for gyazo.com = 35.186.213.112
[2021-12-06 16:22:04,576] client.Client<Client:16034>:OUTPUT: website : gyazo.com, time : 34, hop cnt : 4
[2021-12-06 16:22:04,618] client.Client<Client:16034>:OUTPUT: Result of query for reverso.net = 54.36.69.215
[2021-12-06 16:22:04,618] client.Client<Client:16034>:OUTPUT: website : reverso.net, time : 41, hop cnt : 5
[2021-12-06 16:22:04,643] client.Client<Client:16034>:OUTPUT: Result of query for ensonhaber.com = 172.67.4.66
[2021-12-06 16:22:04,643] client.Client<Client:16034>:OUTPUT: website : ensonhaber.com, time : 24, hop cnt : 4
[2021-12-06 16:22:04,676] client.Client<Client:16034>:OUTPUT: Result of query for setn.com = 54.238.119.86
[2021-12-06 16:22:04,676] client.Client<Client:16034>:OUTPUT: website : setn.com, time : 29, hop cnt : 4
[2021-12-06 16:22:04,711] client.Client<Client:16034>:OUTPUT: Result of query for patreon.com = 104.16.7.49
[2021-12-06 16:22:04,711] client.Client<Client:16034>:OUTPUT: website : patreon.com, time : 33, hop cnt : 4
[2021-12-06 16:22:04,749] client.Client<Client:16034>:OUTPUT: Result of query for google.com.kw = 172.217.12.195
[2021-12-06 16:22:04,749] client.Client<Client:16034>:OUTPUT: website : google.com.kw, time : 37, hop cnt : 4
[2021-12-06 16:22:04,799] client.Client<Client:16034>:OUTPUT: Result of query for line.me = 203.104.138.138
[2021-12-06 16:22:04,799] client.Client<Client:16034>:OUTPUT: website : line.me, time : 50, hop cnt : 7
[2021-12-06 16:22:04,840] client.Client<Client:16034>:OUTPUT: Result of query for jrj.com.cn = 118.186.210.142
[2021-12-06 16:22:04,840] client.Client<Client:16034>:OUTPUT: website : jrj.com.cn, time : 39, hop cnt : 5
[2021-12-06 16:22:04,873] client.Client<Client:16034>:OUTPUT: Result of query for myanimelist.net = 13.225.229.79
[2021-12-06 16:22:04,873] client.Client<Client:16034>:OUTPUT: website : myanimelist.net, time : 31, hop cnt : 4
[2021-12-06 16:22:04,903] client.Client<Client:16034>:OUTPUT: Result of query for upwork.com = 104.18.89.237
[2021-12-06 16:22:04,903] client.Client<Client:16034>:OUTPUT: website : upwork.com, time : 29, hop cnt : 4
[2021-12-06 16:22:04,957] client.Client<Client:16034>:OUTPUT: Result of query for intuit.com = 104.122.150.250
[2021-12-06 16:22:04,957] client.Client<Client:16034>:OUTPUT: website : intuit.com, time : 53, hop cnt : 6
[2021-12-06 16:22:05,018] client.Client<Client:16034>:OUTPUT: Result of query for nametests.com = 104.16.51.93
[2021-12-06 16:22:05,018] client.Client<Client:16034>:OUTPUT: website : nametests.com, time : 61, hop cnt : 6
[2021-12-06 16:22:05,074] client.Client<Client:16034>:OUTPUT: Result of query for mobileofferplace.site = 104.28.2.186
[2021-12-06 16:22:05,074] client.Client<Client:16034>:OUTPUT: website : mobileofferplace.site, time : 55, hop cnt : 7
[2021-12-06 16:22:05,108] client.Client<Client:16034>:OUTPUT: Result of query for seasonvar.ru = 172.67.203.91
[2021-12-06 16:22:05,108] client.Client<Client:16034>:OUTPUT: website : seasonvar.ru, time : 33, hop cnt : 4
[2021-12-06 16:22:05,127] client.Client<Client:16034>:OUTPUT: Result of query for dell.com = 143.166.147.101
[2021-12-06 16:22:05,127] client.Client<Client:16034>:OUTPUT: website : dell.com, time : 15, hop cnt : 3
[2021-12-06 16:22:05,162] client.Client<Client:16034>:OUTPUT: Result of query for bloomberg.com = 69.191.252.15
[2021-12-06 16:22:05,162] client.Client<Client:16034>:OUTPUT: website : bloomberg.com, time : 31, hop cnt : 5
[2021-12-06 16:22:05,198] client.Client<Client:16034>:OUTPUT: Result of query for cerpen.co.id = 172.67.134.100
[2021-12-06 16:22:05,198] client.Client<Client:16034>:OUTPUT: website : cerpen.co.id, time : 35, hop cnt : 5
[2021-12-06 16:22:05,225] client.Client<Client:16034>:OUTPUT: Result of query for playstation.com = 209.200.152.199
[2021-12-06 16:22:05,225] client.Client<Client:16034>:OUTPUT: website : playstation.com, time : 26, hop cnt : 3
[2021-12-06 16:22:05,283] client.Client<Client:16034>:OUTPUT: Result of query for urbandictionary.com = 151.101.64.207
[2021-12-06 16:22:05,283] client.Client<Client:16034>:OUTPUT: website : urbandictionary.com, time : 53, hop cnt : 6
[2021-12-06 16:22:05,321] client.Client<Client:16034>:OUTPUT: Result of query for behance.net = 151.101.193.197
[2021-12-06 16:22:05,321] client.Client<Client:16034>:OUTPUT: website : behance.net, time : 37, hop cnt : 5
[2021-12-06 16:22:05,363] client.Client<Client:16034>:OUTPUT: Result of query for fedex.com = 204.135.13.155
[2021-12-06 16:22:05,363] client.Client<Client:16034>:OUTPUT: website : fedex.com, time : 41, hop cnt : 6
[2021-12-06 16:22:05,393] client.Client<Client:16034>:OUTPUT: Result of query for groupon.com = 184.87.54.217
[2021-12-06 16:22:05,393] client.Client<Client:16034>:OUTPUT: website : groupon.com, time : 29, hop cnt : 4
[2021-12-06 16:22:05,421] client.Client<Client:16034>:OUTPUT: Result of query for qiita.com = 54.250.212.128
[2021-12-06 16:22:05,421] client.Client<Client:16034>:OUTPUT: website : qiita.com, time : 26, hop cnt : 4
[2021-12-06 16:22:05,450] client.Client<Client:16034>:OUTPUT: Result of query for exoclick.com = 94.23.144.230
[2021-12-06 16:22:05,451] client.Client<Client:16034>:OUTPUT: website : exoclick.com, time : 28, hop cnt : 4
[2021-12-06 16:22:05,484] client.Client<Client:16034>:OUTPUT: Result of query for box.com = 107.152.27.201
[2021-12-06 16:22:05,484] client.Client<Client:16034>:OUTPUT: website : box.com, time : 32, hop cnt : 4
[2021-12-06 16:22:05,512] client.Client<Client:16034>:OUTPUT: Result of query for scribol.com = 104.24.104.90
[2021-12-06 16:22:05,512] client.Client<Client:16034>:OUTPUT: website : scribol.com, time : 27, hop cnt : 5
[2021-12-06 16:22:05,555] client.Client<Client:16034>:OUTPUT: Result of query for doublepimp.com = 192.152.95.129
[2021-12-06 16:22:05,555] client.Client<Client:16034>:OUTPUT: website : doublepimp.com, time : 42, hop cnt : 5
[2021-12-06 16:22:05,598] client.Client<Client:16034>:OUTPUT: Result of query for glassdoor.com = 104.17.91.51
[2021-12-06 16:22:05,598] client.Client<Client:16034>:OUTPUT: website : glassdoor.com, time : 41, hop cnt : 5
[2021-12-06 16:22:05,631] client.Client<Client:16034>:OUTPUT: Result of query for uidai.gov.in = 103.57.226.101
[2021-12-06 16:22:05,631] client.Client<Client:16034>:OUTPUT: website : uidai.gov.in, time : 32, hop cnt : 5
[2021-12-06 16:22:05,653] client.Client<Client:16034>:OUTPUT: Result of query for theverge.com = 151.101.129.52
[2021-12-06 16:22:05,653] client.Client<Client:16034>:OUTPUT: website : theverge.com, time : 21, hop cnt : 4
[2021-12-06 16:22:05,693] client.Client<Client:16034>:OUTPUT: Result of query for marca.com = 52.174.157.78
[2021-12-06 16:22:05,693] client.Client<Client:16034>:OUTPUT: website : marca.com, time : 39, hop cnt : 5
[2021-12-06 16:22:05,730] client.Client<Client:16034>:OUTPUT: Result of query for coinmarketcap.com = 104.17.137.178
[2021-12-06 16:22:05,730] client.Client<Client:16034>:OUTPUT: website : coinmarketcap.com, time : 35, hop cnt : 5
[2021-12-06 16:22:05,745] client.Client<Client:16034>:OUTPUT: Result of query for wix.com = 185.230.63.164
[2021-12-06 16:22:05,745] client.Client<Client:16034>:OUTPUT: website : wix.com, time : 15, hop cnt : 3
[2021-12-06 16:22:05,776] client.Client<Client:16034>:OUTPUT: Result of query for slickdeals.net = 104.77.178.172
[2021-12-06 16:22:05,776] client.Client<Client:16034>:OUTPUT: website : slickdeals.net, time : 30, hop cnt : 4
[2021-12-06 16:22:05,798] client.Client<Client:16034>:OUTPUT: Result of query for baike.com = 122.14.230.164
[2021-12-06 16:22:05,798] client.Client<Client:16034>:OUTPUT: website : baike.com, time : 20, hop cnt : 3
[2021-12-06 16:22:05,822] client.Client<Client:16034>:OUTPUT: Result of query for rediff.com = 88.221.90.136
[2021-12-06 16:22:05,822] client.Client<Client:16034>:OUTPUT: website : rediff.com, time : 22, hop cnt : 4
[2021-12-06 16:22:05,842] client.Client<Client:16034>:OUTPUT: Result of query for google.co.nz = 172.217.6.195
[2021-12-06 16:22:05,842] client.Client<Client:16034>:OUTPUT: website : google.co.nz, time : 19, hop cnt : 3
[2021-12-06 16:22:05,887] client.Client<Client:16034>:OUTPUT: Result of query for haber7.com = 185.195.231.35
[2021-12-06 16:22:05,887] client.Client<Client:16034>:OUTPUT: website : haber7.com, time : 40, hop cnt : 5
[2021-12-06 16:22:05,923] client.Client<Client:16034>:OUTPUT: Result of query for free.fr = 212.27.48.10
[2021-12-06 16:22:05,923] client.Client<Client:16034>:OUTPUT: website : free.fr, time : 35, hop cnt : 6
[2021-12-06 16:22:05,949] client.Client<Client:16034>:OUTPUT: Result of query for patch.com = 151.101.129.177
[2021-12-06 16:22:05,949] client.Client<Client:16034>:OUTPUT: website : patch.com, time : 25, hop cnt : 3
[2021-12-06 16:22:05,989] client.Client<Client:16034>:OUTPUT: Result of query for ultimate-guitar.com = 178.18.22.152
[2021-12-06 16:22:05,989] client.Client<Client:16034>:OUTPUT: website : ultimate-guitar.com, time : 39, hop cnt : 6
[2021-12-06 16:22:06,021] client.Client<Client:16034>:OUTPUT: Result of query for 163.com = 123.58.180.7
[2021-12-06 16:22:06,021] client.Client<Client:16034>:OUTPUT: website : 163.com, time : 31, hop cnt : 4
[2021-12-06 16:22:06,049] client.Client<Client:16034>:OUTPUT: Result of query for zoho.com = 204.141.32.155
[2021-12-06 16:22:06,049] client.Client<Client:16034>:OUTPUT: website : zoho.com, time : 27, hop cnt : 5
[2021-12-06 16:22:06,087] client.Client<Client:16034>:OUTPUT: Result of query for onedio.com = 104.16.229.51
[2021-12-06 16:22:06,088] client.Client<Client:16034>:OUTPUT: website : onedio.com, time : 36, hop cnt : 5
[2021-12-06 16:22:06,119] client.Client<Client:16034>:OUTPUT: Result of query for pandora.com = 208.85.40.158
[2021-12-06 16:22:06,119] client.Client<Client:16034>:OUTPUT: website : pandora.com, time : 30, hop cnt : 5
[2021-12-06 16:22:06,161] client.Client<Client:16034>:OUTPUT: Result of query for google.bg = 172.217.9.227
[2021-12-06 16:22:06,161] client.Client<Client:16034>:OUTPUT: website : google.bg, time : 41, hop cnt : 7
[2021-12-06 16:22:06,193] client.Client<Client:16034>:OUTPUT: Result of query for taringa.net = 104.16.249.39
[2021-12-06 16:22:06,193] client.Client<Client:16034>:OUTPUT: website : taringa.net, time : 31, hop cnt : 3
[2021-12-06 16:22:06,236] client.Client<Client:16034>:OUTPUT: Result of query for sportbible.com = 104.16.93.22
[2021-12-06 16:22:06,236] client.Client<Client:16034>:OUTPUT: website : sportbible.com, time : 42, hop cnt : 4
[2021-12-06 16:22:06,255] client.Client<Client:16034>:OUTPUT: Result of query for citi.com = 192.193.102.176
[2021-12-06 16:22:06,255] client.Client<Client:16034>:OUTPUT: website : citi.com, time : 18, hop cnt : 3
[2021-12-06 16:22:06,276] client.Client<Client:16034>:OUTPUT: Result of query for kickstarter.com = 151.101.2.217
[2021-12-06 16:22:06,276] client.Client<Client:16034>:OUTPUT: website : kickstarter.com, time : 19, hop cnt : 2
[2021-12-06 16:22:06,308] client.Client<Client:16034>:OUTPUT: Result of query for ebay.it = 66.135.195.175
[2021-12-06 16:22:06,308] client.Client<Client:16034>:OUTPUT: website : ebay.it, time : 28, hop cnt : 4
[2021-12-06 16:22:06,356] client.Client<Client:16034>:OUTPUT: Result of query for icicibank.com = 203.27.235.25
[2021-12-06 16:22:06,356] client.Client<Client:16034>:OUTPUT: website : icicibank.com, time : 47, hop cnt : 6
[2021-12-06 16:22:06,384] client.Client<Client:16034>:OUTPUT: Result of query for seznam.cz = 77.75.75.172
[2021-12-06 16:22:06,384] client.Client<Client:16034>:OUTPUT: website : seznam.cz, time : 27, hop cnt : 5
[2021-12-06 16:22:06,438] client.Client<Client:16034>:OUTPUT: Result of query for biobiochile.cl = 143.244.35.157
[2021-12-06 16:22:06,438] client.Client<Client:16034>:OUTPUT: website : biobiochile.cl, time : 53, hop cnt : 6
[2021-12-06 16:22:06,469] client.Client<Client:16034>:OUTPUT: Result of query for gizmodo.com = 151.101.194.166
[2021-12-06 16:22:06,470] client.Client<Client:16034>:OUTPUT: website : gizmodo.com, time : 30, hop cnt : 4
[2021-12-06 16:22:06,496] client.Client<Client:16034>:OUTPUT: Result of query for wowhead.com = 104.18.31.49
[2021-12-06 16:22:06,496] client.Client<Client:16034>:OUTPUT: website : wowhead.com, time : 25, hop cnt : 5
[2021-12-06 16:22:06,531] client.Client<Client:16034>:OUTPUT: Result of query for manoramaonline.com = 104.98.140.7
[2021-12-06 16:22:06,531] client.Client<Client:16034>:OUTPUT: website : manoramaonline.com, time : 34, hop cnt : 5
[2021-12-06 16:22:06,547] client.Client<Client:16034>:OUTPUT: Result of query for t-online.de = 62.138.239.100
[2021-12-06 16:22:06,547] client.Client<Client:16034>:OUTPUT: website : t-online.de, time : 15, hop cnt : 3
[2021-12-06 16:22:06,581] client.Client<Client:16034>:OUTPUT: Result of query for lifebuzz.com = 13.225.229.84
[2021-12-06 16:22:06,581] client.Client<Client:16034>:OUTPUT: website : lifebuzz.com, time : 33, hop cnt : 4
[2021-12-06 16:22:06,615] client.Client<Client:16034>:OUTPUT: Result of query for lazada.co.id = 47.89.92.195
[2021-12-06 16:22:06,615] client.Client<Client:16034>:OUTPUT: website : lazada.co.id, time : 33, hop cnt : 4
[2021-12-06 16:22:06,655] client.Client<Client:16034>:OUTPUT: Result of query for cnzz.com = 203.119.169.175
[2021-12-06 16:22:06,655] client.Client<Client:16034>:OUTPUT: website : cnzz.com, time : 39, hop cnt : 5
[2021-12-06 16:22:06,701] client.Client<Client:16034>:OUTPUT: Result of query for conservativetribune.com = 104.26.2.6
[2021-12-06 16:22:06,701] client.Client<Client:16034>:OUTPUT: website : conservativetribune.com, time : 44, hop cnt : 5
[2021-12-06 16:22:06,755] client.Client<Client:16034>:OUTPUT: Result of query for wattpad.com = 13.225.229.64
[2021-12-06 16:22:06,755] client.Client<Client:16034>:OUTPUT: website : wattpad.com, time : 52, hop cnt : 5
[2021-12-06 16:22:06,798] client.Client<Client:16034>:OUTPUT: Result of query for sahibinden.com = 85.111.30.111
[2021-12-06 16:22:06,798] client.Client<Client:16034>:OUTPUT: website : sahibinden.com, time : 42, hop cnt : 6
[2021-12-06 16:22:06,829] client.Client<Client:16034>:OUTPUT: Result of query for ebay.com.au = 66.135.195.175
[2021-12-06 16:22:06,829] client.Client<Client:16034>:OUTPUT: website : ebay.com.au, time : 30, hop cnt : 5
[2021-12-06 16:22:06,872] client.Client<Client:16034>:OUTPUT: Result of query for pixabay.com = 104.18.21.183
[2021-12-06 16:22:06,872] client.Client<Client:16034>:OUTPUT: website : pixabay.com, time : 41, hop cnt : 4
[2021-12-06 16:22:06,905] client.Client<Client:16034>:OUTPUT: Result of query for naukri.com = 54.251.103.25
[2021-12-06 16:22:06,905] client.Client<Client:16034>:OUTPUT: website : naukri.com, time : 31, hop cnt : 5
[2021-12-06 16:22:06,922] client.Client<Client:16034>:OUTPUT: Result of query for yandex.ua = 154.47.36.66
[2021-12-06 16:22:06,922] client.Client<Client:16034>:OUTPUT: website : yandex.ua, time : 16, hop cnt : 2
[2021-12-06 16:22:06,952] client.Client<Client:16034>:OUTPUT: Result of query for launchpage.org = 109.236.89.110
[2021-12-06 16:22:06,952] client.Client<Client:16034>:OUTPUT: website : launchpage.org, time : 29, hop cnt : 3
[2021-12-06 16:22:06,978] client.Client<Client:16034>:OUTPUT: Result of query for umblr.com = 74.114.154.17
[2021-12-06 16:22:06,978] client.Client<Client:16034>:OUTPUT: website : umblr.com, time : 25, hop cnt : 4
[2021-12-06 16:22:07,020] client.Client<Client:16034>:OUTPUT: Result of query for webmd.com = 207.231.204.56
[2021-12-06 16:22:07,020] client.Client<Client:16034>:OUTPUT: website : webmd.com, time : 41, hop cnt : 5
[2021-12-06 16:22:07,063] client.Client<Client:16034>:OUTPUT: Result of query for goal.com = 185.42.238.89
[2021-12-06 16:22:07,063] client.Client<Client:16034>:OUTPUT: website : goal.com, time : 42, hop cnt : 6
[2021-12-06 16:22:07,095] client.Client<Client:16034>:OUTPUT: Result of query for gamer.com.tw = 104.16.182.30
[2021-12-06 16:22:07,095] client.Client<Client:16034>:OUTPUT: website : gamer.com.tw, time : 30, hop cnt : 5
[2021-12-06 16:22:07,135] client.Client<Client:16034>:OUTPUT: Result of query for gsmarena.com = 148.251.96.211
[2021-12-06 16:22:07,135] client.Client<Client:16034>:OUTPUT: website : gsmarena.com, time : 39, hop cnt : 5
[2021-12-06 16:22:07,162] client.Client<Client:16034>:OUTPUT: Result of query for tutorialspoint.com = 95.217.74.146
[2021-12-06 16:22:07,162] client.Client<Client:16034>:OUTPUT: website : tutorialspoint.com, time : 25, hop cnt : 4
[2021-12-06 16:22:07,205] client.Client<Client:16034>:OUTPUT: Result of query for billdesk.com = 210.210.24.66
[2021-12-06 16:22:07,205] client.Client<Client:16034>:OUTPUT: website : billdesk.com, time : 42, hop cnt : 5
[2021-12-06 16:22:07,244] client.Client<Client:16034>:OUTPUT: Result of query for libero.it = 213.209.17.209
[2021-12-06 16:22:07,244] client.Client<Client:16034>:OUTPUT: website : libero.it, time : 38, hop cnt : 6
[2021-12-06 16:22:07,274] client.Client<Client:16034>:OUTPUT: Result of query for reuters.com = 52.2.61.110
[2021-12-06 16:22:07,274] client.Client<Client:16034>:OUTPUT: website : reuters.com, time : 29, hop cnt : 5
[2021-12-06 16:22:07,302] client.Client<Client:16034>:OUTPUT: Result of query for list-manage.com = 205.201.132.96
[2021-12-06 16:22:07,302] client.Client<Client:16034>:OUTPUT: website : list-manage.com, time : 27, hop cnt : 5
[2021-12-06 16:22:07,336] client.Client<Client:16034>:OUTPUT: Result of query for mercadolibre.com.mx = 13.225.229.122
[2021-12-06 16:22:07,336] client.Client<Client:16034>:OUTPUT: website : mercadolibre.com.mx, time : 32, hop cnt : 4
[2021-12-06 16:22:07,356] client.Client<Client:16034>:OUTPUT: Result of query for poloniex.com = 104.18.216.39
[2021-12-06 16:22:07,356] client.Client<Client:16034>:OUTPUT: website : poloniex.com, time : 19, hop cnt : 3
[2021-12-06 16:22:07,405] client.Client<Client:16034>:OUTPUT: Result of query for paytm.com = 35.154.153.141
[2021-12-06 16:22:07,405] client.Client<Client:16034>:OUTPUT: website : paytm.com, time : 48, hop cnt : 8
[2021-12-06 16:22:07,425] client.Client<Client:16034>:OUTPUT: Result of query for olx.pl = 13.225.229.21
[2021-12-06 16:22:07,425] client.Client<Client:16034>:OUTPUT: website : olx.pl, time : 19, hop cnt : 3
[2021-12-06 16:22:07,481] client.Client<Client:16034>:OUTPUT: Result of query for google.lk = 172.217.12.131
[2021-12-06 16:22:07,481] client.Client<Client:16034>:OUTPUT: website : google.lk, time : 52, hop cnt : 6
[2021-12-06 16:22:07,503] client.Client<Client:16034>:OUTPUT: Result of query for bleacherreport.com = 151.101.129.5
[2021-12-06 16:22:07,503] client.Client<Client:16034>:OUTPUT: website : bleacherreport.com, time : 20, hop cnt : 4
[2021-12-06 16:22:07,537] client.Client<Client:16034>:OUTPUT: Result of query for google.rs = 172.217.9.227
[2021-12-06 16:22:07,537] client.Client<Client:16034>:OUTPUT: website : google.rs, time : 33, hop cnt : 4
[2021-12-06 16:22:07,578] client.Client<Client:16034>:OUTPUT: Result of query for shaparak.ir = 185.167.72.34
[2021-12-06 16:22:07,578] client.Client<Client:16034>:OUTPUT: website : shaparak.ir, time : 40, hop cnt : 5
[2021-12-06 16:22:07,610] client.Client<Client:16034>:OUTPUT: Result of query for emol.com = 200.12.26.60
[2021-12-06 16:22:07,610] client.Client<Client:16034>:OUTPUT: website : emol.com, time : 29, hop cnt : 4
[2021-12-06 16:22:07,647] client.Client<Client:16034>:OUTPUT: Result of query for tube8.com = 66.254.114.239
[2021-12-06 16:22:07,647] client.Client<Client:16034>:OUTPUT: website : tube8.com, time : 36, hop cnt : 4
[2021-12-06 16:22:07,663] client.Client<Client:16034>:OUTPUT: Result of query for blackboard.com = 104.209.183.225
[2021-12-06 16:22:07,663] client.Client<Client:16034>:OUTPUT: website : blackboard.com, time : 15, hop cnt : 2
[2021-12-06 16:22:07,694] client.Client<Client:16034>:OUTPUT: Result of query for pantip.com = 139.99.68.204
[2021-12-06 16:22:07,694] client.Client<Client:16034>:OUTPUT: website : pantip.com, time : 30, hop cnt : 3
[2021-12-06 16:22:07,725] client.Client<Client:16034>:OUTPUT: Result of query for vporn.com = 172.67.68.12
[2021-12-06 16:22:07,725] client.Client<Client:16034>:OUTPUT: website : vporn.com, time : 30, hop cnt : 4
[2021-12-06 16:22:07,756] client.Client<Client:16034>:OUTPUT: Result of query for pikabu.ru = 91.228.152.42
[2021-12-06 16:22:07,756] client.Client<Client:16034>:OUTPUT: website : pikabu.ru, time : 29, hop cnt : 4
[2021-12-06 16:22:07,784] client.Client<Client:16034>:OUTPUT: Result of query for expedia.com = 104.102.208.50
[2021-12-06 16:22:07,784] client.Client<Client:16034>:OUTPUT: website : expedia.com, time : 27, hop cnt : 3
[2021-12-06 16:22:07,794] client.Client<Client:16034>:OUTPUT: Result of query for filehippo.com = 35.186.241.3
[2021-12-06 16:22:07,794] client.Client<Client:16034>:OUTPUT: website : filehippo.com, time : 9, hop cnt : 2
[2021-12-06 16:22:07,834] client.Client<Client:16034>:OUTPUT: Result of query for friv.com = 192.96.201.39
[2021-12-06 16:22:07,834] client.Client<Client:16034>:OUTPUT: website : friv.com, time : 39, hop cnt : 5
[2021-12-06 16:22:07,869] client.Client<Client:16034>:OUTPUT: Result of query for usatoday.com = 159.54.242.176
[2021-12-06 16:22:07,869] client.Client<Client:16034>:OUTPUT: website : usatoday.com, time : 34, hop cnt : 5
[2021-12-06 16:22:07,921] client.Client<Client:16034>:OUTPUT: Result of query for nur.kz = 91.215.139.234
[2021-12-06 16:22:07,921] client.Client<Client:16034>:OUTPUT: website : nur.kz, time : 51, hop cnt : 5
[2021-12-06 16:22:07,960] client.Client<Client:16034>:OUTPUT: Result of query for chatwork.com = 13.225.229.29
[2021-12-06 16:22:07,960] client.Client<Client:16034>:OUTPUT: website : chatwork.com, time : 38, hop cnt : 4
[2021-12-06 16:22:08,003] client.Client<Client:16034>:OUTPUT: Result of query for merdeka.com = 34.87.36.195
[2021-12-06 16:22:08,004] client.Client<Client:16034>:OUTPUT: website : merdeka.com, time : 42, hop cnt : 6
[2021-12-06 16:22:08,044] client.Client<Client:16034>:OUTPUT: Result of query for xda-developers.com = 104.18.18.88
[2021-12-06 16:22:08,044] client.Client<Client:16034>:OUTPUT: website : xda-developers.com, time : 39, hop cnt : 4
[2021-12-06 16:22:08,075] client.Client<Client:16034>:OUTPUT: Result of query for pulseonclick.com = 104.18.26.30
[2021-12-06 16:22:08,075] client.Client<Client:16034>:OUTPUT: website : pulseonclick.com, time : 30, hop cnt : 5
[2021-12-06 16:22:08,125] client.Client<Client:16034>:OUTPUT: Result of query for ptt.cc = 140.112.172.4
[2021-12-06 16:22:08,125] client.Client<Client:16034>:OUTPUT: website : ptt.cc, time : 49, hop cnt : 5
[2021-12-06 16:22:08,185] client.Client<Client:16034>:OUTPUT: Result of query for vtv.vn = 123.30.151.73
[2021-12-06 16:22:08,185] client.Client<Client:16034>:OUTPUT: website : vtv.vn, time : 60, hop cnt : 6
[2021-12-06 16:22:08,225] client.Client<Client:16034>:OUTPUT: Result of query for humblebundle.com = 104.20.35.236
[2021-12-06 16:22:08,225] client.Client<Client:16034>:OUTPUT: website : humblebundle.com, time : 38, hop cnt : 5
[2021-12-06 16:22:08,269] client.Client<Client:16034>:OUTPUT: Result of query for instructure.com = 54.191.191.127
[2021-12-06 16:22:08,269] client.Client<Client:16034>:OUTPUT: website : instructure.com, time : 43, hop cnt : 5
[2021-12-06 16:22:08,299] client.Client<Client:16034>:OUTPUT: Result of query for ck101.com = 104.16.75.98
[2021-12-06 16:22:08,299] client.Client<Client:16034>:OUTPUT: website : ck101.com, time : 29, hop cnt : 5
[2021-12-06 16:22:08,334] client.Client<Client:16034>:OUTPUT: Result of query for dictionary.com = 151.101.66.133
[2021-12-06 16:22:08,334] client.Client<Client:16034>:OUTPUT: website : dictionary.com, time : 34, hop cnt : 4
[2021-12-06 16:22:08,365] client.Client<Client:16034>:OUTPUT: Result of query for hilltopads.net = 208.88.225.39
[2021-12-06 16:22:08,365] client.Client<Client:16034>:OUTPUT: website : hilltopads.net, time : 30, hop cnt : 5
[2021-12-06 16:22:08,405] client.Client<Client:16034>:OUTPUT: Result of query for wiktionary.org = 208.80.154.224
[2021-12-06 16:22:08,405] client.Client<Client:16034>:OUTPUT: website : wiktionary.org, time : 39, hop cnt : 6
[2021-12-06 16:22:08,433] client.Client<Client:16034>:OUTPUT: Result of query for tvbs.com.tw = 13.225.229.2
[2021-12-06 16:22:08,433] client.Client<Client:16034>:OUTPUT: website : tvbs.com.tw, time : 26, hop cnt : 3
[2021-12-06 16:22:08,482] client.Client<Client:16034>:OUTPUT: Result of query for nike.com = 13.225.229.71
[2021-12-06 16:22:08,482] client.Client<Client:16034>:OUTPUT: website : nike.com, time : 49, hop cnt : 6
[2021-12-06 16:22:08,528] client.Client<Client:16034>:OUTPUT: Result of query for porn.com = 67.22.49.255
[2021-12-06 16:22:08,528] client.Client<Client:16034>:OUTPUT: website : porn.com, time : 44, hop cnt : 6
[2021-12-06 16:22:08,563] client.Client<Client:16034>:OUTPUT: Result of query for uploaded.net = 81.171.123.200
[2021-12-06 16:22:08,563] client.Client<Client:16034>:OUTPUT: website : uploaded.net, time : 34, hop cnt : 4
[2021-12-06 16:22:08,607] client.Client<Client:16034>:OUTPUT: Result of query for lemonde.fr = 151.101.194.217
[2021-12-06 16:22:08,607] client.Client<Client:16034>:OUTPUT: website : lemonde.fr, time : 43, hop cnt : 6
[2021-12-06 16:22:08,646] client.Client<Client:16034>:OUTPUT: Result of query for liftable.com = 104.28.8.3
[2021-12-06 16:22:08,646] client.Client<Client:16034>:OUTPUT: website : liftable.com, time : 38, hop cnt : 5
[2021-12-06 16:22:08,697] client.Client<Client:16034>:OUTPUT: Result of query for azlyrics.com = 5.79.76.225
[2021-12-06 16:22:08,697] client.Client<Client:16034>:OUTPUT: website : azlyrics.com, time : 50, hop cnt : 6
[2021-12-06 16:22:08,732] client.Client<Client:16034>:OUTPUT: Result of query for google.by = 172.217.12.196
[2021-12-06 16:22:08,732] client.Client<Client:16034>:OUTPUT: website : google.by, time : 34, hop cnt : 5
[2021-12-06 16:22:08,775] client.Client<Client:16034>:OUTPUT: Result of query for att.com = 144.160.155.43
[2021-12-06 16:22:08,775] client.Client<Client:16034>:OUTPUT: website : att.com, time : 42, hop cnt : 6
[2021-12-06 16:22:08,829] client.Client<Client:16034>:OUTPUT: Result of query for givemesport.com = 13.225.229.97
[2021-12-06 16:22:08,829] client.Client<Client:16034>:OUTPUT: website : givemesport.com, time : 53, hop cnt : 5
[2021-12-06 16:22:08,865] client.Client<Client:16034>:OUTPUT: Result of query for hurriyet.com.tr = 34.249.120.252
[2021-12-06 16:22:08,865] client.Client<Client:16034>:OUTPUT: website : hurriyet.com.tr, time : 34, hop cnt : 5
[2021-12-06 16:22:08,909] client.Client<Client:16034>:OUTPUT: Result of query for bild.de = 145.243.248.20
[2021-12-06 16:22:08,909] client.Client<Client:16034>:OUTPUT: website : bild.de, time : 43, hop cnt : 5
[2021-12-06 16:22:08,946] client.Client<Client:16034>:OUTPUT: Result of query for albawabhnews.com = 104.24.120.1
[2021-12-06 16:22:08,946] client.Client<Client:16034>:OUTPUT: website : albawabhnews.com, time : 36, hop cnt : 4
[2021-12-06 16:22:08,985] client.Client<Client:16034>:OUTPUT: Result of query for wsj.com = 13.225.229.22
[2021-12-06 16:22:08,985] client.Client<Client:16034>:OUTPUT: website : wsj.com, time : 38, hop cnt : 4
[2021-12-06 16:22:09,018] client.Client<Client:16034>:OUTPUT: Result of query for asana.com = 151.101.193.184
[2021-12-06 16:22:09,018] client.Client<Client:16034>:OUTPUT: website : asana.com, time : 30, hop cnt : 5
[2021-12-06 16:22:09,064] client.Client<Client:16034>:OUTPUT: Result of query for tistory.com = 121.53.105.234
[2021-12-06 16:22:09,064] client.Client<Client:16034>:OUTPUT: website : tistory.com, time : 45, hop cnt : 5
[2021-12-06 16:22:09,107] client.Client<Client:16034>:OUTPUT: Result of query for souq.com = 52.17.178.165
[2021-12-06 16:22:09,107] client.Client<Client:16034>:OUTPUT: website : souq.com, time : 41, hop cnt : 6
[2021-12-06 16:22:09,147] client.Client<Client:16034>:OUTPUT: Result of query for newegg.com = 23.52.165.59
[2021-12-06 16:22:09,147] client.Client<Client:16034>:OUTPUT: website : newegg.com, time : 38, hop cnt : 5
[2021-12-06 16:22:09,188] client.Client<Client:16034>:OUTPUT: Result of query for mit.edu = 23.60.36.231
[2021-12-06 16:22:09,188] client.Client<Client:16034>:OUTPUT: website : mit.edu, time : 40, hop cnt : 6
[2021-12-06 16:22:09,243] client.Client<Client:16034>:OUTPUT: Result of query for kapanlagi.com = 35.234.206.4
[2021-12-06 16:22:09,243] client.Client<Client:16034>:OUTPUT: website : kapanlagi.com, time : 55, hop cnt : 6
[2021-12-06 16:22:09,272] client.Client<Client:16034>:OUTPUT: Result of query for coinbase.com = 104.16.9.251
[2021-12-06 16:22:09,272] client.Client<Client:16034>:OUTPUT: website : coinbase.com, time : 28, hop cnt : 4
[2021-12-06 16:22:09,312] client.Client<Client:16034>:OUTPUT: Result of query for hubspot.com = 104.19.154.83
[2021-12-06 16:22:09,312] client.Client<Client:16034>:OUTPUT: website : hubspot.com, time : 39, hop cnt : 5
[2021-12-06 16:22:09,343] client.Client<Client:16034>:OUTPUT: Result of query for flirt4free.com = 204.8.234.144
[2021-12-06 16:22:09,343] client.Client<Client:16034>:OUTPUT: website : flirt4free.com, time : 31, hop cnt : 5
[2021-12-06 16:22:09,370] client.Client<Client:16034>:OUTPUT: Result of query for hm.com = 96.6.22.127
[2021-12-06 16:22:09,370] client.Client<Client:16034>:OUTPUT: website : hm.com, time : 25, hop cnt : 4
[2021-12-06 16:22:09,411] client.Client<Client:16034>:OUTPUT: Result of query for 104.com.tw = 122.147.53.67
[2021-12-06 16:22:09,411] client.Client<Client:16034>:OUTPUT: website : 104.com.tw, time : 40, hop cnt : 4
[2021-12-06 16:22:09,470] client.Client<Client:16034>:OUTPUT: Result of query for drom.ru = 185.44.0.36
[2021-12-06 16:22:09,470] client.Client<Client:16034>:OUTPUT: website : drom.ru, time : 58, hop cnt : 6
[2021-12-06 16:22:09,506] client.Client<Client:16034>:OUTPUT: Result of query for sabq.org = 104.16.44.64
[2021-12-06 16:22:09,506] client.Client<Client:16034>:OUTPUT: website : sabq.org, time : 35, hop cnt : 5
[2021-12-06 16:22:09,548] client.Client<Client:16034>:OUTPUT: Result of query for google.com.do = 172.217.10.227
[2021-12-06 16:22:09,549] client.Client<Client:16034>:OUTPUT: website : google.com.do, time : 38, hop cnt : 5
[2021-12-06 16:22:09,562] client.Client<Client:16034>:OUTPUT: Result of query for chip.de = 104.77.150.162
[2021-12-06 16:22:09,562] client.Client<Client:16034>:OUTPUT: website : chip.de, time : 13, hop cnt : 2
[2021-12-06 16:22:09,588] client.Client<Client:16034>:OUTPUT: Result of query for asus.com = 103.10.4.216
[2021-12-06 16:22:09,588] client.Client<Client:16034>:OUTPUT: website : asus.com, time : 25, hop cnt : 4
[2021-12-06 16:22:09,625] client.Client<Client:16034>:OUTPUT: Result of query for wiley.com = 63.97.118.67
[2021-12-06 16:22:09,625] client.Client<Client:16034>:OUTPUT: website : wiley.com, time : 36, hop cnt : 4
[2021-12-06 16:22:09,642] client.Client<Client:16034>:OUTPUT: Result of query for elmundo.es = 40.68.3.51
[2021-12-06 16:22:09,643] client.Client<Client:16034>:OUTPUT: website : elmundo.es, time : 16, hop cnt : 3
[2021-12-06 16:22:09,670] client.Client<Client:16034>:OUTPUT: Result of query for kijiji.ca = 34.98.91.248
[2021-12-06 16:22:09,670] client.Client<Client:16034>:OUTPUT: website : kijiji.ca, time : 27, hop cnt : 4
[2021-12-06 16:22:09,700] client.Client<Client:16034>:OUTPUT: Result of query for hespress.com = 104.22.47.167
[2021-12-06 16:22:09,700] client.Client<Client:16034>:OUTPUT: website : hespress.com, time : 29, hop cnt : 4
[2021-12-06 16:22:09,733] client.Client<Client:16034>:OUTPUT: Result of query for inquirer.net = 104.20.232.107
[2021-12-06 16:22:09,733] client.Client<Client:16034>:OUTPUT: website : inquirer.net, time : 32, hop cnt : 6
[2021-12-06 16:22:09,762] client.Client<Client:16034>:OUTPUT: Result of query for tabelog.com = 219.100.44.30
[2021-12-06 16:22:09,762] client.Client<Client:16034>:OUTPUT: website : tabelog.com, time : 27, hop cnt : 4
[2021-12-06 16:22:09,803] client.Client<Client:16034>:OUTPUT: Result of query for jabong.com = 23.36.249.11
[2021-12-06 16:22:09,803] client.Client<Client:16034>:OUTPUT: website : jabong.com, time : 40, hop cnt : 5
[2021-12-06 16:22:09,826] client.Client<Client:16034>:OUTPUT: Result of query for 17ok.com = 120.133.17.148
[2021-12-06 16:22:09,827] client.Client<Client:16034>:OUTPUT: website : 17ok.com, time : 22, hop cnt : 4
[2021-12-06 16:22:09,867] client.Client<Client:16034>:OUTPUT: Result of query for hotels.com = 23.222.119.113
[2021-12-06 16:22:09,867] client.Client<Client:16034>:OUTPUT: website : hotels.com, time : 38, hop cnt : 5
[2021-12-06 16:22:09,919] client.Client<Client:16034>:OUTPUT: Result of query for engadget.com = 98.136.103.23
[2021-12-06 16:22:09,919] client.Client<Client:16034>:OUTPUT: website : engadget.com, time : 51, hop cnt : 5
[2021-12-06 16:22:09,953] client.Client<Client:16034>:OUTPUT: Result of query for gogoanime.io = 103.194.169.99
[2021-12-06 16:22:09,953] client.Client<Client:16034>:OUTPUT: website : gogoanime.io, time : 33, hop cnt : 4
[2021-12-06 16:22:09,992] client.Client<Client:16034>:OUTPUT: Result of query for banggood.com = 148.153.55.244
[2021-12-06 16:22:09,993] client.Client<Client:16034>:OUTPUT: website : banggood.com, time : 37, hop cnt : 5
[2021-12-06 16:22:10,040] client.Client<Client:16034>:OUTPUT: Result of query for thefreedictionary.com = 209.160.67.6
[2021-12-06 16:22:10,040] client.Client<Client:16034>:OUTPUT: website : thefreedictionary.com, time : 45, hop cnt : 6
[2021-12-06 16:22:10,074] client.Client<Client:16034>:OUTPUT: Result of query for okta.com = 18.204.109.174
[2021-12-06 16:22:10,074] client.Client<Client:16034>:OUTPUT: website : okta.com, time : 33, hop cnt : 6
[2021-12-06 16:22:10,103] client.Client<Client:16034>:OUTPUT: Result of query for 4shared.com = 204.155.149.43
[2021-12-06 16:22:10,104] client.Client<Client:16034>:OUTPUT: website : 4shared.com, time : 28, hop cnt : 4
[2021-12-06 16:22:10,143] client.Client<Client:16034>:OUTPUT: Result of query for npr.org = 216.35.221.76
[2021-12-06 16:22:10,143] client.Client<Client:16034>:OUTPUT: website : npr.org, time : 38, hop cnt : 4
[2021-12-06 16:22:10,183] client.Client<Client:16034>:OUTPUT: Result of query for comcast.net = 69.252.80.75
[2021-12-06 16:22:10,183] client.Client<Client:16034>:OUTPUT: website : comcast.net, time : 39, hop cnt : 5
[2021-12-06 16:22:10,220] client.Client<Client:16034>:OUTPUT: Result of query for okdiario.com = 104.22.14.99
[2021-12-06 16:22:10,220] client.Client<Client:16034>:OUTPUT: website : okdiario.com, time : 36, hop cnt : 5
[2021-12-06 16:22:10,264] client.Client<Client:16034>:OUTPUT: Result of query for ouedkniss.com = 51.38.63.232
[2021-12-06 16:22:10,264] client.Client<Client:16034>:OUTPUT: website : ouedkniss.com, time : 43, hop cnt : 5
[2021-12-06 16:22:10,284] client.Client<Client:16034>:OUTPUT: Result of query for cambridge.org = 204.74.99.103
[2021-12-06 16:22:10,284] client.Client<Client:16034>:OUTPUT: website : cambridge.org, time : 17, hop cnt : 3
[2021-12-06 16:22:10,312] client.Client<Client:16034>:OUTPUT: Result of query for kooora.com = 45.60.63.37
[2021-12-06 16:22:10,312] client.Client<Client:16034>:OUTPUT: website : kooora.com, time : 27, hop cnt : 5
[2021-12-06 16:22:10,356] client.Client<Client:16034>:OUTPUT: Result of query for ria.ru = 178.248.233.32
[2021-12-06 16:22:10,356] client.Client<Client:16034>:OUTPUT: website : ria.ru, time : 43, hop cnt : 5
[2021-12-06 16:22:10,398] client.Client<Client:16034>:OUTPUT: Result of query for dmm.co.jp = 13.248.196.236
[2021-12-06 16:22:10,398] client.Client<Client:16034>:OUTPUT: website : dmm.co.jp, time : 41, hop cnt : 5
[2021-12-06 16:22:10,438] client.Client<Client:16034>:OUTPUT: Result of query for wunderground.com = 184.29.129.181
[2021-12-06 16:22:10,438] client.Client<Client:16034>:OUTPUT: website : wunderground.com, time : 39, hop cnt : 4
[2021-12-06 16:22:10,473] client.Client<Client:16034>:OUTPUT: Result of query for getpocket.com = 54.209.230.187
[2021-12-06 16:22:10,473] client.Client<Client:16034>:OUTPUT: website : getpocket.com, time : 30, hop cnt : 5
[2021-12-06 16:22:10,500] client.Client<Client:16034>:OUTPUT: Result of query for youjizz.com = 66.254.114.242
[2021-12-06 16:22:10,500] client.Client<Client:16034>:OUTPUT: website : youjizz.com, time : 26, hop cnt : 3
[2021-12-06 16:22:10,548] client.Client<Client:16034>:OUTPUT: Result of query for discogs.com = 216.151.17.150
[2021-12-06 16:22:10,548] client.Client<Client:16034>:OUTPUT: website : discogs.com, time : 47, hop cnt : 5
[2021-12-06 16:22:10,589] client.Client<Client:16034>:OUTPUT: Result of query for adp.com = 170.146.93.56
[2021-12-06 16:22:10,589] client.Client<Client:16034>:OUTPUT: website : adp.com, time : 40, hop cnt : 5
[2021-12-06 16:22:10,623] client.Client<Client:16034>:OUTPUT: Result of query for bandcamp.com = 151.101.129.28
[2021-12-06 16:22:10,623] client.Client<Client:16034>:OUTPUT: website : bandcamp.com, time : 30, hop cnt : 5
[2021-12-06 16:22:10,663] client.Client<Client:16034>:OUTPUT: Result of query for weblio.jp = 210.236.244.76
[2021-12-06 16:22:10,663] client.Client<Client:16034>:OUTPUT: website : weblio.jp, time : 39, hop cnt : 5
[2021-12-06 16:22:10,680] client.Client<Client:16034>:OUTPUT: Result of query for wish.com = 52.53.75.216
[2021-12-06 16:22:10,680] client.Client<Client:16034>:OUTPUT: website : wish.com, time : 16, hop cnt : 3
[2021-12-06 16:22:10,718] client.Client<Client:16034>:OUTPUT: Result of query for 51sole.com = 150.109.68.232
[2021-12-06 16:22:10,718] client.Client<Client:16034>:OUTPUT: website : 51sole.com, time : 37, hop cnt : 5
[2021-12-06 16:22:10,770] client.Client<Client:16034>:OUTPUT: Result of query for animeflv.net = 172.67.70.233
[2021-12-06 16:22:10,770] client.Client<Client:16034>:OUTPUT: website : animeflv.net, time : 51, hop cnt : 5
[2021-12-06 16:22:10,802] client.Client<Client:16034>:OUTPUT: Result of query for squarespace.com = 198.49.23.141
[2021-12-06 16:22:10,803] client.Client<Client:16034>:OUTPUT: website : squarespace.com, time : 31, hop cnt : 6
[2021-12-06 16:22:10,863] client.Client<Client:16034>:OUTPUT: Result of query for ctitv.com.tw = 123.51.209.204
[2021-12-06 16:22:10,863] client.Client<Client:16034>:OUTPUT: website : ctitv.com.tw, time : 60, hop cnt : 6
[2021-12-06 16:22:10,919] client.Client<Client:16034>:OUTPUT: Result of query for gamespot.com = 151.101.1.188
[2021-12-06 16:22:10,919] client.Client<Client:16034>:OUTPUT: website : gamespot.com, time : 55, hop cnt : 6
[2021-12-06 16:22:10,960] client.Client<Client:16034>:OUTPUT: Result of query for lolsided.com = 172.67.68.62
[2021-12-06 16:22:10,960] client.Client<Client:16034>:OUTPUT: website : lolsided.com, time : 40, hop cnt : 6
[2021-12-06 16:22:11,009] client.Client<Client:16034>:OUTPUT: Result of query for sex.com = 15.223.125.50
[2021-12-06 16:22:11,009] client.Client<Client:16034>:OUTPUT: website : sex.com, time : 48, hop cnt : 6
[2021-12-06 16:22:11,048] client.Client<Client:16034>:OUTPUT: Result of query for olx.com.br = 13.225.229.22
[2021-12-06 16:22:11,048] client.Client<Client:16034>:OUTPUT: website : olx.com.br, time : 38, hop cnt : 6
[2021-12-06 16:22:11,102] client.Client<Client:16034>:OUTPUT: Result of query for xe.com = 13.225.229.12
[2021-12-06 16:22:11,102] client.Client<Client:16034>:OUTPUT: website : xe.com, time : 52, hop cnt : 6
[2021-12-06 16:22:11,149] client.Client<Client:16034>:OUTPUT: Result of query for corriere.it = 185.53.36.36
[2021-12-06 16:22:11,149] client.Client<Client:16034>:OUTPUT: website : corriere.it, time : 46, hop cnt : 6
[2021-12-06 16:22:11,189] client.Client<Client:16034>:OUTPUT: Result of query for techcrunch.com = 152.195.50.33
[2021-12-06 16:22:11,189] client.Client<Client:16034>:OUTPUT: website : techcrunch.com, time : 39, hop cnt : 5
[2021-12-06 16:22:11,227] client.Client<Client:16034>:OUTPUT: Result of query for verizonwireless.com = 162.115.16.90
[2021-12-06 16:22:11,227] client.Client<Client:16034>:OUTPUT: website : verizonwireless.com, time : 36, hop cnt : 5
[2021-12-06 16:22:11,248] client.Client<Client:16034>:OUTPUT: Result of query for youboy.com = 14.17.126.223
[2021-12-06 16:22:11,248] client.Client<Client:16034>:OUTPUT: website : youboy.com, time : 20, hop cnt : 3
[2021-12-06 16:22:11,302] client.Client<Client:16034>:OUTPUT: Result of query for milliyet.com.tr = 34.249.120.252
[2021-12-06 16:22:11,302] client.Client<Client:16034>:OUTPUT: website : milliyet.com.tr, time : 52, hop cnt : 6
[2021-12-06 16:22:11,328] client.Client<Client:16034>:OUTPUT: Result of query for jianshu.com = 107.150.101.156
[2021-12-06 16:22:11,328] client.Client<Client:16034>:OUTPUT: website : jianshu.com, time : 25, hop cnt : 4
[2021-12-06 16:22:11,377] client.Client<Client:16034>:OUTPUT: Result of query for terraclicks.com = 192.243.59.13
[2021-12-06 16:22:11,377] client.Client<Client:16034>:OUTPUT: website : terraclicks.com, time : 48, hop cnt : 6
[2021-12-06 16:22:11,401] client.Client<Client:16034>:OUTPUT: Result of query for jeuxvideo.com = 185.12.49.10
[2021-12-06 16:22:11,401] client.Client<Client:16034>:OUTPUT: website : jeuxvideo.com, time : 22, hop cnt : 3
[2021-12-06 16:22:11,435] client.Client<Client:16034>:OUTPUT: Result of query for webex.com = 64.68.121.205
[2021-12-06 16:22:11,435] client.Client<Client:16034>:OUTPUT: website : webex.com, time : 33, hop cnt : 5
[2021-12-06 16:22:11,480] client.Client<Client:16034>:OUTPUT: Result of query for drtuber.com = 188.72.207.210
[2021-12-06 16:22:11,480] client.Client<Client:16034>:OUTPUT: website : drtuber.com, time : 44, hop cnt : 5
[2021-12-06 16:22:11,505] client.Client<Client:16034>:OUTPUT: Result of query for okcupid.com = 198.41.209.131
[2021-12-06 16:22:11,505] client.Client<Client:16034>:OUTPUT: website : okcupid.com, time : 24, hop cnt : 4
[2021-12-06 16:22:11,549] client.Client<Client:16034>:OUTPUT: Result of query for mbc.net = 52.4.5.236
[2021-12-06 16:22:11,549] client.Client<Client:16034>:OUTPUT: website : mbc.net, time : 38, hop cnt : 5
[2021-12-06 16:22:11,581] client.Client<Client:16034>:OUTPUT: Result of query for badoo.com = 31.222.77.244
[2021-12-06 16:22:11,582] client.Client<Client:16034>:OUTPUT: website : badoo.com, time : 31, hop cnt : 5
[2021-12-06 16:22:11,599] client.Client<Client:16034>:OUTPUT: Result of query for google.hr = 142.250.80.3
[2021-12-06 16:22:11,600] client.Client<Client:16034>:OUTPUT: website : google.hr, time : 16, hop cnt : 3
[2021-12-06 16:22:11,635] client.Client<Client:16034>:OUTPUT: Result of query for drive2.ru = 146.255.192.82
[2021-12-06 16:22:11,635] client.Client<Client:16034>:OUTPUT: website : drive2.ru, time : 36, hop cnt : 5
[2021-12-06 16:22:11,676] client.Client<Client:16034>:OUTPUT: Result of query for meetup.com = 151.101.66.217
[2021-12-06 16:22:11,676] client.Client<Client:16034>:OUTPUT: website : meetup.com, time : 40, hop cnt : 5
[2021-12-06 16:22:11,716] client.Client<Client:16034>:OUTPUT: Result of query for nikkei.com = 76.223.28.162
[2021-12-06 16:22:11,716] client.Client<Client:16034>:OUTPUT: website : nikkei.com, time : 39, hop cnt : 6
[2021-12-06 16:22:11,739] client.Client<Client:16034>:OUTPUT: Result of query for discuss.com.hk = 104.18.8.152
[2021-12-06 16:22:11,739] client.Client<Client:16034>:OUTPUT: website : discuss.com.hk, time : 22, hop cnt : 3
[2021-12-06 16:22:11,777] client.Client<Client:16034>:OUTPUT: Result of query for chinaz.com = 117.25.139.120
[2021-12-06 16:22:11,777] client.Client<Client:16034>:OUTPUT: website : chinaz.com, time : 34, hop cnt : 5
[2021-12-06 16:22:11,815] client.Client<Client:16034>:OUTPUT: Result of query for mywatchseries.to = 104.247.81.72
[2021-12-06 16:22:11,815] client.Client<Client:16034>:OUTPUT: website : mywatchseries.to, time : 36, hop cnt : 5
[2021-12-06 16:22:11,855] client.Client<Client:16034>:OUTPUT: Result of query for lapatilla.com = 172.67.218.76
[2021-12-06 16:22:11,855] client.Client<Client:16034>:OUTPUT: website : lapatilla.com, time : 40, hop cnt : 5
[2021-12-06 16:22:11,877] client.Client<Client:16034>:OUTPUT: Result of query for quizlet.com = 104.16.16.221
[2021-12-06 16:22:11,878] client.Client<Client:16034>:OUTPUT: website : quizlet.com, time : 20, hop cnt : 3
[2021-12-06 16:22:11,917] client.Client<Client:16034>:OUTPUT: Result of query for bitbucket.org = 104.192.141.1
[2021-12-06 16:22:11,917] client.Client<Client:16034>:OUTPUT: website : bitbucket.org, time : 39, hop cnt : 5
[2021-12-06 16:22:11,940] client.Client<Client:16034>:OUTPUT: Result of query for douban.com = 162.14.6.67
[2021-12-06 16:22:11,940] client.Client<Client:16034>:OUTPUT: website : douban.com, time : 22, hop cnt : 3
[2021-12-06 16:22:11,980] client.Client<Client:16034>:OUTPUT: Result of query for mundo.com = 34.212.123.176
[2021-12-06 16:22:11,980] client.Client<Client:16034>:OUTPUT: website : mundo.com, time : 36, hop cnt : 4
[2021-12-06 16:22:12,010] client.Client<Client:16034>:OUTPUT: Result of query for linkshrink.net = 104.27.174.178
[2021-12-06 16:22:12,010] client.Client<Client:16034>:OUTPUT: website : linkshrink.net, time : 29, hop cnt : 4
[2021-12-06 16:22:12,043] client.Client<Client:16034>:OUTPUT: Result of query for thekitchn.com = 151.101.130.49
[2021-12-06 16:22:12,043] client.Client<Client:16034>:OUTPUT: website : thekitchn.com, time : 31, hop cnt : 5
[2021-12-06 16:22:12,075] client.Client<Client:16034>:OUTPUT: Result of query for norton.com = 155.64.16.51
[2021-12-06 16:22:12,075] client.Client<Client:16034>:OUTPUT: website : norton.com, time : 31, hop cnt : 3
[2021-12-06 16:22:12,106] client.Client<Client:16034>:OUTPUT: Result of query for reallifecam.com = 185.80.221.89
[2021-12-06 16:22:12,106] client.Client<Client:16034>:OUTPUT: website : reallifecam.com, time : 30, hop cnt : 5
[2021-12-06 16:22:12,143] client.Client<Client:16034>:OUTPUT: Result of query for surveymonkey.com = 13.225.62.20
[2021-12-06 16:22:12,143] client.Client<Client:16034>:OUTPUT: website : surveymonkey.com, time : 36, hop cnt : 4
[2021-12-06 16:22:12,183] client.Client<Client:16034>:OUTPUT: Result of query for springer.com = 195.128.8.134
[2021-12-06 16:22:12,183] client.Client<Client:16034>:OUTPUT: website : springer.com, time : 39, hop cnt : 5
[2021-12-06 16:22:12,230] client.Client<Client:16034>:OUTPUT: Result of query for google.com.ly = 172.217.12.131
[2021-12-06 16:22:12,230] client.Client<Client:16034>:OUTPUT: website : google.com.ly, time : 46, hop cnt : 5
[2021-12-06 16:22:12,270] client.Client<Client:16034>:OUTPUT: Result of query for blogfa.com = 104.24.111.96
[2021-12-06 16:22:12,270] client.Client<Client:16034>:OUTPUT: website : blogfa.com, time : 39, hop cnt : 5
[2021-12-06 16:22:12,308] client.Client<Client:16034>:OUTPUT: Result of query for mercadolibre.com.ve = 13.225.229.29
[2021-12-06 16:22:12,308] client.Client<Client:16034>:OUTPUT: website : mercadolibre.com.ve, time : 37, hop cnt : 4
[2021-12-06 16:22:12,335] client.Client<Client:16034>:OUTPUT: Result of query for lifehacker.com = 151.101.194.166
[2021-12-06 16:22:12,336] client.Client<Client:16034>:OUTPUT: website : lifehacker.com, time : 25, hop cnt : 3
[2021-12-06 16:22:12,367] client.Client<Client:16034>:OUTPUT: Result of query for thevideo.me = 104.18.58.233
[2021-12-06 16:22:12,367] client.Client<Client:16034>:OUTPUT: website : thevideo.me, time : 30, hop cnt : 5
[2021-12-06 16:22:12,398] client.Client<Client:16034>:OUTPUT: Result of query for suning.com = 218.2.112.234
[2021-12-06 16:22:12,398] client.Client<Client:16034>:OUTPUT: website : suning.com, time : 30, hop cnt : 4
[2021-12-06 16:22:12,452] client.Client<Client:16034>:OUTPUT: Result of query for neobux.com = 104.16.40.15
[2021-12-06 16:22:12,452] client.Client<Client:16034>:OUTPUT: website : neobux.com, time : 53, hop cnt : 6
[2021-12-06 16:22:12,482] client.Client<Client:16034>:OUTPUT: Result of query for brilio.net = 35.229.226.215
[2021-12-06 16:22:12,482] client.Client<Client:16034>:OUTPUT: website : brilio.net, time : 29, hop cnt : 5
[2021-12-06 16:22:12,512] client.Client<Client:16034>:OUTPUT: Result of query for coursera.org = 13.225.229.26
[2021-12-06 16:22:12,512] client.Client<Client:16034>:OUTPUT: website : coursera.org, time : 28, hop cnt : 4
[2021-12-06 16:22:12,569] client.Client<Client:16034>:OUTPUT: Result of query for lowes.com = 173.223.236.217
[2021-12-06 16:22:12,569] client.Client<Client:16034>:OUTPUT: website : lowes.com, time : 57, hop cnt : 6
[2021-12-06 16:22:12,596] client.Client<Client:16034>:OUTPUT: Result of query for eksisozluk.com = 176.53.43.9
[2021-12-06 16:22:12,596] client.Client<Client:16034>:OUTPUT: website : eksisozluk.com, time : 25, hop cnt : 4
[2021-12-06 16:22:12,637] client.Client<Client:16034>:OUTPUT: Result of query for lefigaro.fr = 23.33.238.88
[2021-12-06 16:22:12,638] client.Client<Client:16034>:OUTPUT: website : lefigaro.fr, time : 41, hop cnt : 6
[2021-12-06 16:22:12,664] client.Client<Client:16034>:OUTPUT: Result of query for ebay.in = 66.135.195.175
[2021-12-06 16:22:12,665] client.Client<Client:16034>:OUTPUT: website : ebay.in, time : 25, hop cnt : 4
[2021-12-06 16:22:12,680] client.Client<Client:16034>:OUTPUT: Result of query for drudgereport.com = 104.22.4.207
[2021-12-06 16:22:12,680] client.Client<Client:16034>:OUTPUT: website : drudgereport.com, time : 15, hop cnt : 3
[2021-12-06 16:22:12,731] client.Client<Client:16034>:OUTPUT: Result of query for kotaku.com = 151.101.2.166
[2021-12-06 16:22:12,732] client.Client<Client:16034>:OUTPUT: website : kotaku.com, time : 50, hop cnt : 6
[2021-12-06 16:22:12,770] client.Client<Client:16034>:OUTPUT: Result of query for lenta.ru = 81.19.72.32
[2021-12-06 16:22:12,771] client.Client<Client:16034>:OUTPUT: website : lenta.ru, time : 37, hop cnt : 5
[2021-12-06 16:22:12,804] client.Client<Client:16034>:OUTPUT: Result of query for ask.fm = 193.138.77.145
[2021-12-06 16:22:12,805] client.Client<Client:16034>:OUTPUT: website : ask.fm, time : 30, hop cnt : 4
[2021-12-06 16:22:12,838] client.Client<Client:16034>:OUTPUT: Result of query for buyma.com = 210.152.134.247
[2021-12-06 16:22:12,839] client.Client<Client:16034>:OUTPUT: website : buyma.com, time : 29, hop cnt : 4
[2021-12-06 16:22:12,853] client.Client<Client:16034>:OUTPUT: Result of query for myfreecams.com = 207.229.73.117
[2021-12-06 16:22:12,854] client.Client<Client:16034>:OUTPUT: website : myfreecams.com, time : 14, hop cnt : 5
[2021-12-06 16:22:12,876] client.Client<Client:16034>:OUTPUT: Result of query for ccm.net = 23.78.211.79
[2021-12-06 16:22:12,877] client.Client<Client:16034>:OUTPUT: website : ccm.net, time : 21, hop cnt : 3
[2021-12-06 16:22:12,911] client.Client<Client:16034>:OUTPUT: Result of query for uptobox.com = 104.22.53.218
[2021-12-06 16:22:12,912] client.Client<Client:16034>:OUTPUT: website : uptobox.com, time : 34, hop cnt : 5
[2021-12-06 16:22:12,940] client.Client<Client:16034>:OUTPUT: Result of query for beytoote.com = 159.69.163.174
[2021-12-06 16:22:12,941] client.Client<Client:16034>:OUTPUT: website : beytoote.com, time : 27, hop cnt : 4
[2021-12-06 16:22:12,977] client.Client<Client:16034>:OUTPUT: Result of query for cnbc.com = 144.121.138.33
[2021-12-06 16:22:12,977] client.Client<Client:16034>:OUTPUT: website : cnbc.com, time : 34, hop cnt : 5
[2021-12-06 16:22:13,005] client.Client<Client:16034>:OUTPUT: Result of query for prezi.com = 75.2.83.248
[2021-12-06 16:22:13,005] client.Client<Client:16034>:OUTPUT: website : prezi.com, time : 27, hop cnt : 4
[2021-12-06 16:22:13,032] client.Client<Client:16034>:OUTPUT: Result of query for motherless.com = 46.166.188.37
[2021-12-06 16:22:13,032] client.Client<Client:16034>:OUTPUT: website : motherless.com, time : 23, hop cnt : 4
[2021-12-06 16:22:13,060] client.Client<Client:16034>:OUTPUT: Result of query for newtabtv.com = 108.59.81.209
[2021-12-06 16:22:13,060] client.Client<Client:16034>:OUTPUT: website : newtabtv.com, time : 26, hop cnt : 4
[2021-12-06 16:22:13,089] client.Client<Client:16034>:OUTPUT: Result of query for eskimi.com = 92.62.130.180
[2021-12-06 16:22:13,090] client.Client<Client:16034>:OUTPUT: website : eskimi.com, time : 28, hop cnt : 5
[2021-12-06 16:22:13,120] client.Client<Client:16034>:OUTPUT: Result of query for google.tn = 172.217.7.3
[2021-12-06 16:22:13,121] client.Client<Client:16034>:OUTPUT: website : google.tn, time : 29, hop cnt : 6
[2021-12-06 16:22:13,156] client.Client<Client:16034>:OUTPUT: Result of query for realtor.com = 206.131.180.21
[2021-12-06 16:22:13,157] client.Client<Client:16034>:OUTPUT: website : realtor.com, time : 34, hop cnt : 5
[2021-12-06 16:22:13,186] client.Client<Client:16034>:OUTPUT: Result of query for avg.com = 185.189.92.41
[2021-12-06 16:22:13,186] client.Client<Client:16034>:OUTPUT: website : avg.com, time : 27, hop cnt : 4
[2021-12-06 16:22:13,223] client.Client<Client:16034>:OUTPUT: Result of query for investopedia.com = 151.101.2.137
[2021-12-06 16:22:13,224] client.Client<Client:16034>:OUTPUT: website : investopedia.com, time : 35, hop cnt : 5
[2021-12-06 16:22:13,259] client.Client<Client:16034>:OUTPUT: Result of query for ca.gov = 13.87.221.220
[2021-12-06 16:22:13,260] client.Client<Client:16034>:OUTPUT: website : ca.gov, time : 34, hop cnt : 5
[2021-12-06 16:22:13,313] client.Client<Client:16034>:OUTPUT: Result of query for nypost.com = 192.0.66.32
[2021-12-06 16:22:13,314] client.Client<Client:16034>:OUTPUT: website : nypost.com, time : 54, hop cnt : 7
[2021-12-06 16:22:13,352] client.Client<Client:16034>:OUTPUT: Result of query for ntd.tv = 104.22.64.127
[2021-12-06 16:22:13,353] client.Client<Client:16034>:OUTPUT: website : ntd.tv, time : 38, hop cnt : 4
[2021-12-06 16:22:13,389] client.Client<Client:16034>:OUTPUT: Result of query for discover.com = 23.33.222.95
[2021-12-06 16:22:13,389] client.Client<Client:16034>:OUTPUT: website : discover.com, time : 34, hop cnt : 6
[2021-12-06 16:22:13,422] client.Client<Client:16034>:OUTPUT: Result of query for rapidgator.net = 195.211.222.116
[2021-12-06 16:22:13,423] client.Client<Client:16034>:OUTPUT: website : rapidgator.net, time : 31, hop cnt : 4
[2021-12-06 16:22:13,453] client.Client<Client:16034>:OUTPUT: Result of query for mobilemonetize.me = 103.224.182.246
[2021-12-06 16:22:13,454] client.Client<Client:16034>:OUTPUT: website : mobilemonetize.me, time : 29, hop cnt : 5
[2021-12-06 16:22:13,494] client.Client<Client:16034>:OUTPUT: Result of query for mirror.co.uk = 34.246.217.217
[2021-12-06 16:22:13,495] client.Client<Client:16034>:OUTPUT: website : mirror.co.uk, time : 39, hop cnt : 5
[2021-12-06 16:22:13,524] client.Client<Client:16034>:OUTPUT: Result of query for infusionsoft.com = 104.18.14.116
[2021-12-06 16:22:13,525] client.Client<Client:16034>:OUTPUT: website : infusionsoft.com, time : 28, hop cnt : 4
[2021-12-06 16:22:13,572] client.Client<Client:16034>:OUTPUT: Result of query for kinokrad.co = 94.198.242.19
[2021-12-06 16:22:13,572] client.Client<Client:16034>:OUTPUT: website : kinokrad.co, time : 46, hop cnt : 5
[2021-12-06 16:22:13,603] client.Client<Client:16034>:OUTPUT: Result of query for appledaily.com.tw = 104.116.0.41
[2021-12-06 16:22:13,603] client.Client<Client:16034>:OUTPUT: website : appledaily.com.tw, time : 30, hop cnt : 4
[2021-12-06 16:22:13,646] client.Client<Client:16034>:OUTPUT: Result of query for academia.edu = 13.225.229.30
[2021-12-06 16:22:13,646] client.Client<Client:16034>:OUTPUT: website : academia.edu, time : 39, hop cnt : 6
[2021-12-06 16:22:13,678] client.Client<Client:16034>:OUTPUT: Result of query for voc.com.cn = 124.232.151.209
[2021-12-06 16:22:13,678] client.Client<Client:16034>:OUTPUT: website : voc.com.cn, time : 31, hop cnt : 4
[2021-12-06 16:22:13,715] client.Client<Client:16034>:OUTPUT: Result of query for cdiscount.com = 185.94.140.30
[2021-12-06 16:22:13,715] client.Client<Client:16034>:OUTPUT: website : cdiscount.com, time : 35, hop cnt : 4
[2021-12-06 16:22:13,753] client.Client<Client:16034>:OUTPUT: Result of query for lenovo.com = 23.78.201.78
[2021-12-06 16:22:13,753] client.Client<Client:16034>:OUTPUT: website : lenovo.com, time : 37, hop cnt : 4
[2021-12-06 16:22:13,798] client.Client<Client:16034>:OUTPUT: Result of query for nba.com = 54.68.182.72
[2021-12-06 16:22:13,798] client.Client<Client:16034>:OUTPUT: website : nba.com, time : 44, hop cnt : 5
[2021-12-06 16:22:13,860] client.Client<Client:16034>:OUTPUT: Result of query for gmarket.co.kr = 183.111.134.78
[2021-12-06 16:22:13,860] client.Client<Client:16034>:OUTPUT: website : gmarket.co.kr, time : 62, hop cnt : 6
[2021-12-06 16:22:13,889] client.Client<Client:16034>:OUTPUT: Result of query for southwest.com = 66.150.1.229
[2021-12-06 16:22:13,890] client.Client<Client:16034>:OUTPUT: website : southwest.com, time : 28, hop cnt : 5
[2021-12-06 16:22:13,917] client.Client<Client:16034>:OUTPUT: Result of query for stockstar.com = 212.129.158.120
[2021-12-06 16:22:13,917] client.Client<Client:16034>:OUTPUT: website : stockstar.com, time : 25, hop cnt : 4
[2021-12-06 16:22:13,944] client.Client<Client:16034>:OUTPUT: Result of query for dafont.com = 51.91.129.67
[2021-12-06 16:22:13,944] client.Client<Client:16034>:OUTPUT: website : dafont.com, time : 26, hop cnt : 4
[2021-12-06 16:22:13,981] client.Client<Client:16034>:OUTPUT: Result of query for crunchyroll.com = 104.18.23.9
[2021-12-06 16:22:13,981] client.Client<Client:16034>:OUTPUT: website : crunchyroll.com, time : 36, hop cnt : 4
[2021-12-06 16:22:14,010] client.Client<Client:16034>:OUTPUT: Result of query for macys.com = 23.54.48.189
[2021-12-06 16:22:14,010] client.Client<Client:16034>:OUTPUT: website : macys.com, time : 27, hop cnt : 4
[2021-12-06 16:22:14,056] client.Client<Client:16034>:OUTPUT: Result of query for moneycontrol.com = 23.200.0.184
[2021-12-06 16:22:14,056] client.Client<Client:16034>:OUTPUT: website : moneycontrol.com, time : 44, hop cnt : 5
[2021-12-06 16:22:14,089] client.Client<Client:16034>:OUTPUT: Result of query for sakura.ne.jp = 163.43.24.70
[2021-12-06 16:22:14,090] client.Client<Client:16034>:OUTPUT: website : sakura.ne.jp, time : 32, hop cnt : 4
[2021-12-06 16:22:14,114] client.Client<Client:16034>:OUTPUT: Result of query for subito.it = 23.52.161.153
[2021-12-06 16:22:14,114] client.Client<Client:16034>:OUTPUT: website : subito.it, time : 24, hop cnt : 4
[2021-12-06 16:22:14,133] client.Client<Client:16034>:OUTPUT: Result of query for g2a.com = 104.27.189.140
[2021-12-06 16:22:14,134] client.Client<Client:16034>:OUTPUT: website : g2a.com, time : 18, hop cnt : 3
[2021-12-06 16:22:14,179] client.Client<Client:16034>:OUTPUT: Result of query for grid.id = 52.220.192.192
[2021-12-06 16:22:14,180] client.Client<Client:16034>:OUTPUT: website : grid.id, time : 44, hop cnt : 6
[2021-12-06 16:22:14,211] client.Client<Client:16034>:OUTPUT: Result of query for kayak.com = 151.101.1.29
[2021-12-06 16:22:14,211] client.Client<Client:16034>:OUTPUT: website : kayak.com, time : 30, hop cnt : 4
[2021-12-06 16:22:14,255] client.Client<Client:16034>:OUTPUT: Result of query for bodybuilding.com = 44.226.149.111
[2021-12-06 16:22:14,255] client.Client<Client:16034>:OUTPUT: website : bodybuilding.com, time : 42, hop cnt : 6
[2021-12-06 16:22:14,284] client.Client<Client:16034>:OUTPUT: Result of query for urdupoint.com = 104.17.14.38
[2021-12-06 16:22:14,284] client.Client<Client:16034>:OUTPUT: website : urdupoint.com, time : 28, hop cnt : 5
[2021-12-06 16:22:14,306] client.Client<Client:16034>:OUTPUT: Result of query for fanfiction.net = 173.205.184.7
[2021-12-06 16:22:14,307] client.Client<Client:16034>:OUTPUT: website : fanfiction.net, time : 22, hop cnt : 4
[2021-12-06 16:22:14,340] client.Client<Client:16034>:OUTPUT: Result of query for camdolls.com = 204.8.234.250
[2021-12-06 16:22:14,340] client.Client<Client:16034>:OUTPUT: website : camdolls.com, time : 31, hop cnt : 6
[2021-12-06 16:22:14,378] client.Client<Client:16034>:OUTPUT: Result of query for udn.com = 23.78.202.108
[2021-12-06 16:22:14,378] client.Client<Client:16034>:OUTPUT: website : udn.com, time : 37, hop cnt : 6
[2021-12-06 16:22:14,420] client.Client<Client:16034>:OUTPUT: Result of query for bitly.com = 67.199.248.15
[2021-12-06 16:22:14,420] client.Client<Client:16034>:OUTPUT: website : bitly.com, time : 41, hop cnt : 5
[2021-12-06 16:22:14,463] client.Client<Client:16034>:OUTPUT: Result of query for secureserver.net = 208.109.192.71
[2021-12-06 16:22:14,463] client.Client<Client:16034>:OUTPUT: website : secureserver.net, time : 39, hop cnt : 5
[2021-12-06 16:22:14,498] client.Client<Client:16034>:OUTPUT: Result of query for divar.ir = 79.175.141.110
[2021-12-06 16:22:14,498] client.Client<Client:16034>:OUTPUT: website : divar.ir, time : 34, hop cnt : 5
[2021-12-06 16:22:14,533] client.Client<Client:16034>:OUTPUT: Result of query for thesun.co.uk = 192.0.66.2
[2021-12-06 16:22:14,533] client.Client<Client:16034>:OUTPUT: website : thesun.co.uk, time : 34, hop cnt : 5
[2021-12-06 16:22:14,565] client.Client<Client:16034>:OUTPUT: Result of query for autodesk.com = 23.21.189.113
[2021-12-06 16:22:14,565] client.Client<Client:16034>:OUTPUT: website : autodesk.com, time : 30, hop cnt : 5
[2021-12-06 16:22:14,605] client.Client<Client:16034>:OUTPUT: Result of query for vnexpress.net = 111.65.250.2
[2021-12-06 16:22:14,605] client.Client<Client:16034>:OUTPUT: website : vnexpress.net, time : 39, hop cnt : 6
[2021-12-06 16:22:14,646] client.Client<Client:16034>:OUTPUT: Result of query for fwbntw.com = 95.128.124.135
[2021-12-06 16:22:14,646] client.Client<Client:16034>:OUTPUT: website : fwbntw.com, time : 40, hop cnt : 5
[2021-12-06 16:22:14,697] client.Client<Client:16034>:OUTPUT: Result of query for trulia.com = 13.225.229.61
[2021-12-06 16:22:14,697] client.Client<Client:16034>:OUTPUT: website : trulia.com, time : 50, hop cnt : 5
[2021-12-06 16:22:14,749] client.Client<Client:16034>:OUTPUT: Result of query for eventbrite.com = 34.205.126.7
[2021-12-06 16:22:14,749] client.Client<Client:16034>:OUTPUT: website : eventbrite.com, time : 52, hop cnt : 6
[2021-12-06 16:22:14,791] client.Client<Client:16034>:OUTPUT: Result of query for fatosdesconhecidos.com.br = 104.26.13.91
[2021-12-06 16:22:14,791] client.Client<Client:16034>:OUTPUT: website : fatosdesconhecidos.com.br, time : 39, hop cnt : 5
[2021-12-06 16:22:14,824] client.Client<Client:16034>:OUTPUT: Result of query for rbc.ru = 80.68.253.13
[2021-12-06 16:22:14,824] client.Client<Client:16034>:OUTPUT: website : rbc.ru, time : 32, hop cnt : 4
[2021-12-06 16:22:14,874] client.Client<Client:16034>:OUTPUT: Result of query for addthis.com = 23.62.26.12
[2021-12-06 16:22:14,874] client.Client<Client:16034>:OUTPUT: website : addthis.com, time : 50, hop cnt : 6
[2021-12-06 16:22:14,913] client.Client<Client:16034>:OUTPUT: Result of query for unity3d.com = 23.52.160.97
[2021-12-06 16:22:14,913] client.Client<Client:16034>:OUTPUT: website : unity3d.com, time : 38, hop cnt : 5
[2021-12-06 16:22:14,951] client.Client<Client:16034>:OUTPUT: Result of query for caliente.mx = 134.213.233.164
[2021-12-06 16:22:14,951] client.Client<Client:16034>:OUTPUT: website : caliente.mx, time : 36, hop cnt : 6
[2021-12-06 16:22:14,979] client.Client<Client:16034>:OUTPUT: Result of query for xtube.com = 66.254.114.138
[2021-12-06 16:22:14,979] client.Client<Client:16034>:OUTPUT: website : xtube.com, time : 27, hop cnt : 4
[2021-12-06 16:22:15,014] client.Client<Client:16034>:OUTPUT: Result of query for howtogeek.com = 151.101.2.217
[2021-12-06 16:22:15,014] client.Client<Client:16034>:OUTPUT: website : howtogeek.com, time : 34, hop cnt : 4
[2021-12-06 16:22:15,034] client.Client<Client:16034>:OUTPUT: Result of query for android.com = 172.217.10.36
[2021-12-06 16:22:15,034] client.Client<Client:16034>:OUTPUT: website : android.com, time : 19, hop cnt : 3
[2021-12-06 16:22:15,077] client.Client<Client:16034>:OUTPUT: Result of query for gotporn.com = 104.26.0.144
[2021-12-06 16:22:15,077] client.Client<Client:16034>:OUTPUT: website : gotporn.com, time : 42, hop cnt : 5
[2021-12-06 16:22:15,099] client.Client<Client:16034>:OUTPUT: Result of query for snapdeal.com = 103.194.153.149
[2021-12-06 16:22:15,099] client.Client<Client:16034>:OUTPUT: website : snapdeal.com, time : 20, hop cnt : 3
[2021-12-06 16:22:15,128] client.Client<Client:16034>:OUTPUT: Result of query for wp.com = 192.0.78.24
[2021-12-06 16:22:15,128] client.Client<Client:16034>:OUTPUT: website : wp.com, time : 27, hop cnt : 4
[2021-12-06 16:22:15,150] client.Client<Client:16034>:OUTPUT: Result of query for ecosia.org = 99.79.87.141
[2021-12-06 16:22:15,150] client.Client<Client:16034>:OUTPUT: website : ecosia.org, time : 22, hop cnt : 4
[2021-12-06 16:22:15,184] client.Client<Client:16034>:OUTPUT: Result of query for westernjournalism.com = 104.31.69.99
[2021-12-06 16:22:15,184] client.Client<Client:16034>:OUTPUT: website : westernjournalism.com, time : 33, hop cnt : 5
[2021-12-06 16:22:15,218] client.Client<Client:16034>:OUTPUT: Result of query for investing.com = 185.94.84.100
[2021-12-06 16:22:15,218] client.Client<Client:16034>:OUTPUT: website : investing.com, time : 32, hop cnt : 4
[2021-12-06 16:22:15,246] client.Client<Client:16034>:OUTPUT: Result of query for cisco.com = 72.163.4.185
[2021-12-06 16:22:15,246] client.Client<Client:16034>:OUTPUT: website : cisco.com, time : 27, hop cnt : 3
[2021-12-06 16:22:15,283] client.Client<Client:16034>:OUTPUT: Result of query for interia.pl = 217.74.65.23
[2021-12-06 16:22:15,283] client.Client<Client:16034>:OUTPUT: website : interia.pl, time : 36, hop cnt : 5
[2021-12-06 16:22:15,323] client.Client<Client:16034>:OUTPUT: Result of query for thebalance.com = 151.101.2.137
[2021-12-06 16:22:15,323] client.Client<Client:16034>:OUTPUT: website : thebalance.com, time : 39, hop cnt : 6
[2021-12-06 16:22:15,356] client.Client<Client:16034>:OUTPUT: Result of query for elbalad.news = 104.26.10.149
[2021-12-06 16:22:15,356] client.Client<Client:16034>:OUTPUT: website : elbalad.news, time : 31, hop cnt : 4
[2021-12-06 16:22:15,384] client.Client<Client:16034>:OUTPUT: Result of query for elmogaz.com = 104.28.13.91
[2021-12-06 16:22:15,384] client.Client<Client:16034>:OUTPUT: website : elmogaz.com, time : 27, hop cnt : 5
[2021-12-06 16:22:15,407] client.Client<Client:16034>:OUTPUT: Result of query for commentcamarche.net = 194.169.240.16
[2021-12-06 16:22:15,407] client.Client<Client:16034>:OUTPUT: website : commentcamarche.net, time : 22, hop cnt : 3
[2021-12-06 16:22:15,435] client.Client<Client:16034>:OUTPUT: Result of query for tomshardware.com = 185.113.25.55
[2021-12-06 16:22:15,435] client.Client<Client:16034>:OUTPUT: website : tomshardware.com, time : 27, hop cnt : 5
[2021-12-06 16:22:15,462] client.Client<Client:16034>:OUTPUT: Result of query for el-nacional.com = 104.27.187.87
[2021-12-06 16:22:15,462] client.Client<Client:16034>:OUTPUT: website : el-nacional.com, time : 26, hop cnt : 4
[2021-12-06 16:22:15,502] client.Client<Client:16034>:OUTPUT: Result of query for google.com.ec = 172.217.10.35
[2021-12-06 16:22:15,502] client.Client<Client:16034>:OUTPUT: website : google.com.ec, time : 39, hop cnt : 5
[2021-12-06 16:22:15,562] client.Client<Client:16034>:OUTPUT: Result of query for fidelity.com = 155.199.32.138
[2021-12-06 16:22:15,562] client.Client<Client:16034>:OUTPUT: website : fidelity.com, time : 56, hop cnt : 6
[2021-12-06 16:22:15,592] client.Client<Client:16034>:OUTPUT: Result of query for 4pda.ru = 104.20.41.23
[2021-12-06 16:22:15,592] client.Client<Client:16034>:OUTPUT: website : 4pda.ru, time : 29, hop cnt : 5
[2021-12-06 16:22:15,629] client.Client<Client:16034>:OUTPUT: Result of query for express.co.uk = 13.225.229.89
[2021-12-06 16:22:15,630] client.Client<Client:16034>:OUTPUT: website : express.co.uk, time : 36, hop cnt : 5
[2021-12-06 16:22:15,672] client.Client<Client:16034>:OUTPUT: Result of query for viva.co.id = 172.67.18.44
[2021-12-06 16:22:15,673] client.Client<Client:16034>:OUTPUT: website : viva.co.id, time : 41, hop cnt : 6
[2021-12-06 16:22:15,701] client.Client<Client:16034>:OUTPUT: Result of query for duolingo.com = 184.72.124.184
[2021-12-06 16:22:15,701] client.Client<Client:16034>:OUTPUT: website : duolingo.com, time : 27, hop cnt : 5
[2021-12-06 16:22:15,747] client.Client<Client:16034>:OUTPUT: Result of query for php.net = 185.85.0.29
[2021-12-06 16:22:15,747] client.Client<Client:16034>:OUTPUT: website : php.net, time : 45, hop cnt : 6
[2021-12-06 16:22:15,809] client.Client<Client:16034>:OUTPUT: Result of query for prothom-alo.com = 23.50.53.194
[2021-12-06 16:22:15,809] client.Client<Client:16034>:OUTPUT: website : prothom-alo.com, time : 60, hop cnt : 6
[2021-12-06 16:22:15,846] client.Client<Client:16034>:OUTPUT: Result of query for hamariweb.com = 172.67.15.64
[2021-12-06 16:22:15,846] client.Client<Client:16034>:OUTPUT: website : hamariweb.com, time : 36, hop cnt : 5
[2021-12-06 16:22:15,884] client.Client<Client:16034>:OUTPUT: Result of query for europa.eu = 147.67.210.45
[2021-12-06 16:22:15,884] client.Client<Client:16034>:OUTPUT: website : europa.eu, time : 36, hop cnt : 6
[2021-12-06 16:22:15,923] client.Client<Client:16034>:OUTPUT: Result of query for jimdo.com = 151.101.2.2
[2021-12-06 16:22:15,923] client.Client<Client:16034>:OUTPUT: website : jimdo.com, time : 38, hop cnt : 4
[2021-12-06 16:22:15,956] client.Client<Client:16034>:OUTPUT: Result of query for indianexpress.com = 23.64.100.177
[2021-12-06 16:22:15,956] client.Client<Client:16034>:OUTPUT: website : indianexpress.com, time : 31, hop cnt : 5
[2021-12-06 16:22:15,984] client.Client<Client:16034>:OUTPUT: Result of query for cpmofferconvert.com = 199.80.54.51
[2021-12-06 16:22:15,984] client.Client<Client:16034>:OUTPUT: website : cpmofferconvert.com, time : 27, hop cnt : 3
[2021-12-06 16:22:16,010] client.Client<Client:16034>:OUTPUT: Result of query for telewebion.com = 148.251.202.74
[2021-12-06 16:22:16,010] client.Client<Client:16034>:OUTPUT: website : telewebion.com, time : 23, hop cnt : 3
[2021-12-06 16:22:16,044] client.Client<Client:16034>:OUTPUT: Result of query for latimes.com = 54.203.39.209
[2021-12-06 16:22:16,044] client.Client<Client:16034>:OUTPUT: website : latimes.com, time : 32, hop cnt : 4
[2021-12-06 16:22:16,073] client.Client<Client:16034>:OUTPUT: Result of query for how01.com = 104.27.187.207
[2021-12-06 16:22:16,073] client.Client<Client:16034>:OUTPUT: website : how01.com, time : 28, hop cnt : 4
[2021-12-06 16:22:16,117] client.Client<Client:16034>:OUTPUT: Result of query for techradar.com = 185.113.25.56
[2021-12-06 16:22:16,117] client.Client<Client:16034>:OUTPUT: website : techradar.com, time : 43, hop cnt : 6
[2021-12-06 16:22:16,144] client.Client<Client:16034>:OUTPUT: Result of query for timeanddate.com = 64.130.3.227
[2021-12-06 16:22:16,144] client.Client<Client:16034>:OUTPUT: website : timeanddate.com, time : 26, hop cnt : 4
[2021-12-06 16:22:16,175] client.Client<Client:16034>:OUTPUT: Result of query for zone-telechargement.ws = 104.18.35.80
[2021-12-06 16:22:16,175] client.Client<Client:16034>:OUTPUT: website : zone-telechargement.ws, time : 29, hop cnt : 5
[2021-12-06 16:22:16,195] client.Client<Client:16034>:OUTPUT: Result of query for voyeurhit.com = 172.64.106.12
[2021-12-06 16:22:16,195] client.Client<Client:16034>:OUTPUT: website : voyeurhit.com, time : 20, hop cnt : 3
[2021-12-06 16:22:16,237] client.Client<Client:16034>:OUTPUT: Result of query for fanpage.gr = 46.4.100.237
[2021-12-06 16:22:16,237] client.Client<Client:16034>:OUTPUT: website : fanpage.gr, time : 41, hop cnt : 4
[2021-12-06 16:22:16,257] client.Client<Client:16034>:OUTPUT: Result of query for pchome.com.tw = 210.59.230.39
[2021-12-06 16:22:16,257] client.Client<Client:16034>:OUTPUT: website : pchome.com.tw, time : 19, hop cnt : 3
[2021-12-06 16:22:16,295] client.Client<Client:16034>:OUTPUT: Result of query for okezone.com = 202.80.220.218
[2021-12-06 16:22:16,295] client.Client<Client:16034>:OUTPUT: website : okezone.com, time : 37, hop cnt : 5
[2021-12-06 16:22:16,322] client.Client<Client:16034>:OUTPUT: Result of query for intel.com = 13.91.95.74
[2021-12-06 16:22:16,322] client.Client<Client:16034>:OUTPUT: website : intel.com, time : 25, hop cnt : 3
[2021-12-06 16:22:16,356] client.Client<Client:16034>:OUTPUT: Result of query for bhphotovideo.com = 104.18.24.211
[2021-12-06 16:22:16,356] client.Client<Client:16034>:OUTPUT: website : bhphotovideo.com, time : 33, hop cnt : 5
[2021-12-06 16:22:16,397] client.Client<Client:16034>:OUTPUT: Result of query for gazetaexpress.com = 104.27.163.159
[2021-12-06 16:22:16,397] client.Client<Client:16034>:OUTPUT: website : gazetaexpress.com, time : 40, hop cnt : 6
[2021-12-06 16:22:16,460] client.Client<Client:16034>:OUTPUT: Result of query for uber.com = 104.36.195.150
[2021-12-06 16:22:16,460] client.Client<Client:16034>:OUTPUT: website : uber.com, time : 61, hop cnt : 7
[2021-12-06 16:22:16,491] client.Client<Client:16034>:OUTPUT: Result of query for disqus.com = 151.101.128.134
[2021-12-06 16:22:16,491] client.Client<Client:16034>:OUTPUT: website : disqus.com, time : 30, hop cnt : 5
[2021-12-06 16:22:16,554] client.Client<Client:16034>:OUTPUT: Result of query for google.lt = 172.217.11.3
[2021-12-06 16:22:16,554] client.Client<Client:16034>:OUTPUT: website : google.lt, time : 61, hop cnt : 7
[2021-12-06 16:22:16,582] client.Client<Client:16034>:OUTPUT: Result of query for kizlarsoruyor.com = 176.53.93.6
[2021-12-06 16:22:16,582] client.Client<Client:16034>:OUTPUT: website : kizlarsoruyor.com, time : 27, hop cnt : 4
[2021-12-06 16:22:16,631] client.Client<Client:16034>:OUTPUT: Result of query for grammarly.com = 107.22.123.252
[2021-12-06 16:22:16,631] client.Client<Client:16034>:OUTPUT: website : grammarly.com, time : 48, hop cnt : 6
[2021-12-06 16:22:16,666] client.Client<Client:16034>:OUTPUT: Result of query for kissasian.com = 72.47.244.105
[2021-12-06 16:22:16,666] client.Client<Client:16034>:OUTPUT: website : kissasian.com, time : 34, hop cnt : 5
[2021-12-06 16:22:16,690] client.Client<Client:16034>:OUTPUT: Result of query for hootsuite.com = 52.200.29.168
[2021-12-06 16:22:16,690] client.Client<Client:16034>:OUTPUT: website : hootsuite.com, time : 23, hop cnt : 4
[2021-12-06 16:22:16,715] client.Client<Client:16034>:OUTPUT: Result of query for khanacademy.org = 13.225.229.43
[2021-12-06 16:22:16,715] client.Client<Client:16034>:OUTPUT: website : khanacademy.org, time : 23, hop cnt : 4
[2021-12-06 16:22:16,763] client.Client<Client:16034>:OUTPUT: Result of query for qoolquiz.com = 104.26.9.108
[2021-12-06 16:22:16,763] client.Client<Client:16034>:OUTPUT: website : qoolquiz.com, time : 47, hop cnt : 6
[2021-12-06 16:22:16,789] client.Client<Client:16034>:OUTPUT: Result of query for zara.com = 23.33.180.196
[2021-12-06 16:22:16,790] client.Client<Client:16034>:OUTPUT: website : zara.com, time : 25, hop cnt : 4
[2021-12-06 16:22:16,836] client.Client<Client:16034>:OUTPUT: Result of query for nordstrom.com = 173.223.237.217
[2021-12-06 16:22:16,836] client.Client<Client:16034>:OUTPUT: website : nordstrom.com, time : 45, hop cnt : 6
[2021-12-06 16:22:16,874] client.Client<Client:16034>:OUTPUT: Result of query for google.iq = 172.217.10.131
[2021-12-06 16:22:16,874] client.Client<Client:16034>:OUTPUT: website : google.iq, time : 34, hop cnt : 5
[2021-12-06 16:22:16,893] client.Client<Client:16034>:OUTPUT: Result of query for ieee.org = 140.98.193.152
[2021-12-06 16:22:16,893] client.Client<Client:16034>:OUTPUT: website : ieee.org, time : 18, hop cnt : 3
[2021-12-06 16:22:16,922] client.Client<Client:16034>:OUTPUT: Result of query for pof.com = 104.18.17.5
[2021-12-06 16:22:16,922] client.Client<Client:16034>:OUTPUT: website : pof.com, time : 28, hop cnt : 6
[2021-12-06 16:22:16,956] client.Client<Client:16034>:OUTPUT: Result of query for ebay.fr = 66.135.196.249
[2021-12-06 16:22:16,956] client.Client<Client:16034>:OUTPUT: website : ebay.fr, time : 33, hop cnt : 4
[2021-12-06 16:22:16,985] client.Client<Client:16034>:OUTPUT: Result of query for mobile01.com = 35.201.234.200
[2021-12-06 16:22:16,985] client.Client<Client:16034>:OUTPUT: website : mobile01.com, time : 28, hop cnt : 4
[2021-12-06 16:22:17,028] client.Client<Client:16034>:OUTPUT: Result of query for zing.vn = 118.102.1.119
[2021-12-06 16:22:17,028] client.Client<Client:16034>:OUTPUT: website : zing.vn, time : 39, hop cnt : 5
[2021-12-06 16:22:17,072] client.Client<Client:16034>:OUTPUT: Result of query for lifewire.com = 151.101.2.137
[2021-12-06 16:22:17,072] client.Client<Client:16034>:OUTPUT: website : lifewire.com, time : 42, hop cnt : 6
[2021-12-06 16:22:17,097] client.Client<Client:16034>:OUTPUT: Result of query for instructables.com = 151.101.129.105
[2021-12-06 16:22:17,097] client.Client<Client:16034>:OUTPUT: website : instructables.com, time : 24, hop cnt : 4
[2021-12-06 16:22:17,125] client.Client<Client:16034>:OUTPUT: Result of query for wykop.pl = 51.83.238.216
[2021-12-06 16:22:17,125] client.Client<Client:16034>:OUTPUT: website : wykop.pl, time : 26, hop cnt : 5
[2021-12-06 16:22:17,168] client.Client<Client:16034>:OUTPUT: Result of query for my-hit.org = 195.138.242.59
[2021-12-06 16:22:17,168] client.Client<Client:16034>:OUTPUT: website : my-hit.org, time : 43, hop cnt : 6
[2021-12-06 16:22:17,207] client.Client<Client:16034>:OUTPUT: Result of query for chinaso.com = 111.13.9.85
[2021-12-06 16:22:17,208] client.Client<Client:16034>:OUTPUT: website : chinaso.com, time : 34, hop cnt : 5
[2021-12-06 16:22:17,252] client.Client<Client:16034>:OUTPUT: Result of query for kinoprofi.org = 67.227.226.240
[2021-12-06 16:22:17,252] client.Client<Client:16034>:OUTPUT: website : kinoprofi.org, time : 44, hop cnt : 6
[2021-12-06 16:22:17,300] client.Client<Client:16034>:OUTPUT: Result of query for deviantart.net = 35.163.165.36
[2021-12-06 16:22:17,300] client.Client<Client:16034>:OUTPUT: website : deviantart.net, time : 47, hop cnt : 5
[2021-12-06 16:22:17,338] client.Client<Client:16034>:OUTPUT: Result of query for intoday.in = 52.74.32.52
[2021-12-06 16:22:17,338] client.Client<Client:16034>:OUTPUT: website : intoday.in, time : 36, hop cnt : 6
[2021-12-06 16:22:17,370] client.Client<Client:16034>:OUTPUT: Result of query for jw.org = 23.217.153.150
[2021-12-06 16:22:17,370] client.Client<Client:16034>:OUTPUT: website : jw.org, time : 31, hop cnt : 5
[2021-12-06 16:22:17,401] client.Client<Client:16034>:OUTPUT: Result of query for vidzi.tv = 69.16.230.42
[2021-12-06 16:22:17,401] client.Client<Client:16034>:OUTPUT: website : vidzi.tv, time : 30, hop cnt : 4
[2021-12-06 16:22:17,433] client.Client<Client:16034>:OUTPUT: Result of query for gazeta.pl = 80.252.0.145
[2021-12-06 16:22:17,433] client.Client<Client:16034>:OUTPUT: website : gazeta.pl, time : 31, hop cnt : 5
[2021-12-06 16:22:17,467] client.Client<Client:16034>:OUTPUT: Result of query for thehill.com = 151.101.66.217
[2021-12-06 16:22:17,467] client.Client<Client:16034>:OUTPUT: website : thehill.com, time : 33, hop cnt : 4
[2021-12-06 16:22:17,500] client.Client<Client:16034>:OUTPUT: Result of query for google.com.mm = 172.217.9.228
[2021-12-06 16:22:17,500] client.Client<Client:16034>:OUTPUT: website : google.com.mm, time : 31, hop cnt : 4
[2021-12-06 16:22:17,531] client.Client<Client:16034>:OUTPUT: Result of query for delta.com = 204.74.99.103
[2021-12-06 16:22:17,531] client.Client<Client:16034>:OUTPUT: website : delta.com, time : 30, hop cnt : 4
[2021-12-06 16:22:17,562] client.Client<Client:16034>:OUTPUT: Result of query for prnt.sc = 104.26.14.80
[2021-12-06 16:22:17,562] client.Client<Client:16034>:OUTPUT: website : prnt.sc, time : 30, hop cnt : 4
[2021-12-06 16:22:17,604] client.Client<Client:16034>:OUTPUT: Result of query for olx.in = 204.74.99.100
[2021-12-06 16:22:17,604] client.Client<Client:16034>:OUTPUT: website : olx.in, time : 41, hop cnt : 5
[2021-12-06 16:22:17,649] client.Client<Client:16034>:OUTPUT: Result of query for faithtap.com = 104.27.134.194
[2021-12-06 16:22:17,649] client.Client<Client:16034>:OUTPUT: website : faithtap.com, time : 44, hop cnt : 5
[2021-12-06 16:22:17,677] client.Client<Client:16034>:OUTPUT: Result of query for mobile.de = 194.50.69.124
[2021-12-06 16:22:17,677] client.Client<Client:16034>:OUTPUT: website : mobile.de, time : 27, hop cnt : 4
[2021-12-06 16:22:17,718] client.Client<Client:16034>:OUTPUT: Result of query for yenisafak.com = 52.174.3.80
[2021-12-06 16:22:17,718] client.Client<Client:16034>:OUTPUT: website : yenisafak.com, time : 40, hop cnt : 5
[2021-12-06 16:22:17,753] client.Client<Client:16034>:OUTPUT: Result of query for gongchang.com = 129.204.138.37
[2021-12-06 16:22:17,753] client.Client<Client:16034>:OUTPUT: website : gongchang.com, time : 30, hop cnt : 4
[2021-12-06 16:22:17,771] client.Client<Client:16034>:OUTPUT: Result of query for time.com = 13.32.207.106
[2021-12-06 16:22:17,771] client.Client<Client:16034>:OUTPUT: website : time.com, time : 18, hop cnt : 2
[2021-12-06 16:22:17,806] client.Client<Client:16034>:OUTPUT: Result of query for yaplakal.com = 5.187.1.122
[2021-12-06 16:22:17,806] client.Client<Client:16034>:OUTPUT: website : yaplakal.com, time : 33, hop cnt : 5
[2021-12-06 16:22:17,847] client.Client<Client:16034>:OUTPUT: Result of query for y8.com = 67.205.142.78
[2021-12-06 16:22:17,847] client.Client<Client:16034>:OUTPUT: website : y8.com, time : 39, hop cnt : 5
[2021-12-06 16:22:17,901] client.Client<Client:16034>:OUTPUT: Result of query for 58.com = 115.159.231.173
[2021-12-06 16:22:17,901] client.Client<Client:16034>:OUTPUT: website : 58.com, time : 53, hop cnt : 6
[2021-12-06 16:22:17,934] client.Client<Client:16034>:OUTPUT: Result of query for allrecipes.com = 13.93.202.50
[2021-12-06 16:22:17,934] client.Client<Client:16034>:OUTPUT: website : allrecipes.com, time : 32, hop cnt : 5
[2021-12-06 16:22:17,980] client.Client<Client:16034>:OUTPUT: Result of query for sinoptik.ua = 212.42.76.150
[2021-12-06 16:22:17,980] client.Client<Client:16034>:OUTPUT: website : sinoptik.ua, time : 45, hop cnt : 5
[2021-12-06 16:22:18,015] client.Client<Client:16034>:OUTPUT: Result of query for eyny.com = 172.241.24.65
[2021-12-06 16:22:18,015] client.Client<Client:16034>:OUTPUT: website : eyny.com, time : 33, hop cnt : 4
[2021-12-06 16:22:18,047] client.Client<Client:16034>:OUTPUT: Result of query for donga.com = 210.115.155.100
[2021-12-06 16:22:18,047] client.Client<Client:16034>:OUTPUT: website : donga.com, time : 31, hop cnt : 5
[2021-12-06 16:22:18,068] client.Client<Client:16034>:OUTPUT: Result of query for sapo.pt = 213.13.146.142
[2021-12-06 16:22:18,068] client.Client<Client:16034>:OUTPUT: website : sapo.pt, time : 20, hop cnt : 2
[2021-12-06 16:22:18,094] client.Client<Client:16034>:OUTPUT: Result of query for merriam-webster.com = 13.225.229.123
[2021-12-06 16:22:18,094] client.Client<Client:16034>:OUTPUT: website : merriam-webster.com, time : 20, hop cnt : 3
[2021-12-06 16:22:18,131] client.Client<Client:16034>:OUTPUT: Result of query for python.org = 45.55.99.72
[2021-12-06 16:22:18,131] client.Client<Client:16034>:OUTPUT: website : python.org, time : 36, hop cnt : 4
[2021-12-06 16:22:18,159] client.Client<Client:16034>:OUTPUT: Result of query for sarkariresult.com = 104.18.18.133
[2021-12-06 16:22:18,159] client.Client<Client:16034>:OUTPUT: website : sarkariresult.com, time : 26, hop cnt : 4
[2021-12-06 16:22:18,178] client.Client<Client:16034>:OUTPUT: Result of query for popmyads.com = 104.24.127.152
[2021-12-06 16:22:18,178] client.Client<Client:16034>:OUTPUT: website : popmyads.com, time : 17, hop cnt : 3
[2021-12-06 16:22:18,213] client.Client<Client:16034>:OUTPUT: Result of query for cam4.com = 199.59.88.246
[2021-12-06 16:22:18,213] client.Client<Client:16034>:OUTPUT: website : cam4.com, time : 34, hop cnt : 5
[2021-12-06 16:22:18,248] client.Client<Client:16034>:OUTPUT: Result of query for 52pk.com = 117.50.36.70
[2021-12-06 16:22:18,248] client.Client<Client:16034>:OUTPUT: website : 52pk.com, time : 34, hop cnt : 5
[2021-12-06 16:22:18,287] client.Client<Client:16034>:OUTPUT: Result of query for usnews.com = 96.6.30.174
[2021-12-06 16:22:18,287] client.Client<Client:16034>:OUTPUT: website : usnews.com, time : 38, hop cnt : 5
[2021-12-06 16:22:18,326] client.Client<Client:16034>:OUTPUT: Result of query for stanford.edu = 171.67.215.200
[2021-12-06 16:22:18,326] client.Client<Client:16034>:OUTPUT: website : stanford.edu, time : 38, hop cnt : 5
[2021-12-06 16:22:18,370] client.Client<Client:16034>:OUTPUT: Result of query for sporx.com = 35.210.142.220
[2021-12-06 16:22:18,370] client.Client<Client:16034>:OUTPUT: website : sporx.com, time : 42, hop cnt : 4
[2021-12-06 16:22:18,399] client.Client<Client:16034>:OUTPUT: Result of query for cbsnews.com = 54.237.69.111
[2021-12-06 16:22:18,399] client.Client<Client:16034>:OUTPUT: website : cbsnews.com, time : 27, hop cnt : 4
[2021-12-06 16:22:18,431] client.Client<Client:16034>:OUTPUT: Result of query for mangafox.me = 104.21.234.234
[2021-12-06 16:22:18,431] client.Client<Client:16034>:OUTPUT: website : mangafox.me, time : 31, hop cnt : 3
[2021-12-06 16:22:18,483] client.Client<Client:16034>:OUTPUT: Result of query for eltrack.pro = 199.59.242.153
[2021-12-06 16:22:18,483] client.Client<Client:16034>:OUTPUT: website : eltrack.pro, time : 51, hop cnt : 6
[2021-12-06 16:22:18,533] client.Client<Client:16034>:OUTPUT: Result of query for myntra.com = 104.123.201.31
[2021-12-06 16:22:18,533] client.Client<Client:16034>:OUTPUT: website : myntra.com, time : 49, hop cnt : 6
[2021-12-06 16:22:18,555] client.Client<Client:16034>:OUTPUT: Result of query for cqnews.net = 219.153.58.101
[2021-12-06 16:22:18,555] client.Client<Client:16034>:OUTPUT: website : cqnews.net, time : 22, hop cnt : 4
[2021-12-06 16:22:18,591] client.Client<Client:16034>:OUTPUT: Result of query for tebyan.net = 185.78.20.130
[2021-12-06 16:22:18,591] client.Client<Client:16034>:OUTPUT: website : tebyan.net, time : 35, hop cnt : 4
[2021-12-06 16:22:18,630] client.Client<Client:16034>:OUTPUT: Result of query for dailypakistan.com.pk = 95.217.230.36
[2021-12-06 16:22:18,630] client.Client<Client:16034>:OUTPUT: website : dailypakistan.com.pk, time : 38, hop cnt : 5
[2021-12-06 16:22:18,676] client.Client<Client:16034>:OUTPUT: Result of query for ukr.net = 212.42.76.252
[2021-12-06 16:22:18,676] client.Client<Client:16034>:OUTPUT: website : ukr.net, time : 45, hop cnt : 5
[2021-12-06 16:22:18,722] client.Client<Client:16034>:OUTPUT: Result of query for issuu.com = 54.205.112.221
[2021-12-06 16:22:18,722] client.Client<Client:16034>:OUTPUT: website : issuu.com, time : 44, hop cnt : 6
[2021-12-06 16:22:18,752] client.Client<Client:16034>:OUTPUT: Result of query for caixa.gov.br = 200.201.166.253
[2021-12-06 16:22:18,753] client.Client<Client:16034>:OUTPUT: website : caixa.gov.br, time : 29, hop cnt : 4
[2021-12-06 16:22:18,790] client.Client<Client:16034>:OUTPUT: Result of query for state.gov = 34.233.79.178
[2021-12-06 16:22:18,790] client.Client<Client:16034>:OUTPUT: website : state.gov, time : 36, hop cnt : 6
[2021-12-06 16:22:18,835] client.Client<Client:16034>:OUTPUT: Result of query for justdial.com = 23.3.123.21
[2021-12-06 16:22:18,835] client.Client<Client:16034>:OUTPUT: website : justdial.com, time : 44, hop cnt : 5
[2021-12-06 16:22:18,873] client.Client<Client:16034>:OUTPUT: Result of query for sputniknews.com = 178.248.233.26
[2021-12-06 16:22:18,873] client.Client<Client:16034>:OUTPUT: website : sputniknews.com, time : 36, hop cnt : 5
[2021-12-06 16:22:18,908] client.Client<Client:16034>:OUTPUT: Result of query for myfitnesspal.com = 13.225.229.32
[2021-12-06 16:22:18,908] client.Client<Client:16034>:OUTPUT: website : myfitnesspal.com, time : 33, hop cnt : 3
[2021-12-06 16:22:18,948] client.Client<Client:16034>:OUTPUT: Result of query for ticketmaster.com = 151.101.2.87
[2021-12-06 16:22:18,948] client.Client<Client:16034>:OUTPUT: website : ticketmaster.com, time : 39, hop cnt : 6
[2021-12-06 16:22:18,992] client.Client<Client:16034>:OUTPUT: Result of query for bittrex.com = 104.17.153.108
[2021-12-06 16:22:18,993] client.Client<Client:16034>:OUTPUT: website : bittrex.com, time : 44, hop cnt : 6
[2021-12-06 16:22:19,019] client.Client<Client:16034>:OUTPUT: Result of query for zoom.us = 52.202.62.206
[2021-12-06 16:22:19,019] client.Client<Client:16034>:OUTPUT: website : zoom.us, time : 24, hop cnt : 3
[2021-12-06 16:22:19,076] client.Client<Client:16034>:OUTPUT: Result of query for wtoip.com = 118.178.113.110
[2021-12-06 16:22:19,076] client.Client<Client:16034>:OUTPUT: website : wtoip.com, time : 52, hop cnt : 6
[2021-12-06 16:22:19,126] client.Client<Client:16034>:OUTPUT: Result of query for xbox.com = 40.113.200.201
[2021-12-06 16:22:19,126] client.Client<Client:16034>:OUTPUT: website : xbox.com, time : 50, hop cnt : 7
[2021-12-06 16:22:19,170] client.Client<Client:16034>:OUTPUT: Result of query for google.com.gt = 172.217.3.99
[2021-12-06 16:22:19,170] client.Client<Client:16034>:OUTPUT: website : google.com.gt, time : 43, hop cnt : 6
[2021-12-06 16:22:19,198] client.Client<Client:16034>:OUTPUT: Result of query for comicbook.com = 151.101.66.133
[2021-12-06 16:22:19,198] client.Client<Client:16034>:OUTPUT: website : comicbook.com, time : 26, hop cnt : 4
[2021-12-06 16:22:19,238] client.Client<Client:16034>:OUTPUT: Result of query for asahi.com = 23.5.229.59
[2021-12-06 16:22:19,238] client.Client<Client:16034>:OUTPUT: website : asahi.com, time : 39, hop cnt : 5
[2021-12-06 16:22:19,266] client.Client<Client:16034>:OUTPUT: Result of query for codepen.io = 104.17.14.48
[2021-12-06 16:22:19,266] client.Client<Client:16034>:OUTPUT: website : codepen.io, time : 27, hop cnt : 4
[2021-12-06 16:22:19,309] client.Client<Client:16034>:OUTPUT: Result of query for makemytrip.com = 52.66.37.181
[2021-12-06 16:22:19,309] client.Client<Client:16034>:OUTPUT: website : makemytrip.com, time : 42, hop cnt : 5
[2021-12-06 16:22:19,329] client.Client<Client:16034>:OUTPUT: Result of query for tnctrx.com = 103.224.182.246
[2021-12-06 16:22:19,329] client.Client<Client:16034>:OUTPUT: website : tnctrx.com, time : 19, hop cnt : 3
[2021-12-06 16:22:19,374] client.Client<Client:16034>:OUTPUT: Result of query for metropoles.com = 104.18.24.118
[2021-12-06 16:22:19,374] client.Client<Client:16034>:OUTPUT: website : metropoles.com, time : 43, hop cnt : 5
[2021-12-06 16:22:19,413] client.Client<Client:16034>:OUTPUT: Result of query for idnes.cz = 185.17.117.32
[2021-12-06 16:22:19,413] client.Client<Client:16034>:OUTPUT: website : idnes.cz, time : 38, hop cnt : 6
[2021-12-06 16:22:19,439] client.Client<Client:16034>:OUTPUT: Result of query for nature.com = 195.128.8.101
[2021-12-06 16:22:19,439] client.Client<Client:16034>:OUTPUT: website : nature.com, time : 24, hop cnt : 4
[2021-12-06 16:22:19,478] client.Client<Client:16034>:OUTPUT: Result of query for dianping.com = 203.76.216.1
[2021-12-06 16:22:19,478] client.Client<Client:16034>:OUTPUT: website : dianping.com, time : 38, hop cnt : 6
[2021-12-06 16:22:19,520] client.Client<Client:16034>:OUTPUT: Result of query for nikkeibp.co.jp = 218.216.25.22
[2021-12-06 16:22:19,520] client.Client<Client:16034>:OUTPUT: website : nikkeibp.co.jp, time : 41, hop cnt : 5
[2021-12-06 16:22:19,544] client.Client<Client:16034>:OUTPUT: Result of query for dict.cc = 136.243.87.217
[2021-12-06 16:22:19,544] client.Client<Client:16034>:OUTPUT: website : dict.cc, time : 23, hop cnt : 4
[2021-12-06 16:22:19,564] client.Client<Client:16034>:OUTPUT: Result of query for redfin.com = 216.211.130.168
[2021-12-06 16:22:19,564] client.Client<Client:16034>:OUTPUT: website : redfin.com, time : 19, hop cnt : 3
[2021-12-06 16:22:19,605] client.Client<Client:16034>:OUTPUT: Result of query for costco.com = 23.5.175.156
[2021-12-06 16:22:19,605] client.Client<Client:16034>:OUTPUT: website : costco.com, time : 40, hop cnt : 4
[2021-12-06 16:22:19,643] client.Client<Client:16034>:OUTPUT: Result of query for nbcnews.com = 52.10.191.40
[2021-12-06 16:22:19,643] client.Client<Client:16034>:OUTPUT: website : nbcnews.com, time : 37, hop cnt : 6
[2021-12-06 16:22:19,671] client.Client<Client:16034>:OUTPUT: Result of query for agoda.com = 103.6.182.20
[2021-12-06 16:22:19,671] client.Client<Client:16034>:OUTPUT: website : agoda.com, time : 27, hop cnt : 4
[2021-12-06 16:22:19,698] client.Client<Client:16034>:OUTPUT: Result of query for lazada.com.my = 47.89.88.80
[2021-12-06 16:22:19,698] client.Client<Client:16034>:OUTPUT: website : lazada.com.my, time : 26, hop cnt : 4
[2021-12-06 16:22:19,744] client.Client<Client:16034>:OUTPUT: Result of query for bankmellat.ir = 176.56.156.136
[2021-12-06 16:22:19,744] client.Client<Client:16034>:OUTPUT: website : bankmellat.ir, time : 45, hop cnt : 5
[2021-12-06 16:22:19,771] client.Client<Client:16034>:OUTPUT: Result of query for huawei.com = 121.37.49.12
[2021-12-06 16:22:19,771] client.Client<Client:16034>:OUTPUT: website : huawei.com, time : 25, hop cnt : 4
[2021-12-06 16:22:19,799] client.Client<Client:16034>:OUTPUT: Result of query for allocine.fr = 185.129.44.22
[2021-12-06 16:22:19,799] client.Client<Client:16034>:OUTPUT: website : allocine.fr, time : 27, hop cnt : 4
[2021-12-06 16:22:19,823] client.Client<Client:16034>:OUTPUT: Result of query for usaa.com = 23.3.123.229
[2021-12-06 16:22:19,823] client.Client<Client:16034>:OUTPUT: website : usaa.com, time : 23, hop cnt : 3
[2021-12-06 16:22:19,836] client.Client<Client:16034>:OUTPUT: Result of query for admarketplace.net = 104.218.72.17
[2021-12-06 16:22:19,836] client.Client<Client:16034>:OUTPUT: website : admarketplace.net, time : 12, hop cnt : 3
[2021-12-06 16:22:19,858] client.Client<Client:16034>:OUTPUT: Result of query for strava.com = 34.204.56.92
[2021-12-06 16:22:19,858] client.Client<Client:16034>:OUTPUT: website : strava.com, time : 21, hop cnt : 3
[2021-12-06 16:22:19,900] client.Client<Client:16034>:OUTPUT: Result of query for qingdaonews.com = 61.133.84.135
[2021-12-06 16:22:19,900] client.Client<Client:16034>:OUTPUT: website : qingdaonews.com, time : 38, hop cnt : 6
[2021-12-06 16:22:19,940] client.Client<Client:16034>:OUTPUT: Result of query for plarium.com = 104.16.21.18
[2021-12-06 16:22:19,940] client.Client<Client:16034>:OUTPUT: website : plarium.com, time : 39, hop cnt : 5
[2021-12-06 16:22:19,977] client.Client<Client:16034>:OUTPUT: Result of query for tellonym.de = 104.27.156.135
[2021-12-06 16:22:19,977] client.Client<Client:16034>:OUTPUT: website : tellonym.de, time : 36, hop cnt : 5
[2021-12-06 16:22:20,025] client.Client<Client:16034>:OUTPUT: Result of query for idntimes.com = 163.53.193.44
[2021-12-06 16:22:20,025] client.Client<Client:16034>:OUTPUT: website : idntimes.com, time : 48, hop cnt : 6
[2021-12-06 16:22:20,044] client.Client<Client:16034>:OUTPUT: Result of query for google.si = 172.217.10.227
[2021-12-06 16:22:20,044] client.Client<Client:16034>:OUTPUT: website : google.si, time : 18, hop cnt : 4
[2021-12-06 16:22:20,069] client.Client<Client:16034>:OUTPUT: Result of query for op.gg = 1.201.138.254
[2021-12-06 16:22:20,070] client.Client<Client:16034>:OUTPUT: website : op.gg, time : 24, hop cnt : 3
[2021-12-06 16:22:20,118] client.Client<Client:16034>:OUTPUT: Result of query for mashable.com = 23.12.144.198
[2021-12-06 16:22:20,118] client.Client<Client:16034>:OUTPUT: website : mashable.com, time : 47, hop cnt : 5
[2021-12-06 16:22:20,151] client.Client<Client:16034>:OUTPUT: Result of query for ruten.com.tw = 60.199.140.65
[2021-12-06 16:22:20,152] client.Client<Client:16034>:OUTPUT: website : ruten.com.tw, time : 32, hop cnt : 5
[2021-12-06 16:22:20,195] client.Client<Client:16034>:OUTPUT: Result of query for zomato.com = 54.179.203.195
[2021-12-06 16:22:20,196] client.Client<Client:16034>:OUTPUT: website : zomato.com, time : 42, hop cnt : 6
[2021-12-06 16:22:20,246] client.Client<Client:16034>:OUTPUT: Result of query for brazzers.com = 66.254.114.234
[2021-12-06 16:22:20,246] client.Client<Client:16034>:OUTPUT: website : brazzers.com, time : 49, hop cnt : 6
[2021-12-06 16:22:20,294] client.Client<Client:16034>:OUTPUT: Result of query for clipconverter.cc = 145.239.154.176
[2021-12-06 16:22:20,294] client.Client<Client:16034>:OUTPUT: website : clipconverter.cc, time : 46, hop cnt : 7
[2021-12-06 16:22:20,323] client.Client<Client:16034>:OUTPUT: Result of query for andhrajyothy.com = 104.26.3.6
[2021-12-06 16:22:20,323] client.Client<Client:16034>:OUTPUT: website : andhrajyothy.com, time : 28, hop cnt : 6
[2021-12-06 16:22:20,357] client.Client<Client:16034>:OUTPUT: Result of query for labanquepostale.fr = 185.16.252.161
[2021-12-06 16:22:20,357] client.Client<Client:16034>:OUTPUT: website : labanquepostale.fr, time : 32, hop cnt : 4
[2021-12-06 16:22:20,383] client.Client<Client:16034>:OUTPUT: Result of query for chron.com = 98.129.228.59
[2021-12-06 16:22:20,383] client.Client<Client:16034>:OUTPUT: website : chron.com, time : 26, hop cnt : 4
[2021-12-06 16:22:20,411] client.Client<Client:16034>:OUTPUT: Result of query for politico.com = 54.84.228.234
[2021-12-06 16:22:20,411] client.Client<Client:16034>:OUTPUT: website : politico.com, time : 21, hop cnt : 3
[2021-12-06 16:22:20,436] client.Client<Client:16034>:OUTPUT: Result of query for cbc.ca = 23.14.157.242
[2021-12-06 16:22:20,436] client.Client<Client:16034>:OUTPUT: website : cbc.ca, time : 24, hop cnt : 4
[2021-12-06 16:22:20,474] client.Client<Client:16034>:OUTPUT: Result of query for gutefrage.net = 213.95.206.42
[2021-12-06 16:22:20,474] client.Client<Client:16034>:OUTPUT: website : gutefrage.net, time : 34, hop cnt : 5
[2021-12-06 16:22:20,519] client.Client<Client:16034>:OUTPUT: Result of query for torrentproject.se = 103.224.182.253
[2021-12-06 16:22:20,519] client.Client<Client:16034>:OUTPUT: website : torrentproject.se, time : 44, hop cnt : 5
[2021-12-06 16:22:20,554] client.Client<Client:16034>:OUTPUT: Result of query for uzone.id = 36.86.63.186
[2021-12-06 16:22:20,554] client.Client<Client:16034>:OUTPUT: website : uzone.id, time : 34, hop cnt : 5
[2021-12-06 16:22:20,594] client.Client<Client:16034>:OUTPUT: Result of query for focus.de = 104.77.150.181
[2021-12-06 16:22:20,594] client.Client<Client:16034>:OUTPUT: website : focus.de, time : 39, hop cnt : 4
[2021-12-06 16:22:20,639] client.Client<Client:16034>:OUTPUT: Result of query for google.tm = 172.217.10.4
[2021-12-06 16:22:20,639] client.Client<Client:16034>:OUTPUT: website : google.tm, time : 44, hop cnt : 6
[2021-12-06 16:22:20,680] client.Client<Client:16034>:OUTPUT: Result of query for united.com = 23.60.32.163
[2021-12-06 16:22:20,680] client.Client<Client:16034>:OUTPUT: website : united.com, time : 40, hop cnt : 5
[2021-12-06 16:22:20,723] client.Client<Client:16034>:OUTPUT: Result of query for segmentfault.com = 47.94.236.96
[2021-12-06 16:22:20,723] client.Client<Client:16034>:OUTPUT: website : segmentfault.com, time : 42, hop cnt : 5
[2021-12-06 16:22:20,741] client.Client<Client:16034>:OUTPUT: Result of query for welt.de = 195.50.178.200
[2021-12-06 16:22:20,741] client.Client<Client:16034>:OUTPUT: website : welt.de, time : 17, hop cnt : 3
[2021-12-06 16:22:20,765] client.Client<Client:16034>:OUTPUT: Result of query for yandex.com.tr = 87.250.255.11
[2021-12-06 16:22:20,766] client.Client<Client:16034>:OUTPUT: website : yandex.com.tr, time : 23, hop cnt : 3
[2021-12-06 16:22:20,786] client.Client<Client:16034>:OUTPUT: Result of query for likemag.com = 46.253.113.170
[2021-12-06 16:22:20,787] client.Client<Client:16034>:OUTPUT: website : likemag.com, time : 19, hop cnt : 5
[2021-12-06 16:22:20,835] client.Client<Client:16034>:OUTPUT: Result of query for primevideo.com = 13.225.229.84
[2021-12-06 16:22:20,835] client.Client<Client:16034>:OUTPUT: website : primevideo.com, time : 47, hop cnt : 6
[2021-12-06 16:22:20,882] client.Client<Client:16034>:OUTPUT: Result of query for turbobit.net = 91.235.142.174
[2021-12-06 16:22:20,882] client.Client<Client:16034>:OUTPUT: website : turbobit.net, time : 46, hop cnt : 5
[2021-12-06 16:22:20,936] client.Client<Client:16034>:OUTPUT: Result of query for chouftv.ma = 104.22.62.192
[2021-12-06 16:22:20,936] client.Client<Client:16034>:OUTPUT: website : chouftv.ma, time : 54, hop cnt : 6
[2021-12-06 16:22:21,014] client.Client<Client:16034>:OUTPUT: Result of query for freejobalert.com = 172.67.69.27
[2021-12-06 16:22:21,014] client.Client<Client:16034>:OUTPUT: website : freejobalert.com, time : 77, hop cnt : 8
[2021-12-06 16:22:21,071] client.Client<Client:16034>:OUTPUT: Result of query for gazzetta.it = 34.90.183.102
[2021-12-06 16:22:21,071] client.Client<Client:16034>:OUTPUT: website : gazzetta.it, time : 55, hop cnt : 5
[2021-12-06 16:22:21,101] client.Client<Client:16034>:OUTPUT: Result of query for perfectgirls.net = 104.22.6.84
[2021-12-06 16:22:21,101] client.Client<Client:16034>:OUTPUT: website : perfectgirls.net, time : 29, hop cnt : 4
[2021-12-06 16:22:21,133] client.Client<Client:16034>:OUTPUT: Result of query for lazada.com.ph = 47.89.88.80
[2021-12-06 16:22:21,134] client.Client<Client:16034>:OUTPUT: website : lazada.com.ph, time : 30, hop cnt : 4
[2021-12-06 16:22:21,165] client.Client<Client:16034>:OUTPUT: Result of query for tnaflix.com = 77.247.179.176
[2021-12-06 16:22:21,166] client.Client<Client:16034>:OUTPUT: website : tnaflix.com, time : 27, hop cnt : 5
[2021-12-06 16:22:21,208] client.Client<Client:16034>:OUTPUT: Result of query for worldstarhiphop.com = 52.13.46.21
[2021-12-06 16:22:21,208] client.Client<Client:16034>:OUTPUT: website : worldstarhiphop.com, time : 40, hop cnt : 5
[2021-12-06 16:22:21,261] client.Client<Client:16034>:OUTPUT: Result of query for ero-advertising.com = 217.22.19.212
[2021-12-06 16:22:21,261] client.Client<Client:16034>:OUTPUT: website : ero-advertising.com, time : 52, hop cnt : 5
[2021-12-06 16:22:21,306] client.Client<Client:16034>:OUTPUT: Result of query for liveinternet.ru = 88.212.202.50
[2021-12-06 16:22:21,306] client.Client<Client:16034>:OUTPUT: website : liveinternet.ru, time : 44, hop cnt : 6
[2021-12-06 16:22:21,345] client.Client<Client:16034>:OUTPUT: Result of query for dostor.org = 172.67.160.77
[2021-12-06 16:22:21,345] client.Client<Client:16034>:OUTPUT: website : dostor.org, time : 38, hop cnt : 5
[2021-12-06 16:22:21,388] client.Client<Client:16034>:OUTPUT: Result of query for vetogate.com = 172.67.161.200
[2021-12-06 16:22:21,388] client.Client<Client:16034>:OUTPUT: website : vetogate.com, time : 42, hop cnt : 6
[2021-12-06 16:22:21,421] client.Client<Client:16034>:OUTPUT: Result of query for digitalprivacyalert.org = 172.67.157.7
[2021-12-06 16:22:21,421] client.Client<Client:16034>:OUTPUT: website : digitalprivacyalert.org, time : 32, hop cnt : 5
[2021-12-06 16:22:21,472] client.Client<Client:16034>:OUTPUT: Result of query for secure-surf.net = 198.105.208.119
[2021-12-06 16:22:21,472] client.Client<Client:16034>:OUTPUT: website : secure-surf.net, time : 49, hop cnt : 6
[2021-12-06 16:22:21,512] client.Client<Client:16034>:OUTPUT: Result of query for 11st.co.kr = 113.217.247.90
[2021-12-06 16:22:21,512] client.Client<Client:16034>:OUTPUT: website : 11st.co.kr, time : 39, hop cnt : 5
[2021-12-06 16:22:21,535] client.Client<Client:16034>:OUTPUT: Result of query for dribbble.com = 192.229.210.197
[2021-12-06 16:22:21,536] client.Client<Client:16034>:OUTPUT: website : dribbble.com, time : 22, hop cnt : 4
[2021-12-06 16:22:21,581] client.Client<Client:16034>:OUTPUT: Result of query for webtretho.com = 123.30.128.200
[2021-12-06 16:22:21,581] client.Client<Client:16034>:OUTPUT: website : webtretho.com, time : 44, hop cnt : 7
[2021-12-06 16:22:21,638] client.Client<Client:16034>:OUTPUT: Result of query for tomsguide.com = 185.113.25.56
[2021-12-06 16:22:21,638] client.Client<Client:16034>:OUTPUT: website : tomsguide.com, time : 56, hop cnt : 7
[2021-12-06 16:22:21,696] client.Client<Client:16034>:OUTPUT: Result of query for imagetwist.com = 172.64.110.13
[2021-12-06 16:22:21,696] client.Client<Client:16034>:OUTPUT: website : imagetwist.com, time : 58, hop cnt : 5
[2021-12-06 16:22:21,756] client.Client<Client:16034>:OUTPUT: Result of query for lun.com = 190.96.78.13
[2021-12-06 16:22:21,756] client.Client<Client:16034>:OUTPUT: website : lun.com, time : 59, hop cnt : 6
[2021-12-06 16:22:21,796] client.Client<Client:16034>:OUTPUT: Result of query for bookmyshow.com = 104.16.124.37
[2021-12-06 16:22:21,797] client.Client<Client:16034>:OUTPUT: website : bookmyshow.com, time : 38, hop cnt : 5
[2021-12-06 16:22:21,843] client.Client<Client:16034>:OUTPUT: Result of query for ancestry.com = 45.60.63.104
[2021-12-06 16:22:21,843] client.Client<Client:16034>:OUTPUT: website : ancestry.com, time : 45, hop cnt : 6
[2021-12-06 16:22:21,877] client.Client<Client:16034>:OUTPUT: Result of query for ea.com = 96.6.28.15
[2021-12-06 16:22:21,877] client.Client<Client:16034>:OUTPUT: website : ea.com, time : 32, hop cnt : 6
[2021-12-06 16:22:21,903] client.Client<Client:16034>:OUTPUT: Result of query for artstation.com = 104.18.153.26
[2021-12-06 16:22:21,903] client.Client<Client:16034>:OUTPUT: website : artstation.com, time : 25, hop cnt : 5
[2021-12-06 16:22:21,934] client.Client<Client:16034>:OUTPUT: Result of query for livestrong.com = 23.78.176.126
[2021-12-06 16:22:21,934] client.Client<Client:16034>:OUTPUT: website : livestrong.com, time : 29, hop cnt : 3
[2021-12-06 16:22:21,982] client.Client<Client:16034>:OUTPUT: Result of query for piriform.com = 151.101.64.64
[2021-12-06 16:22:21,982] client.Client<Client:16034>:OUTPUT: website : piriform.com, time : 47, hop cnt : 6
[2021-12-06 16:22:22,034] client.Client<Client:16034>:OUTPUT: Result of query for nulltheme.net = 104.247.82.11
[2021-12-06 16:22:22,035] client.Client<Client:16034>:OUTPUT: website : nulltheme.net, time : 52, hop cnt : 6
[2021-12-06 16:22:22,071] client.Client<Client:16034>:OUTPUT: Result of query for wayfair.com = 162.208.32.80
[2021-12-06 16:22:22,072] client.Client<Client:16034>:OUTPUT: website : wayfair.com, time : 35, hop cnt : 5
[2021-12-06 16:22:22,112] client.Client<Client:16034>:OUTPUT: Result of query for theatlantic.com = 151.101.66.133
[2021-12-06 16:22:22,112] client.Client<Client:16034>:OUTPUT: website : theatlantic.com, time : 39, hop cnt : 6
[2021-12-06 16:22:22,162] client.Client<Client:16034>:OUTPUT: Result of query for apache.org = 40.79.78.1
[2021-12-06 16:22:22,162] client.Client<Client:16034>:OUTPUT: website : apache.org, time : 49, hop cnt : 6
[2021-12-06 16:22:22,222] client.Client<Client:16034>:OUTPUT: Result of query for liveleak.com = 199.80.59.186
[2021-12-06 16:22:22,222] client.Client<Client:16034>:OUTPUT: website : liveleak.com, time : 59, hop cnt : 7
[2021-12-06 16:22:22,244] client.Client<Client:16034>:OUTPUT: Result of query for skysports.com = 90.216.129.62
[2021-12-06 16:22:22,244] client.Client<Client:16034>:OUTPUT: website : skysports.com, time : 21, hop cnt : 3
[2021-12-06 16:22:22,293] client.Client<Client:16034>:OUTPUT: Result of query for polygon.com = 151.101.129.52
[2021-12-06 16:22:22,293] client.Client<Client:16034>:OUTPUT: website : polygon.com, time : 49, hop cnt : 7
[2021-12-06 16:22:22,341] client.Client<Client:16034>:OUTPUT: Result of query for td.com = 192.229.162.193
[2021-12-06 16:22:22,341] client.Client<Client:16034>:OUTPUT: website : td.com, time : 47, hop cnt : 6
[2021-12-06 16:22:22,370] client.Client<Client:16034>:OUTPUT: Result of query for pcgamer.com = 185.113.25.55
[2021-12-06 16:22:22,370] client.Client<Client:16034>:OUTPUT: website : pcgamer.com, time : 27, hop cnt : 5
[2021-12-06 16:22:22,426] client.Client<Client:16034>:OUTPUT: Result of query for internetdownloadmanager.com = 169.60.186.153
[2021-12-06 16:22:22,426] client.Client<Client:16034>:OUTPUT: website : internetdownloadmanager.com, time : 55, hop cnt : 6
[2021-12-06 16:22:22,464] client.Client<Client:16034>:OUTPUT: Result of query for lazada.co.th = 47.89.75.205
[2021-12-06 16:22:22,464] client.Client<Client:16034>:OUTPUT: website : lazada.co.th, time : 37, hop cnt : 5
[2021-12-06 16:22:22,498] client.Client<Client:16034>:OUTPUT: Result of query for dmv.org = 3.214.71.201
[2021-12-06 16:22:22,498] client.Client<Client:16034>:OUTPUT: website : dmv.org, time : 33, hop cnt : 5
[2021-12-06 16:22:22,520] client.Client<Client:16034>:OUTPUT: Result of query for elvenar.com = 212.48.98.22
[2021-12-06 16:22:22,520] client.Client<Client:16034>:OUTPUT: website : elvenar.com, time : 21, hop cnt : 4
[2021-12-06 16:22:22,565] client.Client<Client:16034>:OUTPUT: Result of query for avira.com = 52.58.28.12
[2021-12-06 16:22:22,566] client.Client<Client:16034>:OUTPUT: website : avira.com, time : 44, hop cnt : 6
[2021-12-06 16:22:22,617] client.Client<Client:16034>:OUTPUT: Result of query for vjav.com = 172.64.142.27
[2021-12-06 16:22:22,617] client.Client<Client:16034>:OUTPUT: website : vjav.com, time : 47, hop cnt : 5
[2021-12-06 16:22:22,648] client.Client<Client:16034>:OUTPUT: Result of query for photobucket.com = 13.224.119.54
[2021-12-06 16:22:22,648] client.Client<Client:16034>:OUTPUT: website : photobucket.com, time : 30, hop cnt : 4
[2021-12-06 16:22:22,684] client.Client<Client:16034>:OUTPUT: Result of query for ryanair.com = 216.146.46.11
[2021-12-06 16:22:22,684] client.Client<Client:16034>:OUTPUT: website : ryanair.com, time : 34, hop cnt : 5
[2021-12-06 16:22:22,734] client.Client<Client:16034>:OUTPUT: Result of query for datumglobal.com = 67.227.226.241
[2021-12-06 16:22:22,734] client.Client<Client:16034>:OUTPUT: website : datumglobal.com, time : 50, hop cnt : 5
[2021-12-06 16:22:22,765] client.Client<Client:16034>:OUTPUT: Result of query for pastebin.com = 104.23.98.190
[2021-12-06 16:22:22,765] client.Client<Client:16034>:OUTPUT: website : pastebin.com, time : 30, hop cnt : 5
[2021-12-06 16:22:22,812] client.Client<Client:16034>:OUTPUT: Result of query for namasha.com = 77.238.123.22
[2021-12-06 16:22:22,812] client.Client<Client:16034>:OUTPUT: website : namasha.com, time : 43, hop cnt : 5
[2021-12-06 16:22:22,855] client.Client<Client:16034>:OUTPUT: Result of query for friendsheart.com = 67.227.226.240
[2021-12-06 16:22:22,855] client.Client<Client:16034>:OUTPUT: website : friendsheart.com, time : 42, hop cnt : 5
[2021-12-06 16:22:22,888] client.Client<Client:16034>:OUTPUT: Result of query for aa.com = 104.116.253.72
[2021-12-06 16:22:22,888] client.Client<Client:16034>:OUTPUT: website : aa.com, time : 32, hop cnt : 4
[2021-12-06 16:22:22,933] client.Client<Client:16034>:OUTPUT: Result of query for google.com.af = 172.217.12.196
[2021-12-06 16:22:22,933] client.Client<Client:16034>:OUTPUT: website : google.com.af, time : 44, hop cnt : 5
[2021-12-06 16:22:22,969] client.Client<Client:16034>:OUTPUT: Result of query for n11.com = 176.41.133.10
[2021-12-06 16:22:22,969] client.Client<Client:16034>:OUTPUT: website : n11.com, time : 35, hop cnt : 5
[2021-12-06 16:22:22,984] client.Client<Client:16034>:OUTPUT: Result of query for yjc.ir = 94.182.146.12
[2021-12-06 16:22:22,985] client.Client<Client:16034>:OUTPUT: website : yjc.ir, time : 14, hop cnt : 3
[2021-12-06 16:22:23,018] client.Client<Client:16034>:OUTPUT: Result of query for vesti.ru = 80.247.32.208
[2021-12-06 16:22:23,019] client.Client<Client:16034>:OUTPUT: website : vesti.ru, time : 31, hop cnt : 6
[2021-12-06 16:22:23,065] client.Client<Client:16034>:OUTPUT: Result of query for guancha.cn = 129.226.102.49
[2021-12-06 16:22:23,066] client.Client<Client:16034>:OUTPUT: website : guancha.cn, time : 45, hop cnt : 6
[2021-12-06 16:22:23,102] client.Client<Client:16034>:OUTPUT: Result of query for custhelp.com = 74.117.206.70
[2021-12-06 16:22:23,102] client.Client<Client:16034>:OUTPUT: website : custhelp.com, time : 35, hop cnt : 5
[2021-12-06 16:22:23,123] client.Client<Client:16034>:OUTPUT: Result of query for avast.com = 104.104.77.218
[2021-12-06 16:22:23,123] client.Client<Client:16034>:OUTPUT: website : avast.com, time : 20, hop cnt : 2
[2021-12-06 16:22:23,165] client.Client<Client:16034>:OUTPUT: Result of query for hepsiburada.com = 193.28.225.200
[2021-12-06 16:22:23,165] client.Client<Client:16034>:OUTPUT: website : hepsiburada.com, time : 40, hop cnt : 5
[2021-12-06 16:22:23,212] client.Client<Client:16034>:OUTPUT: Result of query for almasryalyoum.com = 172.67.19.53
[2021-12-06 16:22:23,212] client.Client<Client:16034>:OUTPUT: website : almasryalyoum.com, time : 43, hop cnt : 5
[2021-12-06 16:22:23,264] client.Client<Client:16034>:OUTPUT: Result of query for elfagr.org = 104.27.160.160
[2021-12-06 16:22:23,264] client.Client<Client:16034>:OUTPUT: website : elfagr.org, time : 52, hop cnt : 7
[2021-12-06 16:22:23,302] client.Client<Client:16034>:OUTPUT: Result of query for eol.cn = 202.205.109.2
[2021-12-06 16:22:23,302] client.Client<Client:16034>:OUTPUT: website : eol.cn, time : 37, hop cnt : 5
[2021-12-06 16:22:23,336] client.Client<Client:16034>:OUTPUT: Result of query for elwatannews.com = 104.22.42.113
[2021-12-06 16:22:23,337] client.Client<Client:16034>:OUTPUT: website : elwatannews.com, time : 32, hop cnt : 4
[2021-12-06 16:22:23,360] client.Client<Client:16034>:OUTPUT: Result of query for yandex.kz = 5.255.255.5
[2021-12-06 16:22:23,360] client.Client<Client:16034>:OUTPUT: website : yandex.kz, time : 22, hop cnt : 4
[2021-12-06 16:22:23,374] client.Client<Client:16034>:OUTPUT: Result of query for itmedia.co.jp = 18.180.234.132
[2021-12-06 16:22:23,374] client.Client<Client:16034>:OUTPUT: website : itmedia.co.jp, time : 13, hop cnt : 3
[2021-12-06 16:22:23,406] client.Client<Client:16034>:OUTPUT: Result of query for alwafd.org = 172.67.137.18
[2021-12-06 16:22:23,406] client.Client<Client:16034>:OUTPUT: website : alwafd.org, time : 31, hop cnt : 5
[2021-12-06 16:22:23,444] client.Client<Client:16034>:OUTPUT: Result of query for usbank.com = 170.135.184.254
[2021-12-06 16:22:23,444] client.Client<Client:16034>:OUTPUT: website : usbank.com, time : 37, hop cnt : 6
[2021-12-06 16:22:23,485] client.Client<Client:16034>:OUTPUT: Result of query for dream.co.id = 35.247.151.249
[2021-12-06 16:22:23,485] client.Client<Client:16034>:OUTPUT: website : dream.co.id, time : 40, hop cnt : 6
[2021-12-06 16:22:23,512] client.Client<Client:16034>:OUTPUT: Result of query for creditkarma.com = 23.207.212.242
[2021-12-06 16:22:23,512] client.Client<Client:16034>:OUTPUT: website : creditkarma.com, time : 26, hop cnt : 4
[2021-12-06 16:22:23,537] client.Client<Client:16034>:OUTPUT: Result of query for gmanetwork.com = 13.251.82.77
[2021-12-06 16:22:23,537] client.Client<Client:16034>:OUTPUT: website : gmanetwork.com, time : 24, hop cnt : 3
[2021-12-06 16:22:23,581] client.Client<Client:16034>:OUTPUT: Result of query for teepr.com = 104.22.10.248
[2021-12-06 16:22:23,581] client.Client<Client:16034>:OUTPUT: website : teepr.com, time : 43, hop cnt : 6
[2021-12-06 16:22:23,627] client.Client<Client:16034>:OUTPUT: Result of query for junbi-tracker.com = 95.128.201.171
[2021-12-06 16:22:23,627] client.Client<Client:16034>:OUTPUT: website : junbi-tracker.com, time : 45, hop cnt : 6
[2021-12-06 16:22:23,652] client.Client<Client:16034>:OUTPUT: Result of query for ipetgroup.com = 172.67.149.9
[2021-12-06 16:22:23,653] client.Client<Client:16034>:OUTPUT: website : ipetgroup.com, time : 24, hop cnt : 4
[2021-12-06 16:22:23,672] client.Client<Client:16034>:OUTPUT: Result of query for mileroticos.com = 185.206.63.13
[2021-12-06 16:22:23,672] client.Client<Client:16034>:OUTPUT: website : mileroticos.com, time : 19, hop cnt : 3
[2021-12-06 16:22:23,710] client.Client<Client:16034>:OUTPUT: Result of query for mynavi.jp = 13.225.229.117
[2021-12-06 16:22:23,710] client.Client<Client:16034>:OUTPUT: website : mynavi.jp, time : 37, hop cnt : 4
[2021-12-06 16:22:23,744] client.Client<Client:16034>:OUTPUT: Result of query for kknews.cc = 172.67.26.195
[2021-12-06 16:22:23,744] client.Client<Client:16034>:OUTPUT: website : kknews.cc, time : 32, hop cnt : 5
[2021-12-06 16:22:23,796] client.Client<Client:16034>:OUTPUT: Result of query for rightmove.co.uk = 185.220.161.23
[2021-12-06 16:22:23,796] client.Client<Client:16034>:OUTPUT: website : rightmove.co.uk, time : 52, hop cnt : 6
[2021-12-06 16:22:23,834] client.Client<Client:16034>:OUTPUT: Result of query for tmz.com = 54.174.189.230
[2021-12-06 16:22:23,834] client.Client<Client:16034>:OUTPUT: website : tmz.com, time : 37, hop cnt : 4
[2021-12-06 16:22:23,908] client.Client<Client:16034>:OUTPUT: Result of query for adme.ru = 168.119.201.14
[2021-12-06 16:22:23,908] client.Client<Client:16034>:OUTPUT: website : adme.ru, time : 72, hop cnt : 8
[2021-12-06 16:22:23,939] client.Client<Client:16034>:OUTPUT: Result of query for icy-veins.com = 87.98.161.106
[2021-12-06 16:22:23,939] client.Client<Client:16034>:OUTPUT: website : icy-veins.com, time : 30, hop cnt : 4
[2021-12-06 16:22:23,962] client.Client<Client:16034>:OUTPUT: Result of query for google.com.my = 172.217.10.99
[2021-12-06 16:22:23,962] client.Client<Client:16034>:OUTPUT: website : google.com.my, time : 21, hop cnt : 4
[2021-12-06 16:22:23,982] client.Client<Client:16034>:OUTPUT: Result of query for dcard.tw = 104.16.105.87
[2021-12-06 16:22:23,982] client.Client<Client:16034>:OUTPUT: website : dcard.tw, time : 20, hop cnt : 2
[2021-12-06 16:22:24,031] client.Client<Client:16034>:OUTPUT: Result of query for 1tv.ru = 178.248.233.188
[2021-12-06 16:22:24,031] client.Client<Client:16034>:OUTPUT: website : 1tv.ru, time : 43, hop cnt : 5
[2021-12-06 16:22:24,075] client.Client<Client:16034>:OUTPUT: Result of query for alodokter.com = 104.22.72.213
[2021-12-06 16:22:24,075] client.Client<Client:16034>:OUTPUT: website : alodokter.com, time : 43, hop cnt : 5
[2021-12-06 16:22:24,116] client.Client<Client:16034>:OUTPUT: Result of query for wuxiaworld.com = 172.67.74.57
[2021-12-06 16:22:24,116] client.Client<Client:16034>:OUTPUT: website : wuxiaworld.com, time : 40, hop cnt : 5
[2021-12-06 16:22:24,136] client.Client<Client:16034>:OUTPUT: Result of query for dawn.com = 104.27.186.174
[2021-12-06 16:22:24,136] client.Client<Client:16034>:OUTPUT: website : dawn.com, time : 19, hop cnt : 4
[2021-12-06 16:22:24,171] client.Client<Client:16034>:OUTPUT: Result of query for jiameng.com = 127.0.0.1
[2021-12-06 16:22:24,171] client.Client<Client:16034>:OUTPUT: website : jiameng.com, time : 33, hop cnt : 5
[2021-12-06 16:22:24,205] client.Client<Client:16034>:OUTPUT: Result of query for nextdoor.com = 13.225.229.41
[2021-12-06 16:22:24,205] client.Client<Client:16034>:OUTPUT: website : nextdoor.com, time : 33, hop cnt : 5
[2021-12-06 16:22:24,224] client.Client<Client:16034>:OUTPUT: Result of query for harvard.edu = 23.185.0.1
[2021-12-06 16:22:24,224] client.Client<Client:16034>:OUTPUT: website : harvard.edu, time : 19, hop cnt : 4
[2021-12-06 16:22:24,273] client.Client<Client:16034>:OUTPUT: Result of query for deezer.com = 78.40.123.183
[2021-12-06 16:22:24,273] client.Client<Client:16034>:OUTPUT: website : deezer.com, time : 48, hop cnt : 6
[2021-12-06 16:22:24,308] client.Client<Client:16034>:OUTPUT: Result of query for debate.com.mx = 104.22.3.205
[2021-12-06 16:22:24,308] client.Client<Client:16034>:OUTPUT: website : debate.com.mx, time : 34, hop cnt : 4
[2021-12-06 16:22:24,329] client.Client<Client:16034>:OUTPUT: Result of query for repelis.tv = 103.224.182.238
[2021-12-06 16:22:24,329] client.Client<Client:16034>:OUTPUT: website : repelis.tv, time : 20, hop cnt : 5
[2021-12-06 16:22:24,362] client.Client<Client:16034>:OUTPUT: Result of query for sanjesh.org = 92.242.195.4
[2021-12-06 16:22:24,363] client.Client<Client:16034>:OUTPUT: website : sanjesh.org, time : 31, hop cnt : 3
[2021-12-06 16:22:24,394] client.Client<Client:16034>:OUTPUT: Result of query for biblegateway.com = 13.225.229.39
[2021-12-06 16:22:24,394] client.Client<Client:16034>:OUTPUT: website : biblegateway.com, time : 30, hop cnt : 6
[2021-12-06 16:22:24,420] client.Client<Client:16034>:OUTPUT: Result of query for nasa.gov = 23.22.39.120
[2021-12-06 16:22:24,420] client.Client<Client:16034>:OUTPUT: website : nasa.gov, time : 25, hop cnt : 5
[2021-12-06 16:22:24,447] client.Client<Client:16034>:OUTPUT: Result of query for cbssports.com = 151.101.1.188
[2021-12-06 16:22:24,447] client.Client<Client:16034>:OUTPUT: website : cbssports.com, time : 25, hop cnt : 3
[2021-12-06 16:22:24,476] client.Client<Client:16034>:OUTPUT: Result of query for keepvid.com = 159.253.144.83
[2021-12-06 16:22:24,476] client.Client<Client:16034>:OUTPUT: website : keepvid.com, time : 28, hop cnt : 3
[2021-12-06 16:22:24,502] client.Client<Client:16034>:OUTPUT: Result of query for knowyourmeme.com = 208.115.103.34
[2021-12-06 16:22:24,502] client.Client<Client:16034>:OUTPUT: website : knowyourmeme.com, time : 25, hop cnt : 4
[2021-12-06 16:22:24,547] client.Client<Client:16034>:OUTPUT: Result of query for pexels.com = 104.17.209.102
[2021-12-06 16:22:24,547] client.Client<Client:16034>:OUTPUT: website : pexels.com, time : 44, hop cnt : 6
[2021-12-06 16:22:24,582] client.Client<Client:16034>:OUTPUT: Result of query for chess.com = 198.8.89.138
[2021-12-06 16:22:24,582] client.Client<Client:16034>:OUTPUT: website : chess.com, time : 34, hop cnt : 5
[2021-12-06 16:22:24,631] client.Client<Client:16034>:OUTPUT: Result of query for elevenia.co.id = 103.103.30.100
[2021-12-06 16:22:24,631] client.Client<Client:16034>:OUTPUT: website : elevenia.co.id, time : 48, hop cnt : 6
[2021-12-06 16:22:24,673] client.Client<Client:16034>:OUTPUT: Result of query for news.com.au = 23.52.161.28
[2021-12-06 16:22:24,673] client.Client<Client:16034>:OUTPUT: website : news.com.au, time : 38, hop cnt : 5
[2021-12-06 16:22:24,709] client.Client<Client:16034>:OUTPUT: Result of query for hh.ru = 94.124.206.1
[2021-12-06 16:22:24,709] client.Client<Client:16034>:OUTPUT: website : hh.ru, time : 35, hop cnt : 5
[2021-12-06 16:22:24,758] client.Client<Client:16034>:OUTPUT: Result of query for nmisr.com = 172.67.217.111
[2021-12-06 16:22:24,758] client.Client<Client:16034>:OUTPUT: website : nmisr.com, time : 48, hop cnt : 6
[2021-12-06 16:22:24,800] client.Client<Client:16034>:OUTPUT: Result of query for smallpdf.com = 13.225.221.77
[2021-12-06 16:22:24,800] client.Client<Client:16034>:OUTPUT: website : smallpdf.com, time : 41, hop cnt : 4
[2021-12-06 16:22:24,846] client.Client<Client:16034>:OUTPUT: Result of query for pcmag.com = 52.201.108.115
[2021-12-06 16:22:24,846] client.Client<Client:16034>:OUTPUT: website : pcmag.com, time : 45, hop cnt : 5
[2021-12-06 16:22:24,874] client.Client<Client:16034>:OUTPUT: Result of query for eporner.com = 82.192.65.65
[2021-12-06 16:22:24,874] client.Client<Client:16034>:OUTPUT: website : eporner.com, time : 26, hop cnt : 4
[2021-12-06 16:22:24,903] client.Client<Client:16034>:OUTPUT: Result of query for wired.com = 151.101.66.194
[2021-12-06 16:22:24,904] client.Client<Client:16034>:OUTPUT: website : wired.com, time : 27, hop cnt : 4
[2021-12-06 16:22:24,930] client.Client<Client:16034>:OUTPUT: Result of query for fishki.net = 172.67.73.48
[2021-12-06 16:22:24,930] client.Client<Client:16034>:OUTPUT: website : fishki.net, time : 25, hop cnt : 4
[2021-12-06 16:22:24,968] client.Client<Client:16034>:OUTPUT: Result of query for ted.com = 34.194.114.8
[2021-12-06 16:22:24,968] client.Client<Client:16034>:OUTPUT: website : ted.com, time : 37, hop cnt : 5
[2021-12-06 16:22:24,992] client.Client<Client:16034>:OUTPUT: Result of query for india.com = 54.173.62.149
[2021-12-06 16:22:24,993] client.Client<Client:16034>:OUTPUT: website : india.com, time : 22, hop cnt : 4
[2021-12-06 16:22:25,028] client.Client<Client:16034>:OUTPUT: Result of query for mobafire.com = 104.18.20.108
[2021-12-06 16:22:25,028] client.Client<Client:16034>:OUTPUT: website : mobafire.com, time : 34, hop cnt : 5
[2021-12-06 16:22:25,051] client.Client<Client:16034>:OUTPUT: Result of query for gumtree.com = 91.211.73.249
[2021-12-06 16:22:25,051] client.Client<Client:16034>:OUTPUT: website : gumtree.com, time : 22, hop cnt : 3
[2021-12-06 16:22:25,093] client.Client<Client:16034>:OUTPUT: Result of query for socialblade.com = 172.67.73.48
[2021-12-06 16:22:25,094] client.Client<Client:16034>:OUTPUT: website : socialblade.com, time : 40, hop cnt : 6
[2021-12-06 16:22:25,146] client.Client<Client:16034>:OUTPUT: Result of query for thepennyhoarder.com = 104.17.83.11
[2021-12-06 16:22:25,146] client.Client<Client:16034>:OUTPUT: website : thepennyhoarder.com, time : 50, hop cnt : 6
[2021-12-06 16:22:25,179] client.Client<Client:16034>:OUTPUT: Result of query for rutube.ru = 185.165.123.77
[2021-12-06 16:22:25,179] client.Client<Client:16034>:OUTPUT: website : rutube.ru, time : 31, hop cnt : 4
[2021-12-06 16:22:25,214] client.Client<Client:16034>:OUTPUT: Result of query for abril.com.br = 192.0.66.160
[2021-12-06 16:22:25,214] client.Client<Client:16034>:OUTPUT: website : abril.com.br, time : 34, hop cnt : 4
[2021-12-06 16:22:25,248] client.Client<Client:16034>:OUTPUT: Result of query for zhaopin.com = 39.96.126.126
[2021-12-06 16:22:25,248] client.Client<Client:16034>:OUTPUT: website : zhaopin.com, time : 33, hop cnt : 4
[2021-12-06 16:22:25,297] client.Client<Client:16034>:OUTPUT: Result of query for oneindia.com = 107.6.113.219
[2021-12-06 16:22:25,297] client.Client<Client:16034>:OUTPUT: website : oneindia.com, time : 46, hop cnt : 6
[2021-12-06 16:22:25,339] client.Client<Client:16034>:OUTPUT: Result of query for ebc.net.tw = 13.225.229.108
[2021-12-06 16:22:25,339] client.Client<Client:16034>:OUTPUT: website : ebc.net.tw, time : 41, hop cnt : 4
[2021-12-06 16:22:25,378] client.Client<Client:16034>:OUTPUT: Result of query for mejortorrent.com = 176.119.28.2
[2021-12-06 16:22:25,378] client.Client<Client:16034>:OUTPUT: website : mejortorrent.com, time : 38, hop cnt : 5
[2021-12-06 16:22:25,419] client.Client<Client:16034>:OUTPUT: Result of query for rarbg.is = 185.37.100.123
[2021-12-06 16:22:25,419] client.Client<Client:16034>:OUTPUT: website : rarbg.is, time : 40, hop cnt : 5
[2021-12-06 16:22:25,455] client.Client<Client:16034>:OUTPUT: Result of query for gap.com = 72.246.33.247
[2021-12-06 16:22:25,455] client.Client<Client:16034>:OUTPUT: website : gap.com, time : 35, hop cnt : 6
[2021-12-06 16:22:25,487] client.Client<Client:16034>:OUTPUT: Result of query for tim.it = 156.54.0.80
[2021-12-06 16:22:25,487] client.Client<Client:16034>:OUTPUT: website : tim.it, time : 30, hop cnt : 5
[2021-12-06 16:22:25,519] client.Client<Client:16034>:OUTPUT: Result of query for voluumtrk.com = 52.216.130.186
[2021-12-06 16:22:25,519] client.Client<Client:16034>:OUTPUT: website : voluumtrk.com, time : 30, hop cnt : 5
[2021-12-06 16:22:25,541] client.Client<Client:16034>:OUTPUT: Result of query for w3school.com.cn = 120.55.40.41
[2021-12-06 16:22:25,541] client.Client<Client:16034>:OUTPUT: website : w3school.com.cn, time : 21, hop cnt : 3
[2021-12-06 16:22:25,567] client.Client<Client:16034>:OUTPUT: Result of query for istockphoto.com = 13.225.229.3
[2021-12-06 16:22:25,567] client.Client<Client:16034>:OUTPUT: website : istockphoto.com, time : 24, hop cnt : 3
[2021-12-06 16:22:25,604] client.Client<Client:16034>:OUTPUT: Result of query for infobae.com = 184.50.232.8
[2021-12-06 16:22:25,604] client.Client<Client:16034>:OUTPUT: website : infobae.com, time : 33, hop cnt : 5
[2021-12-06 16:22:25,635] client.Client<Client:16034>:OUTPUT: Result of query for extratorrent.ag = 104.28.22.13
[2021-12-06 16:22:25,636] client.Client<Client:16034>:OUTPUT: website : extratorrent.ag, time : 30, hop cnt : 4
[2021-12-06 16:22:25,674] client.Client<Client:16034>:OUTPUT: Result of query for francetvinfo.fr = 193.57.129.9
[2021-12-06 16:22:25,674] client.Client<Client:16034>:OUTPUT: website : francetvinfo.fr, time : 37, hop cnt : 5
[2021-12-06 16:22:25,696] client.Client<Client:16034>:OUTPUT: Result of query for mysearch.com = 34.102.244.163
[2021-12-06 16:22:25,696] client.Client<Client:16034>:OUTPUT: website : mysearch.com, time : 20, hop cnt : 4
[2021-12-06 16:22:25,729] client.Client<Client:16034>:OUTPUT: Result of query for att.net = 144.160.155.69
[2021-12-06 16:22:25,729] client.Client<Client:16034>:OUTPUT: website : att.net, time : 32, hop cnt : 5
[2021-12-06 16:22:25,763] client.Client<Client:16034>:OUTPUT: Result of query for auction.co.kr = 183.111.131.60
[2021-12-06 16:22:25,763] client.Client<Client:16034>:OUTPUT: website : auction.co.kr, time : 33, hop cnt : 4
[2021-12-06 16:22:25,800] client.Client<Client:16034>:OUTPUT: Result of query for wetter.com = 18.200.117.225
[2021-12-06 16:22:25,800] client.Client<Client:16034>:OUTPUT: website : wetter.com, time : 36, hop cnt : 4
[2021-12-06 16:22:25,845] client.Client<Client:16034>:OUTPUT: Result of query for sfr.fr = 80.125.163.172
[2021-12-06 16:22:25,845] client.Client<Client:16034>:OUTPUT: website : sfr.fr, time : 44, hop cnt : 5
[2021-12-06 16:22:25,885] client.Client<Client:16034>:OUTPUT: Result of query for tamilrockers.nu = 103.224.182.250
[2021-12-06 16:22:25,885] client.Client<Client:16034>:OUTPUT: website : tamilrockers.nu, time : 39, hop cnt : 5
[2021-12-06 16:22:25,926] client.Client<Client:16034>:OUTPUT: Result of query for wenxuecity.com = 35.190.31.60
[2021-12-06 16:22:25,926] client.Client<Client:16034>:OUTPUT: website : wenxuecity.com, time : 39, hop cnt : 5
[2021-12-06 16:22:25,951] client.Client<Client:16034>:OUTPUT: Result of query for edx.org = 13.225.229.18
[2021-12-06 16:22:25,951] client.Client<Client:16034>:OUTPUT: website : edx.org, time : 24, hop cnt : 4
[2021-12-06 16:22:25,978] client.Client<Client:16034>:OUTPUT: Result of query for kohls.com = 173.223.236.212
[2021-12-06 16:22:25,978] client.Client<Client:16034>:OUTPUT: website : kohls.com, time : 26, hop cnt : 3
[2021-12-06 16:22:26,024] client.Client<Client:16034>:OUTPUT: Result of query for ifeng.com = 123.103.122.24
[2021-12-06 16:22:26,024] client.Client<Client:16034>:OUTPUT: website : ifeng.com, time : 45, hop cnt : 5
[2021-12-06 16:22:26,072] client.Client<Client:16034>:OUTPUT: Result of query for ebay.ca = 66.135.196.249
[2021-12-06 16:22:26,072] client.Client<Client:16034>:OUTPUT: website : ebay.ca, time : 47, hop cnt : 6
[2021-12-06 16:22:26,114] client.Client<Client:16034>:OUTPUT: Result of query for sfgate.com = 98.129.228.59
[2021-12-06 16:22:26,114] client.Client<Client:16034>:OUTPUT: website : sfgate.com, time : 41, hop cnt : 4
[2021-12-06 16:22:26,146] client.Client<Client:16034>:OUTPUT: Result of query for ebates.com = 52.32.23.103
[2021-12-06 16:22:26,146] client.Client<Client:16034>:OUTPUT: website : ebates.com, time : 28, hop cnt : 4
[2021-12-06 16:22:26,174] client.Client<Client:16034>:OUTPUT: Result of query for metro.co.uk = 192.0.66.24
[2021-12-06 16:22:26,175] client.Client<Client:16034>:OUTPUT: website : metro.co.uk, time : 25, hop cnt : 5
[2021-12-06 16:22:26,211] client.Client<Client:16034>:OUTPUT: Result of query for argaam.com = 34.247.43.140
[2021-12-06 16:22:26,212] client.Client<Client:16034>:OUTPUT: website : argaam.com, time : 35, hop cnt : 6
[2021-12-06 16:22:26,227] client.Client<Client:16034>:OUTPUT: Result of query for searchalgo.com = 172.67.208.99
[2021-12-06 16:22:26,227] client.Client<Client:16034>:OUTPUT: website : searchalgo.com, time : 15, hop cnt : 3
[2021-12-06 16:22:26,257] client.Client<Client:16034>:OUTPUT: Result of query for jumia.com.ng = 104.17.98.5
[2021-12-06 16:22:26,257] client.Client<Client:16034>:OUTPUT: website : jumia.com.ng, time : 29, hop cnt : 3
[2021-12-06 16:22:26,280] client.Client<Client:16034>:OUTPUT: Result of query for eroterest.net = 34.102.136.180
[2021-12-06 16:22:26,280] client.Client<Client:16034>:OUTPUT: website : eroterest.net, time : 22, hop cnt : 4
[2021-12-06 16:22:26,317] client.Client<Client:16034>:OUTPUT: Result of query for twoo.com = 77.73.177.139
[2021-12-06 16:22:26,317] client.Client<Client:16034>:OUTPUT: website : twoo.com, time : 36, hop cnt : 5
[2021-12-06 16:22:26,365] client.Client<Client:16034>:OUTPUT: Result of query for myanmarload.com = 104.28.25.165
[2021-12-06 16:22:26,365] client.Client<Client:16034>:OUTPUT: website : myanmarload.com, time : 48, hop cnt : 6
[2021-12-06 16:22:26,393] client.Client<Client:16034>:OUTPUT: Result of query for aljazeera.net = 13.48.167.20
[2021-12-06 16:22:26,393] client.Client<Client:16034>:OUTPUT: website : aljazeera.net, time : 25, hop cnt : 4
[2021-12-06 16:22:26,440] client.Client<Client:16034>:OUTPUT: Result of query for rozetka.com.ua = 78.27.198.40
[2021-12-06 16:22:26,440] client.Client<Client:16034>:OUTPUT: website : rozetka.com.ua, time : 46, hop cnt : 5
[2021-12-06 16:22:26,469] client.Client<Client:16034>:OUTPUT: Result of query for dhgate.com = 220.242.169.3
[2021-12-06 16:22:26,469] client.Client<Client:16034>:OUTPUT: website : dhgate.com, time : 29, hop cnt : 5
[2021-12-06 16:22:26,509] client.Client<Client:16034>:OUTPUT: Result of query for absoluteclickscom.com = 103.224.212.220
[2021-12-06 16:22:26,509] client.Client<Client:16034>:OUTPUT: website : absoluteclickscom.com, time : 39, hop cnt : 5
[2021-12-06 16:22:26,557] client.Client<Client:16034>:OUTPUT: Result of query for 123rf.com = 13.225.229.119
[2021-12-06 16:22:26,557] client.Client<Client:16034>:OUTPUT: website : 123rf.com, time : 47, hop cnt : 5
[2021-12-06 16:22:26,584] client.Client<Client:16034>:OUTPUT: Result of query for slate.com = 151.101.2.133
[2021-12-06 16:22:26,585] client.Client<Client:16034>:OUTPUT: website : slate.com, time : 25, hop cnt : 4
[2021-12-06 16:22:26,629] client.Client<Client:16034>:OUTPUT: Result of query for skyscanner.net = 13.248.155.102
[2021-12-06 16:22:26,629] client.Client<Client:16034>:OUTPUT: website : skyscanner.net, time : 44, hop cnt : 4
[2021-12-06 16:22:26,679] client.Client<Client:16034>:OUTPUT: Result of query for gosuslugi.ru = 109.207.1.97
[2021-12-06 16:22:26,679] client.Client<Client:16034>:OUTPUT: website : gosuslugi.ru, time : 49, hop cnt : 5
[2021-12-06 16:22:26,723] client.Client<Client:16034>:OUTPUT: Result of query for filmweb.pl = 193.200.227.13
[2021-12-06 16:22:26,723] client.Client<Client:16034>:OUTPUT: website : filmweb.pl, time : 43, hop cnt : 5
[2021-12-06 16:22:26,748] client.Client<Client:16034>:OUTPUT: Result of query for cookpad.com = 151.101.66.2
[2021-12-06 16:22:26,748] client.Client<Client:16034>:OUTPUT: website : cookpad.com, time : 24, hop cnt : 5
[2021-12-06 16:22:26,768] client.Client<Client:16034>:OUTPUT: Result of query for tripadvisor.co.uk = 192.229.189.15
[2021-12-06 16:22:26,768] client.Client<Client:16034>:OUTPUT: website : tripadvisor.co.uk, time : 16, hop cnt : 2
[2021-12-06 16:22:26,800] client.Client<Client:16034>:OUTPUT: Result of query for opensubtitles.org = 104.26.8.126
[2021-12-06 16:22:26,800] client.Client<Client:16034>:OUTPUT: website : opensubtitles.org, time : 30, hop cnt : 4
[2021-12-06 16:22:26,831] client.Client<Client:16034>:OUTPUT: Result of query for efrable.info = 103.224.212.219
[2021-12-06 16:22:26,831] client.Client<Client:16034>:OUTPUT: website : efrable.info, time : 30, hop cnt : 5
[2021-12-06 16:22:26,884] client.Client<Client:16034>:OUTPUT: Result of query for gittigidiyor.com = 93.187.67.10
[2021-12-06 16:22:26,884] client.Client<Client:16034>:OUTPUT: website : gittigidiyor.com, time : 50, hop cnt : 7
[2021-12-06 16:22:26,909] client.Client<Client:16034>:OUTPUT: Result of query for pelisplus.tv = 162.213.253.83
[2021-12-06 16:22:26,909] client.Client<Client:16034>:OUTPUT: website : pelisplus.tv, time : 23, hop cnt : 3
[2021-12-06 16:22:26,943] client.Client<Client:16034>:OUTPUT: Result of query for onclickads.net = 194.187.98.144
[2021-12-06 16:22:26,943] client.Client<Client:16034>:OUTPUT: website : onclickads.net, time : 33, hop cnt : 4
[2021-12-06 16:22:26,986] client.Client<Client:16034>:OUTPUT: Result of query for bomb01.com = 104.28.2.61
[2021-12-06 16:22:26,987] client.Client<Client:16034>:OUTPUT: website : bomb01.com, time : 42, hop cnt : 5
[2021-12-06 16:22:27,036] client.Client<Client:16034>:OUTPUT: Result of query for nuvid.com = 88.208.39.131
[2021-12-06 16:22:27,036] client.Client<Client:16034>:OUTPUT: website : nuvid.com, time : 48, hop cnt : 6
[2021-12-06 16:22:27,069] client.Client<Client:16034>:OUTPUT: Result of query for change.org = 104.17.89.51
[2021-12-06 16:22:27,069] client.Client<Client:16034>:OUTPUT: website : change.org, time : 31, hop cnt : 3
[2021-12-06 16:22:27,107] client.Client<Client:16034>:OUTPUT: Result of query for gazeta.ru = 81.19.72.0
[2021-12-06 16:22:27,107] client.Client<Client:16034>:OUTPUT: website : gazeta.ru, time : 37, hop cnt : 5
[2021-12-06 16:22:27,143] client.Client<Client:16034>:OUTPUT: Result of query for fotostrana.ru = 185.5.72.32
[2021-12-06 16:22:27,143] client.Client<Client:16034>:OUTPUT: website : fotostrana.ru, time : 35, hop cnt : 6
[2021-12-06 16:22:27,182] client.Client<Client:16034>:OUTPUT: Result of query for 1fichier.com = 5.39.224.140
[2021-12-06 16:22:27,182] client.Client<Client:16034>:OUTPUT: website : 1fichier.com, time : 37, hop cnt : 6
[2021-12-06 16:22:27,221] client.Client<Client:16034>:OUTPUT: Result of query for icims.com = 52.207.139.125
[2021-12-06 16:22:27,221] client.Client<Client:16034>:OUTPUT: website : icims.com, time : 39, hop cnt : 6
[2021-12-06 16:24:06,148] main.Node_<Node_:70001>:OUTPUT: hash function collison:  0
[2021-12-06 16:24:06,174] main.Node_<Node_:70001>:OUTPUT: Hash values for all the nodes in sorted order:  [282477037389237774, 457679817165250497, 2603465886210718589, 2907376668988576163, 2990807114047913551, 3748628789233517389, 3879411249117113887, 4291665914517712257, 4554712841697220961, 4986848139590291432, 5293506360433353024, 5459167013445616915, 6030126994589992932, 6199454283543326715, 6731454589359825039, 8358289102293405549, 8521476298189930132, 8760986629746142897, 8881291475285578714, 9685574470297180811, 9700055378368696280, 10027504662194748131, 10501828504369213974, 10570731522134724310, 10662127647894381391, 10797664406083331424, 11563229140829313620, 12314982790331917761, 12638560242001458949, 12713884695368038175, 12788096843611818743, 13257694638765279908, 13963626851794680764, 14136476054438561783, 14151994535815308619, 14244502378474491722, 14283794929756701935, 14661657204206659339, 14955362396436893904, 15059561048084439047, 16166911730187356281, 16173530176447314533, 16263626514758606520, 16513396388137040451, 17558991120043467965, 17696474153867798683, 17968031567829568529, 18104235097620116828, 18206155427408065822, 18442873907796063026]
[2021-12-06 16:48:07,488] main.Node_<Node_:e4001>:ERROR: Unrecoverable error in node process: FileNotFoundError(2, 'No such file or directory')
Traceback (most recent call last):
  File "C:\Users\DebmalyaK\anaconda3\envs\py36\lib\site-packages\da\sim.py", line 983, in _delayed_start
    return self.run()
  File "src/chord_resolver\main.py", line 96, in run
    data = fileread('Data_Mapping.txt')
  File "src/chord_resolver\main.py", line 14, in fileread
    file = open(filename, 'r')
FileNotFoundError: [Errno 2] No such file or directory: 'Data_Mapping.txt'
[2021-12-06 16:49:54,207] main.Node_<Node_:87001>:OUTPUT: hash function collison:  0
[2021-12-06 16:49:54,234] main.Node_<Node_:87001>:OUTPUT: Hash values for all the nodes in sorted order:  [117842806406856709, 264664561170787333, 401682644455743635, 1176083413602650095, 1307667930598863040, 1776109572811613831, 2103920845576161651, 3280595562808347412, 3807152267462969903, 4246410759962120745, 4740333637679839954, 5283071024418610738, 5397531708973566740, 5931038996029655219, 5955332950805927629, 5960112438763879631, 5977765063103213131, 6132620737908967158, 6247358550346095521, 6447659317735670667, 8431773736024016640, 8613461062845553622, 8947604939669739608, 9290140242762859587, 9290593055472226784, 10162929077819201030, 10301397946317311154, 10695960169941189877, 10780455653639894160, 10784604034755490981, 12025686453168167078, 13083858388449168643, 13131618832490879700, 13557850732052985803, 13961874707980670998, 13982410217188523296, 14092424759445931653, 15001018145660217867, 15416302835251949175, 15513811342811851599, 15550554578183220715, 15710998444027388939, 15894159108852022416, 16189465310699878155, 17157722255662185910, 17501133191631583902, 17932110364930380288, 18127405629958833970, 18130403249830831446, 18307689047919575233]
[2021-12-06 16:50:00,234] client.Client<Client:3b034>:OUTPUT: <Client:3b034>  has been started.
[2021-12-06 16:50:00,270] client.Client<Client:3b034>:OUTPUT: Result of query for google.com = 142.250.64.78
[2021-12-06 16:50:00,270] client.Client<Client:3b034>:OUTPUT: website : google.com, time : 36, hop cnt : 3
[2021-12-06 16:50:00,307] client.Client<Client:3b034>:OUTPUT: Result of query for youtube.com = 172.217.12.142
[2021-12-06 16:50:00,308] client.Client<Client:3b034>:OUTPUT: website : youtube.com, time : 36, hop cnt : 4
[2021-12-06 16:50:00,376] client.Client<Client:3b034>:OUTPUT: Result of query for facebook.com = 31.13.71.36
[2021-12-06 16:50:00,377] client.Client<Client:3b034>:OUTPUT: website : facebook.com, time : 66, hop cnt : 7
[2021-12-06 16:50:00,407] client.Client<Client:3b034>:OUTPUT: Result of query for baidu.com = 220.181.38.148
[2021-12-06 16:50:00,407] client.Client<Client:3b034>:OUTPUT: website : baidu.com, time : 29, hop cnt : 4
[2021-12-06 16:50:00,448] client.Client<Client:3b034>:OUTPUT: Result of query for wikipedia.org = 208.80.154.224
[2021-12-06 16:50:00,448] client.Client<Client:3b034>:OUTPUT: website : wikipedia.org, time : 40, hop cnt : 4
[2021-12-06 16:50:00,491] client.Client<Client:3b034>:OUTPUT: Result of query for yahoo.com = 74.6.231.21
[2021-12-06 16:50:00,491] client.Client<Client:3b034>:OUTPUT: website : yahoo.com, time : 42, hop cnt : 5
[2021-12-06 16:50:00,552] client.Client<Client:3b034>:OUTPUT: Result of query for google.co.in = 172.217.12.131
[2021-12-06 16:50:00,552] client.Client<Client:3b034>:OUTPUT: website : google.co.in, time : 61, hop cnt : 6
[2021-12-06 16:50:00,579] client.Client<Client:3b034>:OUTPUT: Result of query for reddit.com = 151.101.1.140
[2021-12-06 16:50:00,579] client.Client<Client:3b034>:OUTPUT: website : reddit.com, time : 25, hop cnt : 3
[2021-12-06 16:50:00,612] client.Client<Client:3b034>:OUTPUT: Result of query for qq.com = 58.250.137.36
[2021-12-06 16:50:00,613] client.Client<Client:3b034>:OUTPUT: website : qq.com, time : 29, hop cnt : 4
[2021-12-06 16:50:00,672] client.Client<Client:3b034>:OUTPUT: Result of query for amazon.com = 205.251.242.103
[2021-12-06 16:50:00,672] client.Client<Client:3b034>:OUTPUT: website : amazon.com, time : 59, hop cnt : 6
[2021-12-06 16:50:00,709] client.Client<Client:3b034>:OUTPUT: Result of query for taobao.com = 140.205.220.96
[2021-12-06 16:50:00,710] client.Client<Client:3b034>:OUTPUT: website : taobao.com, time : 36, hop cnt : 4
[2021-12-06 16:50:00,767] client.Client<Client:3b034>:OUTPUT: Result of query for twitter.com = 104.244.42.193
[2021-12-06 16:50:00,768] client.Client<Client:3b034>:OUTPUT: website : twitter.com, time : 54, hop cnt : 6
[2021-12-06 16:50:00,823] client.Client<Client:3b034>:OUTPUT: Result of query for tmall.com = 140.205.94.193
[2021-12-06 16:50:00,823] client.Client<Client:3b034>:OUTPUT: website : tmall.com, time : 54, hop cnt : 5
[2021-12-06 16:50:00,875] client.Client<Client:3b034>:OUTPUT: Result of query for google.co.jp = 142.250.64.99
[2021-12-06 16:50:00,876] client.Client<Client:3b034>:OUTPUT: website : google.co.jp, time : 52, hop cnt : 5
[2021-12-06 16:50:00,933] client.Client<Client:3b034>:OUTPUT: Result of query for live.com = 204.79.197.212
[2021-12-06 16:50:00,934] client.Client<Client:3b034>:OUTPUT: website : live.com, time : 56, hop cnt : 6
[2021-12-06 16:50:00,947] client.Client<Client:3b034>:OUTPUT: Result of query for vk.com = 93.186.225.208
[2021-12-06 16:50:00,948] client.Client<Client:3b034>:OUTPUT: website : vk.com, time : 12, hop cnt : 2
[2021-12-06 16:50:01,003] client.Client<Client:3b034>:OUTPUT: Result of query for instagram.com = 3.216.253.146
[2021-12-06 16:50:01,004] client.Client<Client:3b034>:OUTPUT: website : instagram.com, time : 56, hop cnt : 5
[2021-12-06 16:50:01,037] client.Client<Client:3b034>:OUTPUT: Result of query for sohu.com = 211.159.191.18
[2021-12-06 16:50:01,038] client.Client<Client:3b034>:OUTPUT: website : sohu.com, time : 32, hop cnt : 4
[2021-12-06 16:50:01,064] client.Client<Client:3b034>:OUTPUT: Result of query for sina.com.cn = 123.126.45.205
[2021-12-06 16:50:01,065] client.Client<Client:3b034>:OUTPUT: website : sina.com.cn, time : 24, hop cnt : 4
[2021-12-06 16:50:01,125] client.Client<Client:3b034>:OUTPUT: Result of query for jd.com = 111.13.149.108
[2021-12-06 16:50:01,126] client.Client<Client:3b034>:OUTPUT: website : jd.com, time : 60, hop cnt : 6
[2021-12-06 16:50:01,160] client.Client<Client:3b034>:OUTPUT: Result of query for weibo.com = 47.254.92.5
[2021-12-06 16:50:01,161] client.Client<Client:3b034>:OUTPUT: website : weibo.com, time : 34, hop cnt : 3
[2021-12-06 16:50:01,205] client.Client<Client:3b034>:OUTPUT: Result of query for 360.cn = 36.99.170.84
[2021-12-06 16:50:01,205] client.Client<Client:3b034>:OUTPUT: website : 360.cn, time : 43, hop cnt : 6
[2021-12-06 16:50:01,259] client.Client<Client:3b034>:OUTPUT: Result of query for google.de = 172.217.165.131
[2021-12-06 16:50:01,260] client.Client<Client:3b034>:OUTPUT: website : google.de, time : 53, hop cnt : 5
[2021-12-06 16:50:01,304] client.Client<Client:3b034>:OUTPUT: Result of query for google.co.uk = 172.217.10.67
[2021-12-06 16:50:01,304] client.Client<Client:3b034>:OUTPUT: website : google.co.uk, time : 41, hop cnt : 5
[2021-12-06 16:50:01,360] client.Client<Client:3b034>:OUTPUT: Result of query for linkedin.com = 108.174.10.10
[2021-12-06 16:50:01,361] client.Client<Client:3b034>:OUTPUT: website : linkedin.com, time : 55, hop cnt : 7
[2021-12-06 16:50:01,393] client.Client<Client:3b034>:OUTPUT: Result of query for google.com.br = 172.217.12.163
[2021-12-06 16:50:01,393] client.Client<Client:3b034>:OUTPUT: website : google.com.br, time : 29, hop cnt : 4
[2021-12-06 16:50:01,442] client.Client<Client:3b034>:OUTPUT: Result of query for google.fr = 172.217.10.131
[2021-12-06 16:50:01,442] client.Client<Client:3b034>:OUTPUT: website : google.fr, time : 45, hop cnt : 5
[2021-12-06 16:50:01,480] client.Client<Client:3b034>:OUTPUT: Result of query for google.ru = 172.217.10.35
[2021-12-06 16:50:01,480] client.Client<Client:3b034>:OUTPUT: website : google.ru, time : 37, hop cnt : 3
[2021-12-06 16:50:01,525] client.Client<Client:3b034>:OUTPUT: Result of query for yandex.ru = 5.255.255.60
[2021-12-06 16:50:01,525] client.Client<Client:3b034>:OUTPUT: website : yandex.ru, time : 44, hop cnt : 5
[2021-12-06 16:50:01,562] client.Client<Client:3b034>:OUTPUT: Result of query for netflix.com = 107.21.29.216
[2021-12-06 16:50:01,562] client.Client<Client:3b034>:OUTPUT: website : netflix.com, time : 36, hop cnt : 4
[2021-12-06 16:50:01,615] client.Client<Client:3b034>:OUTPUT: Result of query for google.com.hk = 172.217.165.131
[2021-12-06 16:50:01,615] client.Client<Client:3b034>:OUTPUT: website : google.com.hk, time : 52, hop cnt : 6
[2021-12-06 16:50:01,657] client.Client<Client:3b034>:OUTPUT: Result of query for yahoo.co.jp = 183.79.135.206
[2021-12-06 16:50:01,657] client.Client<Client:3b034>:OUTPUT: website : yahoo.co.jp, time : 40, hop cnt : 6
[2021-12-06 16:50:01,688] client.Client<Client:3b034>:OUTPUT: Result of query for google.it = 142.250.64.99
[2021-12-06 16:50:01,688] client.Client<Client:3b034>:OUTPUT: website : google.it, time : 31, hop cnt : 5
[2021-12-06 16:50:01,747] client.Client<Client:3b034>:OUTPUT: Result of query for ebay.com = 66.135.195.175
[2021-12-06 16:50:01,747] client.Client<Client:3b034>:OUTPUT: website : ebay.com, time : 58, hop cnt : 6
[2021-12-06 16:50:01,807] client.Client<Client:3b034>:OUTPUT: Result of query for google.es = 172.217.12.131
[2021-12-06 16:50:01,807] client.Client<Client:3b034>:OUTPUT: website : google.es, time : 60, hop cnt : 7
[2021-12-06 16:50:01,839] client.Client<Client:3b034>:OUTPUT: Result of query for pornhub.com = 66.254.114.41
[2021-12-06 16:50:01,839] client.Client<Client:3b034>:OUTPUT: website : pornhub.com, time : 30, hop cnt : 4
[2021-12-06 16:50:01,888] client.Client<Client:3b034>:OUTPUT: Result of query for imgur.com = 151.101.20.193
[2021-12-06 16:50:01,888] client.Client<Client:3b034>:OUTPUT: website : imgur.com, time : 48, hop cnt : 6
[2021-12-06 16:50:01,938] client.Client<Client:3b034>:OUTPUT: Result of query for bing.com = 13.107.21.200
[2021-12-06 16:50:01,938] client.Client<Client:3b034>:OUTPUT: website : bing.com, time : 50, hop cnt : 5
[2021-12-06 16:50:01,976] client.Client<Client:3b034>:OUTPUT: Result of query for msn.com = 13.82.28.61
[2021-12-06 16:50:01,976] client.Client<Client:3b034>:OUTPUT: website : msn.com, time : 37, hop cnt : 5
[2021-12-06 16:50:02,026] client.Client<Client:3b034>:OUTPUT: Result of query for onclkds.com = 139.45.196.76
[2021-12-06 16:50:02,026] client.Client<Client:3b034>:OUTPUT: website : onclkds.com, time : 49, hop cnt : 5
[2021-12-06 16:50:02,071] client.Client<Client:3b034>:OUTPUT: Result of query for twitch.tv = 151.101.194.167
[2021-12-06 16:50:02,071] client.Client<Client:3b034>:OUTPUT: website : twitch.tv, time : 41, hop cnt : 5
[2021-12-06 16:50:02,131] client.Client<Client:3b034>:OUTPUT: Result of query for google.com.mx = 142.250.80.3
[2021-12-06 16:50:02,131] client.Client<Client:3b034>:OUTPUT: website : google.com.mx, time : 59, hop cnt : 6
[2021-12-06 16:50:02,162] client.Client<Client:3b034>:OUTPUT: Result of query for google.ca = 172.217.165.131
[2021-12-06 16:50:02,162] client.Client<Client:3b034>:OUTPUT: website : google.ca, time : 30, hop cnt : 3
[2021-12-06 16:50:02,219] client.Client<Client:3b034>:OUTPUT: Result of query for tumblr.com = 74.114.154.17
[2021-12-06 16:50:02,220] client.Client<Client:3b034>:OUTPUT: website : tumblr.com, time : 57, hop cnt : 7
[2021-12-06 16:50:02,258] client.Client<Client:3b034>:OUTPUT: Result of query for gmw.cn = 123.56.255.157
[2021-12-06 16:50:02,258] client.Client<Client:3b034>:OUTPUT: website : gmw.cn, time : 37, hop cnt : 4
[2021-12-06 16:50:02,294] client.Client<Client:3b034>:OUTPUT: Result of query for alipay.com = 110.75.129.5
[2021-12-06 16:50:02,294] client.Client<Client:3b034>:OUTPUT: website : alipay.com, time : 31, hop cnt : 5
[2021-12-06 16:50:02,351] client.Client<Client:3b034>:OUTPUT: Result of query for livejasmin.com = 109.71.161.200
[2021-12-06 16:50:02,351] client.Client<Client:3b034>:OUTPUT: website : livejasmin.com, time : 57, hop cnt : 6
[2021-12-06 16:50:02,400] client.Client<Client:3b034>:OUTPUT: Result of query for xvideos.com = 185.88.181.7
[2021-12-06 16:50:02,400] client.Client<Client:3b034>:OUTPUT: website : xvideos.com, time : 47, hop cnt : 6
[2021-12-06 16:50:02,469] client.Client<Client:3b034>:OUTPUT: Result of query for mail.ru = 217.69.139.202
[2021-12-06 16:50:02,469] client.Client<Client:3b034>:OUTPUT: website : mail.ru, time : 67, hop cnt : 7
[2021-12-06 16:50:02,491] client.Client<Client:3b034>:OUTPUT: Result of query for microsoft.com = 104.215.148.63
[2021-12-06 16:50:02,491] client.Client<Client:3b034>:OUTPUT: website : microsoft.com, time : 20, hop cnt : 3
[2021-12-06 16:50:02,531] client.Client<Client:3b034>:OUTPUT: Result of query for ok.ru = 217.20.147.1
[2021-12-06 16:50:02,531] client.Client<Client:3b034>:OUTPUT: website : ok.ru, time : 39, hop cnt : 4
[2021-12-06 16:50:02,573] client.Client<Client:3b034>:OUTPUT: Result of query for aliexpress.com = 198.11.132.250
[2021-12-06 16:50:02,573] client.Client<Client:3b034>:OUTPUT: website : aliexpress.com, time : 41, hop cnt : 5
[2021-12-06 16:50:02,606] client.Client<Client:3b034>:OUTPUT: Result of query for wordpress.com = 192.0.78.9
[2021-12-06 16:50:02,606] client.Client<Client:3b034>:OUTPUT: website : wordpress.com, time : 32, hop cnt : 5
[2021-12-06 16:50:02,649] client.Client<Client:3b034>:OUTPUT: Result of query for stackoverflow.com = 151.101.65.69
[2021-12-06 16:50:02,649] client.Client<Client:3b034>:OUTPUT: website : stackoverflow.com, time : 42, hop cnt : 6
[2021-12-06 16:50:02,676] client.Client<Client:3b034>:OUTPUT: Result of query for imdb.com = 52.94.237.74
[2021-12-06 16:50:02,676] client.Client<Client:3b034>:OUTPUT: website : imdb.com, time : 26, hop cnt : 4
[2021-12-06 16:50:02,702] client.Client<Client:3b034>:OUTPUT: Result of query for github.com = 140.82.113.3
[2021-12-06 16:50:02,702] client.Client<Client:3b034>:OUTPUT: website : github.com, time : 24, hop cnt : 4
[2021-12-06 16:50:02,731] client.Client<Client:3b034>:OUTPUT: Result of query for amazon.co.jp = 52.119.164.121
[2021-12-06 16:50:02,731] client.Client<Client:3b034>:OUTPUT: website : amazon.co.jp, time : 28, hop cnt : 4
[2021-12-06 16:50:02,762] client.Client<Client:3b034>:OUTPUT: Result of query for pinterest.com = 151.101.0.84
[2021-12-06 16:50:02,762] client.Client<Client:3b034>:OUTPUT: website : pinterest.com, time : 30, hop cnt : 4
[2021-12-06 16:50:02,833] client.Client<Client:3b034>:OUTPUT: Result of query for csdn.net = 47.95.164.112
[2021-12-06 16:50:02,833] client.Client<Client:3b034>:OUTPUT: website : csdn.net, time : 69, hop cnt : 5
[2021-12-06 16:50:02,872] client.Client<Client:3b034>:OUTPUT: Result of query for wikia.com = 151.101.128.194
[2021-12-06 16:50:02,873] client.Client<Client:3b034>:OUTPUT: website : wikia.com, time : 37, hop cnt : 5
[2021-12-06 16:50:02,907] client.Client<Client:3b034>:OUTPUT: Result of query for apple.com = 17.253.144.10
[2021-12-06 16:50:02,907] client.Client<Client:3b034>:OUTPUT: website : apple.com, time : 33, hop cnt : 5
[2021-12-06 16:50:02,925] client.Client<Client:3b034>:OUTPUT: Result of query for google.com.tr = 142.250.64.99
[2021-12-06 16:50:02,925] client.Client<Client:3b034>:OUTPUT: website : google.com.tr, time : 17, hop cnt : 4
[2021-12-06 16:50:02,981] client.Client<Client:3b034>:OUTPUT: Result of query for popads.net = 216.21.13.12
[2021-12-06 16:50:02,981] client.Client<Client:3b034>:OUTPUT: website : popads.net, time : 56, hop cnt : 7
[2021-12-06 16:50:03,021] client.Client<Client:3b034>:OUTPUT: Result of query for youth.cn = 123.103.5.94
[2021-12-06 16:50:03,021] client.Client<Client:3b034>:OUTPUT: website : youth.cn, time : 39, hop cnt : 6
[2021-12-06 16:50:03,065] client.Client<Client:3b034>:OUTPUT: Result of query for bongacams.com = 104.18.2.244
[2021-12-06 16:50:03,065] client.Client<Client:3b034>:OUTPUT: website : bongacams.com, time : 43, hop cnt : 5
[2021-12-06 16:50:03,117] client.Client<Client:3b034>:OUTPUT: Result of query for paypal.com = 64.4.250.36
[2021-12-06 16:50:03,117] client.Client<Client:3b034>:OUTPUT: website : paypal.com, time : 51, hop cnt : 6
[2021-12-06 16:50:03,169] client.Client<Client:3b034>:OUTPUT: Result of query for microsoftonline.com = 40.84.199.233
[2021-12-06 16:50:03,169] client.Client<Client:3b034>:OUTPUT: website : microsoftonline.com, time : 51, hop cnt : 5
[2021-12-06 16:50:03,214] client.Client<Client:3b034>:OUTPUT: Result of query for google.com.tw = 172.217.11.35
[2021-12-06 16:50:03,214] client.Client<Client:3b034>:OUTPUT: website : google.com.tw, time : 44, hop cnt : 5
[2021-12-06 16:50:03,251] client.Client<Client:3b034>:OUTPUT: Result of query for google.com.au = 142.250.64.99
[2021-12-06 16:50:03,251] client.Client<Client:3b034>:OUTPUT: website : google.com.au, time : 36, hop cnt : 4
[2021-12-06 16:50:03,294] client.Client<Client:3b034>:OUTPUT: Result of query for whatsapp.com = 31.13.66.56
[2021-12-06 16:50:03,294] client.Client<Client:3b034>:OUTPUT: website : whatsapp.com, time : 42, hop cnt : 5
[2021-12-06 16:50:03,340] client.Client<Client:3b034>:OUTPUT: Result of query for google.pl = 172.217.10.67
[2021-12-06 16:50:03,340] client.Client<Client:3b034>:OUTPUT: website : google.pl, time : 45, hop cnt : 6
[2021-12-06 16:50:03,388] client.Client<Client:3b034>:OUTPUT: Result of query for xhamster.com = 104.18.156.3
[2021-12-06 16:50:03,388] client.Client<Client:3b034>:OUTPUT: website : xhamster.com, time : 48, hop cnt : 6
[2021-12-06 16:50:03,428] client.Client<Client:3b034>:OUTPUT: Result of query for diply.com = 151.101.193.131
[2021-12-06 16:50:03,428] client.Client<Client:3b034>:OUTPUT: website : diply.com, time : 39, hop cnt : 5
[2021-12-06 16:50:03,463] client.Client<Client:3b034>:OUTPUT: Result of query for google.co.id = 172.217.10.67
[2021-12-06 16:50:03,463] client.Client<Client:3b034>:OUTPUT: website : google.co.id, time : 34, hop cnt : 5
[2021-12-06 16:50:03,485] client.Client<Client:3b034>:OUTPUT: Result of query for adobe.com = 193.104.215.58
[2021-12-06 16:50:03,485] client.Client<Client:3b034>:OUTPUT: website : adobe.com, time : 21, hop cnt : 3
[2021-12-06 16:50:03,524] client.Client<Client:3b034>:OUTPUT: Result of query for coccoc.com = 123.30.175.29
[2021-12-06 16:50:03,525] client.Client<Client:3b034>:OUTPUT: website : coccoc.com, time : 38, hop cnt : 5
[2021-12-06 16:50:03,544] client.Client<Client:3b034>:OUTPUT: Result of query for craigslist.org = 208.82.237.129
[2021-12-06 16:50:03,545] client.Client<Client:3b034>:OUTPUT: website : craigslist.org, time : 20, hop cnt : 2
[2021-12-06 16:50:03,582] client.Client<Client:3b034>:OUTPUT: Result of query for txxx.com = 172.64.142.14
[2021-12-06 16:50:03,582] client.Client<Client:3b034>:OUTPUT: website : txxx.com, time : 37, hop cnt : 5
[2021-12-06 16:50:03,620] client.Client<Client:3b034>:OUTPUT: Result of query for dropbox.com = 162.125.248.1
[2021-12-06 16:50:03,620] client.Client<Client:3b034>:OUTPUT: website : dropbox.com, time : 37, hop cnt : 5
[2021-12-06 16:50:03,672] client.Client<Client:3b034>:OUTPUT: Result of query for amazon.de = 52.95.120.34
[2021-12-06 16:50:03,673] client.Client<Client:3b034>:OUTPUT: website : amazon.de, time : 51, hop cnt : 6
[2021-12-06 16:50:03,688] client.Client<Client:3b034>:OUTPUT: Result of query for google.com.ar = 172.217.12.195
[2021-12-06 16:50:03,688] client.Client<Client:3b034>:OUTPUT: website : google.com.ar, time : 14, hop cnt : 2
[2021-12-06 16:50:03,736] client.Client<Client:3b034>:OUTPUT: Result of query for amazon.in = 54.239.33.92
[2021-12-06 16:50:03,736] client.Client<Client:3b034>:OUTPUT: website : amazon.in, time : 48, hop cnt : 6
[2021-12-06 16:50:03,773] client.Client<Client:3b034>:OUTPUT: Result of query for google.com.pk = 142.250.80.3
[2021-12-06 16:50:03,773] client.Client<Client:3b034>:OUTPUT: website : google.com.pk, time : 35, hop cnt : 5
[2021-12-06 16:50:03,809] client.Client<Client:3b034>:OUTPUT: Result of query for booking.com = 5.57.16.220
[2021-12-06 16:50:03,809] client.Client<Client:3b034>:OUTPUT: website : booking.com, time : 35, hop cnt : 6
[2021-12-06 16:50:03,830] client.Client<Client:3b034>:OUTPUT: Result of query for google.co.th = 172.217.10.227
[2021-12-06 16:50:03,830] client.Client<Client:3b034>:OUTPUT: website : google.co.th, time : 19, hop cnt : 4
[2021-12-06 16:50:03,849] client.Client<Client:3b034>:OUTPUT: Result of query for tianya.cn = 124.225.65.154
[2021-12-06 16:50:03,849] client.Client<Client:3b034>:OUTPUT: website : tianya.cn, time : 19, hop cnt : 3
[2021-12-06 16:50:03,884] client.Client<Client:3b034>:OUTPUT: Result of query for google.com.eg = 172.217.10.35
[2021-12-06 16:50:03,884] client.Client<Client:3b034>:OUTPUT: website : google.com.eg, time : 34, hop cnt : 5
[2021-12-06 16:50:03,916] client.Client<Client:3b034>:OUTPUT: Result of query for china.com = 103.254.188.41
[2021-12-06 16:50:03,916] client.Client<Client:3b034>:OUTPUT: website : china.com, time : 31, hop cnt : 3
[2021-12-06 16:50:03,938] client.Client<Client:3b034>:OUTPUT: Result of query for bbc.co.uk = 151.101.0.81
[2021-12-06 16:50:03,938] client.Client<Client:3b034>:OUTPUT: website : bbc.co.uk, time : 20, hop cnt : 3
[2021-12-06 16:50:03,973] client.Client<Client:3b034>:OUTPUT: Result of query for google.com.sa = 172.217.12.163
[2021-12-06 16:50:03,973] client.Client<Client:3b034>:OUTPUT: website : google.com.sa, time : 34, hop cnt : 4
[2021-12-06 16:50:04,015] client.Client<Client:3b034>:OUTPUT: Result of query for savefrom.net = 51.159.57.133
[2021-12-06 16:50:04,015] client.Client<Client:3b034>:OUTPUT: website : savefrom.net, time : 41, hop cnt : 4
[2021-12-06 16:50:04,055] client.Client<Client:3b034>:OUTPUT: Result of query for amazon.co.uk = 54.239.34.171
[2021-12-06 16:50:04,055] client.Client<Client:3b034>:OUTPUT: website : amazon.co.uk, time : 39, hop cnt : 5
[2021-12-06 16:50:04,107] client.Client<Client:3b034>:OUTPUT: Result of query for bbc.com = 151.101.0.81
[2021-12-06 16:50:04,108] client.Client<Client:3b034>:OUTPUT: website : bbc.com, time : 51, hop cnt : 6
[2021-12-06 16:50:04,134] client.Client<Client:3b034>:OUTPUT: Result of query for fc2.com = 199.48.210.151
[2021-12-06 16:50:04,134] client.Client<Client:3b034>:OUTPUT: website : fc2.com, time : 22, hop cnt : 4
[2021-12-06 16:50:04,183] client.Client<Client:3b034>:OUTPUT: Result of query for mozilla.org = 44.236.48.31
[2021-12-06 16:50:04,184] client.Client<Client:3b034>:OUTPUT: website : mozilla.org, time : 48, hop cnt : 5
[2021-12-06 16:50:04,219] client.Client<Client:3b034>:OUTPUT: Result of query for rakuten.co.jp = 133.237.16.234
[2021-12-06 16:50:04,220] client.Client<Client:3b034>:OUTPUT: website : rakuten.co.jp, time : 34, hop cnt : 4
[2021-12-06 16:50:04,248] client.Client<Client:3b034>:OUTPUT: Result of query for uptodown.com = 23.54.188.103
[2021-12-06 16:50:04,248] client.Client<Client:3b034>:OUTPUT: website : uptodown.com, time : 25, hop cnt : 4
[2021-12-06 16:50:04,274] client.Client<Client:3b034>:OUTPUT: Result of query for cnn.com = 151.101.129.67
[2021-12-06 16:50:04,274] client.Client<Client:3b034>:OUTPUT: website : cnn.com, time : 26, hop cnt : 6
[2021-12-06 16:50:04,310] client.Client<Client:3b034>:OUTPUT: Result of query for soundcloud.com = 13.225.229.67
[2021-12-06 16:50:04,310] client.Client<Client:3b034>:OUTPUT: website : soundcloud.com, time : 30, hop cnt : 5
[2021-12-06 16:50:04,335] client.Client<Client:3b034>:OUTPUT: Result of query for google.com.ua = 172.217.7.3
[2021-12-06 16:50:04,335] client.Client<Client:3b034>:OUTPUT: website : google.com.ua, time : 23, hop cnt : 3
[2021-12-06 16:50:04,366] client.Client<Client:3b034>:OUTPUT: Result of query for quora.com = 34.237.36.29
[2021-12-06 16:50:04,366] client.Client<Client:3b034>:OUTPUT: website : quora.com, time : 30, hop cnt : 5
[2021-12-06 16:50:04,387] client.Client<Client:3b034>:OUTPUT: Result of query for amazonaws.com = 72.21.210.29
[2021-12-06 16:50:04,387] client.Client<Client:3b034>:OUTPUT: website : amazonaws.com, time : 19, hop cnt : 4
[2021-12-06 16:50:04,403] client.Client<Client:3b034>:OUTPUT: Result of query for ask.com = 199.232.66.114
[2021-12-06 16:50:04,404] client.Client<Client:3b034>:OUTPUT: website : ask.com, time : 16, hop cnt : 3
[2021-12-06 16:50:04,442] client.Client<Client:3b034>:OUTPUT: Result of query for clicksgear.com = 192.243.59.12
[2021-12-06 16:50:04,442] client.Client<Client:3b034>:OUTPUT: website : clicksgear.com, time : 37, hop cnt : 6
[2021-12-06 16:50:04,486] client.Client<Client:3b034>:OUTPUT: Result of query for xnxx.com = 185.88.181.60
[2021-12-06 16:50:04,487] client.Client<Client:3b034>:OUTPUT: website : xnxx.com, time : 43, hop cnt : 6
[2021-12-06 16:50:04,518] client.Client<Client:3b034>:OUTPUT: Result of query for google.nl = 172.217.11.3
[2021-12-06 16:50:04,519] client.Client<Client:3b034>:OUTPUT: website : google.nl, time : 30, hop cnt : 5
[2021-12-06 16:50:04,561] client.Client<Client:3b034>:OUTPUT: Result of query for nytimes.com = 151.101.65.164
[2021-12-06 16:50:04,562] client.Client<Client:3b034>:OUTPUT: website : nytimes.com, time : 41, hop cnt : 6
[2021-12-06 16:50:04,603] client.Client<Client:3b034>:OUTPUT: Result of query for naver.com = 125.209.222.141
[2021-12-06 16:50:04,603] client.Client<Client:3b034>:OUTPUT: website : naver.com, time : 40, hop cnt : 5
[2021-12-06 16:50:04,627] client.Client<Client:3b034>:OUTPUT: Result of query for ettoday.net = 219.85.79.131
[2021-12-06 16:50:04,627] client.Client<Client:3b034>:OUTPUT: website : ettoday.net, time : 22, hop cnt : 3
[2021-12-06 16:50:04,673] client.Client<Client:3b034>:OUTPUT: Result of query for adf.ly = 104.20.81.199
[2021-12-06 16:50:04,673] client.Client<Client:3b034>:OUTPUT: website : adf.ly, time : 42, hop cnt : 5
[2021-12-06 16:50:04,727] client.Client<Client:3b034>:OUTPUT: Result of query for dailymotion.com = 195.8.215.136
[2021-12-06 16:50:04,727] client.Client<Client:3b034>:OUTPUT: website : dailymotion.com, time : 54, hop cnt : 6
[2021-12-06 16:50:04,767] client.Client<Client:3b034>:OUTPUT: Result of query for google.co.za = 172.217.11.3
[2021-12-06 16:50:04,767] client.Client<Client:3b034>:OUTPUT: website : google.co.za, time : 39, hop cnt : 5
[2021-12-06 16:50:04,811] client.Client<Client:3b034>:OUTPUT: Result of query for steamcommunity.com = 23.192.34.24
[2021-12-06 16:50:04,811] client.Client<Client:3b034>:OUTPUT: website : steamcommunity.com, time : 43, hop cnt : 5
[2021-12-06 16:50:04,846] client.Client<Client:3b034>:OUTPUT: Result of query for google.co.ve = 172.217.11.3
[2021-12-06 16:50:04,846] client.Client<Client:3b034>:OUTPUT: website : google.co.ve, time : 34, hop cnt : 4
[2021-12-06 16:50:04,884] client.Client<Client:3b034>:OUTPUT: Result of query for salesforce.com = 23.1.35.132
[2021-12-06 16:50:04,884] client.Client<Client:3b034>:OUTPUT: website : salesforce.com, time : 37, hop cnt : 5
[2021-12-06 16:50:04,917] client.Client<Client:3b034>:OUTPUT: Result of query for espn.com = 13.225.229.96
[2021-12-06 16:50:04,917] client.Client<Client:3b034>:OUTPUT: website : espn.com, time : 32, hop cnt : 5
[2021-12-06 16:50:04,962] client.Client<Client:3b034>:OUTPUT: Result of query for stackexchange.com = 151.101.193.69
[2021-12-06 16:50:04,962] client.Client<Client:3b034>:OUTPUT: website : stackexchange.com, time : 43, hop cnt : 6
[2021-12-06 16:50:04,985] client.Client<Client:3b034>:OUTPUT: Result of query for blogger.com = 142.250.80.9
[2021-12-06 16:50:04,985] client.Client<Client:3b034>:OUTPUT: website : blogger.com, time : 22, hop cnt : 4
[2021-12-06 16:50:05,023] client.Client<Client:3b034>:OUTPUT: Result of query for chase.com = 159.53.84.126
[2021-12-06 16:50:05,023] client.Client<Client:3b034>:OUTPUT: website : chase.com, time : 37, hop cnt : 5
[2021-12-06 16:50:05,078] client.Client<Client:3b034>:OUTPUT: Result of query for google.co.kr = 142.250.80.3
[2021-12-06 16:50:05,078] client.Client<Client:3b034>:OUTPUT: website : google.co.kr, time : 54, hop cnt : 5
[2021-12-06 16:50:05,122] client.Client<Client:3b034>:OUTPUT: Result of query for ebay.de = 66.135.196.249
[2021-12-06 16:50:05,122] client.Client<Client:3b034>:OUTPUT: website : ebay.de, time : 43, hop cnt : 5
[2021-12-06 16:50:05,166] client.Client<Client:3b034>:OUTPUT: Result of query for vimeo.com = 151.101.192.217
[2021-12-06 16:50:05,166] client.Client<Client:3b034>:OUTPUT: website : vimeo.com, time : 43, hop cnt : 5
[2021-12-06 16:50:05,199] client.Client<Client:3b034>:OUTPUT: Result of query for vice.com = 52.200.45.101
[2021-12-06 16:50:05,199] client.Client<Client:3b034>:OUTPUT: website : vice.com, time : 31, hop cnt : 5
[2021-12-06 16:50:05,235] client.Client<Client:3b034>:OUTPUT: Result of query for theguardian.com = 151.101.1.111
[2021-12-06 16:50:05,235] client.Client<Client:3b034>:OUTPUT: website : theguardian.com, time : 35, hop cnt : 4
[2021-12-06 16:50:05,267] client.Client<Client:3b034>:OUTPUT: Result of query for blastingnews.com = 212.97.32.174
[2021-12-06 16:50:05,267] client.Client<Client:3b034>:OUTPUT: website : blastingnews.com, time : 31, hop cnt : 3
[2021-12-06 16:50:05,298] client.Client<Client:3b034>:OUTPUT: Result of query for tribunnews.com = 113.11.255.30
[2021-12-06 16:50:05,298] client.Client<Client:3b034>:OUTPUT: website : tribunnews.com, time : 30, hop cnt : 4
[2021-12-06 16:50:05,332] client.Client<Client:3b034>:OUTPUT: Result of query for steampowered.com = 23.192.8.254
[2021-12-06 16:50:05,332] client.Client<Client:3b034>:OUTPUT: website : steampowered.com, time : 33, hop cnt : 5
[2021-12-06 16:50:05,372] client.Client<Client:3b034>:OUTPUT: Result of query for chaturbate.com = 104.18.101.40
[2021-12-06 16:50:05,372] client.Client<Client:3b034>:OUTPUT: website : chaturbate.com, time : 39, hop cnt : 5
[2021-12-06 16:50:05,390] client.Client<Client:3b034>:OUTPUT: Result of query for ebay.co.uk = 66.135.196.249
[2021-12-06 16:50:05,390] client.Client<Client:3b034>:OUTPUT: website : ebay.co.uk, time : 17, hop cnt : 3
[2021-12-06 16:50:05,440] client.Client<Client:3b034>:OUTPUT: Result of query for detik.com = 203.190.242.211
[2021-12-06 16:50:05,440] client.Client<Client:3b034>:OUTPUT: website : detik.com, time : 50, hop cnt : 5
[2021-12-06 16:50:05,480] client.Client<Client:3b034>:OUTPUT: Result of query for google.gr = 142.250.64.99
[2021-12-06 16:50:05,480] client.Client<Client:3b034>:OUTPUT: website : google.gr, time : 39, hop cnt : 6
[2021-12-06 16:50:05,524] client.Client<Client:3b034>:OUTPUT: Result of query for google.com.vn = 172.217.10.227
[2021-12-06 16:50:05,524] client.Client<Client:3b034>:OUTPUT: website : google.com.vn, time : 43, hop cnt : 7
[2021-12-06 16:50:05,562] client.Client<Client:3b034>:OUTPUT: Result of query for buzzfeed.com = 13.225.229.101
[2021-12-06 16:50:05,562] client.Client<Client:3b034>:OUTPUT: website : buzzfeed.com, time : 34, hop cnt : 4
[2021-12-06 16:50:05,625] client.Client<Client:3b034>:OUTPUT: Result of query for indeed.com = 18.218.22.89
[2021-12-06 16:50:05,625] client.Client<Client:3b034>:OUTPUT: website : indeed.com, time : 62, hop cnt : 7
[2021-12-06 16:50:05,664] client.Client<Client:3b034>:OUTPUT: Result of query for dailymail.co.uk = 23.41.6.195
[2021-12-06 16:50:05,664] client.Client<Client:3b034>:OUTPUT: website : dailymail.co.uk, time : 38, hop cnt : 5
[2021-12-06 16:50:05,695] client.Client<Client:3b034>:OUTPUT: Result of query for mediafire.com = 104.16.203.237
[2021-12-06 16:50:05,695] client.Client<Client:3b034>:OUTPUT: website : mediafire.com, time : 30, hop cnt : 5
[2021-12-06 16:50:05,738] client.Client<Client:3b034>:OUTPUT: Result of query for avito.ru = 185.89.12.132
[2021-12-06 16:50:05,738] client.Client<Client:3b034>:OUTPUT: website : avito.ru, time : 42, hop cnt : 5
[2021-12-06 16:50:05,820] client.Client<Client:3b034>:OUTPUT: Result of query for cnet.com = 35.190.79.82
[2021-12-06 16:50:05,820] client.Client<Client:3b034>:OUTPUT: website : cnet.com, time : 81, hop cnt : 8
[2021-12-06 16:50:05,848] client.Client<Client:3b034>:OUTPUT: Result of query for google.com.sg = 172.217.165.131
[2021-12-06 16:50:05,848] client.Client<Client:3b034>:OUTPUT: website : google.com.sg, time : 27, hop cnt : 4
[2021-12-06 16:50:05,888] client.Client<Client:3b034>:OUTPUT: Result of query for globo.com = 186.192.90.5
[2021-12-06 16:50:05,888] client.Client<Client:3b034>:OUTPUT: website : globo.com, time : 39, hop cnt : 5
[2021-12-06 16:50:05,940] client.Client<Client:3b034>:OUTPUT: Result of query for xinhuanet.com = 202.108.119.193
[2021-12-06 16:50:05,941] client.Client<Client:3b034>:OUTPUT: website : xinhuanet.com, time : 51, hop cnt : 6
[2021-12-06 16:50:05,988] client.Client<Client:3b034>:OUTPUT: Result of query for spotify.com = 35.186.224.25
[2021-12-06 16:50:05,988] client.Client<Client:3b034>:OUTPUT: website : spotify.com, time : 46, hop cnt : 6
[2021-12-06 16:50:06,035] client.Client<Client:3b034>:OUTPUT: Result of query for flipkart.com = 163.53.76.86
[2021-12-06 16:50:06,035] client.Client<Client:3b034>:OUTPUT: website : flipkart.com, time : 47, hop cnt : 5
[2021-12-06 16:50:06,067] client.Client<Client:3b034>:OUTPUT: Result of query for ladbible.com = 104.17.98.32
[2021-12-06 16:50:06,067] client.Client<Client:3b034>:OUTPUT: website : ladbible.com, time : 30, hop cnt : 5
[2021-12-06 16:50:06,109] client.Client<Client:3b034>:OUTPUT: Result of query for google.com.ph = 172.217.10.35
[2021-12-06 16:50:06,110] client.Client<Client:3b034>:OUTPUT: website : google.com.ph, time : 41, hop cnt : 6
[2021-12-06 16:50:06,141] client.Client<Client:3b034>:OUTPUT: Result of query for google.com.co = 172.217.12.195
[2021-12-06 16:50:06,141] client.Client<Client:3b034>:OUTPUT: website : google.com.co, time : 30, hop cnt : 5
[2021-12-06 16:50:06,180] client.Client<Client:3b034>:OUTPUT: Result of query for popcash.net = 104.27.207.92
[2021-12-06 16:50:06,180] client.Client<Client:3b034>:OUTPUT: website : popcash.net, time : 38, hop cnt : 4
[2021-12-06 16:50:06,208] client.Client<Client:3b034>:OUTPUT: Result of query for google.be = 142.250.64.99
[2021-12-06 16:50:06,208] client.Client<Client:3b034>:OUTPUT: website : google.be, time : 27, hop cnt : 5
[2021-12-06 16:50:06,238] client.Client<Client:3b034>:OUTPUT: Result of query for google.se = 142.250.64.67
[2021-12-06 16:50:06,238] client.Client<Client:3b034>:OUTPUT: website : google.se, time : 28, hop cnt : 4
[2021-12-06 16:50:06,270] client.Client<Client:3b034>:OUTPUT: Result of query for deviantart.com = 99.84.237.60
[2021-12-06 16:50:06,270] client.Client<Client:3b034>:OUTPUT: website : deviantart.com, time : 30, hop cnt : 4
[2021-12-06 16:50:06,306] client.Client<Client:3b034>:OUTPUT: Result of query for zhihu.com = 103.41.167.234
[2021-12-06 16:50:06,306] client.Client<Client:3b034>:OUTPUT: website : zhihu.com, time : 34, hop cnt : 5
[2021-12-06 16:50:06,346] client.Client<Client:3b034>:OUTPUT: Result of query for google.cn = 172.217.7.3
[2021-12-06 16:50:06,346] client.Client<Client:3b034>:OUTPUT: website : google.cn, time : 39, hop cnt : 6
[2021-12-06 16:50:06,386] client.Client<Client:3b034>:OUTPUT: Result of query for roblox.com = 128.116.114.3
[2021-12-06 16:50:06,386] client.Client<Client:3b034>:OUTPUT: website : roblox.com, time : 39, hop cnt : 6
[2021-12-06 16:50:06,417] client.Client<Client:3b034>:OUTPUT: Result of query for walmart.com = 161.170.230.170
[2021-12-06 16:50:06,417] client.Client<Client:3b034>:OUTPUT: website : walmart.com, time : 30, hop cnt : 3
[2021-12-06 16:50:06,450] client.Client<Client:3b034>:OUTPUT: Result of query for google.az = 172.217.10.100
[2021-12-06 16:50:06,450] client.Client<Client:3b034>:OUTPUT: website : google.az, time : 30, hop cnt : 4
[2021-12-06 16:50:06,494] client.Client<Client:3b034>:OUTPUT: Result of query for uol.com.br = 200.147.35.149
[2021-12-06 16:50:06,494] client.Client<Client:3b034>:OUTPUT: website : uol.com.br, time : 44, hop cnt : 5
[2021-12-06 16:50:06,509] client.Client<Client:3b034>:OUTPUT: Result of query for force.com = 23.1.35.132
[2021-12-06 16:50:06,509] client.Client<Client:3b034>:OUTPUT: website : force.com, time : 14, hop cnt : 2
[2021-12-06 16:50:06,538] client.Client<Client:3b034>:OUTPUT: Result of query for upornia.com = 172.64.143.19
[2021-12-06 16:50:06,538] client.Client<Client:3b034>:OUTPUT: website : upornia.com, time : 27, hop cnt : 3
[2021-12-06 16:50:06,566] client.Client<Client:3b034>:OUTPUT: Result of query for wikihow.com = 151.101.66.110
[2021-12-06 16:50:06,566] client.Client<Client:3b034>:OUTPUT: website : wikihow.com, time : 26, hop cnt : 4
[2021-12-06 16:50:06,612] client.Client<Client:3b034>:OUTPUT: Result of query for yelp.com = 199.232.64.116
[2021-12-06 16:50:06,612] client.Client<Client:3b034>:OUTPUT: website : yelp.com, time : 44, hop cnt : 5
[2021-12-06 16:50:06,660] client.Client<Client:3b034>:OUTPUT: Result of query for daikynguyenvn.com = 172.67.147.194
[2021-12-06 16:50:06,660] client.Client<Client:3b034>:OUTPUT: website : daikynguyenvn.com, time : 47, hop cnt : 5
[2021-12-06 16:50:06,693] client.Client<Client:3b034>:OUTPUT: Result of query for w3schools.com = 66.29.212.110
[2021-12-06 16:50:06,693] client.Client<Client:3b034>:OUTPUT: website : w3schools.com, time : 32, hop cnt : 5
[2021-12-06 16:50:06,723] client.Client<Client:3b034>:OUTPUT: Result of query for washingtonpost.com = 104.108.117.10
[2021-12-06 16:50:06,723] client.Client<Client:3b034>:OUTPUT: website : washingtonpost.com, time : 29, hop cnt : 5
[2021-12-06 16:50:06,767] client.Client<Client:3b034>:OUTPUT: Result of query for china.com.cn = 202.130.245.42
[2021-12-06 16:50:06,767] client.Client<Client:3b034>:OUTPUT: website : china.com.cn, time : 40, hop cnt : 4
[2021-12-06 16:50:06,822] client.Client<Client:3b034>:OUTPUT: Result of query for godaddy.com = 208.109.192.70
[2021-12-06 16:50:06,822] client.Client<Client:3b034>:OUTPUT: website : godaddy.com, time : 54, hop cnt : 6
[2021-12-06 16:50:06,863] client.Client<Client:3b034>:OUTPUT: Result of query for etsy.com = 151.101.1.224
[2021-12-06 16:50:06,863] client.Client<Client:3b034>:OUTPUT: website : etsy.com, time : 40, hop cnt : 5
[2021-12-06 16:50:06,882] client.Client<Client:3b034>:OUTPUT: Result of query for rambler.ru = 81.19.82.98
[2021-12-06 16:50:06,882] client.Client<Client:3b034>:OUTPUT: website : rambler.ru, time : 19, hop cnt : 3
[2021-12-06 16:50:06,902] client.Client<Client:3b034>:OUTPUT: Result of query for alibaba.com = 198.11.132.198
[2021-12-06 16:50:06,902] client.Client<Client:3b034>:OUTPUT: website : alibaba.com, time : 19, hop cnt : 3
[2021-12-06 16:50:06,954] client.Client<Client:3b034>:OUTPUT: Result of query for sogou.com = 119.28.109.132
[2021-12-06 16:50:06,954] client.Client<Client:3b034>:OUTPUT: website : sogou.com, time : 52, hop cnt : 7
[2021-12-06 16:50:06,998] client.Client<Client:3b034>:OUTPUT: Result of query for nih.gov = 54.235.145.223
[2021-12-06 16:50:06,998] client.Client<Client:3b034>:OUTPUT: website : nih.gov, time : 43, hop cnt : 4
[2021-12-06 16:50:07,033] client.Client<Client:3b034>:OUTPUT: Result of query for google.at = 172.217.7.3
[2021-12-06 16:50:07,033] client.Client<Client:3b034>:OUTPUT: website : google.at, time : 33, hop cnt : 5
[2021-12-06 16:50:07,052] client.Client<Client:3b034>:OUTPUT: Result of query for hclips.com = 172.64.200.4
[2021-12-06 16:50:07,052] client.Client<Client:3b034>:OUTPUT: website : hclips.com, time : 17, hop cnt : 4
[2021-12-06 16:50:07,099] client.Client<Client:3b034>:OUTPUT: Result of query for softonic.com = 35.227.233.104
[2021-12-06 16:50:07,099] client.Client<Client:3b034>:OUTPUT: website : softonic.com, time : 46, hop cnt : 6
[2021-12-06 16:50:07,116] client.Client<Client:3b034>:OUTPUT: Result of query for redtube.com = 66.254.114.238
[2021-12-06 16:50:07,116] client.Client<Client:3b034>:OUTPUT: website : redtube.com, time : 16, hop cnt : 4
[2021-12-06 16:50:07,140] client.Client<Client:3b034>:OUTPUT: Result of query for google.com.ng = 142.250.64.99
[2021-12-06 16:50:07,140] client.Client<Client:3b034>:OUTPUT: website : google.com.ng, time : 23, hop cnt : 3
[2021-12-06 16:50:07,165] client.Client<Client:3b034>:OUTPUT: Result of query for iwanttodeliver.com = 185.88.180.102
[2021-12-06 16:50:07,165] client.Client<Client:3b034>:OUTPUT: website : iwanttodeliver.com, time : 22, hop cnt : 4
[2021-12-06 16:50:07,185] client.Client<Client:3b034>:OUTPUT: Result of query for 9gag.com = 104.16.104.144
[2021-12-06 16:50:07,185] client.Client<Client:3b034>:OUTPUT: website : 9gag.com, time : 19, hop cnt : 3
[2021-12-06 16:50:07,222] client.Client<Client:3b034>:OUTPUT: Result of query for slack.com = 18.214.242.166
[2021-12-06 16:50:07,222] client.Client<Client:3b034>:OUTPUT: website : slack.com, time : 36, hop cnt : 5
[2021-12-06 16:50:07,264] client.Client<Client:3b034>:OUTPUT: Result of query for google.com.pe = 172.217.3.99
[2021-12-06 16:50:07,264] client.Client<Client:3b034>:OUTPUT: website : google.com.pe, time : 41, hop cnt : 4
[2021-12-06 16:50:07,312] client.Client<Client:3b034>:OUTPUT: Result of query for bankofamerica.com = 171.161.148.150
[2021-12-06 16:50:07,312] client.Client<Client:3b034>:OUTPUT: website : bankofamerica.com, time : 46, hop cnt : 5
[2021-12-06 16:50:07,353] client.Client<Client:3b034>:OUTPUT: Result of query for mercadolivre.com.br = 13.225.229.127
[2021-12-06 16:50:07,353] client.Client<Client:3b034>:OUTPUT: website : mercadolivre.com.br, time : 40, hop cnt : 5
[2021-12-06 16:50:07,401] client.Client<Client:3b034>:OUTPUT: Result of query for 4chan.org = 104.19.128.108
[2021-12-06 16:50:07,401] client.Client<Client:3b034>:OUTPUT: website : 4chan.org, time : 47, hop cnt : 5
[2021-12-06 16:50:07,470] client.Client<Client:3b034>:OUTPUT: Result of query for google.ro = 172.217.10.99
[2021-12-06 16:50:07,470] client.Client<Client:3b034>:OUTPUT: website : google.ro, time : 68, hop cnt : 7
[2021-12-06 16:50:07,516] client.Client<Client:3b034>:OUTPUT: Result of query for cpm10.com = 103.224.182.251
[2021-12-06 16:50:07,516] client.Client<Client:3b034>:OUTPUT: website : cpm10.com, time : 44, hop cnt : 6
[2021-12-06 16:50:07,565] client.Client<Client:3b034>:OUTPUT: Result of query for google.cz = 142.250.80.3
[2021-12-06 16:50:07,565] client.Client<Client:3b034>:OUTPUT: website : google.cz, time : 48, hop cnt : 6
[2021-12-06 16:50:07,589] client.Client<Client:3b034>:OUTPUT: Result of query for google.ch = 172.217.12.131
[2021-12-06 16:50:07,589] client.Client<Client:3b034>:OUTPUT: website : google.ch, time : 24, hop cnt : 2
[2021-12-06 16:50:07,632] client.Client<Client:3b034>:OUTPUT: Result of query for tripadvisor.com = 192.229.162.112
[2021-12-06 16:50:07,632] client.Client<Client:3b034>:OUTPUT: website : tripadvisor.com, time : 37, hop cnt : 5
[2021-12-06 16:50:07,677] client.Client<Client:3b034>:OUTPUT: Result of query for bet365.com = 5.226.176.16
[2021-12-06 16:50:07,677] client.Client<Client:3b034>:OUTPUT: website : bet365.com, time : 44, hop cnt : 6
[2021-12-06 16:50:07,714] client.Client<Client:3b034>:OUTPUT: Result of query for gfycat.com = 13.225.222.216
[2021-12-06 16:50:07,714] client.Client<Client:3b034>:OUTPUT: website : gfycat.com, time : 36, hop cnt : 5
[2021-12-06 16:50:07,755] client.Client<Client:3b034>:OUTPUT: Result of query for amazon.fr = 52.95.120.39
[2021-12-06 16:50:07,755] client.Client<Client:3b034>:OUTPUT: website : amazon.fr, time : 40, hop cnt : 5
[2021-12-06 16:50:07,802] client.Client<Client:3b034>:OUTPUT: Result of query for discordapp.com = 162.159.134.233
[2021-12-06 16:50:07,802] client.Client<Client:3b034>:OUTPUT: website : discordapp.com, time : 46, hop cnt : 6
[2021-12-06 16:50:07,847] client.Client<Client:3b034>:OUTPUT: Result of query for google.cl = 172.217.9.227
[2021-12-06 16:50:07,847] client.Client<Client:3b034>:OUTPUT: website : google.cl, time : 44, hop cnt : 6
[2021-12-06 16:50:07,905] client.Client<Client:3b034>:OUTPUT: Result of query for wellsfargo.com = 159.45.66.143
[2021-12-06 16:50:07,905] client.Client<Client:3b034>:OUTPUT: website : wellsfargo.com, time : 57, hop cnt : 6
[2021-12-06 16:50:07,938] client.Client<Client:3b034>:OUTPUT: Result of query for trello.com = 18.234.32.193
[2021-12-06 16:50:07,938] client.Client<Client:3b034>:OUTPUT: website : trello.com, time : 32, hop cnt : 4
[2021-12-06 16:50:07,984] client.Client<Client:3b034>:OUTPUT: Result of query for amazon.it = 52.95.120.36
[2021-12-06 16:50:07,984] client.Client<Client:3b034>:OUTPUT: website : amazon.it, time : 45, hop cnt : 5
[2021-12-06 16:50:08,030] client.Client<Client:3b034>:OUTPUT: Result of query for indiatimes.com = 23.33.172.134
[2021-12-06 16:50:08,030] client.Client<Client:3b034>:OUTPUT: website : indiatimes.com, time : 45, hop cnt : 5
[2021-12-06 16:50:08,079] client.Client<Client:3b034>:OUTPUT: Result of query for battle.net = 137.221.106.104
[2021-12-06 16:50:08,079] client.Client<Client:3b034>:OUTPUT: website : battle.net, time : 46, hop cnt : 5
[2021-12-06 16:50:08,126] client.Client<Client:3b034>:OUTPUT: Result of query for google.pt = 172.217.6.195
[2021-12-06 16:50:08,126] client.Client<Client:3b034>:OUTPUT: website : google.pt, time : 46, hop cnt : 5
[2021-12-06 16:50:08,177] client.Client<Client:3b034>:OUTPUT: Result of query for zillow.com = 13.225.229.65
[2021-12-06 16:50:08,177] client.Client<Client:3b034>:OUTPUT: website : zillow.com, time : 50, hop cnt : 5
[2021-12-06 16:50:08,215] client.Client<Client:3b034>:OUTPUT: Result of query for google.co.ao = 142.250.64.99
[2021-12-06 16:50:08,215] client.Client<Client:3b034>:OUTPUT: website : google.co.ao, time : 37, hop cnt : 4
[2021-12-06 16:50:08,240] client.Client<Client:3b034>:OUTPUT: Result of query for messenger.com = 31.13.71.1
[2021-12-06 16:50:08,240] client.Client<Client:3b034>:OUTPUT: website : messenger.com, time : 24, hop cnt : 3
[2021-12-06 16:50:08,276] client.Client<Client:3b034>:OUTPUT: Result of query for google.no = 172.217.7.3
[2021-12-06 16:50:08,276] client.Client<Client:3b034>:OUTPUT: website : google.no, time : 31, hop cnt : 5
[2021-12-06 16:50:08,308] client.Client<Client:3b034>:OUTPUT: Result of query for kinogo.club = 75.2.37.224
[2021-12-06 16:50:08,308] client.Client<Client:3b034>:OUTPUT: website : kinogo.club, time : 30, hop cnt : 4
[2021-12-06 16:50:08,328] client.Client<Client:3b034>:OUTPUT: Result of query for mama.cn = 134.175.173.148
[2021-12-06 16:50:08,328] client.Client<Client:3b034>:OUTPUT: website : mama.cn, time : 20, hop cnt : 3
[2021-12-06 16:50:08,367] client.Client<Client:3b034>:OUTPUT: Result of query for gamepedia.com = 104.27.138.186
[2021-12-06 16:50:08,367] client.Client<Client:3b034>:OUTPUT: website : gamepedia.com, time : 38, hop cnt : 5
[2021-12-06 16:50:08,421] client.Client<Client:3b034>:OUTPUT: Result of query for youporn.com = 66.254.114.79
[2021-12-06 16:50:08,421] client.Client<Client:3b034>:OUTPUT: website : youporn.com, time : 53, hop cnt : 7
[2021-12-06 16:50:08,456] client.Client<Client:3b034>:OUTPUT: Result of query for forbes.com = 151.101.130.49
[2021-12-06 16:50:08,456] client.Client<Client:3b034>:OUTPUT: website : forbes.com, time : 34, hop cnt : 4
[2021-12-06 16:50:08,501] client.Client<Client:3b034>:OUTPUT: Result of query for yts.ag = 172.67.202.48
[2021-12-06 16:50:08,501] client.Client<Client:3b034>:OUTPUT: website : yts.ag, time : 41, hop cnt : 5
[2021-12-06 16:50:08,529] client.Client<Client:3b034>:OUTPUT: Result of query for tokopedia.com = 47.74.244.18
[2021-12-06 16:50:08,529] client.Client<Client:3b034>:OUTPUT: website : tokopedia.com, time : 27, hop cnt : 5
[2021-12-06 16:50:08,548] client.Client<Client:3b034>:OUTPUT: Result of query for google.ae = 142.250.64.99
[2021-12-06 16:50:08,548] client.Client<Client:3b034>:OUTPUT: website : google.ae, time : 16, hop cnt : 3
[2021-12-06 16:50:08,583] client.Client<Client:3b034>:OUTPUT: Result of query for abs-cbn.com = 23.63.246.57
[2021-12-06 16:50:08,583] client.Client<Client:3b034>:OUTPUT: website : abs-cbn.com, time : 34, hop cnt : 4
[2021-12-06 16:50:08,617] client.Client<Client:3b034>:OUTPUT: Result of query for youm7.com = 104.18.6.4
[2021-12-06 16:50:08,617] client.Client<Client:3b034>:OUTPUT: website : youm7.com, time : 33, hop cnt : 5
[2021-12-06 16:50:08,646] client.Client<Client:3b034>:OUTPUT: Result of query for pipeschannels.com = 139.45.196.73
[2021-12-06 16:50:08,646] client.Client<Client:3b034>:OUTPUT: website : pipeschannels.com, time : 27, hop cnt : 4
[2021-12-06 16:50:08,685] client.Client<Client:3b034>:OUTPUT: Result of query for weather.com = 104.126.221.252
[2021-12-06 16:50:08,685] client.Client<Client:3b034>:OUTPUT: website : weather.com, time : 38, hop cnt : 5
[2021-12-06 16:50:08,718] client.Client<Client:3b034>:OUTPUT: Result of query for outbrain.com = 192.82.210.254
[2021-12-06 16:50:08,718] client.Client<Client:3b034>:OUTPUT: website : outbrain.com, time : 32, hop cnt : 4
[2021-12-06 16:50:08,751] client.Client<Client:3b034>:OUTPUT: Result of query for ameblo.jp = 151.101.1.83
[2021-12-06 16:50:08,751] client.Client<Client:3b034>:OUTPUT: website : ameblo.jp, time : 32, hop cnt : 5
[2021-12-06 16:50:08,807] client.Client<Client:3b034>:OUTPUT: Result of query for ikea.com = 204.74.99.103
[2021-12-06 16:50:08,807] client.Client<Client:3b034>:OUTPUT: website : ikea.com, time : 55, hop cnt : 5
[2021-12-06 16:50:08,855] client.Client<Client:3b034>:OUTPUT: Result of query for kakaku.com = 103.70.243.165
[2021-12-06 16:50:08,855] client.Client<Client:3b034>:OUTPUT: website : kakaku.com, time : 47, hop cnt : 5
[2021-12-06 16:50:08,885] client.Client<Client:3b034>:OUTPUT: Result of query for trackmedia101.com = 103.224.182.251
[2021-12-06 16:50:08,885] client.Client<Client:3b034>:OUTPUT: website : trackmedia101.com, time : 30, hop cnt : 4
[2021-12-06 16:50:08,918] client.Client<Client:3b034>:OUTPUT: Result of query for mega.nz = 66.203.127.12
[2021-12-06 16:50:08,918] client.Client<Client:3b034>:OUTPUT: website : mega.nz, time : 32, hop cnt : 4
[2021-12-06 16:50:08,948] client.Client<Client:3b034>:OUTPUT: Result of query for 39.net = 211.99.98.109
[2021-12-06 16:50:08,948] client.Client<Client:3b034>:OUTPUT: website : 39.net, time : 29, hop cnt : 3
[2021-12-06 16:50:08,968] client.Client<Client:3b034>:OUTPUT: Result of query for bilibili.com = 110.43.34.66
[2021-12-06 16:50:08,969] client.Client<Client:3b034>:OUTPUT: website : bilibili.com, time : 19, hop cnt : 3
[2021-12-06 16:50:09,009] client.Client<Client:3b034>:OUTPUT: Result of query for google.dz = 172.217.11.3
[2021-12-06 16:50:09,010] client.Client<Client:3b034>:OUTPUT: website : google.dz, time : 38, hop cnt : 6
[2021-12-06 16:50:09,038] client.Client<Client:3b034>:OUTPUT: Result of query for huffingtonpost.com = 98.136.103.23
[2021-12-06 16:50:09,039] client.Client<Client:3b034>:OUTPUT: website : huffingtonpost.com, time : 28, hop cnt : 5
[2021-12-06 16:50:09,057] client.Client<Client:3b034>:OUTPUT: Result of query for hotmovs.com = 172.64.106.9
[2021-12-06 16:50:09,057] client.Client<Client:3b034>:OUTPUT: website : hotmovs.com, time : 17, hop cnt : 2
[2021-12-06 16:50:09,098] client.Client<Client:3b034>:OUTPUT: Result of query for speedtest.net = 151.101.66.219
[2021-12-06 16:50:09,098] client.Client<Client:3b034>:OUTPUT: website : speedtest.net, time : 36, hop cnt : 5
[2021-12-06 16:50:09,124] client.Client<Client:3b034>:OUTPUT: Result of query for livejournal.com = 13.88.179.33
[2021-12-06 16:50:09,124] client.Client<Client:3b034>:OUTPUT: website : livejournal.com, time : 24, hop cnt : 4
[2021-12-06 16:50:09,167] client.Client<Client:3b034>:OUTPUT: Result of query for reimageplus.com = 161.47.7.14
[2021-12-06 16:50:09,168] client.Client<Client:3b034>:OUTPUT: website : reimageplus.com, time : 40, hop cnt : 6
[2021-12-06 16:50:09,211] client.Client<Client:3b034>:OUTPUT: Result of query for google.ie = 172.217.12.195
[2021-12-06 16:50:09,211] client.Client<Client:3b034>:OUTPUT: website : google.ie, time : 43, hop cnt : 6
[2021-12-06 16:50:09,269] client.Client<Client:3b034>:OUTPUT: Result of query for adexchangeprediction.com = 35.206.66.190
[2021-12-06 16:50:09,269] client.Client<Client:3b034>:OUTPUT: website : adexchangeprediction.com, time : 57, hop cnt : 6
[2021-12-06 16:50:09,313] client.Client<Client:3b034>:OUTPUT: Result of query for hotstar.com = 13.225.229.58
[2021-12-06 16:50:09,313] client.Client<Client:3b034>:OUTPUT: website : hotstar.com, time : 43, hop cnt : 6
[2021-12-06 16:50:09,349] client.Client<Client:3b034>:OUTPUT: Result of query for rarbg.to = 185.37.100.122
[2021-12-06 16:50:09,349] client.Client<Client:3b034>:OUTPUT: website : rarbg.to, time : 35, hop cnt : 3
[2021-12-06 16:50:09,369] client.Client<Client:3b034>:OUTPUT: Result of query for wetransfer.com = 46.51.201.69
[2021-12-06 16:50:09,369] client.Client<Client:3b034>:OUTPUT: website : wetransfer.com, time : 19, hop cnt : 3
[2021-12-06 16:50:09,403] client.Client<Client:3b034>:OUTPUT: Result of query for ign.com = 52.3.55.210
[2021-12-06 16:50:09,403] client.Client<Client:3b034>:OUTPUT: website : ign.com, time : 33, hop cnt : 5
[2021-12-06 16:50:09,434] client.Client<Client:3b034>:OUTPUT: Result of query for doubleclick.net = 172.217.12.174
[2021-12-06 16:50:09,434] client.Client<Client:3b034>:OUTPUT: website : doubleclick.net, time : 30, hop cnt : 5
[2021-12-06 16:50:09,477] client.Client<Client:3b034>:OUTPUT: Result of query for google.hu = 172.217.12.195
[2021-12-06 16:50:09,477] client.Client<Client:3b034>:OUTPUT: website : google.hu, time : 42, hop cnt : 5
[2021-12-06 16:50:09,515] client.Client<Client:3b034>:OUTPUT: Result of query for irctc.co.in = 103.252.142.18
[2021-12-06 16:50:09,515] client.Client<Client:3b034>:OUTPUT: website : irctc.co.in, time : 36, hop cnt : 6
[2021-12-06 16:50:09,550] client.Client<Client:3b034>:OUTPUT: Result of query for foxnews.com = 23.215.185.14
[2021-12-06 16:50:09,550] client.Client<Client:3b034>:OUTPUT: website : foxnews.com, time : 34, hop cnt : 5
[2021-12-06 16:50:09,578] client.Client<Client:3b034>:OUTPUT: Result of query for aol.com = 212.82.100.150
[2021-12-06 16:50:09,578] client.Client<Client:3b034>:OUTPUT: website : aol.com, time : 27, hop cnt : 4
[2021-12-06 16:50:09,616] client.Client<Client:3b034>:OUTPUT: Result of query for google.co.il = 172.217.11.35
[2021-12-06 16:50:09,616] client.Client<Client:3b034>:OUTPUT: website : google.co.il, time : 37, hop cnt : 5
[2021-12-06 16:50:09,649] client.Client<Client:3b034>:OUTPUT: Result of query for archive.org = 207.241.224.2
[2021-12-06 16:50:09,649] client.Client<Client:3b034>:OUTPUT: website : archive.org, time : 32, hop cnt : 4
[2021-12-06 16:50:09,677] client.Client<Client:3b034>:OUTPUT: Result of query for airbnb.com = 52.45.221.244
[2021-12-06 16:50:09,677] client.Client<Client:3b034>:OUTPUT: website : airbnb.com, time : 27, hop cnt : 3
[2021-12-06 16:50:09,721] client.Client<Client:3b034>:OUTPUT: Result of query for allegro.pl = 5.134.213.82
[2021-12-06 16:50:09,721] client.Client<Client:3b034>:OUTPUT: website : allegro.pl, time : 43, hop cnt : 5
[2021-12-06 16:50:09,771] client.Client<Client:3b034>:OUTPUT: Result of query for bestbuy.com = 2.21.42.99
[2021-12-06 16:50:09,771] client.Client<Client:3b034>:OUTPUT: website : bestbuy.com, time : 49, hop cnt : 6
[2021-12-06 16:50:09,807] client.Client<Client:3b034>:OUTPUT: Result of query for amazon.cn = 54.222.60.218
[2021-12-06 16:50:09,807] client.Client<Client:3b034>:OUTPUT: website : amazon.cn, time : 35, hop cnt : 4
[2021-12-06 16:50:09,880] client.Client<Client:3b034>:OUTPUT: Result of query for leboncoin.fr = 35.181.111.82
[2021-12-06 16:50:09,880] client.Client<Client:3b034>:OUTPUT: website : leboncoin.fr, time : 72, hop cnt : 8
[2021-12-06 16:50:09,923] client.Client<Client:3b034>:OUTPUT: Result of query for google.dk = 172.217.11.3
[2021-12-06 16:50:09,923] client.Client<Client:3b034>:OUTPUT: website : google.dk, time : 42, hop cnt : 7
[2021-12-06 16:50:09,973] client.Client<Client:3b034>:OUTPUT: Result of query for cnblogs.com = 101.37.97.51
[2021-12-06 16:50:09,973] client.Client<Client:3b034>:OUTPUT: website : cnblogs.com, time : 49, hop cnt : 6
[2021-12-06 16:50:10,004] client.Client<Client:3b034>:OUTPUT: Result of query for bitauto.com = 59.151.116.98
[2021-12-06 16:50:10,004] client.Client<Client:3b034>:OUTPUT: website : bitauto.com, time : 30, hop cnt : 3
[2021-12-06 16:50:10,043] client.Client<Client:3b034>:OUTPUT: Result of query for dingit.tv = 172.67.189.193
[2021-12-06 16:50:10,044] client.Client<Client:3b034>:OUTPUT: website : dingit.tv, time : 37, hop cnt : 4
[2021-12-06 16:50:10,081] client.Client<Client:3b034>:OUTPUT: Result of query for feedly.com = 104.20.59.241
[2021-12-06 16:50:10,081] client.Client<Client:3b034>:OUTPUT: website : feedly.com, time : 36, hop cnt : 5
[2021-12-06 16:50:10,105] client.Client<Client:3b034>:OUTPUT: Result of query for sumatoad.com = 34.102.136.180
[2021-12-06 16:50:10,105] client.Client<Client:3b034>:OUTPUT: website : sumatoad.com, time : 23, hop cnt : 3
[2021-12-06 16:50:10,170] client.Client<Client:3b034>:OUTPUT: Result of query for amazon.es = 54.239.33.90
[2021-12-06 16:50:10,170] client.Client<Client:3b034>:OUTPUT: website : amazon.es, time : 59, hop cnt : 6
[2021-12-06 16:50:10,225] client.Client<Client:3b034>:OUTPUT: Result of query for freepik.com = 51.81.249.114
[2021-12-06 16:50:10,225] client.Client<Client:3b034>:OUTPUT: website : freepik.com, time : 54, hop cnt : 5
[2021-12-06 16:50:10,264] client.Client<Client:3b034>:OUTPUT: Result of query for shutterstock.com = 99.83.219.164
[2021-12-06 16:50:10,264] client.Client<Client:3b034>:OUTPUT: website : shutterstock.com, time : 38, hop cnt : 5
[2021-12-06 16:50:10,304] client.Client<Client:3b034>:OUTPUT: Result of query for wikimedia.org = 208.80.154.224
[2021-12-06 16:50:10,304] client.Client<Client:3b034>:OUTPUT: website : wikimedia.org, time : 39, hop cnt : 5
[2021-12-06 16:50:10,340] client.Client<Client:3b034>:OUTPUT: Result of query for google.fi = 142.250.80.3
[2021-12-06 16:50:10,340] client.Client<Client:3b034>:OUTPUT: website : google.fi, time : 35, hop cnt : 5
[2021-12-06 16:50:10,402] client.Client<Client:3b034>:OUTPUT: Result of query for huaban.com = 115.231.100.109
[2021-12-06 16:50:10,402] client.Client<Client:3b034>:OUTPUT: website : huaban.com, time : 60, hop cnt : 6
[2021-12-06 16:50:10,424] client.Client<Client:3b034>:OUTPUT: Result of query for skype.com = 40.121.80.200
[2021-12-06 16:50:10,424] client.Client<Client:3b034>:OUTPUT: website : skype.com, time : 21, hop cnt : 2
[2021-12-06 16:50:10,467] client.Client<Client:3b034>:OUTPUT: Result of query for caijing.com.cn = 124.243.192.30
[2021-12-06 16:50:10,467] client.Client<Client:3b034>:OUTPUT: website : caijing.com.cn, time : 39, hop cnt : 5
[2021-12-06 16:50:10,532] client.Client<Client:3b034>:OUTPUT: Result of query for ebay-kleinanzeigen.de = 34.107.128.149
[2021-12-06 16:50:10,533] client.Client<Client:3b034>:OUTPUT: website : ebay-kleinanzeigen.de, time : 64, hop cnt : 7
[2021-12-06 16:50:10,572] client.Client<Client:3b034>:OUTPUT: Result of query for businessinsider.com = 151.101.65.171
[2021-12-06 16:50:10,573] client.Client<Client:3b034>:OUTPUT: website : businessinsider.com, time : 38, hop cnt : 6
[2021-12-06 16:50:10,608] client.Client<Client:3b034>:OUTPUT: Result of query for k618.cn = 123.103.56.42
[2021-12-06 16:50:10,609] client.Client<Client:3b034>:OUTPUT: website : k618.cn, time : 34, hop cnt : 4
[2021-12-06 16:50:10,639] client.Client<Client:3b034>:OUTPUT: Result of query for breitbart.com = 35.241.35.213
[2021-12-06 16:50:10,640] client.Client<Client:3b034>:OUTPUT: website : breitbart.com, time : 29, hop cnt : 4
[2021-12-06 16:50:10,678] client.Client<Client:3b034>:OUTPUT: Result of query for liputan6.com = 18.136.137.12
[2021-12-06 16:50:10,679] client.Client<Client:3b034>:OUTPUT: website : liputan6.com, time : 37, hop cnt : 5
[2021-12-06 16:50:10,734] client.Client<Client:3b034>:OUTPUT: Result of query for kinopoisk.ru = 87.250.251.105
[2021-12-06 16:50:10,734] client.Client<Client:3b034>:OUTPUT: website : kinopoisk.ru, time : 55, hop cnt : 5
[2021-12-06 16:50:10,767] client.Client<Client:3b034>:OUTPUT: Result of query for onlinevideoconverter.com = 94.228.214.149
[2021-12-06 16:50:10,767] client.Client<Client:3b034>:OUTPUT: website : onlinevideoconverter.com, time : 31, hop cnt : 5
[2021-12-06 16:50:10,824] client.Client<Client:3b034>:OUTPUT: Result of query for wordreference.com = 23.111.171.90
[2021-12-06 16:50:10,824] client.Client<Client:3b034>:OUTPUT: website : wordreference.com, time : 57, hop cnt : 6
[2021-12-06 16:50:10,841] client.Client<Client:3b034>:OUTPUT: Result of query for kompas.com = 52.220.50.242
[2021-12-06 16:50:10,842] client.Client<Client:3b034>:OUTPUT: website : kompas.com, time : 16, hop cnt : 3
[2021-12-06 16:50:10,890] client.Client<Client:3b034>:OUTPUT: Result of query for hdzog.com = 172.64.103.16
[2021-12-06 16:50:10,890] client.Client<Client:3b034>:OUTPUT: website : hdzog.com, time : 49, hop cnt : 5
[2021-12-06 16:50:10,929] client.Client<Client:3b034>:OUTPUT: Result of query for chinadaily.com.cn = 111.13.49.147
[2021-12-06 16:50:10,929] client.Client<Client:3b034>:OUTPUT: website : chinadaily.com.cn, time : 37, hop cnt : 5
[2021-12-06 16:50:10,973] client.Client<Client:3b034>:OUTPUT: Result of query for giphy.com = 151.101.1.185
[2021-12-06 16:50:10,973] client.Client<Client:3b034>:OUTPUT: website : giphy.com, time : 44, hop cnt : 6
[2021-12-06 16:50:10,996] client.Client<Client:3b034>:OUTPUT: Result of query for sberbank.ru = 194.54.14.168
[2021-12-06 16:50:10,996] client.Client<Client:3b034>:OUTPUT: website : sberbank.ru, time : 21, hop cnt : 4
[2021-12-06 16:50:11,014] client.Client<Client:3b034>:OUTPUT: Result of query for zippyshare.com = 145.239.9.15
[2021-12-06 16:50:11,014] client.Client<Client:3b034>:OUTPUT: website : zippyshare.com, time : 18, hop cnt : 3
[2021-12-06 16:50:11,056] client.Client<Client:3b034>:OUTPUT: Result of query for rutracker.org = 195.82.146.214
[2021-12-06 16:50:11,056] client.Client<Client:3b034>:OUTPUT: website : rutracker.org, time : 41, hop cnt : 5
[2021-12-06 16:50:11,074] client.Client<Client:3b034>:OUTPUT: Result of query for spankbang.com = 104.19.137.100
[2021-12-06 16:50:11,075] client.Client<Client:3b034>:OUTPUT: website : spankbang.com, time : 17, hop cnt : 3
[2021-12-06 16:50:11,106] client.Client<Client:3b034>:OUTPUT: Result of query for flickr.com = 13.225.221.223
[2021-12-06 16:50:11,106] client.Client<Client:3b034>:OUTPUT: website : flickr.com, time : 30, hop cnt : 4
[2021-12-06 16:50:11,128] client.Client<Client:3b034>:OUTPUT: Result of query for genius.com = 104.18.18.96
[2021-12-06 16:50:11,128] client.Client<Client:3b034>:OUTPUT: website : genius.com, time : 21, hop cnt : 3
[2021-12-06 16:50:11,163] client.Client<Client:3b034>:OUTPUT: Result of query for 2ch.net = 172.67.0.175
[2021-12-06 16:50:11,163] client.Client<Client:3b034>:OUTPUT: website : 2ch.net, time : 34, hop cnt : 5
[2021-12-06 16:50:11,193] client.Client<Client:3b034>:OUTPUT: Result of query for tfetimes.com = 192.124.249.20
[2021-12-06 16:50:11,193] client.Client<Client:3b034>:OUTPUT: website : tfetimes.com, time : 29, hop cnt : 5
[2021-12-06 16:50:11,223] client.Client<Client:3b034>:OUTPUT: Result of query for espncricinfo.com = 52.16.254.202
[2021-12-06 16:50:11,223] client.Client<Client:3b034>:OUTPUT: website : espncricinfo.com, time : 28, hop cnt : 4
[2021-12-06 16:50:11,266] client.Client<Client:3b034>:OUTPUT: Result of query for mediawhirl.net = 103.224.182.251
[2021-12-06 16:50:11,266] client.Client<Client:3b034>:OUTPUT: website : mediawhirl.net, time : 42, hop cnt : 5
[2021-12-06 16:50:11,316] client.Client<Client:3b034>:OUTPUT: Result of query for gamefaqs.com = 151.101.1.188
[2021-12-06 16:50:11,316] client.Client<Client:3b034>:OUTPUT: website : gamefaqs.com, time : 49, hop cnt : 5
[2021-12-06 16:50:11,355] client.Client<Client:3b034>:OUTPUT: Result of query for sourceforge.net = 216.105.38.13
[2021-12-06 16:50:11,355] client.Client<Client:3b034>:OUTPUT: website : sourceforge.net, time : 38, hop cnt : 4
[2021-12-06 16:50:11,402] client.Client<Client:3b034>:OUTPUT: Result of query for scribd.com = 151.101.66.152
[2021-12-06 16:50:11,402] client.Client<Client:3b034>:OUTPUT: website : scribd.com, time : 44, hop cnt : 7
[2021-12-06 16:50:11,439] client.Client<Client:3b034>:OUTPUT: Result of query for telegram.org = 149.154.167.99
[2021-12-06 16:50:11,439] client.Client<Client:3b034>:OUTPUT: website : telegram.org, time : 36, hop cnt : 5
[2021-12-06 16:50:11,463] client.Client<Client:3b034>:OUTPUT: Result of query for researchgate.net = 209.15.209.70
[2021-12-06 16:50:11,463] client.Client<Client:3b034>:OUTPUT: website : researchgate.net, time : 22, hop cnt : 3
[2021-12-06 16:50:11,485] client.Client<Client:3b034>:OUTPUT: Result of query for gismeteo.ru = 185.134.203.245
[2021-12-06 16:50:11,485] client.Client<Client:3b034>:OUTPUT: website : gismeteo.ru, time : 21, hop cnt : 2
[2021-12-06 16:50:11,516] client.Client<Client:3b034>:OUTPUT: Result of query for mailchimp.com = 104.107.30.72
[2021-12-06 16:50:11,516] client.Client<Client:3b034>:OUTPUT: website : mailchimp.com, time : 29, hop cnt : 5
[2021-12-06 16:50:11,555] client.Client<Client:3b034>:OUTPUT: Result of query for accuweather.com = 96.6.22.112
[2021-12-06 16:50:11,555] client.Client<Client:3b034>:OUTPUT: website : accuweather.com, time : 38, hop cnt : 6
[2021-12-06 16:50:11,599] client.Client<Client:3b034>:OUTPUT: Result of query for xfinity.com = 96.114.14.140
[2021-12-06 16:50:11,599] client.Client<Client:3b034>:OUTPUT: website : xfinity.com, time : 40, hop cnt : 6
[2021-12-06 16:50:11,629] client.Client<Client:3b034>:OUTPUT: Result of query for aliyun.com = 140.205.135.3
[2021-12-06 16:50:11,629] client.Client<Client:3b034>:OUTPUT: website : aliyun.com, time : 29, hop cnt : 6
[2021-12-06 16:50:11,678] client.Client<Client:3b034>:OUTPUT: Result of query for homedepot.com = 35.201.95.83
[2021-12-06 16:50:11,678] client.Client<Client:3b034>:OUTPUT: website : homedepot.com, time : 48, hop cnt : 6
[2021-12-06 16:50:11,716] client.Client<Client:3b034>:OUTPUT: Result of query for sabah.com.tr = 194.36.160.15
[2021-12-06 16:50:11,716] client.Client<Client:3b034>:OUTPUT: website : sabah.com.tr, time : 37, hop cnt : 4
[2021-12-06 16:50:11,748] client.Client<Client:3b034>:OUTPUT: Result of query for web.de = 82.165.229.138
[2021-12-06 16:50:11,748] client.Client<Client:3b034>:OUTPUT: website : web.de, time : 31, hop cnt : 4
[2021-12-06 16:50:11,781] client.Client<Client:3b034>:OUTPUT: Result of query for eastday.com = 222.73.244.10
[2021-12-06 16:50:11,781] client.Client<Client:3b034>:OUTPUT: website : eastday.com, time : 32, hop cnt : 4
[2021-12-06 16:50:11,815] client.Client<Client:3b034>:OUTPUT: Result of query for gmx.net = 82.165.229.87
[2021-12-06 16:50:11,815] client.Client<Client:3b034>:OUTPUT: website : gmx.net, time : 33, hop cnt : 5
[2021-12-06 16:50:11,864] client.Client<Client:3b034>:OUTPUT: Result of query for leagueoflegends.com = 100.24.150.101
[2021-12-06 16:50:11,864] client.Client<Client:3b034>:OUTPUT: website : leagueoflegends.com, time : 47, hop cnt : 7
[2021-12-06 16:50:11,901] client.Client<Client:3b034>:OUTPUT: Result of query for rumble.com = 169.44.97.2
[2021-12-06 16:50:11,901] client.Client<Client:3b034>:OUTPUT: website : rumble.com, time : 36, hop cnt : 5
[2021-12-06 16:50:11,938] client.Client<Client:3b034>:OUTPUT: Result of query for asos.com = 23.222.12.65
[2021-12-06 16:50:11,938] client.Client<Client:3b034>:OUTPUT: website : asos.com, time : 36, hop cnt : 4
[2021-12-06 16:50:11,977] client.Client<Client:3b034>:OUTPUT: Result of query for varzesh3.com = 94.182.163.51
[2021-12-06 16:50:11,977] client.Client<Client:3b034>:OUTPUT: website : varzesh3.com, time : 38, hop cnt : 6
[2021-12-06 16:50:12,020] client.Client<Client:3b034>:OUTPUT: Result of query for daum.net = 203.133.167.16
[2021-12-06 16:50:12,020] client.Client<Client:3b034>:OUTPUT: website : daum.net, time : 42, hop cnt : 5
[2021-12-06 16:50:12,049] client.Client<Client:3b034>:OUTPUT: Result of query for google.sk = 172.217.3.99
[2021-12-06 16:50:12,049] client.Client<Client:3b034>:OUTPUT: website : google.sk, time : 24, hop cnt : 3
[2021-12-06 16:50:12,089] client.Client<Client:3b034>:OUTPUT: Result of query for naver.jp = 119.235.235.13
[2021-12-06 16:50:12,090] client.Client<Client:3b034>:OUTPUT: website : naver.jp, time : 39, hop cnt : 5
[2021-12-06 16:50:12,109] client.Client<Client:3b034>:OUTPUT: Result of query for medium.com = 104.16.122.127
[2021-12-06 16:50:12,110] client.Client<Client:3b034>:OUTPUT: website : medium.com, time : 19, hop cnt : 3
[2021-12-06 16:50:12,145] client.Client<Client:3b034>:OUTPUT: Result of query for ouo.io = 172.67.6.151
[2021-12-06 16:50:12,145] client.Client<Client:3b034>:OUTPUT: website : ouo.io, time : 34, hop cnt : 5
[2021-12-06 16:50:12,192] client.Client<Client:3b034>:OUTPUT: Result of query for hola.com = 62.22.171.58
[2021-12-06 16:50:12,192] client.Client<Client:3b034>:OUTPUT: website : hola.com, time : 45, hop cnt : 6
[2021-12-06 16:50:12,245] client.Client<Client:3b034>:OUTPUT: Result of query for thesaurus.com = 151.101.66.133
[2021-12-06 16:50:12,245] client.Client<Client:3b034>:OUTPUT: website : thesaurus.com, time : 53, hop cnt : 6
[2021-12-06 16:50:12,304] client.Client<Client:3b034>:OUTPUT: Result of query for shopify.com = 34.75.184.70
[2021-12-06 16:50:12,304] client.Client<Client:3b034>:OUTPUT: website : shopify.com, time : 58, hop cnt : 7
[2021-12-06 16:50:12,342] client.Client<Client:3b034>:OUTPUT: Result of query for orange.fr = 193.252.133.34
[2021-12-06 16:50:12,342] client.Client<Client:3b034>:OUTPUT: website : orange.fr, time : 34, hop cnt : 6
[2021-12-06 16:50:12,386] client.Client<Client:3b034>:OUTPUT: Result of query for digikala.com = 185.188.105.10
[2021-12-06 16:50:12,386] client.Client<Client:3b034>:OUTPUT: website : digikala.com, time : 43, hop cnt : 6
[2021-12-06 16:50:12,450] client.Client<Client:3b034>:OUTPUT: Result of query for rt.com = 207.244.80.170
[2021-12-06 16:50:12,450] client.Client<Client:3b034>:OUTPUT: website : rt.com, time : 63, hop cnt : 7
[2021-12-06 16:50:12,479] client.Client<Client:3b034>:OUTPUT: Result of query for ndtv.com = 96.6.28.59
[2021-12-06 16:50:12,479] client.Client<Client:3b034>:OUTPUT: website : ndtv.com, time : 27, hop cnt : 4
[2021-12-06 16:50:12,511] client.Client<Client:3b034>:OUTPUT: Result of query for oracle.com = 137.254.120.50
[2021-12-06 16:50:12,511] client.Client<Client:3b034>:OUTPUT: website : oracle.com, time : 31, hop cnt : 5
[2021-12-06 16:50:12,558] client.Client<Client:3b034>:OUTPUT: Result of query for telegraph.co.uk = 13.225.229.40
[2021-12-06 16:50:12,558] client.Client<Client:3b034>:OUTPUT: website : telegraph.co.uk, time : 46, hop cnt : 6
[2021-12-06 16:50:12,595] client.Client<Client:3b034>:OUTPUT: Result of query for wordpress.org = 198.143.164.252
[2021-12-06 16:50:12,595] client.Client<Client:3b034>:OUTPUT: website : wordpress.org, time : 36, hop cnt : 7
[2021-12-06 16:50:12,628] client.Client<Client:3b034>:OUTPUT: Result of query for olx.ua = 13.225.229.19
[2021-12-06 16:50:12,628] client.Client<Client:3b034>:OUTPUT: website : olx.ua, time : 32, hop cnt : 4
[2021-12-06 16:50:12,662] client.Client<Client:3b034>:OUTPUT: Result of query for zendesk.com = 34.225.199.37
[2021-12-06 16:50:12,662] client.Client<Client:3b034>:OUTPUT: website : zendesk.com, time : 33, hop cnt : 6
[2021-12-06 16:50:12,709] client.Client<Client:3b034>:OUTPUT: Result of query for amazon.ca = 54.239.18.172
[2021-12-06 16:50:12,709] client.Client<Client:3b034>:OUTPUT: website : amazon.ca, time : 46, hop cnt : 5
[2021-12-06 16:50:12,732] client.Client<Client:3b034>:OUTPUT: Result of query for samsung.com = 211.45.27.231
[2021-12-06 16:50:12,732] client.Client<Client:3b034>:OUTPUT: website : samsung.com, time : 22, hop cnt : 3
[2021-12-06 16:50:12,766] client.Client<Client:3b034>:OUTPUT: Result of query for icloud.com = 17.253.144.10
[2021-12-06 16:50:12,766] client.Client<Client:3b034>:OUTPUT: website : icloud.com, time : 32, hop cnt : 5
[2021-12-06 16:50:12,800] client.Client<Client:3b034>:OUTPUT: Result of query for cricbuzz.com = 35.200.167.142
[2021-12-06 16:50:12,800] client.Client<Client:3b034>:OUTPUT: website : cricbuzz.com, time : 34, hop cnt : 5
[2021-12-06 16:50:12,824] client.Client<Client:3b034>:OUTPUT: Result of query for gearbest.com = 34.217.151.167
[2021-12-06 16:50:12,824] client.Client<Client:3b034>:OUTPUT: website : gearbest.com, time : 23, hop cnt : 3
[2021-12-06 16:50:12,867] client.Client<Client:3b034>:OUTPUT: Result of query for userapi.com = 87.240.190.64
[2021-12-06 16:50:12,867] client.Client<Client:3b034>:OUTPUT: website : userapi.com, time : 42, hop cnt : 6
[2021-12-06 16:50:12,899] client.Client<Client:3b034>:OUTPUT: Result of query for goodreads.com = 52.94.226.87
[2021-12-06 16:50:12,899] client.Client<Client:3b034>:OUTPUT: website : goodreads.com, time : 31, hop cnt : 5
[2021-12-06 16:50:12,956] client.Client<Client:3b034>:OUTPUT: Result of query for goo.ne.jp = 114.179.184.93
[2021-12-06 16:50:12,956] client.Client<Client:3b034>:OUTPUT: website : goo.ne.jp, time : 55, hop cnt : 7
[2021-12-06 16:50:12,998] client.Client<Client:3b034>:OUTPUT: Result of query for capitalone.com = 204.63.40.34
[2021-12-06 16:50:12,998] client.Client<Client:3b034>:OUTPUT: website : capitalone.com, time : 41, hop cnt : 5
[2021-12-06 16:50:13,031] client.Client<Client:3b034>:OUTPUT: Result of query for bukalapak.com = 34.120.254.97
[2021-12-06 16:50:13,031] client.Client<Client:3b034>:OUTPUT: website : bukalapak.com, time : 32, hop cnt : 4
[2021-12-06 16:50:13,050] client.Client<Client:3b034>:OUTPUT: Result of query for streamable.com = 151.101.65.63
[2021-12-06 16:50:13,051] client.Client<Client:3b034>:OUTPUT: website : streamable.com, time : 19, hop cnt : 4
[2021-12-06 16:50:13,078] client.Client<Client:3b034>:OUTPUT: Result of query for weebly.com = 74.115.50.109
[2021-12-06 16:50:13,078] client.Client<Client:3b034>:OUTPUT: website : weebly.com, time : 25, hop cnt : 4
[2021-12-06 16:50:13,120] client.Client<Client:3b034>:OUTPUT: Result of query for taboola.com = 151.101.2.132
[2021-12-06 16:50:13,120] client.Client<Client:3b034>:OUTPUT: website : taboola.com, time : 41, hop cnt : 6
[2021-12-06 16:50:13,158] client.Client<Client:3b034>:OUTPUT: Result of query for hp.com = 15.72.164.74
[2021-12-06 16:50:13,158] client.Client<Client:3b034>:OUTPUT: website : hp.com, time : 37, hop cnt : 5
[2021-12-06 16:50:13,189] client.Client<Client:3b034>:OUTPUT: Result of query for hulu.com = 23.218.69.247
[2021-12-06 16:50:13,189] client.Client<Client:3b034>:OUTPUT: website : hulu.com, time : 29, hop cnt : 4
[2021-12-06 16:50:13,227] client.Client<Client:3b034>:OUTPUT: Result of query for americanexpress.com = 104.66.111.139
[2021-12-06 16:50:13,227] client.Client<Client:3b034>:OUTPUT: website : americanexpress.com, time : 36, hop cnt : 5
[2021-12-06 16:50:13,258] client.Client<Client:3b034>:OUTPUT: Result of query for google.kz = 172.217.12.132
[2021-12-06 16:50:13,258] client.Client<Client:3b034>:OUTPUT: website : google.kz, time : 30, hop cnt : 3
[2021-12-06 16:50:13,309] client.Client<Client:3b034>:OUTPUT: Result of query for iqoption.com = 185.117.134.130
[2021-12-06 16:50:13,309] client.Client<Client:3b034>:OUTPUT: website : iqoption.com, time : 50, hop cnt : 6
[2021-12-06 16:50:13,337] client.Client<Client:3b034>:OUTPUT: Result of query for target.com = 151.101.2.187
[2021-12-06 16:50:13,337] client.Client<Client:3b034>:OUTPUT: website : target.com, time : 27, hop cnt : 4
[2021-12-06 16:50:13,365] client.Client<Client:3b034>:OUTPUT: Result of query for beeg.com = 192.243.54.98
[2021-12-06 16:50:13,365] client.Client<Client:3b034>:OUTPUT: website : beeg.com, time : 26, hop cnt : 4
[2021-12-06 16:50:13,420] client.Client<Client:3b034>:OUTPUT: Result of query for usps.com = 56.0.134.100
[2021-12-06 16:50:13,420] client.Client<Client:3b034>:OUTPUT: website : usps.com, time : 55, hop cnt : 6
[2021-12-06 16:50:13,448] client.Client<Client:3b034>:OUTPUT: Result of query for ci123.com = 202.102.90.108
[2021-12-06 16:50:13,448] client.Client<Client:3b034>:OUTPUT: website : ci123.com, time : 23, hop cnt : 4
[2021-12-06 16:50:13,495] client.Client<Client:3b034>:OUTPUT: Result of query for kaskus.co.id = 103.6.117.2
[2021-12-06 16:50:13,495] client.Client<Client:3b034>:OUTPUT: website : kaskus.co.id, time : 43, hop cnt : 5
[2021-12-06 16:50:13,545] client.Client<Client:3b034>:OUTPUT: Result of query for weevah2.top = 104.247.82.73
[2021-12-06 16:50:13,545] client.Client<Client:3b034>:OUTPUT: website : weevah2.top, time : 49, hop cnt : 6
[2021-12-06 16:50:13,569] client.Client<Client:3b034>:OUTPUT: Result of query for subscene.com = 104.21.234.74
[2021-12-06 16:50:13,569] client.Client<Client:3b034>:OUTPUT: website : subscene.com, time : 23, hop cnt : 4
[2021-12-06 16:50:13,587] client.Client<Client:3b034>:OUTPUT: Result of query for repubblica.it = 213.92.16.101
[2021-12-06 16:50:13,587] client.Client<Client:3b034>:OUTPUT: website : repubblica.it, time : 17, hop cnt : 3
[2021-12-06 16:50:13,620] client.Client<Client:3b034>:OUTPUT: Result of query for providr.com = 34.102.136.180
[2021-12-06 16:50:13,621] client.Client<Client:3b034>:OUTPUT: website : providr.com, time : 31, hop cnt : 5
[2021-12-06 16:50:13,650] client.Client<Client:3b034>:OUTPUT: Result of query for onet.pl = 213.180.141.140
[2021-12-06 16:50:13,650] client.Client<Client:3b034>:OUTPUT: website : onet.pl, time : 28, hop cnt : 3
[2021-12-06 16:50:13,697] client.Client<Client:3b034>:OUTPUT: Result of query for aparat.com = 185.147.178.11
[2021-12-06 16:50:13,698] client.Client<Client:3b034>:OUTPUT: website : aparat.com, time : 46, hop cnt : 5
[2021-12-06 16:50:13,724] client.Client<Client:3b034>:OUTPUT: Result of query for ups.com = 153.2.228.50
[2021-12-06 16:50:13,724] client.Client<Client:3b034>:OUTPUT: website : ups.com, time : 25, hop cnt : 4
[2021-12-06 16:50:13,756] client.Client<Client:3b034>:OUTPUT: Result of query for youdao.com = 103.72.47.249
[2021-12-06 16:50:13,756] client.Client<Client:3b034>:OUTPUT: website : youdao.com, time : 31, hop cnt : 5
[2021-12-06 16:50:13,784] client.Client<Client:3b034>:OUTPUT: Result of query for evernote.com = 35.190.29.187
[2021-12-06 16:50:13,785] client.Client<Client:3b034>:OUTPUT: website : evernote.com, time : 26, hop cnt : 3
[2021-12-06 16:50:13,825] client.Client<Client:3b034>:OUTPUT: Result of query for independent.co.uk = 151.101.193.184
[2021-12-06 16:50:13,825] client.Client<Client:3b034>:OUTPUT: website : independent.co.uk, time : 39, hop cnt : 6
[2021-12-06 16:50:13,858] client.Client<Client:3b034>:OUTPUT: Result of query for canva.com = 162.159.129.45
[2021-12-06 16:50:13,858] client.Client<Client:3b034>:OUTPUT: website : canva.com, time : 32, hop cnt : 5
[2021-12-06 16:50:13,884] client.Client<Client:3b034>:OUTPUT: Result of query for hatena.ne.jp = 3.115.142.243
[2021-12-06 16:50:13,884] client.Client<Client:3b034>:OUTPUT: website : hatena.ne.jp, time : 26, hop cnt : 3
[2021-12-06 16:50:13,916] client.Client<Client:3b034>:OUTPUT: Result of query for rottentomatoes.com = 104.102.216.224
[2021-12-06 16:50:13,916] client.Client<Client:3b034>:OUTPUT: website : rottentomatoes.com, time : 30, hop cnt : 5
[2021-12-06 16:50:13,946] client.Client<Client:3b034>:OUTPUT: Result of query for nownews.com = 107.167.188.74
[2021-12-06 16:50:13,946] client.Client<Client:3b034>:OUTPUT: website : nownews.com, time : 30, hop cnt : 5
[2021-12-06 16:50:13,976] client.Client<Client:3b034>:OUTPUT: Result of query for hdfcbank.com = 104.16.108.25
[2021-12-06 16:50:13,976] client.Client<Client:3b034>:OUTPUT: website : hdfcbank.com, time : 27, hop cnt : 5
[2021-12-06 16:50:14,004] client.Client<Client:3b034>:OUTPUT: Result of query for wittyfeed.com = 172.67.194.74
[2021-12-06 16:50:14,004] client.Client<Client:3b034>:OUTPUT: website : wittyfeed.com, time : 27, hop cnt : 4
[2021-12-06 16:50:14,031] client.Client<Client:3b034>:OUTPUT: Result of query for spiegel.de = 128.65.210.8
[2021-12-06 16:50:14,032] client.Client<Client:3b034>:OUTPUT: website : spiegel.de, time : 26, hop cnt : 5
[2021-12-06 16:50:14,060] client.Client<Client:3b034>:OUTPUT: Result of query for elpais.com = 104.77.178.166
[2021-12-06 16:50:14,060] client.Client<Client:3b034>:OUTPUT: website : elpais.com, time : 26, hop cnt : 5
[2021-12-06 16:50:14,096] client.Client<Client:3b034>:OUTPUT: Result of query for taleo.net = 68.233.77.233
[2021-12-06 16:50:14,097] client.Client<Client:3b034>:OUTPUT: website : taleo.net, time : 35, hop cnt : 4
[2021-12-06 16:50:14,143] client.Client<Client:3b034>:OUTPUT: Result of query for bet9ja.com = 185.179.62.2
[2021-12-06 16:50:14,143] client.Client<Client:3b034>:OUTPUT: website : bet9ja.com, time : 45, hop cnt : 6
[2021-12-06 16:50:14,164] client.Client<Client:3b034>:OUTPUT: Result of query for ibm.com = 129.42.38.10
[2021-12-06 16:50:14,164] client.Client<Client:3b034>:OUTPUT: website : ibm.com, time : 20, hop cnt : 5
[2021-12-06 16:50:14,203] client.Client<Client:3b034>:OUTPUT: Result of query for yesky.com = 119.3.245.74
[2021-12-06 16:50:14,203] client.Client<Client:3b034>:OUTPUT: website : yesky.com, time : 38, hop cnt : 4
[2021-12-06 16:50:14,270] client.Client<Client:3b034>:OUTPUT: Result of query for boredpanda.com = 34.193.118.149
[2021-12-06 16:50:14,270] client.Client<Client:3b034>:OUTPUT: website : boredpanda.com, time : 66, hop cnt : 7
[2021-12-06 16:50:14,315] client.Client<Client:3b034>:OUTPUT: Result of query for udemy.com = 104.16.66.85
[2021-12-06 16:50:14,315] client.Client<Client:3b034>:OUTPUT: website : udemy.com, time : 44, hop cnt : 5
[2021-12-06 16:50:14,363] client.Client<Client:3b034>:OUTPUT: Result of query for livedoor.jp = 203.104.153.16
[2021-12-06 19:01:05,458] main.Node_<Node_:58001>:OUTPUT: hash function collison:  0
[2021-12-06 19:01:05,482] main.Node_<Node_:58001>:OUTPUT: Hash values for all the nodes in sorted order:  [486915972113936804, 858872422790947910, 872871506838322139, 1031292092240269386, 1185172507840658687, 1521761700816446658, 1659392019340613956, 1830514092692867155, 1902685765308610485, 2116360006717134002, 2239751650241317814, 3730347310285738730, 3868815535520840623, 3988096073307089556, 4560293664187825710, 5164519151222975389, 5219529336959541115, 5427409454006294571, 6923865927755589230, 6928883850607644433, 7076472254445395084, 7440815030387089711, 7854317779687366085, 8035503926215673932, 8424559649565414167, 8465328706566726005, 8514964824499010670, 8684916674488716702, 8990020522140469225, 9345275314792363892, 9947354691131867866, 10525991381867445355, 10971454544368694194, 11320850038491531068, 11401334610383108319, 11948140538115269491, 12226314038452444072, 12434816431874470758, 12541232173640033275, 12570720449141661832, 13073533846552464346, 13496655964896375391, 14669801927530308085, 15071144691162644263, 15104743743490058289, 15434209488691876814, 15574182631948542988, 16179411593094793484, 17194551985193874410, 18098780273702743444]
[2021-12-06 19:01:10,993] client.Client<Client:41034>:OUTPUT: <Client:41034>  has been started.
[2021-12-06 19:01:11,047] client.Client<Client:41034>:OUTPUT: Result of query for google.com = 142.250.64.78
[2021-12-06 19:01:11,047] client.Client<Client:41034>:OUTPUT: website : google.com, time : 53, hop cnt : 6
[2021-12-06 19:01:11,069] client.Client<Client:41034>:OUTPUT: Result of query for youtube.com = 172.217.12.142
[2021-12-06 19:01:11,069] client.Client<Client:41034>:OUTPUT: website : youtube.com, time : 21, hop cnt : 5
[2021-12-06 19:01:11,115] client.Client<Client:41034>:OUTPUT: Result of query for facebook.com = 31.13.71.36
[2021-12-06 19:01:11,115] client.Client<Client:41034>:OUTPUT: website : facebook.com, time : 44, hop cnt : 4
[2021-12-06 19:01:11,157] client.Client<Client:41034>:OUTPUT: Result of query for baidu.com = 220.181.38.148
[2021-12-06 19:01:11,158] client.Client<Client:41034>:OUTPUT: website : baidu.com, time : 41, hop cnt : 5
[2021-12-06 19:01:11,188] client.Client<Client:41034>:OUTPUT: Result of query for wikipedia.org = 208.80.154.224
[2021-12-06 19:01:11,188] client.Client<Client:41034>:OUTPUT: website : wikipedia.org, time : 29, hop cnt : 4
[2021-12-06 19:01:11,227] client.Client<Client:41034>:OUTPUT: Result of query for yahoo.com = 74.6.231.21
[2021-12-06 19:01:11,228] client.Client<Client:41034>:OUTPUT: website : yahoo.com, time : 38, hop cnt : 4
[2021-12-06 19:01:11,265] client.Client<Client:41034>:OUTPUT: Result of query for google.co.in = 172.217.12.131
[2021-12-06 19:01:11,265] client.Client<Client:41034>:OUTPUT: website : google.co.in, time : 36, hop cnt : 3
[2021-12-06 19:01:11,287] client.Client<Client:41034>:OUTPUT: Result of query for reddit.com = 151.101.1.140
[2021-12-06 19:01:11,287] client.Client<Client:41034>:OUTPUT: website : reddit.com, time : 21, hop cnt : 3
[2021-12-06 19:01:11,320] client.Client<Client:41034>:OUTPUT: Result of query for qq.com = 58.250.137.36
[2021-12-06 19:01:11,320] client.Client<Client:41034>:OUTPUT: website : qq.com, time : 26, hop cnt : 4
[2021-12-06 19:01:11,353] client.Client<Client:41034>:OUTPUT: Result of query for amazon.com = 205.251.242.103
[2021-12-06 19:01:11,353] client.Client<Client:41034>:OUTPUT: website : amazon.com, time : 32, hop cnt : 3
[2021-12-06 19:01:11,401] client.Client<Client:41034>:OUTPUT: Result of query for taobao.com = 140.205.220.96
[2021-12-06 19:01:11,401] client.Client<Client:41034>:OUTPUT: website : taobao.com, time : 47, hop cnt : 6
[2021-12-06 19:01:11,455] client.Client<Client:41034>:OUTPUT: Result of query for twitter.com = 104.244.42.193
[2021-12-06 19:01:11,455] client.Client<Client:41034>:OUTPUT: website : twitter.com, time : 54, hop cnt : 6
[2021-12-06 19:01:11,503] client.Client<Client:41034>:OUTPUT: Result of query for tmall.com = 140.205.94.193
[2021-12-06 19:01:11,503] client.Client<Client:41034>:OUTPUT: website : tmall.com, time : 47, hop cnt : 5
[2021-12-06 19:01:11,539] client.Client<Client:41034>:OUTPUT: Result of query for google.co.jp = 142.250.64.99
[2021-12-06 19:01:11,540] client.Client<Client:41034>:OUTPUT: website : google.co.jp, time : 35, hop cnt : 4
[2021-12-06 19:01:11,573] client.Client<Client:41034>:OUTPUT: Result of query for live.com = 204.79.197.212
[2021-12-06 19:01:11,574] client.Client<Client:41034>:OUTPUT: website : live.com, time : 32, hop cnt : 4
[2021-12-06 19:01:11,635] client.Client<Client:41034>:OUTPUT: Result of query for vk.com = 93.186.225.208
[2021-12-06 19:01:11,636] client.Client<Client:41034>:OUTPUT: website : vk.com, time : 60, hop cnt : 6
[2021-12-06 19:01:11,671] client.Client<Client:41034>:OUTPUT: Result of query for instagram.com = 3.216.253.146
[2021-12-06 19:01:11,671] client.Client<Client:41034>:OUTPUT: website : instagram.com, time : 34, hop cnt : 4
[2021-12-06 19:01:11,714] client.Client<Client:41034>:OUTPUT: Result of query for sohu.com = 211.159.191.18
[2021-12-06 19:01:11,715] client.Client<Client:41034>:OUTPUT: website : sohu.com, time : 42, hop cnt : 5
[2021-12-06 19:01:11,753] client.Client<Client:41034>:OUTPUT: Result of query for sina.com.cn = 123.126.45.205
[2021-12-06 19:01:11,754] client.Client<Client:41034>:OUTPUT: website : sina.com.cn, time : 37, hop cnt : 4
[2021-12-06 19:01:11,788] client.Client<Client:41034>:OUTPUT: Result of query for jd.com = 111.13.149.108
[2021-12-06 19:01:11,788] client.Client<Client:41034>:OUTPUT: website : jd.com, time : 33, hop cnt : 4
[2021-12-06 19:01:11,818] client.Client<Client:41034>:OUTPUT: Result of query for weibo.com = 47.254.92.5
[2021-12-06 19:01:11,818] client.Client<Client:41034>:OUTPUT: website : weibo.com, time : 29, hop cnt : 5
[2021-12-06 19:01:11,873] client.Client<Client:41034>:OUTPUT: Result of query for 360.cn = 36.99.170.84
[2021-12-06 19:01:11,873] client.Client<Client:41034>:OUTPUT: website : 360.cn, time : 54, hop cnt : 6
[2021-12-06 19:01:11,923] client.Client<Client:41034>:OUTPUT: Result of query for google.de = 172.217.165.131
[2021-12-06 19:01:11,923] client.Client<Client:41034>:OUTPUT: website : google.de, time : 50, hop cnt : 5
[2021-12-06 19:01:11,956] client.Client<Client:41034>:OUTPUT: Result of query for google.co.uk = 172.217.10.67
[2021-12-06 19:01:11,956] client.Client<Client:41034>:OUTPUT: website : google.co.uk, time : 31, hop cnt : 4
[2021-12-06 19:01:12,022] client.Client<Client:41034>:OUTPUT: Result of query for linkedin.com = 108.174.10.10
[2021-12-06 19:01:12,022] client.Client<Client:41034>:OUTPUT: website : linkedin.com, time : 65, hop cnt : 6
[2021-12-06 19:01:12,066] client.Client<Client:41034>:OUTPUT: Result of query for google.com.br = 172.217.12.163
[2021-12-06 19:01:12,066] client.Client<Client:41034>:OUTPUT: website : google.com.br, time : 43, hop cnt : 5
[2021-12-06 19:01:12,099] client.Client<Client:41034>:OUTPUT: Result of query for google.fr = 172.217.10.131
[2021-12-06 19:01:12,100] client.Client<Client:41034>:OUTPUT: website : google.fr, time : 32, hop cnt : 5
[2021-12-06 19:01:12,144] client.Client<Client:41034>:OUTPUT: Result of query for google.ru = 172.217.10.35
[2021-12-06 19:01:12,144] client.Client<Client:41034>:OUTPUT: website : google.ru, time : 44, hop cnt : 5
[2021-12-06 19:01:12,187] client.Client<Client:41034>:OUTPUT: Result of query for yandex.ru = 5.255.255.60
[2021-12-06 19:01:12,188] client.Client<Client:41034>:OUTPUT: website : yandex.ru, time : 42, hop cnt : 5
[2021-12-06 19:01:12,226] client.Client<Client:41034>:OUTPUT: Result of query for netflix.com = 107.21.29.216
[2021-12-06 19:01:12,227] client.Client<Client:41034>:OUTPUT: website : netflix.com, time : 37, hop cnt : 5
[2021-12-06 19:01:12,255] client.Client<Client:41034>:OUTPUT: Result of query for google.com.hk = 172.217.165.131
[2021-12-06 19:01:12,256] client.Client<Client:41034>:OUTPUT: website : google.com.hk, time : 27, hop cnt : 3
[2021-12-06 19:01:12,296] client.Client<Client:41034>:OUTPUT: Result of query for yahoo.co.jp = 183.79.135.206
[2021-12-06 19:01:12,297] client.Client<Client:41034>:OUTPUT: website : yahoo.co.jp, time : 36, hop cnt : 4
[2021-12-06 19:01:12,328] client.Client<Client:41034>:OUTPUT: Result of query for google.it = 142.250.64.99
[2021-12-06 19:01:12,329] client.Client<Client:41034>:OUTPUT: website : google.it, time : 31, hop cnt : 5
[2021-12-06 19:01:12,346] client.Client<Client:41034>:OUTPUT: Result of query for ebay.com = 66.135.195.175
[2021-12-06 19:01:12,347] client.Client<Client:41034>:OUTPUT: website : ebay.com, time : 17, hop cnt : 3
[2021-12-06 19:01:12,371] client.Client<Client:41034>:OUTPUT: Result of query for google.es = 172.217.12.131
[2021-12-06 19:01:12,372] client.Client<Client:41034>:OUTPUT: website : google.es, time : 23, hop cnt : 5
[2021-12-06 19:01:12,419] client.Client<Client:41034>:OUTPUT: Result of query for pornhub.com = 66.254.114.41
[2021-12-06 19:01:12,419] client.Client<Client:41034>:OUTPUT: website : pornhub.com, time : 43, hop cnt : 7
[2021-12-06 19:01:12,448] client.Client<Client:41034>:OUTPUT: Result of query for imgur.com = 151.101.20.193
[2021-12-06 19:01:12,448] client.Client<Client:41034>:OUTPUT: website : imgur.com, time : 28, hop cnt : 3
[2021-12-06 19:01:12,491] client.Client<Client:41034>:OUTPUT: Result of query for bing.com = 13.107.21.200
[2021-12-06 19:01:12,492] client.Client<Client:41034>:OUTPUT: website : bing.com, time : 41, hop cnt : 4
[2021-12-06 19:01:12,534] client.Client<Client:41034>:OUTPUT: Result of query for msn.com = 13.82.28.61
[2021-12-06 19:01:12,534] client.Client<Client:41034>:OUTPUT: website : msn.com, time : 41, hop cnt : 5
[2021-12-06 19:01:12,586] client.Client<Client:41034>:OUTPUT: Result of query for onclkds.com = 139.45.196.76
[2021-12-06 19:01:12,587] client.Client<Client:41034>:OUTPUT: website : onclkds.com, time : 52, hop cnt : 5
[2021-12-06 19:01:12,636] client.Client<Client:41034>:OUTPUT: Result of query for twitch.tv = 151.101.194.167
[2021-12-06 19:01:12,637] client.Client<Client:41034>:OUTPUT: website : twitch.tv, time : 48, hop cnt : 6
[2021-12-06 19:01:12,701] client.Client<Client:41034>:OUTPUT: Result of query for google.com.mx = 142.250.80.3
[2021-12-06 19:01:12,702] client.Client<Client:41034>:OUTPUT: website : google.com.mx, time : 61, hop cnt : 5
[2021-12-06 19:01:12,733] client.Client<Client:41034>:OUTPUT: Result of query for google.ca = 172.217.165.131
[2021-12-06 19:01:12,734] client.Client<Client:41034>:OUTPUT: website : google.ca, time : 31, hop cnt : 5
[2021-12-06 19:01:12,766] client.Client<Client:41034>:OUTPUT: Result of query for tumblr.com = 74.114.154.17
[2021-12-06 19:01:12,767] client.Client<Client:41034>:OUTPUT: website : tumblr.com, time : 32, hop cnt : 3
[2021-12-06 19:01:12,785] client.Client<Client:41034>:OUTPUT: Result of query for gmw.cn = 123.56.255.157
[2021-12-06 19:01:12,786] client.Client<Client:41034>:OUTPUT: website : gmw.cn, time : 18, hop cnt : 4
[2021-12-06 19:01:12,818] client.Client<Client:41034>:OUTPUT: Result of query for alipay.com = 110.75.129.5
[2021-12-06 19:01:12,818] client.Client<Client:41034>:OUTPUT: website : alipay.com, time : 31, hop cnt : 4
[2021-12-06 19:01:12,861] client.Client<Client:41034>:OUTPUT: Result of query for livejasmin.com = 109.71.161.200
[2021-12-06 19:01:12,861] client.Client<Client:41034>:OUTPUT: website : livejasmin.com, time : 42, hop cnt : 5
[2021-12-06 19:01:12,881] client.Client<Client:41034>:OUTPUT: Result of query for xvideos.com = 185.88.181.7
[2021-12-06 19:01:12,881] client.Client<Client:41034>:OUTPUT: website : xvideos.com, time : 19, hop cnt : 4
[2021-12-06 19:01:12,920] client.Client<Client:41034>:OUTPUT: Result of query for mail.ru = 217.69.139.202
[2021-12-06 19:01:12,920] client.Client<Client:41034>:OUTPUT: website : mail.ru, time : 38, hop cnt : 6
[2021-12-06 19:01:12,971] client.Client<Client:41034>:OUTPUT: Result of query for microsoft.com = 104.215.148.63
[2021-12-06 19:01:12,972] client.Client<Client:41034>:OUTPUT: website : microsoft.com, time : 48, hop cnt : 7
[2021-12-06 19:01:13,003] client.Client<Client:41034>:OUTPUT: Result of query for ok.ru = 217.20.147.1
[2021-12-06 19:01:13,004] client.Client<Client:41034>:OUTPUT: website : ok.ru, time : 31, hop cnt : 5
[2021-12-06 19:01:13,059] client.Client<Client:41034>:OUTPUT: Result of query for aliexpress.com = 198.11.132.250
[2021-12-06 19:01:13,060] client.Client<Client:41034>:OUTPUT: website : aliexpress.com, time : 53, hop cnt : 5
[2021-12-06 19:01:13,112] client.Client<Client:41034>:OUTPUT: Result of query for wordpress.com = 192.0.78.9
[2021-12-06 19:01:13,112] client.Client<Client:41034>:OUTPUT: website : wordpress.com, time : 51, hop cnt : 5
[2021-12-06 19:01:13,149] client.Client<Client:41034>:OUTPUT: Result of query for stackoverflow.com = 151.101.65.69
[2021-12-06 19:01:13,150] client.Client<Client:41034>:OUTPUT: website : stackoverflow.com, time : 36, hop cnt : 5
[2021-12-06 19:01:13,199] client.Client<Client:41034>:OUTPUT: Result of query for imdb.com = 52.94.237.74
[2021-12-06 19:01:13,200] client.Client<Client:41034>:OUTPUT: website : imdb.com, time : 48, hop cnt : 5
[2021-12-06 19:01:13,250] client.Client<Client:41034>:OUTPUT: Result of query for github.com = 140.82.113.3
[2021-12-06 19:01:13,250] client.Client<Client:41034>:OUTPUT: website : github.com, time : 50, hop cnt : 6
[2021-12-06 19:01:13,290] client.Client<Client:41034>:OUTPUT: Result of query for amazon.co.jp = 52.119.164.121
[2021-12-06 19:01:13,290] client.Client<Client:41034>:OUTPUT: website : amazon.co.jp, time : 39, hop cnt : 5
[2021-12-06 19:01:13,333] client.Client<Client:41034>:OUTPUT: Result of query for pinterest.com = 151.101.0.84
[2021-12-06 19:01:13,333] client.Client<Client:41034>:OUTPUT: website : pinterest.com, time : 42, hop cnt : 6
[2021-12-06 19:01:13,380] client.Client<Client:41034>:OUTPUT: Result of query for csdn.net = 47.95.164.112
[2021-12-06 19:01:13,380] client.Client<Client:41034>:OUTPUT: website : csdn.net, time : 47, hop cnt : 6
[2021-12-06 19:01:13,415] client.Client<Client:41034>:OUTPUT: Result of query for wikia.com = 151.101.128.194
[2021-12-06 19:01:13,415] client.Client<Client:41034>:OUTPUT: website : wikia.com, time : 33, hop cnt : 5
[2021-12-06 19:01:13,443] client.Client<Client:41034>:OUTPUT: Result of query for apple.com = 17.253.144.10
[2021-12-06 19:01:13,443] client.Client<Client:41034>:OUTPUT: website : apple.com, time : 27, hop cnt : 4
[2021-12-06 19:01:13,473] client.Client<Client:41034>:OUTPUT: Result of query for google.com.tr = 142.250.64.99
[2021-12-06 19:01:13,473] client.Client<Client:41034>:OUTPUT: website : google.com.tr, time : 29, hop cnt : 3
[2021-12-06 19:01:13,529] client.Client<Client:41034>:OUTPUT: Result of query for popads.net = 216.21.13.12
[2021-12-06 19:01:13,529] client.Client<Client:41034>:OUTPUT: website : popads.net, time : 55, hop cnt : 6
[2021-12-06 19:01:13,556] client.Client<Client:41034>:OUTPUT: Result of query for youth.cn = 123.103.5.94
[2021-12-06 19:01:13,557] client.Client<Client:41034>:OUTPUT: website : youth.cn, time : 26, hop cnt : 4
[2021-12-06 19:01:13,588] client.Client<Client:41034>:OUTPUT: Result of query for bongacams.com = 104.18.2.244
[2021-12-06 19:01:13,588] client.Client<Client:41034>:OUTPUT: website : bongacams.com, time : 30, hop cnt : 4
[2021-12-06 19:01:13,625] client.Client<Client:41034>:OUTPUT: Result of query for paypal.com = 64.4.250.36
[2021-12-06 19:01:13,625] client.Client<Client:41034>:OUTPUT: website : paypal.com, time : 33, hop cnt : 6
[2021-12-06 19:01:13,668] client.Client<Client:41034>:OUTPUT: Result of query for microsoftonline.com = 40.84.199.233
[2021-12-06 19:01:13,668] client.Client<Client:41034>:OUTPUT: website : microsoftonline.com, time : 41, hop cnt : 5
[2021-12-06 19:01:13,692] client.Client<Client:41034>:OUTPUT: Result of query for google.com.tw = 172.217.11.35
[2021-12-06 19:01:13,693] client.Client<Client:41034>:OUTPUT: website : google.com.tw, time : 23, hop cnt : 3
[2021-12-06 19:01:13,735] client.Client<Client:41034>:OUTPUT: Result of query for google.com.au = 142.250.64.99
[2021-12-06 19:01:13,735] client.Client<Client:41034>:OUTPUT: website : google.com.au, time : 42, hop cnt : 4
[2021-12-06 19:01:13,765] client.Client<Client:41034>:OUTPUT: Result of query for whatsapp.com = 31.13.66.56
[2021-12-06 19:01:13,765] client.Client<Client:41034>:OUTPUT: website : whatsapp.com, time : 29, hop cnt : 3
[2021-12-06 19:01:13,805] client.Client<Client:41034>:OUTPUT: Result of query for google.pl = 172.217.10.67
[2021-12-06 19:01:13,806] client.Client<Client:41034>:OUTPUT: website : google.pl, time : 39, hop cnt : 4
[2021-12-06 19:01:13,847] client.Client<Client:41034>:OUTPUT: Result of query for xhamster.com = 104.18.156.3
[2021-12-06 19:01:13,848] client.Client<Client:41034>:OUTPUT: website : xhamster.com, time : 40, hop cnt : 5
[2021-12-06 19:01:13,903] client.Client<Client:41034>:OUTPUT: Result of query for diply.com = 151.101.193.131
[2021-12-06 19:01:13,903] client.Client<Client:41034>:OUTPUT: website : diply.com, time : 55, hop cnt : 6
[2021-12-06 19:01:13,940] client.Client<Client:41034>:OUTPUT: Result of query for google.co.id = 172.217.10.67
[2021-12-06 19:01:13,940] client.Client<Client:41034>:OUTPUT: website : google.co.id, time : 36, hop cnt : 4
[2021-12-06 19:01:13,979] client.Client<Client:41034>:OUTPUT: Result of query for adobe.com = 193.104.215.58
[2021-12-06 19:01:13,979] client.Client<Client:41034>:OUTPUT: website : adobe.com, time : 38, hop cnt : 6
[2021-12-06 19:01:14,006] client.Client<Client:41034>:OUTPUT: Result of query for coccoc.com = 123.30.175.29
[2021-12-06 19:01:14,006] client.Client<Client:41034>:OUTPUT: website : coccoc.com, time : 25, hop cnt : 3
[2021-12-06 19:01:14,030] client.Client<Client:41034>:OUTPUT: Result of query for craigslist.org = 208.82.237.129
[2021-12-06 19:01:14,030] client.Client<Client:41034>:OUTPUT: website : craigslist.org, time : 23, hop cnt : 4
[2021-12-06 19:01:14,075] client.Client<Client:41034>:OUTPUT: Result of query for txxx.com = 172.64.142.14
[2021-12-06 19:01:14,075] client.Client<Client:41034>:OUTPUT: website : txxx.com, time : 44, hop cnt : 5
[2021-12-06 19:01:14,101] client.Client<Client:41034>:OUTPUT: Result of query for dropbox.com = 162.125.248.1
[2021-12-06 19:01:14,101] client.Client<Client:41034>:OUTPUT: website : dropbox.com, time : 24, hop cnt : 5
[2021-12-06 19:01:14,126] client.Client<Client:41034>:OUTPUT: Result of query for amazon.de = 52.95.120.34
[2021-12-06 19:01:14,127] client.Client<Client:41034>:OUTPUT: website : amazon.de, time : 25, hop cnt : 4
[2021-12-06 19:01:14,156] client.Client<Client:41034>:OUTPUT: Result of query for google.com.ar = 172.217.12.195
[2021-12-06 19:01:14,156] client.Client<Client:41034>:OUTPUT: website : google.com.ar, time : 28, hop cnt : 4
[2021-12-06 19:01:14,203] client.Client<Client:41034>:OUTPUT: Result of query for amazon.in = 54.239.33.92
[2021-12-06 19:01:14,203] client.Client<Client:41034>:OUTPUT: website : amazon.in, time : 45, hop cnt : 5
[2021-12-06 19:01:14,245] client.Client<Client:41034>:OUTPUT: Result of query for google.com.pk = 142.250.80.3
[2021-12-06 19:01:14,245] client.Client<Client:41034>:OUTPUT: website : google.com.pk, time : 38, hop cnt : 5
[2021-12-06 19:01:14,272] client.Client<Client:41034>:OUTPUT: Result of query for booking.com = 5.57.16.220
[2021-12-06 19:01:14,272] client.Client<Client:41034>:OUTPUT: website : booking.com, time : 26, hop cnt : 4
[2021-12-06 19:01:14,318] client.Client<Client:41034>:OUTPUT: Result of query for google.co.th = 172.217.10.227
[2021-12-06 19:01:14,318] client.Client<Client:41034>:OUTPUT: website : google.co.th, time : 46, hop cnt : 6
[2021-12-06 19:01:14,339] client.Client<Client:41034>:OUTPUT: Result of query for tianya.cn = 124.225.65.154
[2021-12-06 19:01:14,340] client.Client<Client:41034>:OUTPUT: website : tianya.cn, time : 20, hop cnt : 3
[2021-12-06 19:01:14,375] client.Client<Client:41034>:OUTPUT: Result of query for google.com.eg = 172.217.10.35
[2021-12-06 19:01:14,375] client.Client<Client:41034>:OUTPUT: website : google.com.eg, time : 34, hop cnt : 5
[2021-12-06 19:01:14,412] client.Client<Client:41034>:OUTPUT: Result of query for china.com = 103.254.188.41
[2021-12-06 19:01:14,412] client.Client<Client:41034>:OUTPUT: website : china.com, time : 36, hop cnt : 5
[2021-12-06 19:01:14,433] client.Client<Client:41034>:OUTPUT: Result of query for bbc.co.uk = 151.101.0.81
[2021-12-06 19:01:14,433] client.Client<Client:41034>:OUTPUT: website : bbc.co.uk, time : 20, hop cnt : 3
[2021-12-06 19:01:14,457] client.Client<Client:41034>:OUTPUT: Result of query for google.com.sa = 172.217.12.163
[2021-12-06 19:01:14,459] client.Client<Client:41034>:OUTPUT: website : google.com.sa, time : 23, hop cnt : 3
[2021-12-06 19:01:14,485] client.Client<Client:41034>:OUTPUT: Result of query for savefrom.net = 51.159.57.133
[2021-12-06 19:01:14,485] client.Client<Client:41034>:OUTPUT: website : savefrom.net, time : 26, hop cnt : 4
[2021-12-06 19:01:14,517] client.Client<Client:41034>:OUTPUT: Result of query for amazon.co.uk = 54.239.34.171
[2021-12-06 19:01:14,517] client.Client<Client:41034>:OUTPUT: website : amazon.co.uk, time : 31, hop cnt : 5
[2021-12-06 19:01:14,556] client.Client<Client:41034>:OUTPUT: Result of query for bbc.com = 151.101.0.81
[2021-12-06 19:01:14,556] client.Client<Client:41034>:OUTPUT: website : bbc.com, time : 38, hop cnt : 5
[2021-12-06 19:01:14,599] client.Client<Client:41034>:OUTPUT: Result of query for fc2.com = 199.48.210.151
[2021-12-06 19:01:14,600] client.Client<Client:41034>:OUTPUT: website : fc2.com, time : 42, hop cnt : 6
[2021-12-06 19:01:14,626] client.Client<Client:41034>:OUTPUT: Result of query for mozilla.org = 44.236.48.31
[2021-12-06 19:01:14,626] client.Client<Client:41034>:OUTPUT: website : mozilla.org, time : 24, hop cnt : 3
[2021-12-06 19:01:14,683] client.Client<Client:41034>:OUTPUT: Result of query for rakuten.co.jp = 133.237.16.234
[2021-12-06 19:01:14,684] client.Client<Client:41034>:OUTPUT: website : rakuten.co.jp, time : 56, hop cnt : 7
[2021-12-06 19:01:14,706] client.Client<Client:41034>:OUTPUT: Result of query for uptodown.com = 23.54.188.103
[2021-12-06 19:01:14,707] client.Client<Client:41034>:OUTPUT: website : uptodown.com, time : 21, hop cnt : 4
[2021-12-06 19:01:14,737] client.Client<Client:41034>:OUTPUT: Result of query for cnn.com = 151.101.129.67
[2021-12-06 19:01:14,737] client.Client<Client:41034>:OUTPUT: website : cnn.com, time : 28, hop cnt : 5
[2021-12-06 19:01:14,795] client.Client<Client:41034>:OUTPUT: Result of query for soundcloud.com = 13.225.229.67
[2021-12-06 19:01:14,795] client.Client<Client:41034>:OUTPUT: website : soundcloud.com, time : 53, hop cnt : 6
[2021-12-06 19:01:14,820] client.Client<Client:41034>:OUTPUT: Result of query for google.com.ua = 172.217.7.3
[2021-12-06 19:01:14,821] client.Client<Client:41034>:OUTPUT: website : google.com.ua, time : 25, hop cnt : 4
[2021-12-06 19:01:14,863] client.Client<Client:41034>:OUTPUT: Result of query for quora.com = 34.237.36.29
[2021-12-06 19:01:14,863] client.Client<Client:41034>:OUTPUT: website : quora.com, time : 41, hop cnt : 5
[2021-12-06 19:01:14,884] client.Client<Client:41034>:OUTPUT: Result of query for amazonaws.com = 72.21.210.29
[2021-12-06 19:01:14,884] client.Client<Client:41034>:OUTPUT: website : amazonaws.com, time : 21, hop cnt : 2
[2021-12-06 19:01:14,922] client.Client<Client:41034>:OUTPUT: Result of query for ask.com = 199.232.66.114
[2021-12-06 19:01:14,922] client.Client<Client:41034>:OUTPUT: website : ask.com, time : 37, hop cnt : 6
[2021-12-06 19:01:14,962] client.Client<Client:41034>:OUTPUT: Result of query for clicksgear.com = 192.243.59.12
[2021-12-06 19:01:14,962] client.Client<Client:41034>:OUTPUT: website : clicksgear.com, time : 39, hop cnt : 5
[2021-12-06 19:01:14,997] client.Client<Client:41034>:OUTPUT: Result of query for xnxx.com = 185.88.181.60
[2021-12-06 19:01:14,997] client.Client<Client:41034>:OUTPUT: website : xnxx.com, time : 33, hop cnt : 4
[2021-12-06 19:01:15,012] client.Client<Client:41034>:OUTPUT: Result of query for google.nl = 172.217.11.3
[2021-12-06 19:01:15,012] client.Client<Client:41034>:OUTPUT: website : google.nl, time : 15, hop cnt : 2
[2021-12-06 19:01:15,042] client.Client<Client:41034>:OUTPUT: Result of query for nytimes.com = 151.101.65.164
[2021-12-06 19:01:15,042] client.Client<Client:41034>:OUTPUT: website : nytimes.com, time : 29, hop cnt : 5
[2021-12-06 19:01:15,057] client.Client<Client:41034>:OUTPUT: Result of query for naver.com = 125.209.222.141
[2021-12-06 19:01:15,057] client.Client<Client:41034>:OUTPUT: website : naver.com, time : 15, hop cnt : 3
[2021-12-06 19:01:15,099] client.Client<Client:41034>:OUTPUT: Result of query for ettoday.net = 219.85.79.131
[2021-12-06 19:01:15,099] client.Client<Client:41034>:OUTPUT: website : ettoday.net, time : 41, hop cnt : 5
[2021-12-06 19:01:15,129] client.Client<Client:41034>:OUTPUT: Result of query for adf.ly = 104.20.81.199
[2021-12-06 19:01:15,129] client.Client<Client:41034>:OUTPUT: website : adf.ly, time : 28, hop cnt : 5
[2021-12-06 19:01:15,153] client.Client<Client:41034>:OUTPUT: Result of query for dailymotion.com = 195.8.215.136
[2021-12-06 19:01:15,154] client.Client<Client:41034>:OUTPUT: website : dailymotion.com, time : 23, hop cnt : 5
[2021-12-06 19:01:15,190] client.Client<Client:41034>:OUTPUT: Result of query for google.co.za = 172.217.11.3
[2021-12-06 19:01:15,191] client.Client<Client:41034>:OUTPUT: website : google.co.za, time : 34, hop cnt : 5
[2021-12-06 19:01:15,205] client.Client<Client:41034>:OUTPUT: Result of query for steamcommunity.com = 23.192.34.24
[2021-12-06 19:01:15,205] client.Client<Client:41034>:OUTPUT: website : steamcommunity.com, time : 13, hop cnt : 3
[2021-12-06 19:01:15,247] client.Client<Client:41034>:OUTPUT: Result of query for google.co.ve = 172.217.11.3
[2021-12-06 19:01:15,248] client.Client<Client:41034>:OUTPUT: website : google.co.ve, time : 41, hop cnt : 5
[2021-12-06 19:01:15,274] client.Client<Client:41034>:OUTPUT: Result of query for salesforce.com = 23.1.35.132
[2021-12-06 19:01:15,275] client.Client<Client:41034>:OUTPUT: website : salesforce.com, time : 26, hop cnt : 4
[2021-12-06 19:01:15,292] client.Client<Client:41034>:OUTPUT: Result of query for espn.com = 13.225.229.96
[2021-12-06 19:01:15,293] client.Client<Client:41034>:OUTPUT: website : espn.com, time : 18, hop cnt : 3
[2021-12-06 19:01:15,326] client.Client<Client:41034>:OUTPUT: Result of query for stackexchange.com = 151.101.193.69
[2021-12-06 19:01:15,326] client.Client<Client:41034>:OUTPUT: website : stackexchange.com, time : 32, hop cnt : 4
[2021-12-06 19:01:15,352] client.Client<Client:41034>:OUTPUT: Result of query for blogger.com = 142.250.80.9
[2021-12-06 19:01:15,353] client.Client<Client:41034>:OUTPUT: website : blogger.com, time : 24, hop cnt : 3
[2021-12-06 19:01:15,406] client.Client<Client:41034>:OUTPUT: Result of query for chase.com = 159.53.84.126
[2021-12-06 19:01:15,406] client.Client<Client:41034>:OUTPUT: website : chase.com, time : 48, hop cnt : 7
[2021-12-06 19:01:15,449] client.Client<Client:41034>:OUTPUT: Result of query for google.co.kr = 142.250.80.3
[2021-12-06 19:01:15,449] client.Client<Client:41034>:OUTPUT: website : google.co.kr, time : 42, hop cnt : 6
[2021-12-06 19:01:15,475] client.Client<Client:41034>:OUTPUT: Result of query for ebay.de = 66.135.196.249
[2021-12-06 19:01:15,476] client.Client<Client:41034>:OUTPUT: website : ebay.de, time : 26, hop cnt : 5
[2021-12-06 19:01:15,519] client.Client<Client:41034>:OUTPUT: Result of query for vimeo.com = 151.101.192.217
[2021-12-06 19:01:15,520] client.Client<Client:41034>:OUTPUT: website : vimeo.com, time : 42, hop cnt : 6
[2021-12-06 19:01:15,546] client.Client<Client:41034>:OUTPUT: Result of query for vice.com = 52.200.45.101
[2021-12-06 19:01:15,547] client.Client<Client:41034>:OUTPUT: website : vice.com, time : 25, hop cnt : 4
[2021-12-06 19:01:15,585] client.Client<Client:41034>:OUTPUT: Result of query for theguardian.com = 151.101.1.111
[2021-12-06 19:01:15,585] client.Client<Client:41034>:OUTPUT: website : theguardian.com, time : 36, hop cnt : 5
[2021-12-06 19:01:15,616] client.Client<Client:41034>:OUTPUT: Result of query for blastingnews.com = 212.97.32.174
[2021-12-06 19:01:15,616] client.Client<Client:41034>:OUTPUT: website : blastingnews.com, time : 30, hop cnt : 5
[2021-12-06 19:01:15,647] client.Client<Client:41034>:OUTPUT: Result of query for tribunnews.com = 113.11.255.30
[2021-12-06 19:01:15,648] client.Client<Client:41034>:OUTPUT: website : tribunnews.com, time : 30, hop cnt : 5
[2021-12-06 19:01:15,680] client.Client<Client:41034>:OUTPUT: Result of query for steampowered.com = 23.192.8.254
[2021-12-06 19:01:15,681] client.Client<Client:41034>:OUTPUT: website : steampowered.com, time : 32, hop cnt : 4
[2021-12-06 19:01:15,713] client.Client<Client:41034>:OUTPUT: Result of query for chaturbate.com = 104.18.101.40
[2021-12-06 19:01:15,714] client.Client<Client:41034>:OUTPUT: website : chaturbate.com, time : 30, hop cnt : 5
[2021-12-06 19:01:15,748] client.Client<Client:41034>:OUTPUT: Result of query for ebay.co.uk = 66.135.196.249
[2021-12-06 19:01:15,749] client.Client<Client:41034>:OUTPUT: website : ebay.co.uk, time : 33, hop cnt : 5
[2021-12-06 19:01:15,766] client.Client<Client:41034>:OUTPUT: Result of query for detik.com = 203.190.242.211
[2021-12-06 19:01:15,767] client.Client<Client:41034>:OUTPUT: website : detik.com, time : 16, hop cnt : 3
[2021-12-06 19:01:15,791] client.Client<Client:41034>:OUTPUT: Result of query for google.gr = 142.250.64.99
[2021-12-06 19:01:15,792] client.Client<Client:41034>:OUTPUT: website : google.gr, time : 24, hop cnt : 4
[2021-12-06 19:01:15,838] client.Client<Client:41034>:OUTPUT: Result of query for google.com.vn = 172.217.10.227
[2021-12-06 19:01:15,838] client.Client<Client:41034>:OUTPUT: website : google.com.vn, time : 45, hop cnt : 6
[2021-12-06 19:01:15,861] client.Client<Client:41034>:OUTPUT: Result of query for buzzfeed.com = 13.225.229.101
[2021-12-06 19:01:15,861] client.Client<Client:41034>:OUTPUT: website : buzzfeed.com, time : 22, hop cnt : 4
[2021-12-06 19:01:15,904] client.Client<Client:41034>:OUTPUT: Result of query for indeed.com = 18.218.22.89
[2021-12-06 19:01:15,904] client.Client<Client:41034>:OUTPUT: website : indeed.com, time : 42, hop cnt : 5
[2021-12-06 19:01:15,931] client.Client<Client:41034>:OUTPUT: Result of query for dailymail.co.uk = 23.41.6.195
[2021-12-06 19:01:15,931] client.Client<Client:41034>:OUTPUT: website : dailymail.co.uk, time : 25, hop cnt : 5
[2021-12-06 19:01:15,981] client.Client<Client:41034>:OUTPUT: Result of query for mediafire.com = 104.16.203.237
[2021-12-06 19:01:15,982] client.Client<Client:41034>:OUTPUT: website : mediafire.com, time : 50, hop cnt : 7
[2021-12-06 19:01:16,021] client.Client<Client:41034>:OUTPUT: Result of query for avito.ru = 185.89.12.132
[2021-12-06 19:01:16,021] client.Client<Client:41034>:OUTPUT: website : avito.ru, time : 38, hop cnt : 5
[2021-12-06 19:01:16,071] client.Client<Client:41034>:OUTPUT: Result of query for cnet.com = 35.190.79.82
[2021-12-06 19:01:16,072] client.Client<Client:41034>:OUTPUT: website : cnet.com, time : 49, hop cnt : 6
[2021-12-06 19:01:16,120] client.Client<Client:41034>:OUTPUT: Result of query for google.com.sg = 172.217.165.131
[2021-12-06 19:01:16,121] client.Client<Client:41034>:OUTPUT: website : google.com.sg, time : 48, hop cnt : 6
[2021-12-06 19:01:16,166] client.Client<Client:41034>:OUTPUT: Result of query for globo.com = 186.192.90.5
[2021-12-06 19:01:16,166] client.Client<Client:41034>:OUTPUT: website : globo.com, time : 45, hop cnt : 5
[2021-12-06 19:01:16,171] client.Client<Client:41034>:OUTPUT: Result of query for xinhuanet.com = 202.108.119.193
[2021-12-06 19:01:16,172] client.Client<Client:41034>:OUTPUT: website : xinhuanet.com, time : 4, hop cnt : 2
[2021-12-06 19:01:16,198] client.Client<Client:41034>:OUTPUT: Result of query for spotify.com = 35.186.224.25
[2021-12-06 19:01:16,199] client.Client<Client:41034>:OUTPUT: website : spotify.com, time : 27, hop cnt : 3
[2021-12-06 19:01:16,244] client.Client<Client:41034>:OUTPUT: Result of query for flipkart.com = 163.53.76.86
[2021-12-06 19:01:16,244] client.Client<Client:41034>:OUTPUT: website : flipkart.com, time : 42, hop cnt : 6
[2021-12-06 19:01:16,280] client.Client<Client:41034>:OUTPUT: Result of query for ladbible.com = 104.17.98.32
[2021-12-06 19:01:16,280] client.Client<Client:41034>:OUTPUT: website : ladbible.com, time : 35, hop cnt : 4
[2021-12-06 19:01:16,316] client.Client<Client:41034>:OUTPUT: Result of query for google.com.ph = 172.217.10.35
[2021-12-06 19:01:16,317] client.Client<Client:41034>:OUTPUT: website : google.com.ph, time : 35, hop cnt : 5
[2021-12-06 19:01:16,351] client.Client<Client:41034>:OUTPUT: Result of query for google.com.co = 172.217.12.195
[2021-12-06 19:01:16,351] client.Client<Client:41034>:OUTPUT: website : google.com.co, time : 34, hop cnt : 6
[2021-12-06 19:01:16,399] client.Client<Client:41034>:OUTPUT: Result of query for popcash.net = 104.27.207.92
[2021-12-06 19:01:16,399] client.Client<Client:41034>:OUTPUT: website : popcash.net, time : 44, hop cnt : 5
[2021-12-06 19:01:16,443] client.Client<Client:41034>:OUTPUT: Result of query for google.be = 142.250.64.99
[2021-12-06 19:01:16,443] client.Client<Client:41034>:OUTPUT: website : google.be, time : 42, hop cnt : 6
[2021-12-06 19:01:16,479] client.Client<Client:41034>:OUTPUT: Result of query for google.se = 142.250.64.67
[2021-12-06 19:01:16,480] client.Client<Client:41034>:OUTPUT: website : google.se, time : 36, hop cnt : 6
[2021-12-06 19:01:16,525] client.Client<Client:41034>:OUTPUT: Result of query for deviantart.com = 99.84.237.60
[2021-12-06 19:01:16,525] client.Client<Client:41034>:OUTPUT: website : deviantart.com, time : 44, hop cnt : 5
[2021-12-06 19:01:16,558] client.Client<Client:41034>:OUTPUT: Result of query for zhihu.com = 103.41.167.234
[2021-12-06 19:01:16,558] client.Client<Client:41034>:OUTPUT: website : zhihu.com, time : 32, hop cnt : 4
[2021-12-06 19:01:16,608] client.Client<Client:41034>:OUTPUT: Result of query for google.cn = 172.217.7.3
[2021-12-06 19:01:16,609] client.Client<Client:41034>:OUTPUT: website : google.cn, time : 49, hop cnt : 5
[2021-12-06 19:01:16,648] client.Client<Client:41034>:OUTPUT: Result of query for roblox.com = 128.116.114.3
[2021-12-06 19:01:16,648] client.Client<Client:41034>:OUTPUT: website : roblox.com, time : 38, hop cnt : 5
[2021-12-06 19:01:16,672] client.Client<Client:41034>:OUTPUT: Result of query for walmart.com = 161.170.230.170
[2021-12-06 19:01:16,672] client.Client<Client:41034>:OUTPUT: website : walmart.com, time : 23, hop cnt : 4
[2021-12-06 19:01:16,703] client.Client<Client:41034>:OUTPUT: Result of query for google.az = 172.217.10.100
[2021-12-06 19:01:16,704] client.Client<Client:41034>:OUTPUT: website : google.az, time : 30, hop cnt : 5
[2021-12-06 19:01:16,738] client.Client<Client:41034>:OUTPUT: Result of query for uol.com.br = 200.147.35.149
[2021-12-06 19:01:16,739] client.Client<Client:41034>:OUTPUT: website : uol.com.br, time : 34, hop cnt : 5
[2021-12-06 19:01:16,772] client.Client<Client:41034>:OUTPUT: Result of query for force.com = 23.1.35.132
[2021-12-06 19:01:16,772] client.Client<Client:41034>:OUTPUT: website : force.com, time : 33, hop cnt : 5
[2021-12-06 19:01:16,808] client.Client<Client:41034>:OUTPUT: Result of query for upornia.com = 172.64.143.19
[2021-12-06 19:01:16,808] client.Client<Client:41034>:OUTPUT: website : upornia.com, time : 35, hop cnt : 5
[2021-12-06 19:01:16,845] client.Client<Client:41034>:OUTPUT: Result of query for wikihow.com = 151.101.66.110
[2021-12-06 19:01:16,845] client.Client<Client:41034>:OUTPUT: website : wikihow.com, time : 35, hop cnt : 5
[2021-12-06 19:01:16,882] client.Client<Client:41034>:OUTPUT: Result of query for yelp.com = 199.232.64.116
[2021-12-06 19:01:16,882] client.Client<Client:41034>:OUTPUT: website : yelp.com, time : 36, hop cnt : 5
[2021-12-06 19:01:16,935] client.Client<Client:41034>:OUTPUT: Result of query for daikynguyenvn.com = 172.67.147.194
[2021-12-06 19:01:16,935] client.Client<Client:41034>:OUTPUT: website : daikynguyenvn.com, time : 52, hop cnt : 5
[2021-12-06 19:01:16,977] client.Client<Client:41034>:OUTPUT: Result of query for w3schools.com = 66.29.212.110
[2021-12-06 19:01:16,977] client.Client<Client:41034>:OUTPUT: website : w3schools.com, time : 39, hop cnt : 4
[2021-12-06 19:01:17,007] client.Client<Client:41034>:OUTPUT: Result of query for washingtonpost.com = 104.108.117.10
[2021-12-06 19:01:17,007] client.Client<Client:41034>:OUTPUT: website : washingtonpost.com, time : 28, hop cnt : 5
[2021-12-06 19:01:17,029] client.Client<Client:41034>:OUTPUT: Result of query for china.com.cn = 202.130.245.42
[2021-12-06 19:01:17,030] client.Client<Client:41034>:OUTPUT: website : china.com.cn, time : 22, hop cnt : 4
[2021-12-06 19:01:17,075] client.Client<Client:41034>:OUTPUT: Result of query for godaddy.com = 208.109.192.70
[2021-12-06 19:01:17,075] client.Client<Client:41034>:OUTPUT: website : godaddy.com, time : 43, hop cnt : 5
[2021-12-06 19:01:17,114] client.Client<Client:41034>:OUTPUT: Result of query for etsy.com = 151.101.1.224
[2021-12-06 19:01:17,114] client.Client<Client:41034>:OUTPUT: website : etsy.com, time : 36, hop cnt : 6
[2021-12-06 19:01:17,139] client.Client<Client:41034>:OUTPUT: Result of query for rambler.ru = 81.19.82.98
[2021-12-06 19:01:17,139] client.Client<Client:41034>:OUTPUT: website : rambler.ru, time : 24, hop cnt : 4
[2021-12-06 19:01:17,160] client.Client<Client:41034>:OUTPUT: Result of query for alibaba.com = 198.11.132.198
[2021-12-06 19:01:17,161] client.Client<Client:41034>:OUTPUT: website : alibaba.com, time : 21, hop cnt : 5
[2021-12-06 19:01:17,203] client.Client<Client:41034>:OUTPUT: Result of query for sogou.com = 119.28.109.132
[2021-12-06 19:01:17,204] client.Client<Client:41034>:OUTPUT: website : sogou.com, time : 41, hop cnt : 6
[2021-12-06 19:01:17,230] client.Client<Client:41034>:OUTPUT: Result of query for nih.gov = 54.235.145.223
[2021-12-06 19:01:17,231] client.Client<Client:41034>:OUTPUT: website : nih.gov, time : 26, hop cnt : 5
[2021-12-06 19:01:17,253] client.Client<Client:41034>:OUTPUT: Result of query for google.at = 172.217.7.3
[2021-12-06 19:01:17,254] client.Client<Client:41034>:OUTPUT: website : google.at, time : 21, hop cnt : 4
[2021-12-06 19:01:17,289] client.Client<Client:41034>:OUTPUT: Result of query for hclips.com = 172.64.200.4
[2021-12-06 19:01:17,290] client.Client<Client:41034>:OUTPUT: website : hclips.com, time : 34, hop cnt : 4
[2021-12-06 19:01:17,318] client.Client<Client:41034>:OUTPUT: Result of query for softonic.com = 35.227.233.104
[2021-12-06 19:01:17,319] client.Client<Client:41034>:OUTPUT: website : softonic.com, time : 27, hop cnt : 4
[2021-12-06 19:01:17,361] client.Client<Client:41034>:OUTPUT: Result of query for redtube.com = 66.254.114.238
[2021-12-06 19:01:17,361] client.Client<Client:41034>:OUTPUT: website : redtube.com, time : 37, hop cnt : 6
[2021-12-06 19:01:17,392] client.Client<Client:41034>:OUTPUT: Result of query for google.com.ng = 142.250.64.99
[2021-12-06 19:01:17,392] client.Client<Client:41034>:OUTPUT: website : google.com.ng, time : 29, hop cnt : 5
[2021-12-06 19:01:17,433] client.Client<Client:41034>:OUTPUT: Result of query for iwanttodeliver.com = 185.88.180.102
[2021-12-06 19:01:17,433] client.Client<Client:41034>:OUTPUT: website : iwanttodeliver.com, time : 39, hop cnt : 6
[2021-12-06 19:01:17,481] client.Client<Client:41034>:OUTPUT: Result of query for 9gag.com = 104.16.104.144
[2021-12-06 19:01:17,482] client.Client<Client:41034>:OUTPUT: website : 9gag.com, time : 47, hop cnt : 5
[2021-12-06 19:01:17,532] client.Client<Client:41034>:OUTPUT: Result of query for slack.com = 18.214.242.166
[2021-12-06 19:01:17,533] client.Client<Client:41034>:OUTPUT: website : slack.com, time : 49, hop cnt : 6
[2021-12-06 19:01:17,569] client.Client<Client:41034>:OUTPUT: Result of query for google.com.pe = 172.217.3.99
[2021-12-06 19:01:17,570] client.Client<Client:41034>:OUTPUT: website : google.com.pe, time : 35, hop cnt : 6
[2021-12-06 19:01:17,599] client.Client<Client:41034>:OUTPUT: Result of query for bankofamerica.com = 171.161.148.150
[2021-12-06 19:01:17,600] client.Client<Client:41034>:OUTPUT: website : bankofamerica.com, time : 28, hop cnt : 4
[2021-12-06 19:01:17,648] client.Client<Client:41034>:OUTPUT: Result of query for mercadolivre.com.br = 13.225.229.127
[2021-12-06 19:01:17,649] client.Client<Client:41034>:OUTPUT: website : mercadolivre.com.br, time : 48, hop cnt : 6
[2021-12-06 19:01:17,695] client.Client<Client:41034>:OUTPUT: Result of query for 4chan.org = 104.19.128.108
[2021-12-06 19:01:17,696] client.Client<Client:41034>:OUTPUT: website : 4chan.org, time : 45, hop cnt : 5
[2021-12-06 19:01:17,733] client.Client<Client:41034>:OUTPUT: Result of query for google.ro = 172.217.10.99
[2021-12-06 19:01:17,734] client.Client<Client:41034>:OUTPUT: website : google.ro, time : 37, hop cnt : 6
[2021-12-06 19:01:17,776] client.Client<Client:41034>:OUTPUT: Result of query for cpm10.com = 103.224.182.251
[2021-12-06 19:01:17,777] client.Client<Client:41034>:OUTPUT: website : cpm10.com, time : 41, hop cnt : 6
[2021-12-06 19:01:17,828] client.Client<Client:41034>:OUTPUT: Result of query for google.cz = 142.250.80.3
[2021-12-06 19:01:17,828] client.Client<Client:41034>:OUTPUT: website : google.cz, time : 50, hop cnt : 7
[2021-12-06 19:01:17,864] client.Client<Client:41034>:OUTPUT: Result of query for google.ch = 172.217.12.131
[2021-12-06 19:01:17,864] client.Client<Client:41034>:OUTPUT: website : google.ch, time : 35, hop cnt : 4
[2021-12-06 19:01:17,903] client.Client<Client:41034>:OUTPUT: Result of query for tripadvisor.com = 192.229.162.112
[2021-12-06 19:01:17,904] client.Client<Client:41034>:OUTPUT: website : tripadvisor.com, time : 37, hop cnt : 5
[2021-12-06 19:01:17,935] client.Client<Client:41034>:OUTPUT: Result of query for bet365.com = 5.226.176.16
[2021-12-06 19:01:17,935] client.Client<Client:41034>:OUTPUT: website : bet365.com, time : 30, hop cnt : 3
[2021-12-06 19:01:17,964] client.Client<Client:41034>:OUTPUT: Result of query for gfycat.com = 13.225.222.216
[2021-12-06 19:01:17,964] client.Client<Client:41034>:OUTPUT: website : gfycat.com, time : 28, hop cnt : 4
[2021-12-06 19:01:17,989] client.Client<Client:41034>:OUTPUT: Result of query for amazon.fr = 52.95.120.39
[2021-12-06 19:01:17,989] client.Client<Client:41034>:OUTPUT: website : amazon.fr, time : 23, hop cnt : 3
[2021-12-06 19:01:18,026] client.Client<Client:41034>:OUTPUT: Result of query for discordapp.com = 162.159.134.233
[2021-12-06 19:01:18,026] client.Client<Client:41034>:OUTPUT: website : discordapp.com, time : 36, hop cnt : 5
[2021-12-06 19:01:18,061] client.Client<Client:41034>:OUTPUT: Result of query for google.cl = 172.217.9.227
[2021-12-06 19:01:18,061] client.Client<Client:41034>:OUTPUT: website : google.cl, time : 34, hop cnt : 4
[2021-12-06 19:01:18,110] client.Client<Client:41034>:OUTPUT: Result of query for wellsfargo.com = 159.45.66.143
[2021-12-06 19:01:18,110] client.Client<Client:41034>:OUTPUT: website : wellsfargo.com, time : 47, hop cnt : 6
[2021-12-06 19:01:18,143] client.Client<Client:41034>:OUTPUT: Result of query for trello.com = 18.234.32.193
[2021-12-06 19:01:18,143] client.Client<Client:41034>:OUTPUT: website : trello.com, time : 32, hop cnt : 4
[2021-12-06 19:01:18,164] client.Client<Client:41034>:OUTPUT: Result of query for amazon.it = 52.95.120.36
[2021-12-06 19:01:18,165] client.Client<Client:41034>:OUTPUT: website : amazon.it, time : 20, hop cnt : 3
[2021-12-06 19:01:18,217] client.Client<Client:41034>:OUTPUT: Result of query for indiatimes.com = 23.33.172.134
[2021-12-06 19:01:18,218] client.Client<Client:41034>:OUTPUT: website : indiatimes.com, time : 51, hop cnt : 6
[2021-12-06 19:01:18,261] client.Client<Client:41034>:OUTPUT: Result of query for battle.net = 137.221.106.104
[2021-12-06 19:01:18,261] client.Client<Client:41034>:OUTPUT: website : battle.net, time : 42, hop cnt : 5
[2021-12-06 19:01:18,290] client.Client<Client:41034>:OUTPUT: Result of query for google.pt = 172.217.6.195
[2021-12-06 19:01:18,290] client.Client<Client:41034>:OUTPUT: website : google.pt, time : 28, hop cnt : 3
[2021-12-06 19:01:18,336] client.Client<Client:41034>:OUTPUT: Result of query for zillow.com = 13.225.229.65
[2021-12-06 19:01:18,336] client.Client<Client:41034>:OUTPUT: website : zillow.com, time : 45, hop cnt : 5
[2021-12-06 19:01:18,368] client.Client<Client:41034>:OUTPUT: Result of query for google.co.ao = 142.250.64.99
[2021-12-06 19:01:18,368] client.Client<Client:41034>:OUTPUT: website : google.co.ao, time : 31, hop cnt : 6
[2021-12-06 19:01:18,391] client.Client<Client:41034>:OUTPUT: Result of query for messenger.com = 31.13.71.1
[2021-12-06 19:01:18,391] client.Client<Client:41034>:OUTPUT: website : messenger.com, time : 22, hop cnt : 3
[2021-12-06 19:01:18,443] client.Client<Client:41034>:OUTPUT: Result of query for google.no = 172.217.7.3
[2021-12-06 19:01:18,444] client.Client<Client:41034>:OUTPUT: website : google.no, time : 50, hop cnt : 6
[2021-12-06 19:01:18,487] client.Client<Client:41034>:OUTPUT: Result of query for kinogo.club = 75.2.37.224
[2021-12-06 19:01:18,488] client.Client<Client:41034>:OUTPUT: website : kinogo.club, time : 42, hop cnt : 5
[2021-12-06 19:01:18,514] client.Client<Client:41034>:OUTPUT: Result of query for mama.cn = 134.175.173.148
[2021-12-06 19:01:18,515] client.Client<Client:41034>:OUTPUT: website : mama.cn, time : 25, hop cnt : 4
[2021-12-06 19:01:18,536] client.Client<Client:41034>:OUTPUT: Result of query for gamepedia.com = 104.27.138.186
[2021-12-06 19:01:18,537] client.Client<Client:41034>:OUTPUT: website : gamepedia.com, time : 19, hop cnt : 3
[2021-12-06 19:01:18,565] client.Client<Client:41034>:OUTPUT: Result of query for youporn.com = 66.254.114.79
[2021-12-06 19:01:18,565] client.Client<Client:41034>:OUTPUT: website : youporn.com, time : 27, hop cnt : 3
[2021-12-06 19:01:18,610] client.Client<Client:41034>:OUTPUT: Result of query for forbes.com = 151.101.130.49
[2021-12-06 19:01:18,610] client.Client<Client:41034>:OUTPUT: website : forbes.com, time : 44, hop cnt : 7
[2021-12-06 19:01:18,651] client.Client<Client:41034>:OUTPUT: Result of query for yts.ag = 172.67.202.48
[2021-12-06 19:01:18,651] client.Client<Client:41034>:OUTPUT: website : yts.ag, time : 40, hop cnt : 6
[2021-12-06 19:01:18,694] client.Client<Client:41034>:OUTPUT: Result of query for tokopedia.com = 47.74.244.18
[2021-12-06 19:01:18,695] client.Client<Client:41034>:OUTPUT: website : tokopedia.com, time : 42, hop cnt : 5
[2021-12-06 19:01:18,734] client.Client<Client:41034>:OUTPUT: Result of query for google.ae = 142.250.64.99
[2021-12-06 19:01:18,734] client.Client<Client:41034>:OUTPUT: website : google.ae, time : 38, hop cnt : 5
[2021-12-06 19:01:18,759] client.Client<Client:41034>:OUTPUT: Result of query for abs-cbn.com = 23.63.246.57
[2021-12-06 19:01:18,759] client.Client<Client:41034>:OUTPUT: website : abs-cbn.com, time : 24, hop cnt : 3
[2021-12-06 19:01:18,794] client.Client<Client:41034>:OUTPUT: Result of query for youm7.com = 104.18.6.4
[2021-12-06 19:01:18,794] client.Client<Client:41034>:OUTPUT: website : youm7.com, time : 34, hop cnt : 4
[2021-12-06 19:01:18,811] client.Client<Client:41034>:OUTPUT: Result of query for pipeschannels.com = 139.45.196.73
[2021-12-06 19:01:18,812] client.Client<Client:41034>:OUTPUT: website : pipeschannels.com, time : 16, hop cnt : 3
[2021-12-06 19:01:18,857] client.Client<Client:41034>:OUTPUT: Result of query for weather.com = 104.126.221.252
[2021-12-06 19:01:18,857] client.Client<Client:41034>:OUTPUT: website : weather.com, time : 45, hop cnt : 5
[2021-12-06 19:01:18,909] client.Client<Client:41034>:OUTPUT: Result of query for outbrain.com = 192.82.210.254
[2021-12-06 19:01:18,909] client.Client<Client:41034>:OUTPUT: website : outbrain.com, time : 51, hop cnt : 5
[2021-12-06 19:01:18,938] client.Client<Client:41034>:OUTPUT: Result of query for ameblo.jp = 151.101.1.83
[2021-12-06 19:01:18,938] client.Client<Client:41034>:OUTPUT: website : ameblo.jp, time : 28, hop cnt : 3
[2021-12-06 19:01:18,965] client.Client<Client:41034>:OUTPUT: Result of query for ikea.com = 204.74.99.103
[2021-12-06 19:01:18,965] client.Client<Client:41034>:OUTPUT: website : ikea.com, time : 25, hop cnt : 5
[2021-12-06 19:01:19,002] client.Client<Client:41034>:OUTPUT: Result of query for kakaku.com = 103.70.243.165
[2021-12-06 19:01:19,002] client.Client<Client:41034>:OUTPUT: website : kakaku.com, time : 36, hop cnt : 5
[2021-12-06 19:01:19,044] client.Client<Client:41034>:OUTPUT: Result of query for trackmedia101.com = 103.224.182.251
[2021-12-06 19:01:19,044] client.Client<Client:41034>:OUTPUT: website : trackmedia101.com, time : 41, hop cnt : 5
[2021-12-06 19:01:19,074] client.Client<Client:41034>:OUTPUT: Result of query for mega.nz = 66.203.127.12
[2021-12-06 19:01:19,074] client.Client<Client:41034>:OUTPUT: website : mega.nz, time : 29, hop cnt : 3
[2021-12-06 19:01:19,104] client.Client<Client:41034>:OUTPUT: Result of query for 39.net = 211.99.98.109
[2021-12-06 19:01:19,104] client.Client<Client:41034>:OUTPUT: website : 39.net, time : 29, hop cnt : 5
[2021-12-06 19:01:19,140] client.Client<Client:41034>:OUTPUT: Result of query for bilibili.com = 110.43.34.66
[2021-12-06 19:01:19,140] client.Client<Client:41034>:OUTPUT: website : bilibili.com, time : 35, hop cnt : 4
[2021-12-06 19:01:19,188] client.Client<Client:41034>:OUTPUT: Result of query for google.dz = 172.217.11.3
[2021-12-06 19:01:19,188] client.Client<Client:41034>:OUTPUT: website : google.dz, time : 47, hop cnt : 5
[2021-12-06 19:01:19,224] client.Client<Client:41034>:OUTPUT: Result of query for huffingtonpost.com = 98.136.103.23
[2021-12-06 19:01:19,224] client.Client<Client:41034>:OUTPUT: website : huffingtonpost.com, time : 34, hop cnt : 5
[2021-12-06 19:01:19,269] client.Client<Client:41034>:OUTPUT: Result of query for hotmovs.com = 172.64.106.9
[2021-12-06 19:01:19,269] client.Client<Client:41034>:OUTPUT: website : hotmovs.com, time : 44, hop cnt : 5
[2021-12-06 19:01:19,305] client.Client<Client:41034>:OUTPUT: Result of query for speedtest.net = 151.101.66.219
[2021-12-06 19:01:19,305] client.Client<Client:41034>:OUTPUT: website : speedtest.net, time : 34, hop cnt : 4
[2021-12-06 19:01:19,332] client.Client<Client:41034>:OUTPUT: Result of query for livejournal.com = 13.88.179.33
[2021-12-06 19:01:19,332] client.Client<Client:41034>:OUTPUT: website : livejournal.com, time : 25, hop cnt : 3
[2021-12-06 19:01:19,369] client.Client<Client:41034>:OUTPUT: Result of query for reimageplus.com = 161.47.7.14
[2021-12-06 19:01:19,369] client.Client<Client:41034>:OUTPUT: website : reimageplus.com, time : 36, hop cnt : 4
[2021-12-06 19:01:19,414] client.Client<Client:41034>:OUTPUT: Result of query for google.ie = 172.217.12.195
[2021-12-06 19:01:19,414] client.Client<Client:41034>:OUTPUT: website : google.ie, time : 44, hop cnt : 5
[2021-12-06 19:01:19,460] client.Client<Client:41034>:OUTPUT: Result of query for adexchangeprediction.com = 35.206.66.190
[2021-12-06 19:01:19,460] client.Client<Client:41034>:OUTPUT: website : adexchangeprediction.com, time : 45, hop cnt : 6
[2021-12-06 19:01:19,489] client.Client<Client:41034>:OUTPUT: Result of query for hotstar.com = 13.225.229.58
[2021-12-06 19:01:19,489] client.Client<Client:41034>:OUTPUT: website : hotstar.com, time : 28, hop cnt : 4
[2021-12-06 19:01:19,523] client.Client<Client:41034>:OUTPUT: Result of query for rarbg.to = 185.37.100.122
[2021-12-06 19:01:19,523] client.Client<Client:41034>:OUTPUT: website : rarbg.to, time : 33, hop cnt : 4
[2021-12-06 19:01:19,561] client.Client<Client:41034>:OUTPUT: Result of query for wetransfer.com = 46.51.201.69
[2021-12-06 19:01:19,561] client.Client<Client:41034>:OUTPUT: website : wetransfer.com, time : 36, hop cnt : 5
[2021-12-06 19:01:19,608] client.Client<Client:41034>:OUTPUT: Result of query for ign.com = 52.3.55.210
[2021-12-06 19:01:19,608] client.Client<Client:41034>:OUTPUT: website : ign.com, time : 46, hop cnt : 7
[2021-12-06 19:01:19,641] client.Client<Client:41034>:OUTPUT: Result of query for doubleclick.net = 172.217.12.174
[2021-12-06 19:01:19,642] client.Client<Client:41034>:OUTPUT: website : doubleclick.net, time : 31, hop cnt : 4
[2021-12-06 19:01:19,665] client.Client<Client:41034>:OUTPUT: Result of query for google.hu = 172.217.12.195
[2021-12-06 19:01:19,665] client.Client<Client:41034>:OUTPUT: website : google.hu, time : 22, hop cnt : 2
[2021-12-06 19:01:19,701] client.Client<Client:41034>:OUTPUT: Result of query for irctc.co.in = 103.252.142.18
[2021-12-06 19:01:19,702] client.Client<Client:41034>:OUTPUT: website : irctc.co.in, time : 35, hop cnt : 5
[2021-12-06 19:01:19,723] client.Client<Client:41034>:OUTPUT: Result of query for foxnews.com = 23.215.185.14
[2021-12-06 19:01:19,723] client.Client<Client:41034>:OUTPUT: website : foxnews.com, time : 20, hop cnt : 3
[2021-12-06 19:01:19,764] client.Client<Client:41034>:OUTPUT: Result of query for aol.com = 212.82.100.150
[2021-12-06 19:01:19,764] client.Client<Client:41034>:OUTPUT: website : aol.com, time : 40, hop cnt : 5
[2021-12-06 19:01:19,806] client.Client<Client:41034>:OUTPUT: Result of query for google.co.il = 172.217.11.35
[2021-12-06 19:01:19,806] client.Client<Client:41034>:OUTPUT: website : google.co.il, time : 40, hop cnt : 5
[2021-12-06 19:01:19,827] client.Client<Client:41034>:OUTPUT: Result of query for archive.org = 207.241.224.2
[2021-12-06 19:01:19,828] client.Client<Client:41034>:OUTPUT: website : archive.org, time : 21, hop cnt : 4
[2021-12-06 19:01:19,868] client.Client<Client:41034>:OUTPUT: Result of query for airbnb.com = 52.45.221.244
[2021-12-06 19:01:19,868] client.Client<Client:41034>:OUTPUT: website : airbnb.com, time : 39, hop cnt : 6
[2021-12-06 19:01:19,903] client.Client<Client:41034>:OUTPUT: Result of query for allegro.pl = 5.134.213.82
[2021-12-06 19:01:19,903] client.Client<Client:41034>:OUTPUT: website : allegro.pl, time : 32, hop cnt : 3
[2021-12-06 19:01:19,932] client.Client<Client:41034>:OUTPUT: Result of query for bestbuy.com = 2.21.42.99
[2021-12-06 19:01:19,932] client.Client<Client:41034>:OUTPUT: website : bestbuy.com, time : 28, hop cnt : 3
[2021-12-06 19:01:19,951] client.Client<Client:41034>:OUTPUT: Result of query for amazon.cn = 54.222.60.218
[2021-12-06 19:01:19,951] client.Client<Client:41034>:OUTPUT: website : amazon.cn, time : 18, hop cnt : 4
[2021-12-06 19:01:19,972] client.Client<Client:41034>:OUTPUT: Result of query for leboncoin.fr = 35.181.111.82
[2021-12-06 19:01:19,972] client.Client<Client:41034>:OUTPUT: website : leboncoin.fr, time : 17, hop cnt : 4
[2021-12-06 19:01:19,991] client.Client<Client:41034>:OUTPUT: Result of query for google.dk = 172.217.11.3
[2021-12-06 19:01:19,991] client.Client<Client:41034>:OUTPUT: website : google.dk, time : 18, hop cnt : 4
[2021-12-06 19:01:20,029] client.Client<Client:41034>:OUTPUT: Result of query for cnblogs.com = 101.37.97.51
[2021-12-06 19:01:20,029] client.Client<Client:41034>:OUTPUT: website : cnblogs.com, time : 37, hop cnt : 5
[2021-12-06 19:01:20,068] client.Client<Client:41034>:OUTPUT: Result of query for bitauto.com = 59.151.116.98
[2021-12-06 19:01:20,069] client.Client<Client:41034>:OUTPUT: website : bitauto.com, time : 38, hop cnt : 5
[2021-12-06 19:01:20,098] client.Client<Client:41034>:OUTPUT: Result of query for dingit.tv = 172.67.189.193
[2021-12-06 19:01:20,099] client.Client<Client:41034>:OUTPUT: website : dingit.tv, time : 28, hop cnt : 6
[2021-12-06 19:01:20,127] client.Client<Client:41034>:OUTPUT: Result of query for feedly.com = 104.20.59.241
[2021-12-06 19:01:20,128] client.Client<Client:41034>:OUTPUT: website : feedly.com, time : 27, hop cnt : 5
[2021-12-06 19:01:20,173] client.Client<Client:41034>:OUTPUT: Result of query for sumatoad.com = 34.102.136.180
[2021-12-06 19:01:20,173] client.Client<Client:41034>:OUTPUT: website : sumatoad.com, time : 44, hop cnt : 6
[2021-12-06 19:01:20,204] client.Client<Client:41034>:OUTPUT: Result of query for amazon.es = 54.239.33.90
[2021-12-06 19:01:20,204] client.Client<Client:41034>:OUTPUT: website : amazon.es, time : 29, hop cnt : 5
[2021-12-06 19:01:20,231] client.Client<Client:41034>:OUTPUT: Result of query for freepik.com = 51.81.249.114
[2021-12-06 19:01:20,232] client.Client<Client:41034>:OUTPUT: website : freepik.com, time : 25, hop cnt : 4
[2021-12-06 19:01:20,260] client.Client<Client:41034>:OUTPUT: Result of query for shutterstock.com = 99.83.219.164
[2021-12-06 19:01:20,260] client.Client<Client:41034>:OUTPUT: website : shutterstock.com, time : 27, hop cnt : 5
[2021-12-06 19:01:20,286] client.Client<Client:41034>:OUTPUT: Result of query for wikimedia.org = 208.80.154.224
[2021-12-06 19:01:20,287] client.Client<Client:41034>:OUTPUT: website : wikimedia.org, time : 25, hop cnt : 4
[2021-12-06 19:01:20,320] client.Client<Client:41034>:OUTPUT: Result of query for google.fi = 142.250.80.3
[2021-12-06 19:01:20,320] client.Client<Client:41034>:OUTPUT: website : google.fi, time : 32, hop cnt : 5
[2021-12-06 19:01:20,360] client.Client<Client:41034>:OUTPUT: Result of query for huaban.com = 115.231.100.109
[2021-12-06 19:01:20,360] client.Client<Client:41034>:OUTPUT: website : huaban.com, time : 38, hop cnt : 7
[2021-12-06 19:01:20,392] client.Client<Client:41034>:OUTPUT: Result of query for skype.com = 40.121.80.200
[2021-12-06 19:01:20,392] client.Client<Client:41034>:OUTPUT: website : skype.com, time : 31, hop cnt : 5
[2021-12-06 19:01:20,429] client.Client<Client:41034>:OUTPUT: Result of query for caijing.com.cn = 124.243.192.30
[2021-12-06 19:01:20,429] client.Client<Client:41034>:OUTPUT: website : caijing.com.cn, time : 36, hop cnt : 5
[2021-12-06 19:01:20,467] client.Client<Client:41034>:OUTPUT: Result of query for ebay-kleinanzeigen.de = 34.107.128.149
[2021-12-06 19:01:20,467] client.Client<Client:41034>:OUTPUT: website : ebay-kleinanzeigen.de, time : 37, hop cnt : 5
[2021-12-06 19:01:20,506] client.Client<Client:41034>:OUTPUT: Result of query for businessinsider.com = 151.101.65.171
[2021-12-06 19:01:20,507] client.Client<Client:41034>:OUTPUT: website : businessinsider.com, time : 37, hop cnt : 4
[2021-12-06 19:01:20,529] client.Client<Client:41034>:OUTPUT: Result of query for k618.cn = 123.103.56.42
[2021-12-06 19:01:20,529] client.Client<Client:41034>:OUTPUT: website : k618.cn, time : 21, hop cnt : 3
[2021-12-06 19:01:20,546] client.Client<Client:41034>:OUTPUT: Result of query for breitbart.com = 35.241.35.213
[2021-12-06 19:01:20,547] client.Client<Client:41034>:OUTPUT: website : breitbart.com, time : 16, hop cnt : 4
[2021-12-06 19:01:20,585] client.Client<Client:41034>:OUTPUT: Result of query for liputan6.com = 18.136.137.12
[2021-12-06 19:01:20,586] client.Client<Client:41034>:OUTPUT: website : liputan6.com, time : 38, hop cnt : 6
[2021-12-06 19:01:20,605] client.Client<Client:41034>:OUTPUT: Result of query for kinopoisk.ru = 87.250.251.105
[2021-12-06 19:01:20,606] client.Client<Client:41034>:OUTPUT: website : kinopoisk.ru, time : 19, hop cnt : 4
[2021-12-06 19:01:20,637] client.Client<Client:41034>:OUTPUT: Result of query for onlinevideoconverter.com = 94.228.214.149
[2021-12-06 19:01:20,638] client.Client<Client:41034>:OUTPUT: website : onlinevideoconverter.com, time : 30, hop cnt : 4
[2021-12-06 19:01:20,663] client.Client<Client:41034>:OUTPUT: Result of query for wordreference.com = 23.111.171.90
[2021-12-06 19:01:20,663] client.Client<Client:41034>:OUTPUT: website : wordreference.com, time : 24, hop cnt : 4
[2021-12-06 19:01:20,693] client.Client<Client:41034>:OUTPUT: Result of query for kompas.com = 52.220.50.242
[2021-12-06 19:01:20,693] client.Client<Client:41034>:OUTPUT: website : kompas.com, time : 29, hop cnt : 4
[2021-12-06 19:01:20,712] client.Client<Client:41034>:OUTPUT: Result of query for hdzog.com = 172.64.103.16
[2021-12-06 19:01:20,713] client.Client<Client:41034>:OUTPUT: website : hdzog.com, time : 18, hop cnt : 2
[2021-12-06 19:01:20,750] client.Client<Client:41034>:OUTPUT: Result of query for chinadaily.com.cn = 111.13.49.147
[2021-12-06 19:01:20,751] client.Client<Client:41034>:OUTPUT: website : chinadaily.com.cn, time : 37, hop cnt : 5
[2021-12-06 19:01:20,801] client.Client<Client:41034>:OUTPUT: Result of query for giphy.com = 151.101.1.185
[2021-12-06 19:01:20,801] client.Client<Client:41034>:OUTPUT: website : giphy.com, time : 49, hop cnt : 5
[2021-12-06 19:01:20,827] client.Client<Client:41034>:OUTPUT: Result of query for sberbank.ru = 194.54.14.168
[2021-12-06 19:01:20,827] client.Client<Client:41034>:OUTPUT: website : sberbank.ru, time : 25, hop cnt : 3
[2021-12-06 19:01:20,872] client.Client<Client:41034>:OUTPUT: Result of query for zippyshare.com = 145.239.9.15
[2021-12-06 19:01:20,872] client.Client<Client:41034>:OUTPUT: website : zippyshare.com, time : 44, hop cnt : 5
[2021-12-06 19:01:20,929] client.Client<Client:41034>:OUTPUT: Result of query for rutracker.org = 195.82.146.214
[2021-12-06 19:01:20,929] client.Client<Client:41034>:OUTPUT: website : rutracker.org, time : 55, hop cnt : 6
[2021-12-06 19:01:20,976] client.Client<Client:41034>:OUTPUT: Result of query for spankbang.com = 104.19.137.100
[2021-12-06 19:01:20,976] client.Client<Client:41034>:OUTPUT: website : spankbang.com, time : 46, hop cnt : 6
[2021-12-06 19:01:21,007] client.Client<Client:41034>:OUTPUT: Result of query for flickr.com = 13.225.221.223
[2021-12-06 19:01:21,007] client.Client<Client:41034>:OUTPUT: website : flickr.com, time : 30, hop cnt : 5
[2021-12-06 19:01:21,035] client.Client<Client:41034>:OUTPUT: Result of query for genius.com = 104.18.18.96
[2021-12-06 19:01:21,036] client.Client<Client:41034>:OUTPUT: website : genius.com, time : 27, hop cnt : 5
[2021-12-06 19:01:21,072] client.Client<Client:41034>:OUTPUT: Result of query for 2ch.net = 172.67.0.175
[2021-12-06 19:01:21,072] client.Client<Client:41034>:OUTPUT: website : 2ch.net, time : 35, hop cnt : 6
[2021-12-06 19:01:21,092] client.Client<Client:41034>:OUTPUT: Result of query for tfetimes.com = 192.124.249.20
[2021-12-06 19:01:21,092] client.Client<Client:41034>:OUTPUT: website : tfetimes.com, time : 19, hop cnt : 4
[2021-12-06 19:01:21,145] client.Client<Client:41034>:OUTPUT: Result of query for espncricinfo.com = 52.16.254.202
[2021-12-06 19:01:21,145] client.Client<Client:41034>:OUTPUT: website : espncricinfo.com, time : 52, hop cnt : 7
[2021-12-06 19:01:21,187] client.Client<Client:41034>:OUTPUT: Result of query for mediawhirl.net = 103.224.182.251
[2021-12-06 19:01:21,187] client.Client<Client:41034>:OUTPUT: website : mediawhirl.net, time : 41, hop cnt : 5
[2021-12-06 19:01:21,235] client.Client<Client:41034>:OUTPUT: Result of query for gamefaqs.com = 151.101.1.188
[2021-12-06 19:01:21,235] client.Client<Client:41034>:OUTPUT: website : gamefaqs.com, time : 46, hop cnt : 6
[2021-12-06 19:01:21,264] client.Client<Client:41034>:OUTPUT: Result of query for sourceforge.net = 216.105.38.13
[2021-12-06 19:01:21,265] client.Client<Client:41034>:OUTPUT: website : sourceforge.net, time : 27, hop cnt : 4
[2021-12-06 19:01:21,308] client.Client<Client:41034>:OUTPUT: Result of query for scribd.com = 151.101.66.152
[2021-12-06 19:01:21,308] client.Client<Client:41034>:OUTPUT: website : scribd.com, time : 42, hop cnt : 5
[2021-12-06 19:01:21,340] client.Client<Client:41034>:OUTPUT: Result of query for telegram.org = 149.154.167.99
[2021-12-06 19:01:21,340] client.Client<Client:41034>:OUTPUT: website : telegram.org, time : 31, hop cnt : 4
[2021-12-06 19:01:21,377] client.Client<Client:41034>:OUTPUT: Result of query for researchgate.net = 209.15.209.70
[2021-12-06 19:01:21,377] client.Client<Client:41034>:OUTPUT: website : researchgate.net, time : 36, hop cnt : 4
[2021-12-06 19:01:21,409] client.Client<Client:41034>:OUTPUT: Result of query for gismeteo.ru = 185.134.203.245
[2021-12-06 19:01:21,409] client.Client<Client:41034>:OUTPUT: website : gismeteo.ru, time : 30, hop cnt : 4
[2021-12-06 19:01:21,431] client.Client<Client:41034>:OUTPUT: Result of query for mailchimp.com = 104.107.30.72
[2021-12-06 19:01:21,432] client.Client<Client:41034>:OUTPUT: website : mailchimp.com, time : 22, hop cnt : 3
[2021-12-06 19:01:21,463] client.Client<Client:41034>:OUTPUT: Result of query for accuweather.com = 96.6.22.112
[2021-12-06 19:01:21,464] client.Client<Client:41034>:OUTPUT: website : accuweather.com, time : 29, hop cnt : 4
[2021-12-06 19:01:21,500] client.Client<Client:41034>:OUTPUT: Result of query for xfinity.com = 96.114.14.140
[2021-12-06 19:01:21,501] client.Client<Client:41034>:OUTPUT: website : xfinity.com, time : 35, hop cnt : 5
[2021-12-06 19:01:21,546] client.Client<Client:41034>:OUTPUT: Result of query for aliyun.com = 140.205.135.3
[2021-12-06 19:01:21,546] client.Client<Client:41034>:OUTPUT: website : aliyun.com, time : 44, hop cnt : 6
[2021-12-06 19:01:21,581] client.Client<Client:41034>:OUTPUT: Result of query for homedepot.com = 35.201.95.83
[2021-12-06 19:01:21,581] client.Client<Client:41034>:OUTPUT: website : homedepot.com, time : 34, hop cnt : 5
[2021-12-06 19:01:21,608] client.Client<Client:41034>:OUTPUT: Result of query for sabah.com.tr = 194.36.160.15
[2021-12-06 19:01:21,608] client.Client<Client:41034>:OUTPUT: website : sabah.com.tr, time : 26, hop cnt : 4
[2021-12-06 19:01:21,632] client.Client<Client:41034>:OUTPUT: Result of query for web.de = 82.165.229.138
[2021-12-06 19:01:21,632] client.Client<Client:41034>:OUTPUT: website : web.de, time : 23, hop cnt : 3
[2021-12-06 19:01:21,658] client.Client<Client:41034>:OUTPUT: Result of query for eastday.com = 222.73.244.10
[2021-12-06 19:01:21,658] client.Client<Client:41034>:OUTPUT: website : eastday.com, time : 20, hop cnt : 4
[2021-12-06 19:01:21,713] client.Client<Client:41034>:OUTPUT: Result of query for gmx.net = 82.165.229.87
[2021-12-06 19:01:21,713] client.Client<Client:41034>:OUTPUT: website : gmx.net, time : 53, hop cnt : 6
[2021-12-06 19:01:21,743] client.Client<Client:41034>:OUTPUT: Result of query for leagueoflegends.com = 100.24.150.101
[2021-12-06 19:01:21,744] client.Client<Client:41034>:OUTPUT: website : leagueoflegends.com, time : 29, hop cnt : 4
[2021-12-06 19:01:21,780] client.Client<Client:41034>:OUTPUT: Result of query for rumble.com = 169.44.97.2
[2021-12-06 19:01:21,781] client.Client<Client:41034>:OUTPUT: website : rumble.com, time : 36, hop cnt : 6
[2021-12-06 19:01:21,806] client.Client<Client:41034>:OUTPUT: Result of query for asos.com = 23.222.12.65
[2021-12-06 19:01:21,806] client.Client<Client:41034>:OUTPUT: website : asos.com, time : 25, hop cnt : 4
[2021-12-06 19:01:21,842] client.Client<Client:41034>:OUTPUT: Result of query for varzesh3.com = 94.182.163.51
[2021-12-06 19:01:21,842] client.Client<Client:41034>:OUTPUT: website : varzesh3.com, time : 35, hop cnt : 5
[2021-12-06 19:01:21,889] client.Client<Client:41034>:OUTPUT: Result of query for daum.net = 203.133.167.16
[2021-12-06 19:01:21,889] client.Client<Client:41034>:OUTPUT: website : daum.net, time : 46, hop cnt : 6
[2021-12-06 19:01:21,904] client.Client<Client:41034>:OUTPUT: Result of query for google.sk = 172.217.3.99
[2021-12-06 19:01:21,904] client.Client<Client:41034>:OUTPUT: website : google.sk, time : 14, hop cnt : 3
[2021-12-06 19:01:21,943] client.Client<Client:41034>:OUTPUT: Result of query for naver.jp = 119.235.235.13
[2021-12-06 19:01:21,943] client.Client<Client:41034>:OUTPUT: website : naver.jp, time : 38, hop cnt : 5
[2021-12-06 19:01:21,975] client.Client<Client:41034>:OUTPUT: Result of query for medium.com = 104.16.122.127
[2021-12-06 19:01:21,975] client.Client<Client:41034>:OUTPUT: website : medium.com, time : 31, hop cnt : 5
[2021-12-06 19:01:22,009] client.Client<Client:41034>:OUTPUT: Result of query for ouo.io = 172.67.6.151
[2021-12-06 19:01:22,009] client.Client<Client:41034>:OUTPUT: website : ouo.io, time : 33, hop cnt : 4
[2021-12-06 19:01:22,045] client.Client<Client:41034>:OUTPUT: Result of query for hola.com = 62.22.171.58
[2021-12-06 19:01:22,045] client.Client<Client:41034>:OUTPUT: website : hola.com, time : 35, hop cnt : 4
[2021-12-06 19:01:22,083] client.Client<Client:41034>:OUTPUT: Result of query for thesaurus.com = 151.101.66.133
[2021-12-06 19:01:22,083] client.Client<Client:41034>:OUTPUT: website : thesaurus.com, time : 37, hop cnt : 5
[2021-12-06 19:01:22,111] client.Client<Client:41034>:OUTPUT: Result of query for shopify.com = 34.75.184.70
[2021-12-06 19:01:22,112] client.Client<Client:41034>:OUTPUT: website : shopify.com, time : 27, hop cnt : 4
[2021-12-06 19:01:22,130] client.Client<Client:41034>:OUTPUT: Result of query for orange.fr = 193.252.133.34
[2021-12-06 19:01:22,131] client.Client<Client:41034>:OUTPUT: website : orange.fr, time : 17, hop cnt : 3
[2021-12-06 19:01:22,164] client.Client<Client:41034>:OUTPUT: Result of query for digikala.com = 185.188.105.10
[2021-12-06 19:01:22,164] client.Client<Client:41034>:OUTPUT: website : digikala.com, time : 33, hop cnt : 5
[2021-12-06 19:01:22,206] client.Client<Client:41034>:OUTPUT: Result of query for rt.com = 207.244.80.170
[2021-12-06 19:01:22,206] client.Client<Client:41034>:OUTPUT: website : rt.com, time : 41, hop cnt : 5
[2021-12-06 19:01:22,227] client.Client<Client:41034>:OUTPUT: Result of query for ndtv.com = 96.6.28.59
[2021-12-06 19:01:22,227] client.Client<Client:41034>:OUTPUT: website : ndtv.com, time : 19, hop cnt : 3
[2021-12-06 19:01:22,256] client.Client<Client:41034>:OUTPUT: Result of query for oracle.com = 137.254.120.50
[2021-12-06 19:01:22,256] client.Client<Client:41034>:OUTPUT: website : oracle.com, time : 28, hop cnt : 6
[2021-12-06 19:01:22,288] client.Client<Client:41034>:OUTPUT: Result of query for telegraph.co.uk = 13.225.229.40
[2021-12-06 19:01:22,288] client.Client<Client:41034>:OUTPUT: website : telegraph.co.uk, time : 31, hop cnt : 5
[2021-12-06 19:01:22,313] client.Client<Client:41034>:OUTPUT: Result of query for wordpress.org = 198.143.164.252
[2021-12-06 19:01:22,313] client.Client<Client:41034>:OUTPUT: website : wordpress.org, time : 23, hop cnt : 5
[2021-12-06 19:01:22,340] client.Client<Client:41034>:OUTPUT: Result of query for olx.ua = 13.225.229.19
[2021-12-06 19:01:22,340] client.Client<Client:41034>:OUTPUT: website : olx.ua, time : 26, hop cnt : 3
[2021-12-06 19:01:22,375] client.Client<Client:41034>:OUTPUT: Result of query for zendesk.com = 34.225.199.37
[2021-12-06 19:01:22,375] client.Client<Client:41034>:OUTPUT: website : zendesk.com, time : 34, hop cnt : 5
[2021-12-06 19:01:22,427] client.Client<Client:41034>:OUTPUT: Result of query for amazon.ca = 54.239.18.172
[2021-12-06 19:01:22,427] client.Client<Client:41034>:OUTPUT: website : amazon.ca, time : 50, hop cnt : 5
[2021-12-06 19:01:22,460] client.Client<Client:41034>:OUTPUT: Result of query for samsung.com = 211.45.27.231
[2021-12-06 19:01:22,460] client.Client<Client:41034>:OUTPUT: website : samsung.com, time : 32, hop cnt : 5
[2021-12-06 19:01:22,492] client.Client<Client:41034>:OUTPUT: Result of query for icloud.com = 17.253.144.10
[2021-12-06 19:01:22,492] client.Client<Client:41034>:OUTPUT: website : icloud.com, time : 30, hop cnt : 5
[2021-12-06 19:01:22,526] client.Client<Client:41034>:OUTPUT: Result of query for cricbuzz.com = 35.200.167.142
[2021-12-06 19:01:22,527] client.Client<Client:41034>:OUTPUT: website : cricbuzz.com, time : 33, hop cnt : 5
[2021-12-06 19:01:22,563] client.Client<Client:41034>:OUTPUT: Result of query for gearbest.com = 34.217.151.167
[2021-12-06 19:01:22,564] client.Client<Client:41034>:OUTPUT: website : gearbest.com, time : 35, hop cnt : 4
[2021-12-06 19:01:22,596] client.Client<Client:41034>:OUTPUT: Result of query for userapi.com = 87.240.190.64
[2021-12-06 19:01:22,596] client.Client<Client:41034>:OUTPUT: website : userapi.com, time : 31, hop cnt : 4
[2021-12-06 19:01:22,620] client.Client<Client:41034>:OUTPUT: Result of query for goodreads.com = 52.94.226.87
[2021-12-06 19:01:22,621] client.Client<Client:41034>:OUTPUT: website : goodreads.com, time : 24, hop cnt : 4
[2021-12-06 19:01:22,653] client.Client<Client:41034>:OUTPUT: Result of query for goo.ne.jp = 114.179.184.93
[2021-12-06 19:01:22,653] client.Client<Client:41034>:OUTPUT: website : goo.ne.jp, time : 31, hop cnt : 4
[2021-12-06 19:01:22,696] client.Client<Client:41034>:OUTPUT: Result of query for capitalone.com = 204.63.40.34
[2021-12-06 19:01:22,697] client.Client<Client:41034>:OUTPUT: website : capitalone.com, time : 42, hop cnt : 5
[2021-12-06 19:01:22,724] client.Client<Client:41034>:OUTPUT: Result of query for bukalapak.com = 34.120.254.97
[2021-12-06 19:01:22,725] client.Client<Client:41034>:OUTPUT: website : bukalapak.com, time : 26, hop cnt : 5
[2021-12-06 19:01:22,779] client.Client<Client:41034>:OUTPUT: Result of query for streamable.com = 151.101.65.63
[2021-12-06 19:01:22,779] client.Client<Client:41034>:OUTPUT: website : streamable.com, time : 55, hop cnt : 6
[2021-12-06 19:01:22,815] client.Client<Client:41034>:OUTPUT: Result of query for weebly.com = 74.115.50.109
[2021-12-06 19:01:22,815] client.Client<Client:41034>:OUTPUT: website : weebly.com, time : 35, hop cnt : 4
[2021-12-06 19:01:22,847] client.Client<Client:41034>:OUTPUT: Result of query for taboola.com = 151.101.2.132
[2021-12-06 19:01:22,847] client.Client<Client:41034>:OUTPUT: website : taboola.com, time : 30, hop cnt : 4
[2021-12-06 19:01:22,899] client.Client<Client:41034>:OUTPUT: Result of query for hp.com = 15.72.164.74
[2021-12-06 19:01:22,899] client.Client<Client:41034>:OUTPUT: website : hp.com, time : 51, hop cnt : 6
